******************************************************************************
                  TI ARM Linker PC v5.0.4                      
******************************************************************************
>> Linked Tue Mar 03 01:42:58 2015

OUTPUT FILE NAME:   <bitband.out>
ENTRY POINT SYMBOL: "_c_int00"  address: 00000885


MEMORY CONFIGURATION

         name            origin    length      used     unused   attr    fill
----------------------  --------  ---------  --------  --------  ----  --------
  FLASH                 00000000   00040000  00000aa0  0003f560  R  X
  SRAM                  20000000   00008000  00000220  00007de0  RW X


SEGMENT ALLOCATION MAP

run origin  load origin   length   init length attrs members
----------  ----------- ---------- ----------- ----- -------
00000000    00000000    00000aa8   00000aa8    r-x
  00000000    00000000    0000026c   0000026c    r-- .intvecs
  0000026c    0000026c    000007ce   000007ce    r-x .text
  00000a3c    00000a3c    0000002e   0000002e    r-- .const
  00000a70    00000a70    00000038   00000038    r-- .cinit
20000000    20000000    00000200   00000000    rw-
  20000000    20000000    00000200   00000000    rw- .stack
20000200    20000200    00000020   0000001c    rw-
  20000200    20000200    0000001c   0000001c    rw- .data
  2000021c    2000021c    00000004   00000000    rw- .bss


SECTION ALLOCATION MAP

 output                                  attributes/
section   page    origin      length       input sections
--------  ----  ----------  ----------   ----------------
.intvecs   0    00000000    0000026c     
                  00000000    0000026c     startup_ccs.obj (.intvecs)

.init_array 
*          0    00000000    00000000     UNINITIALIZED

.text      0    0000026c    000007ce     
                  0000026c    000001ea     uartstdio.obj (.text:UARTvprintf)
                  00000456    00000002     startup_ccs.obj (.text:FaultISR)
                  00000458    00000108     bitband.obj (.text:main)
                  00000560    0000009c     rtsv7M4_T_le_v4SPD16_eabi.lib : memcpy_t2.obj (.text)
                  000005fc    00000098     uartstdio.obj (.text:UARTgets)
                  00000694    00000094     rtsv7M4_T_le_v4SPD16_eabi.lib : auto_init.obj (.text)
                  00000728    0000005e                                   : copy_decompress_rle.obj (.text)
                  00000786    00000002     startup_ccs.obj (.text:IntDefaultHandler)
                  00000788    0000005c     bitband.obj (.text:ConfigureUART)
                  000007e4    00000058     uartstdio.obj (.text:UARTStdioConfig)
                  0000083c    00000048     uartstdio.obj (.text:UARTwrite)
                  00000884    00000048     rtsv7M4_T_le_v4SPD16_eabi.lib : boot.obj (.text)
                  000008cc    00000044                                   : cpy_tbl.obj (.text)
                  00000910    00000042                                   : u_divt2.obj (.text)
                  00000952    00000002     startup_ccs.obj (.text:NmiSR)
                  00000954    00000040     rtsv7M4_T_le_v4SPD16_eabi.lib : exit.obj (.text)
                  00000994    0000002c     bitband.obj (.text:Delay)
                  000009c0    0000001a     uartstdio.obj (.text:UARTprintf)
                  000009da    00000002     --HOLE-- [fill = 0]
                  000009dc    00000018     rtsv7M4_T_le_v4SPD16_eabi.lib : args_main.obj (.text)
                  000009f4    00000014                                   : _lock.obj (.text)
                  00000a08    00000012                                   : copy_zero_init.obj (.text:decompress:ZI)
                  00000a1a    0000000e                                   : copy_decompress_none.obj (.text:decompress:none)
                  00000a28    00000006     startup_ccs.obj (.text:ResetISR)
                  00000a2e    00000006     driverlib.lib : uart.obj (.text:UARTClockSourceSet)
                  00000a34    00000006     rtsv7M4_T_le_v4SPD16_eabi.lib : copy_decompress_rle.obj (.text:decompress:rle24)

.const     0    00000a3c    0000002e     
                  00000a3c    0000001c     uartstdio.obj (.const)
                  00000a58    00000012     uartstdio.obj (.const:.string)

.cinit     0    00000a70    00000038     
                  00000a70    0000000f     (.cinit..data.load) [load image, compression = rle]
                  00000a7f    00000001     --HOLE-- [fill = 0]
                  00000a80    0000000c     (__TI_handler_table)
                  00000a8c    00000004     --HOLE-- [fill = 0]
                  00000a90    00000008     (.cinit..bss.load) [load image, compression = zero_init]
                  00000a98    00000010     (__TI_cinit_table)

.stack     0    20000000    00000200     UNINITIALIZED
                  20000000    00000200     --HOLE--

.data      0    20000200    0000001c     
                  20000200    00000008     rtsv7M4_T_le_v4SPD16_eabi.lib : _lock.obj (.data)
                  20000208    00000008                                   : exit.obj (.data)
                  20000210    00000005     uartstdio.obj (.data)
                  20000215    00000003     --HOLE--
                  20000218    00000004     rtsv7M4_T_le_v4SPD16_eabi.lib : stkdepth_vars.obj (.data)

.bss       0    2000021c    00000004     UNINITIALIZED
                  2000021c    00000004     bitband.obj (.bss)


LINKER GENERATED COPY TABLES

__TI_cinit_table @ 00000a98 records: 2, size/record: 8, table size: 16
	.data: load addr=00000a70, load size=0000000f bytes, run addr=20000200, run size=0000001c bytes, compression=rle
	.bss: load addr=00000a90, load size=00000008 bytes, run addr=2000021c, run size=00000004 bytes, compression=zero_init


LINKER GENERATED HANDLER TABLE

__TI_handler_table @ 00000a80 records: 3, size/record: 4, table size: 12
	index: 0, handler: __TI_decompress_rle24
	index: 1, handler: __TI_decompress_none
	index: 2, handler: __TI_zero_init


GLOBAL SYMBOLS: SORTED ALPHABETICALLY BY Name 

address    name
--------   ----
00000955   C$$EXIT
00000789   ConfigureUART
00000995   Delay
00000a29   ResetISR
UNDEFED    SHT$$INIT_ARRAY$$Base
UNDEFED    SHT$$INIT_ARRAY$$Limit
00000a2f   UARTClockSourceSet
000007e5   UARTStdioConfig
000005fd   UARTgets
000009c1   UARTprintf
0000026d   UARTvprintf
0000083d   UARTwrite
20000200   __STACK_END
00000200   __STACK_SIZE
20000200   __STACK_TOP
00000a98   __TI_CINIT_Base
00000aa8   __TI_CINIT_Limit
00000a80   __TI_Handler_Table_Base
00000a8c   __TI_Handler_Table_Limit
00000001   __TI_args_main
00000695   __TI_auto_init
00000a1b   __TI_decompress_none
00000a35   __TI_decompress_rle24
00000000   __TI_static_base__
00000a09   __TI_zero_init
00000561   __aeabi_memcpy
00000561   __aeabi_memcpy4
00000561   __aeabi_memcpy8
00000911   __aeabi_uidivmod
ffffffff   __binit__
ffffffff   __c_args__
20000000   __stack
000009dd   _args_main
00000885   _c_int00
20000208   _cleanup_ptr
2000020c   _dtors_ptr
20000200   _lock
00000a03   _nop
000009fb   _register_lock
000009f5   _register_unlock
20000204   _unlock
00000959   abort
ffffffff   binit
000008cd   copy_in
00000961   exit
00000000   g_pfnVectors
00000459   main
20000218   main_func_sp
00000561   memcpy


GLOBAL SYMBOLS: SORTED BY Symbol Address 

address    name
--------   ----
00000000   __TI_static_base__
00000000   g_pfnVectors
00000001   __TI_args_main
00000200   __STACK_SIZE
0000026d   UARTvprintf
00000459   main
00000561   __aeabi_memcpy
00000561   __aeabi_memcpy4
00000561   __aeabi_memcpy8
00000561   memcpy
000005fd   UARTgets
00000695   __TI_auto_init
00000789   ConfigureUART
000007e5   UARTStdioConfig
0000083d   UARTwrite
00000885   _c_int00
000008cd   copy_in
00000911   __aeabi_uidivmod
00000955   C$$EXIT
00000959   abort
00000961   exit
00000995   Delay
000009c1   UARTprintf
000009dd   _args_main
000009f5   _register_unlock
000009fb   _register_lock
00000a03   _nop
00000a09   __TI_zero_init
00000a1b   __TI_decompress_none
00000a29   ResetISR
00000a2f   UARTClockSourceSet
00000a35   __TI_decompress_rle24
00000a80   __TI_Handler_Table_Base
00000a8c   __TI_Handler_Table_Limit
00000a98   __TI_CINIT_Base
00000aa8   __TI_CINIT_Limit
20000000   __stack
20000200   __STACK_END
20000200   __STACK_TOP
20000200   _lock
20000204   _unlock
20000208   _cleanup_ptr
2000020c   _dtors_ptr
20000218   main_func_sp
ffffffff   __binit__
ffffffff   __c_args__
ffffffff   binit
UNDEFED    SHT$$INIT_ARRAY$$Base
UNDEFED    SHT$$INIT_ARRAY$$Limit

[49 symbols]
