******************************************************************************
                  TI ARM Linker PC v5.0.4                      
******************************************************************************
>> Linked Tue Mar 03 01:47:28 2015

OUTPUT FILE NAME:   <udma_demo.out>
ENTRY POINT SYMBOL: "_c_int00"  address: 0000102d


MEMORY CONFIGURATION

         name            origin    length      used     unused   attr    fill
----------------------  --------  ---------  --------  --------  ----  --------
  FLASH                 00000000   00040000  0000131c  0003ece4  R  X
  SRAM                  20000000   00008000  00002b84  0000547c  RW X


SEGMENT ALLOCATION MAP

run origin  load origin   length   init length attrs members
----------  ----------- ---------- ----------- ----- -------
00000000    00000000    00001320   00001320    r-x
  00000000    00000000    0000026c   0000026c    r-- .intvecs
  0000026c    0000026c    00000fae   00000fae    r-x .text
  0000121c    0000121c    0000009a   0000009a    r-- .const
  000012b8    000012b8    00000068   00000068    r-- .cinit
20000000    20000000    00002b18   00000000    rw-
  20000000    20000000    00002718   00000000    rw- .bss
  20002718    20002718    00000400   00000000    rw- .stack
20002b18    20002b18    0000006c   0000006c    rw-
  20002b18    20002b18    0000006c   0000006c    rw- .data


SECTION ALLOCATION MAP

 output                                  attributes/
section   page    origin      length       input sections
--------  ----  ----------  ----------   ----------------
.intvecs   0    00000000    0000026c     
                  00000000    0000026c     startup_ccs.obj (.intvecs)

.init_array 
*          0    00000000    00000000     UNINITIALIZED

.text      0    0000026c    00000fae     
                  0000026c    0000044c     udma_demo.obj (.text:main)
                  000006b8    000001ea     uartstdio.obj (.text:UARTvprintf)
                  000008a2    00000002     startup_ccs.obj (.text:FaultISR)
                  000008a4    0000011c     udma_demo.obj (.text:InitUART1Transfer)
                  000009c0    00000118     driverlib.lib : sysctl.obj (.text:SysCtlClockGet)
                  00000ad8    000000ac     udma_demo.obj (.text:UART1IntHandler)
                  00000b84    0000009c     rtsv7M4_T_le_v4SPD16_eabi.lib : memcpy_t2.obj (.text)
                  00000c20    00000098     uartstdio.obj (.text:UARTgets)
                  00000cb8    00000094     rtsv7M4_T_le_v4SPD16_eabi.lib : auto_init.obj (.text)
                  00000d4c    00000074     cpu_usage.obj (.text:CPUUsageInit)
                  00000dc0    00000064     udma_demo.obj (.text:ConfigureUART)
                  00000e24    00000064     udma_demo.obj (.text:InitSWTransfer)
                  00000e88    0000005e     rtsv7M4_T_le_v4SPD16_eabi.lib : copy_decompress_rle.obj (.text)
                  00000ee6    00000002     startup_ccs.obj (.text:IntDefaultHandler)
                  00000ee8    0000005c     udma_demo.obj (.text:uDMAIntHandler)
                  00000f44    00000058     uartstdio.obj (.text:UARTStdioConfig)
                  00000f9c    00000048     cpu_usage.obj (.text:CPUUsageTick)
                  00000fe4    00000048     uartstdio.obj (.text:UARTwrite)
                  0000102c    00000048     rtsv7M4_T_le_v4SPD16_eabi.lib : boot.obj (.text)
                  00001074    00000044                                   : cpy_tbl.obj (.text)
                  000010b8    00000042                                   : u_divt2.obj (.text)
                  000010fa    00000002     startup_ccs.obj (.text:NmiSR)
                  000010fc    00000040     rtsv7M4_T_le_v4SPD16_eabi.lib : exit.obj (.text)
                  0000113c    00000034     udma_demo.obj (.text:SysTickHandler)
                  00001170    00000024     udma_demo.obj (.text:uDMAErrorHandler)
                  00001194    0000001a     uartstdio.obj (.text:UARTprintf)
                  000011ae    00000002     --HOLE-- [fill = 0]
                  000011b0    00000018     rtsv7M4_T_le_v4SPD16_eabi.lib : args_main.obj (.text)
                  000011c8    00000014                                   : _lock.obj (.text)
                  000011dc    00000012                                   : copy_zero_init.obj (.text:decompress:ZI)
                  000011ee    0000000e                                   : copy_decompress_none.obj (.text:decompress:none)
                  000011fc    00000006     driverlib.lib : gpio.obj (.text:GPIOPinWrite)
                  00001202    00000006     startup_ccs.obj (.text:ResetISR)
                  00001208    00000006     driverlib.lib : sysctl.obj (.text:SysCtlDelay)
                  0000120e    00000006                   : uart.obj (.text:UARTClockSourceSet)
                  00001214    00000006     rtsv7M4_T_le_v4SPD16_eabi.lib : copy_decompress_rle.obj (.text:decompress:rle24)

.const     0    0000121c    0000009a     
                  0000121c    0000006c     driverlib.lib : sysctl.obj (.const:g_pui32Xtals)
                  00001288    0000001c     uartstdio.obj (.const)
                  000012a4    00000012     uartstdio.obj (.const:.string)

.cinit     0    000012b8    00000068     
                  000012b8    00000042     (.cinit..data.load) [load image, compression = rle]
                  000012fa    00000002     --HOLE-- [fill = 0]
                  000012fc    0000000c     (__TI_handler_table)
                  00001308    00000008     (.cinit..bss.load) [load image, compression = zero_init]
                  00001310    00000010     (__TI_cinit_table)

.bss       0    20000000    00002718     UNINITIALIZED
                  20000000    00001000     udma_demo.obj (.bss:g_ui32DstBuf)
                  20001000    00001000     udma_demo.obj (.bss:g_ui32SrcBuf)
                  20002000    00000400     udma_demo.obj (.bss:ui8ControlTable)
                  20002400    00000100     udma_demo.obj (.bss:g_ui8RxBufA)
                  20002500    00000100     udma_demo.obj (.bss:g_ui8RxBufB)
                  20002600    00000100     udma_demo.obj (.bss:g_ui8TxBuf)
                  20002700    0000000c     cpu_usage.obj (.bss)
                  2000270c    0000000c     udma_demo.obj (.bss)

.stack     0    20002718    00000400     UNINITIALIZED
                  20002718    00000400     --HOLE--

.data      0    20002b18    0000006c     
                  20002b18    00000030     cpu_usage.obj (.data)
                  20002b48    00000020     udma_demo.obj (.data)
                  20002b68    00000008     rtsv7M4_T_le_v4SPD16_eabi.lib : _lock.obj (.data)
                  20002b70    00000008                                   : exit.obj (.data)
                  20002b78    00000005     uartstdio.obj (.data)
                  20002b7d    00000003     --HOLE--
                  20002b80    00000004     rtsv7M4_T_le_v4SPD16_eabi.lib : stkdepth_vars.obj (.data)


LINKER GENERATED COPY TABLES

__TI_cinit_table @ 00001310 records: 2, size/record: 8, table size: 16
	.data: load addr=000012b8, load size=00000042 bytes, run addr=20002b18, run size=0000006c bytes, compression=rle
	.bss: load addr=00001308, load size=00000008 bytes, run addr=20000000, run size=00002718 bytes, compression=zero_init


LINKER GENERATED HANDLER TABLE

__TI_handler_table @ 000012fc records: 3, size/record: 4, table size: 12
	index: 0, handler: __TI_decompress_rle24
	index: 1, handler: __TI_decompress_none
	index: 2, handler: __TI_zero_init


GLOBAL SYMBOLS: SORTED ALPHABETICALLY BY Name 

address    name
--------   ----
000010fd   C$$EXIT
00000d4d   CPUUsageInit
00000f9d   CPUUsageTick
00000dc1   ConfigureUART
000011fd   GPIOPinWrite
00000e25   InitSWTransfer
000008a5   InitUART1Transfer
00001203   ResetISR
UNDEFED    SHT$$INIT_ARRAY$$Base
UNDEFED    SHT$$INIT_ARRAY$$Limit
000009c1   SysCtlClockGet
00001209   SysCtlDelay
0000113d   SysTickHandler
00000ad9   UART1IntHandler
0000120f   UARTClockSourceSet
00000f45   UARTStdioConfig
00000c21   UARTgets
00001195   UARTprintf
000006b9   UARTvprintf
00000fe5   UARTwrite
20002b18   __STACK_END
00000400   __STACK_SIZE
20002b18   __STACK_TOP
00001310   __TI_CINIT_Base
00001320   __TI_CINIT_Limit
000012fc   __TI_Handler_Table_Base
00001308   __TI_Handler_Table_Limit
00000001   __TI_args_main
00000cb9   __TI_auto_init
000011ef   __TI_decompress_none
00001215   __TI_decompress_rle24
00000000   __TI_static_base__
000011dd   __TI_zero_init
00000b85   __aeabi_memcpy
00000b85   __aeabi_memcpy4
00000b85   __aeabi_memcpy8
000010b9   __aeabi_uidivmod
ffffffff   __binit__
ffffffff   __c_args__
20002718   __stack
000011b1   _args_main
0000102d   _c_int00
20002b70   _cleanup_ptr
20002b74   _dtors_ptr
20002b68   _lock
000011d7   _nop
000011cf   _register_lock
000011c9   _register_unlock
20002b6c   _unlock
00001101   abort
ffffffff   binit
00001075   copy_in
00001109   exit
00000000   g_pfnVectors
0000026d   main
20002b80   main_func_sp
00000b85   memcpy
00001171   uDMAErrorHandler
00000ee9   uDMAIntHandler
20002000   ui8ControlTable


GLOBAL SYMBOLS: SORTED BY Symbol Address 

address    name
--------   ----
00000000   __TI_static_base__
00000000   g_pfnVectors
00000001   __TI_args_main
0000026d   main
00000400   __STACK_SIZE
000006b9   UARTvprintf
000008a5   InitUART1Transfer
000009c1   SysCtlClockGet
00000ad9   UART1IntHandler
00000b85   __aeabi_memcpy
00000b85   __aeabi_memcpy4
00000b85   __aeabi_memcpy8
00000b85   memcpy
00000c21   UARTgets
00000cb9   __TI_auto_init
00000d4d   CPUUsageInit
00000dc1   ConfigureUART
00000e25   InitSWTransfer
00000ee9   uDMAIntHandler
00000f45   UARTStdioConfig
00000f9d   CPUUsageTick
00000fe5   UARTwrite
0000102d   _c_int00
00001075   copy_in
000010b9   __aeabi_uidivmod
000010fd   C$$EXIT
00001101   abort
00001109   exit
0000113d   SysTickHandler
00001171   uDMAErrorHandler
00001195   UARTprintf
000011b1   _args_main
000011c9   _register_unlock
000011cf   _register_lock
000011d7   _nop
000011dd   __TI_zero_init
000011ef   __TI_decompress_none
000011fd   GPIOPinWrite
00001203   ResetISR
00001209   SysCtlDelay
0000120f   UARTClockSourceSet
00001215   __TI_decompress_rle24
000012fc   __TI_Handler_Table_Base
00001308   __TI_Handler_Table_Limit
00001310   __TI_CINIT_Base
00001320   __TI_CINIT_Limit
20002000   ui8ControlTable
20002718   __stack
20002b18   __STACK_END
20002b18   __STACK_TOP
20002b68   _lock
20002b6c   _unlock
20002b70   _cleanup_ptr
20002b74   _dtors_ptr
20002b80   main_func_sp
ffffffff   __binit__
ffffffff   __c_args__
ffffffff   binit
UNDEFED    SHT$$INIT_ARRAY$$Base
UNDEFED    SHT$$INIT_ARRAY$$Limit

[60 symbols]
