******************************************************************************
                  TI ARM Linker PC v5.0.4                      
******************************************************************************
>> Linked Tue Mar 03 01:46:58 2015

OUTPUT FILE NAME:   <mpu_fault.out>
ENTRY POINT SYMBOL: "_c_int00"  address: 000009cd


MEMORY CONFIGURATION

         name            origin    length      used     unused   attr    fill
----------------------  --------  ---------  --------  --------  ----  --------
  FLASH                 00000000   00040000  00000bf8  0003f408  R  X
  SRAM                  20000000   00008000  0000012c  00007ed4  RW X


SEGMENT ALLOCATION MAP

run origin  load origin   length   init length attrs members
----------  ----------- ---------- ----------- ----- -------
00000000    00000000    00000c00   00000c00    r-x
  00000000    00000000    0000026c   0000026c    r-- .intvecs
  0000026c    0000026c    00000926   00000926    r-x .text
  00000b94    00000b94    0000002e   0000002e    r-- .const
  00000bc8    00000bc8    00000038   00000038    r-- .cinit
20000000    20000000    00000100   00000000    rw-
  20000000    20000000    00000100   00000000    rw- .stack
20000100    20000100    0000002c   0000001c    rw-
  20000100    20000100    0000001c   0000001c    rw- .data
  2000011c    2000011c    00000010   00000000    rw- .bss


SECTION ALLOCATION MAP

 output                                  attributes/
section   page    origin      length       input sections
--------  ----  ----------  ----------   ----------------
.intvecs   0    00000000    0000026c     
                  00000000    0000026c     startup_ccs.obj (.intvecs)

.init_array 
*          0    00000000    00000000     UNINITIALIZED

.text      0    0000026c    00000926     
                  0000026c    00000250     mpu_fault.obj (.text:main)
                  000004bc    000001ea     uartstdio.obj (.text:UARTvprintf)
                  000006a6    0000009c     rtsv7M4_T_le_v4SPD16_eabi.lib : memcpy_t2.obj (.text)
                  00000742    00000002     startup_ccs.obj (.text:FaultISR)
                  00000744    00000098     uartstdio.obj (.text:UARTgets)
                  000007dc    00000094     rtsv7M4_T_le_v4SPD16_eabi.lib : auto_init.obj (.text)
                  00000870    0000005e                                   : copy_decompress_rle.obj (.text)
                  000008ce    00000002     startup_ccs.obj (.text:IntDefaultHandler)
                  000008d0    0000005c     mpu_fault.obj (.text:ConfigureUART)
                  0000092c    00000058     uartstdio.obj (.text:UARTStdioConfig)
                  00000984    00000048     uartstdio.obj (.text:UARTwrite)
                  000009cc    00000048     rtsv7M4_T_le_v4SPD16_eabi.lib : boot.obj (.text)
                  00000a14    00000044                                   : cpy_tbl.obj (.text)
                  00000a58    00000042                                   : u_divt2.obj (.text)
                  00000a9a    00000002     startup_ccs.obj (.text:NmiSR)
                  00000a9c    00000040     rtsv7M4_T_le_v4SPD16_eabi.lib : exit.obj (.text)
                  00000adc    0000003c     mpu_fault.obj (.text:MPUFaultHandler)
                  00000b18    0000001a     uartstdio.obj (.text:UARTprintf)
                  00000b32    00000002     --HOLE-- [fill = 0]
                  00000b34    00000018     rtsv7M4_T_le_v4SPD16_eabi.lib : args_main.obj (.text)
                  00000b4c    00000014                                   : _lock.obj (.text)
                  00000b60    00000012                                   : copy_zero_init.obj (.text:decompress:ZI)
                  00000b72    0000000e                                   : copy_decompress_none.obj (.text:decompress:none)
                  00000b80    00000006     startup_ccs.obj (.text:ResetISR)
                  00000b86    00000006     driverlib.lib : uart.obj (.text:UARTClockSourceSet)
                  00000b8c    00000006     rtsv7M4_T_le_v4SPD16_eabi.lib : copy_decompress_rle.obj (.text:decompress:rle24)

.const     0    00000b94    0000002e     
                  00000b94    0000001c     uartstdio.obj (.const)
                  00000bb0    00000012     uartstdio.obj (.const:.string)

.cinit     0    00000bc8    00000038     
                  00000bc8    0000000f     (.cinit..data.load) [load image, compression = rle]
                  00000bd7    00000001     --HOLE-- [fill = 0]
                  00000bd8    0000000c     (__TI_handler_table)
                  00000be4    00000004     --HOLE-- [fill = 0]
                  00000be8    00000008     (.cinit..bss.load) [load image, compression = zero_init]
                  00000bf0    00000010     (__TI_cinit_table)

.stack     0    20000000    00000100     UNINITIALIZED
                  20000000    00000100     --HOLE--

.data      0    20000100    0000001c     
                  20000100    00000008     rtsv7M4_T_le_v4SPD16_eabi.lib : _lock.obj (.data)
                  20000108    00000008                                   : exit.obj (.data)
                  20000110    00000005     uartstdio.obj (.data)
                  20000115    00000003     --HOLE--
                  20000118    00000004     rtsv7M4_T_le_v4SPD16_eabi.lib : stkdepth_vars.obj (.data)

.bss       0    2000011c    00000010     UNINITIALIZED
                  2000011c    00000010     mpu_fault.obj (.bss)


LINKER GENERATED COPY TABLES

__TI_cinit_table @ 00000bf0 records: 2, size/record: 8, table size: 16
	.data: load addr=00000bc8, load size=0000000f bytes, run addr=20000100, run size=0000001c bytes, compression=rle
	.bss: load addr=00000be8, load size=00000008 bytes, run addr=2000011c, run size=00000010 bytes, compression=zero_init


LINKER GENERATED HANDLER TABLE

__TI_handler_table @ 00000bd8 records: 3, size/record: 4, table size: 12
	index: 0, handler: __TI_decompress_rle24
	index: 1, handler: __TI_decompress_none
	index: 2, handler: __TI_zero_init


GLOBAL SYMBOLS: SORTED ALPHABETICALLY BY Name 

address    name
--------   ----
00000a9d   C$$EXIT
000008d1   ConfigureUART
00000add   MPUFaultHandler
00000b81   ResetISR
UNDEFED    SHT$$INIT_ARRAY$$Base
UNDEFED    SHT$$INIT_ARRAY$$Limit
00000b87   UARTClockSourceSet
0000092d   UARTStdioConfig
00000745   UARTgets
00000b19   UARTprintf
000004bd   UARTvprintf
00000985   UARTwrite
20000100   __STACK_END
00000100   __STACK_SIZE
20000100   __STACK_TOP
00000bf0   __TI_CINIT_Base
00000c00   __TI_CINIT_Limit
00000bd8   __TI_Handler_Table_Base
00000be4   __TI_Handler_Table_Limit
00000001   __TI_args_main
000007dd   __TI_auto_init
00000b73   __TI_decompress_none
00000b8d   __TI_decompress_rle24
00000000   __TI_static_base__
00000b61   __TI_zero_init
000006a7   __aeabi_memcpy
000006a7   __aeabi_memcpy4
000006a7   __aeabi_memcpy8
00000a59   __aeabi_uidivmod
ffffffff   __binit__
ffffffff   __c_args__
20000000   __stack
00000b35   _args_main
000009cd   _c_int00
20000108   _cleanup_ptr
2000010c   _dtors_ptr
20000100   _lock
00000b5b   _nop
00000b53   _register_lock
00000b4d   _register_unlock
20000104   _unlock
00000aa1   abort
ffffffff   binit
00000a15   copy_in
00000aa9   exit
00000000   g_pfnVectors
0000026d   main
20000118   main_func_sp
000006a7   memcpy


GLOBAL SYMBOLS: SORTED BY Symbol Address 

address    name
--------   ----
00000000   __TI_static_base__
00000000   g_pfnVectors
00000001   __TI_args_main
00000100   __STACK_SIZE
0000026d   main
000004bd   UARTvprintf
000006a7   __aeabi_memcpy
000006a7   __aeabi_memcpy4
000006a7   __aeabi_memcpy8
000006a7   memcpy
00000745   UARTgets
000007dd   __TI_auto_init
000008d1   ConfigureUART
0000092d   UARTStdioConfig
00000985   UARTwrite
000009cd   _c_int00
00000a15   copy_in
00000a59   __aeabi_uidivmod
00000a9d   C$$EXIT
00000aa1   abort
00000aa9   exit
00000add   MPUFaultHandler
00000b19   UARTprintf
00000b35   _args_main
00000b4d   _register_unlock
00000b53   _register_lock
00000b5b   _nop
00000b61   __TI_zero_init
00000b73   __TI_decompress_none
00000b81   ResetISR
00000b87   UARTClockSourceSet
00000b8d   __TI_decompress_rle24
00000bd8   __TI_Handler_Table_Base
00000be4   __TI_Handler_Table_Limit
00000bf0   __TI_CINIT_Base
00000c00   __TI_CINIT_Limit
20000000   __stack
20000100   __STACK_END
20000100   __STACK_TOP
20000100   _lock
20000104   _unlock
20000108   _cleanup_ptr
2000010c   _dtors_ptr
20000118   main_func_sp
ffffffff   __binit__
ffffffff   __c_args__
ffffffff   binit
UNDEFED    SHT$$INIT_ARRAY$$Base
UNDEFED    SHT$$INIT_ARRAY$$Limit

[49 symbols]
