******************************************************************************
                  TI ARM Linker PC v5.0.4                      
******************************************************************************
>> Linked Tue Mar 10 19:34:23 2015

OUTPUT FILE NAME:   <009_Pulsador otro metodo.out>
ENTRY POINT SYMBOL: "_c_int00"  address: 00001ff5


MEMORY CONFIGURATION

         name            origin    length      used     unused   attr    fill
----------------------  --------  ---------  --------  --------  ----  --------
  FLASH                 00000000   00040000  000025f4  0003da0c  R  X
  SRAM                  20000000   00008000  00000480  00007b80  RW X


SEGMENT ALLOCATION MAP

run origin  load origin   length   init length attrs members
----------  ----------- ---------- ----------- ----- -------
00000000    00000000    000025f8   000025f8    r-x
  00000000    00000000    0000026c   0000026c    r-- .intvecs
  0000026c    0000026c    00001f04   00001f04    r-x .text
  00002170    00002170    0000044c   0000044c    r-- .const
  000025c0    000025c0    00000038   00000038    r-- .cinit
20000000    20000000    0000046c   00000000    rw-
  20000000    20000000    0000026c   00000000    rw- .vtable
  2000026c    2000026c    00000200   00000000    rw- .stack
2000046c    2000046c    00000014   00000014    rw-
  2000046c    2000046c    00000014   00000014    rw- .data


SECTION ALLOCATION MAP

 output                                  attributes/
section   page    origin      length       input sections
--------  ----  ----------  ----------   ----------------
.intvecs   0    00000000    0000026c     
                  00000000    0000026c     startup_ccs.obj (.intvecs)

.init_array 
*          0    00000000    00000000     UNINITIALIZED

.text      0    0000026c    00001f04     
                  0000026c    00001b38     main.obj (.text)
                  00001da4    0000009c     rtsv7M4_T_le_v4SPD16_eabi.lib : memcpy_t2.obj (.text)
                  00001e40    00000094                                   : auto_init.obj (.text)
                  00001ed4    00000060     driverlib.lib : interrupt.obj (.text:IntDisable)
                  00001f34    00000060                   : interrupt.obj (.text:IntEnable)
                  00001f94    0000005e     rtsv7M4_T_le_v4SPD16_eabi.lib : copy_decompress_rle.obj (.text)
                  00001ff2    00000002     driverlib.lib : interrupt.obj (.text:_IntDefaultHandler)
                  00001ff4    00000048     rtsv7M4_T_le_v4SPD16_eabi.lib : boot.obj (.text)
                  0000203c    00000044                                   : cpy_tbl.obj (.text)
                  00002080    00000040                                   : exit.obj (.text)
                  000020c0    00000034     driverlib.lib : interrupt.obj (.text:IntRegister)
                  000020f4    00000018     rtsv7M4_T_le_v4SPD16_eabi.lib : args_main.obj (.text)
                  0000210c    00000014     driverlib.lib : interrupt.obj (.text:IntUnregister)
                  00002120    00000014     rtsv7M4_T_le_v4SPD16_eabi.lib : _lock.obj (.text)
                  00002134    00000012                                   : copy_zero_init.obj (.text:decompress:ZI)
                  00002146    0000000e                                   : copy_decompress_none.obj (.text:decompress:none)
                  00002154    0000000c     startup_ccs.obj (.text)
                  00002160    00000006     main.obj (.text:SysCtlDelay)
                  00002166    00000006     rtsv7M4_T_le_v4SPD16_eabi.lib : copy_decompress_rle.obj (.text:decompress:rle24)
                  0000216c    00000004     driverlib.lib : cpu.obj (.text:CPUwfi)

.const     0    00002170    0000044c     
                  00002170    00000120     main.obj (.const:g_pppui32XTALtoVCO)
                  00002290    000000c0     main.obj (.const:g_ppui32GPIOIntMapBlizzard)
                  00002350    000000c0     main.obj (.const:g_ppui32GPIOIntMapSnowflake)
                  00002410    00000090     main.obj (.const:g_pui32GPIOBaseAddrs)
                  000024a0    00000070     driverlib.lib : interrupt.obj (.const)
                  00002510    0000006c     main.obj (.const:g_pui32Xtals)
                  0000257c    00000030     main.obj (.const:g_sXTALtoMEMTIM)
                  000025ac    00000010     main.obj (.const)

.cinit     0    000025c0    00000038     
                  000025c0    0000000f     (.cinit..data.load) [load image, compression = rle]
                  000025cf    00000001     --HOLE-- [fill = 0]
                  000025d0    0000000c     (__TI_handler_table)
                  000025dc    00000004     --HOLE-- [fill = 0]
                  000025e0    00000008     (.cinit..vtable.load) [load image, compression = zero_init]
                  000025e8    00000010     (__TI_cinit_table)

.vtable    0    20000000    0000026c     UNINITIALIZED
                  20000000    0000026c     driverlib.lib : interrupt.obj (.vtable)

.stack     0    2000026c    00000200     UNINITIALIZED
                  2000026c    00000200     --HOLE--

.data      0    2000046c    00000014     
                  2000046c    00000008     rtsv7M4_T_le_v4SPD16_eabi.lib : _lock.obj (.data)
                  20000474    00000008                                   : exit.obj (.data)
                  2000047c    00000004                                   : stkdepth_vars.obj (.data)


LINKER GENERATED COPY TABLES

__TI_cinit_table @ 000025e8 records: 2, size/record: 8, table size: 16
	.data: load addr=000025c0, load size=0000000f bytes, run addr=2000046c, run size=00000014 bytes, compression=rle
	.vtable: load addr=000025e0, load size=00000008 bytes, run addr=20000000, run size=0000026c bytes, compression=zero_init


LINKER GENERATED HANDLER TABLE

__TI_handler_table @ 000025d0 records: 3, size/record: 4, table size: 12
	index: 0, handler: __TI_zero_init
	index: 1, handler: __TI_decompress_rle24
	index: 2, handler: __TI_decompress_none


GLOBAL SYMBOLS: SORTED ALPHABETICALLY BY Name 

address    name
--------   ----
00002081   C$$EXIT
0000216d   CPUwfi
00001d05   GPIOADCTriggerDisable
00001ce7   GPIOADCTriggerEnable
00001cc9   GPIODMATriggerDisable
00001cab   GPIODMATriggerEnable
0000123d   GPIODirModeGet
000011d5   GPIODirModeSet
000017c1   GPIOIntClear
00001785   GPIOIntDisable
0000176b   GPIOIntEnable
000017d5   GPIOIntRegister
0000179f   GPIOIntStatus
00001341   GPIOIntTypeGet
00001291   GPIOIntTypeSet
000017f3   GPIOIntUnregister
00001619   GPIOPadConfigGet
000013dd   GPIOPadConfigSet
00001c49   GPIOPinConfigure
0000180d   GPIOPinRead
00001845   GPIOPinTypeADC
00001869   GPIOPinTypeCAN
00001c15   GPIOPinTypeCIR
0000188d   GPIOPinTypeComparator
000018b1   GPIOPinTypeEPI
000018d5   GPIOPinTypeEthernetLED
000018f9   GPIOPinTypeEthernetMII
0000191d   GPIOPinTypeGPIOInput
00001941   GPIOPinTypeGPIOOutput
00001965   GPIOPinTypeGPIOOutputOD
00001989   GPIOPinTypeI2C
000019ad   GPIOPinTypeI2CSCL
00001bcd   GPIOPinTypeKBColumn
00001ba9   GPIOPinTypeKBRow
000019d1   GPIOPinTypeLCD
00001bf1   GPIOPinTypeLEDSeq
000019f5   GPIOPinTypeLPC
00001a19   GPIOPinTypePECIRx
00001a3d   GPIOPinTypePECITx
00001a61   GPIOPinTypePWM
00001a85   GPIOPinTypeQEI
00001aa9   GPIOPinTypeSSI
00001acd   GPIOPinTypeTimer
00001af1   GPIOPinTypeUART
00001b15   GPIOPinTypeUSBAnalog
00001b39   GPIOPinTypeUSBDigital
00001b5d   GPIOPinTypeWakeHigh
00001b83   GPIOPinTypeWakeLow
00001c39   GPIOPinWakeStatus
00001825   GPIOPinWrite
00001ed5   IntDisable
00001f35   IntEnable
000020c1   IntRegister
0000210d   IntUnregister
00002155   ResetISR
UNDEFED    SHT$$INIT_ARRAY$$Base
UNDEFED    SHT$$INIT_ARRAY$$Limit
00001149   SysCtlAltClkConfig
000008fd   SysCtlClockFreqSet
00000df1   SysCtlClockGet
00001125   SysCtlClockOutConfig
00000c25   SysCtlClockSet
00000801   SysCtlDeepSleep
00000fc1   SysCtlDeepSleepClockConfigSet
00000fa9   SysCtlDeepSleepClockSet
000007dd   SysCtlDeepSleepPowerSet
00002161   SysCtlDelay
00000365   SysCtlFlashSectorSizeGet
00000339   SysCtlFlashSizeGet
000010a5   SysCtlGPIOAHBDisable
00001089   SysCtlGPIOAHBEnable
00000775   SysCtlIntClear
0000075d   SysCtlIntDisable
00000749   SysCtlIntEnable
00000725   SysCtlIntRegister
00000785   SysCtlIntStatus
00000739   SysCtlIntUnregister
000007c7   SysCtlLDODeepSleepGet
000007b7   SysCtlLDODeepSleepSet
000007b1   SysCtlLDOSleepGet
000007a1   SysCtlLDOSleepSet
00000837   SysCtlMOSCConfigSet
00001111   SysCtlNMIClear
0000110b   SysCtlNMIStatus
0000084d   SysCtlPIOSCCalibrate
0000106d   SysCtlPWMClockGet
0000104d   SysCtlPWMClockSet
000006d1   SysCtlPeripheralClockGating
00000689   SysCtlPeripheralDeepSleepDisable
00000645   SysCtlPeripheralDeepSleepEnable
00000569   SysCtlPeripheralDisable
00000521   SysCtlPeripheralEnable
0000044d   SysCtlPeripheralPowerOff
0000040d   SysCtlPeripheralPowerOn
0000038d   SysCtlPeripheralPresent
000003cd   SysCtlPeripheralReady
0000048d   SysCtlPeripheralReset
000005ed   SysCtlPeripheralSleepDisable
000005a9   SysCtlPeripheralSleepEnable
000007f1   SysCtlReset
000008ad   SysCtlResetBehaviorGet
0000089d   SysCtlResetBehaviorSet
00000823   SysCtlResetCauseClear
0000081d   SysCtlResetCauseGet
0000032f   SysCtlSRAMSizeGet
000007f9   SysCtlSleep
000007cd   SysCtlSleepPowerSet
000010cd   SysCtlUSBPLLDisable
000010c1   SysCtlUSBPLLEnable
000010f7   SysCtlVoltageEventClear
000010d9   SysCtlVoltageEventConfig
000010f1   SysCtlVoltageEventStatus
2000046c   __STACK_END
00000200   __STACK_SIZE
2000046c   __STACK_TOP
000025e8   __TI_CINIT_Base
000025f8   __TI_CINIT_Limit
000025d0   __TI_Handler_Table_Base
000025dc   __TI_Handler_Table_Limit
00000001   __TI_args_main
00001e41   __TI_auto_init
00002147   __TI_decompress_none
00002167   __TI_decompress_rle24
00000000   __TI_static_base__
00002135   __TI_zero_init
00001da5   __aeabi_memcpy
00001da5   __aeabi_memcpy4
00001da5   __aeabi_memcpy8
ffffffff   __binit__
ffffffff   __c_args__
2000026c   __stack
000020f5   _args_main
00001ff5   _c_int00
20000474   _cleanup_ptr
20000478   _dtors_ptr
2000046c   _lock
0000212f   _nop
00002127   _register_lock
00002121   _register_unlock
20000470   _unlock
00002085   abort
ffffffff   binit
0000203d   copy_in
0000208d   exit
20000000   g_pfnRAMVectors
00000000   g_pfnVectors
00001d23   main
2000047c   main_func_sp
00001da5   memcpy


GLOBAL SYMBOLS: SORTED BY Symbol Address 

address    name
--------   ----
00000000   __TI_static_base__
00000000   g_pfnVectors
00000001   __TI_args_main
00000200   __STACK_SIZE
0000032f   SysCtlSRAMSizeGet
00000339   SysCtlFlashSizeGet
00000365   SysCtlFlashSectorSizeGet
0000038d   SysCtlPeripheralPresent
000003cd   SysCtlPeripheralReady
0000040d   SysCtlPeripheralPowerOn
0000044d   SysCtlPeripheralPowerOff
0000048d   SysCtlPeripheralReset
00000521   SysCtlPeripheralEnable
00000569   SysCtlPeripheralDisable
000005a9   SysCtlPeripheralSleepEnable
000005ed   SysCtlPeripheralSleepDisable
00000645   SysCtlPeripheralDeepSleepEnable
00000689   SysCtlPeripheralDeepSleepDisable
000006d1   SysCtlPeripheralClockGating
00000725   SysCtlIntRegister
00000739   SysCtlIntUnregister
00000749   SysCtlIntEnable
0000075d   SysCtlIntDisable
00000775   SysCtlIntClear
00000785   SysCtlIntStatus
000007a1   SysCtlLDOSleepSet
000007b1   SysCtlLDOSleepGet
000007b7   SysCtlLDODeepSleepSet
000007c7   SysCtlLDODeepSleepGet
000007cd   SysCtlSleepPowerSet
000007dd   SysCtlDeepSleepPowerSet
000007f1   SysCtlReset
000007f9   SysCtlSleep
00000801   SysCtlDeepSleep
0000081d   SysCtlResetCauseGet
00000823   SysCtlResetCauseClear
00000837   SysCtlMOSCConfigSet
0000084d   SysCtlPIOSCCalibrate
0000089d   SysCtlResetBehaviorSet
000008ad   SysCtlResetBehaviorGet
000008fd   SysCtlClockFreqSet
00000c25   SysCtlClockSet
00000df1   SysCtlClockGet
00000fa9   SysCtlDeepSleepClockSet
00000fc1   SysCtlDeepSleepClockConfigSet
0000104d   SysCtlPWMClockSet
0000106d   SysCtlPWMClockGet
00001089   SysCtlGPIOAHBEnable
000010a5   SysCtlGPIOAHBDisable
000010c1   SysCtlUSBPLLEnable
000010cd   SysCtlUSBPLLDisable
000010d9   SysCtlVoltageEventConfig
000010f1   SysCtlVoltageEventStatus
000010f7   SysCtlVoltageEventClear
0000110b   SysCtlNMIStatus
00001111   SysCtlNMIClear
00001125   SysCtlClockOutConfig
00001149   SysCtlAltClkConfig
000011d5   GPIODirModeSet
0000123d   GPIODirModeGet
00001291   GPIOIntTypeSet
00001341   GPIOIntTypeGet
000013dd   GPIOPadConfigSet
00001619   GPIOPadConfigGet
0000176b   GPIOIntEnable
00001785   GPIOIntDisable
0000179f   GPIOIntStatus
000017c1   GPIOIntClear
000017d5   GPIOIntRegister
000017f3   GPIOIntUnregister
0000180d   GPIOPinRead
00001825   GPIOPinWrite
00001845   GPIOPinTypeADC
00001869   GPIOPinTypeCAN
0000188d   GPIOPinTypeComparator
000018b1   GPIOPinTypeEPI
000018d5   GPIOPinTypeEthernetLED
000018f9   GPIOPinTypeEthernetMII
0000191d   GPIOPinTypeGPIOInput
00001941   GPIOPinTypeGPIOOutput
00001965   GPIOPinTypeGPIOOutputOD
00001989   GPIOPinTypeI2C
000019ad   GPIOPinTypeI2CSCL
000019d1   GPIOPinTypeLCD
000019f5   GPIOPinTypeLPC
00001a19   GPIOPinTypePECIRx
00001a3d   GPIOPinTypePECITx
00001a61   GPIOPinTypePWM
00001a85   GPIOPinTypeQEI
00001aa9   GPIOPinTypeSSI
00001acd   GPIOPinTypeTimer
00001af1   GPIOPinTypeUART
00001b15   GPIOPinTypeUSBAnalog
00001b39   GPIOPinTypeUSBDigital
00001b5d   GPIOPinTypeWakeHigh
00001b83   GPIOPinTypeWakeLow
00001ba9   GPIOPinTypeKBRow
00001bcd   GPIOPinTypeKBColumn
00001bf1   GPIOPinTypeLEDSeq
00001c15   GPIOPinTypeCIR
00001c39   GPIOPinWakeStatus
00001c49   GPIOPinConfigure
00001cab   GPIODMATriggerEnable
00001cc9   GPIODMATriggerDisable
00001ce7   GPIOADCTriggerEnable
00001d05   GPIOADCTriggerDisable
00001d23   main
00001da5   __aeabi_memcpy
00001da5   __aeabi_memcpy4
00001da5   __aeabi_memcpy8
00001da5   memcpy
00001e41   __TI_auto_init
00001ed5   IntDisable
00001f35   IntEnable
00001ff5   _c_int00
0000203d   copy_in
00002081   C$$EXIT
00002085   abort
0000208d   exit
000020c1   IntRegister
000020f5   _args_main
0000210d   IntUnregister
00002121   _register_unlock
00002127   _register_lock
0000212f   _nop
00002135   __TI_zero_init
00002147   __TI_decompress_none
00002155   ResetISR
00002161   SysCtlDelay
00002167   __TI_decompress_rle24
0000216d   CPUwfi
000025d0   __TI_Handler_Table_Base
000025dc   __TI_Handler_Table_Limit
000025e8   __TI_CINIT_Base
000025f8   __TI_CINIT_Limit
20000000   g_pfnRAMVectors
2000026c   __stack
2000046c   __STACK_END
2000046c   __STACK_TOP
2000046c   _lock
20000470   _unlock
20000474   _cleanup_ptr
20000478   _dtors_ptr
2000047c   main_func_sp
ffffffff   __binit__
ffffffff   __c_args__
ffffffff   binit
UNDEFED    SHT$$INIT_ARRAY$$Base
UNDEFED    SHT$$INIT_ARRAY$$Limit

[149 symbols]
