******************************************************************************
                  TI ARM Linker PC v5.0.4                      
******************************************************************************
>> Linked Wed Mar 11 23:27:23 2015

OUTPUT FILE NAME:   <013_ADC.out>
ENTRY POINT SYMBOL: "_c_int00"  address: 0000063d


MEMORY CONFIGURATION

         name            origin    length      used     unused   attr    fill
----------------------  --------  ---------  --------  --------  ----  --------
  FLASH                 00000000   00040000  0000087c  0003f784  R  X
  SRAM                  20000000   00008000  00000214  00007dec  RW X


SEGMENT ALLOCATION MAP

run origin  load origin   length   init length attrs members
----------  ----------- ---------- ----------- ----- -------
00000000    00000000    00000880   00000880    r-x
  00000000    00000000    0000026c   0000026c    r-- .intvecs
  0000026c    0000026c    000005f0   000005f0    r-x .text
  00000860    00000860    00000020   00000020    r-- .cinit
20000000    20000000    00000200   00000000    rw-
  20000000    20000000    00000200   00000000    rw- .stack
20000200    20000200    00000014   00000014    rw-
  20000200    20000200    00000014   00000014    rw- .data


SECTION ALLOCATION MAP

 output                                  attributes/
section   page    origin      length       input sections
--------  ----  ----------  ----------   ----------------
.intvecs   0    00000000    0000026c     
                  00000000    0000026c     startup_ccs.obj (.intvecs)

.init_array 
*          0    00000000    00000000     UNINITIALIZED

.text      0    0000026c    000005f0     
                  0000026c    000000f0     driverlib.lib : sysctl.obj (.text:SysCtlClockSet)
                  0000035c    000000d0     main.obj (.text)
                  0000042c    0000009c     rtsv7M4_T_le_v4SPD16_eabi.lib : memcpy_t2.obj (.text)
                  000004c8    00000094                                   : auto_init.obj (.text)
                  0000055c    00000080     driverlib.lib : adc.obj (.text:ADCSequenceStepConfigure)
                  000005dc    0000005e     rtsv7M4_T_le_v4SPD16_eabi.lib : copy_decompress_rle.obj (.text)
                  0000063a    00000002     --HOLE-- [fill = 0]
                  0000063c    00000048                                   : boot.obj (.text)
                  00000684    00000044                                   : cpy_tbl.obj (.text)
                  000006c8    00000040                                   : exit.obj (.text)
                  00000708    0000003e     driverlib.lib : adc.obj (.text:ADCSequenceConfigure)
                  00000746    00000002     --HOLE-- [fill = 0]
                  00000748    00000034                   : sysctl.obj (.text:SysCtlPeripheralEnable)
                  0000077c    0000002e                   : adc.obj (.text:ADCIntStatus)
                  000007aa    0000001e                   : adc.obj (.text:ADCSequenceDataGet)
                  000007c8    00000018     rtsv7M4_T_le_v4SPD16_eabi.lib : args_main.obj (.text)
                  000007e0    00000016     driverlib.lib : adc.obj (.text:ADCProcessorTrigger)
                  000007f6    00000002     --HOLE-- [fill = 0]
                  000007f8    00000014     rtsv7M4_T_le_v4SPD16_eabi.lib : _lock.obj (.text)
                  0000080c    00000012     driverlib.lib : adc.obj (.text:ADCHardwareOversampleConfigure)
                  0000081e    0000000e                   : adc.obj (.text:ADCSequenceEnable)
                  0000082c    0000000e     rtsv7M4_T_le_v4SPD16_eabi.lib : copy_decompress_none.obj (.text:decompress:none)
                  0000083a    0000000c     startup_ccs.obj (.text)
                  00000846    0000000a     driverlib.lib : adc.obj (.text:ADCIntClear)
                  00000850    00000006                   : sysctl.obj (.text:SysCtlDelay)
                  00000856    00000006     rtsv7M4_T_le_v4SPD16_eabi.lib : copy_decompress_rle.obj (.text:decompress:rle24)

.cinit     0    00000860    00000020     
                  00000860    0000000f     (.cinit..data.load) [load image, compression = rle]
                  0000086f    00000001     --HOLE-- [fill = 0]
                  00000870    00000008     (__TI_handler_table)
                  00000878    00000008     (__TI_cinit_table)

.stack     0    20000000    00000200     UNINITIALIZED
                  20000000    00000200     --HOLE--

.data      0    20000200    00000014     
                  20000200    00000008     rtsv7M4_T_le_v4SPD16_eabi.lib : _lock.obj (.data)
                  20000208    00000008                                   : exit.obj (.data)
                  20000210    00000004                                   : stkdepth_vars.obj (.data)


LINKER GENERATED COPY TABLES

__TI_cinit_table @ 00000878 records: 1, size/record: 8, table size: 8
	.data: load addr=00000860, load size=0000000f bytes, run addr=20000200, run size=00000014 bytes, compression=rle


LINKER GENERATED HANDLER TABLE

__TI_handler_table @ 00000870 records: 2, size/record: 4, table size: 8
	index: 0, handler: __TI_decompress_rle24
	index: 1, handler: __TI_decompress_none


GLOBAL SYMBOLS: SORTED ALPHABETICALLY BY Name 

address    name
--------   ----
0000080d   ADCHardwareOversampleConfigure
00000847   ADCIntClear
0000077d   ADCIntStatus
000007e1   ADCProcessorTrigger
00000709   ADCSequenceConfigure
000007ab   ADCSequenceDataGet
0000081f   ADCSequenceEnable
0000055d   ADCSequenceStepConfigure
000006c9   C$$EXIT
0000083b   ResetISR
UNDEFED    SHT$$INIT_ARRAY$$Base
UNDEFED    SHT$$INIT_ARRAY$$Limit
0000026d   SysCtlClockSet
00000851   SysCtlDelay
00000749   SysCtlPeripheralEnable
20000200   __STACK_END
00000200   __STACK_SIZE
20000200   __STACK_TOP
00000878   __TI_CINIT_Base
00000880   __TI_CINIT_Limit
00000870   __TI_Handler_Table_Base
00000878   __TI_Handler_Table_Limit
00000001   __TI_args_main
000004c9   __TI_auto_init
0000082d   __TI_decompress_none
00000857   __TI_decompress_rle24
00000000   __TI_static_base__
0000042d   __aeabi_memcpy
0000042d   __aeabi_memcpy4
0000042d   __aeabi_memcpy8
ffffffff   __binit__
ffffffff   __c_args__
20000000   __stack
000007c9   _args_main
0000063d   _c_int00
20000208   _cleanup_ptr
2000020c   _dtors_ptr
20000200   _lock
00000807   _nop
000007ff   _register_lock
000007f9   _register_unlock
20000204   _unlock
000006cd   abort
ffffffff   binit
00000685   copy_in
000006d5   exit
00000000   g_pfnVectors
0000035d   main
20000210   main_func_sp
0000042d   memcpy


GLOBAL SYMBOLS: SORTED BY Symbol Address 

address    name
--------   ----
00000000   __TI_static_base__
00000000   g_pfnVectors
00000001   __TI_args_main
00000200   __STACK_SIZE
0000026d   SysCtlClockSet
0000035d   main
0000042d   __aeabi_memcpy
0000042d   __aeabi_memcpy4
0000042d   __aeabi_memcpy8
0000042d   memcpy
000004c9   __TI_auto_init
0000055d   ADCSequenceStepConfigure
0000063d   _c_int00
00000685   copy_in
000006c9   C$$EXIT
000006cd   abort
000006d5   exit
00000709   ADCSequenceConfigure
00000749   SysCtlPeripheralEnable
0000077d   ADCIntStatus
000007ab   ADCSequenceDataGet
000007c9   _args_main
000007e1   ADCProcessorTrigger
000007f9   _register_unlock
000007ff   _register_lock
00000807   _nop
0000080d   ADCHardwareOversampleConfigure
0000081f   ADCSequenceEnable
0000082d   __TI_decompress_none
0000083b   ResetISR
00000847   ADCIntClear
00000851   SysCtlDelay
00000857   __TI_decompress_rle24
00000870   __TI_Handler_Table_Base
00000878   __TI_CINIT_Base
00000878   __TI_Handler_Table_Limit
00000880   __TI_CINIT_Limit
20000000   __stack
20000200   __STACK_END
20000200   __STACK_TOP
20000200   _lock
20000204   _unlock
20000208   _cleanup_ptr
2000020c   _dtors_ptr
20000210   main_func_sp
ffffffff   __binit__
ffffffff   __c_args__
ffffffff   binit
UNDEFED    SHT$$INIT_ARRAY$$Base
UNDEFED    SHT$$INIT_ARRAY$$Limit

[50 symbols]
