******************************************************************************
                  TI ARM Linker PC v5.0.4                      
******************************************************************************
>> Linked Tue Mar 03 01:47:09 2015

OUTPUT FILE NAME:   <qs-rgb.out>
ENTRY POINT SYMBOL: "_c_int00"  address: 00001959


MEMORY CONFIGURATION

         name            origin    length      used     unused   attr    fill
----------------------  --------  ---------  --------  --------  ----  --------
  FLASH                 00000000   00040000  00002230  0003ddd0  R  X
  SRAM                  20000000   00008000  00000f2b  000070d5  RW X


SEGMENT ALLOCATION MAP

run origin  load origin   length   init length attrs members
----------  ----------- ---------- ----------- ----- -------
00000000    00000000    00002238   00002238    r-x
  00000000    00000000    0000026c   0000026c    r-- .intvecs
  0000026c    0000026c    00001d5a   00001d5a    r-x .text
  00001fc8    00001fc8    000001aa   000001aa    r-- .const
  00002178    00002178    000000c0   000000c0    r-- .cinit
20000000    20000000    00000d70   00000000    rw-
  20000000    20000000    00000800   00000000    rw- .stack
  20000800    20000800    00000570   00000000    rw- .bss
20000d70    20000d70    000001bb   000001bb    rw-
  20000d70    20000d70    000001bb   000001bb    rw- .data


SECTION ALLOCATION MAP

 output                                  attributes/
section   page    origin      length       input sections
--------  ----  ----------  ----------   ----------------
.intvecs   0    00000000    0000026c     
                  00000000    0000026c     startup_ccs.obj (.intvecs)

.init_array 
*          0    00000000    00000000     UNINITIALIZED

.text      0    0000026c    00001d5a     
                  0000026c    0000027c     qs-rgb.obj (.text:main)
                  000004e8    000001ea     uartstdio.obj (.text:UARTvprintf)
                  000006d2    00000002     startup_ccs.obj (.text:FaultISR)
                  000006d4    00000174     rtsv7M4_T_le_v4SPD16_eabi.lib : xfsin.obj (.text)
                  00000848    00000150     uartstdio.obj (.text:UARTStdioIntHandler)
                  00000998    00000124     rtsv7M4_T_le_v4SPD16_eabi.lib : fmodf.obj (.text)
                  00000abc    00000118     driverlib.lib : sysctl.obj (.text:SysCtlClockGet)
                  00000bd4    000000f4     rgb.obj (.text:RGBInit)
                  00000cc8    000000e0     qs-rgb.obj (.text:AppRainbow)
                  00000da8    000000d8     qs-rgb.obj (.text:AppButtonHandler)
                  00000e80    000000c0     rtsv7M4_T_le_v4SPD16_eabi.lib : xfdscale.obj (.text)
                  00000f40    000000a8     rgb.obj (.text:RGBEnable)
                  00000fe8    000000a8     uartstdio.obj (.text:UARTwrite)
                  00001090    000000a4     uartstdio.obj (.text:UARTStdioConfig)
                  00001134    0000009c     rtsv7M4_T_le_v4SPD16_eabi.lib : memcpy_t2.obj (.text)
                  000011d0    00000094                                   : auto_init.obj (.text)
                  00001264    00000092     ustdlib.obj (.text:ustrtoul)
                  000012f6    00000002     startup_ccs.obj (.text:IntDefaultHandler)
                  000012f8    00000088     rgb.obj (.text:RGBColorSet)
                  00001380    00000084     uartstdio.obj (.text:UARTPrimeTransmit)
                  00001404    0000007e     rtsv7M4_T_le_v4SPD16_eabi.lib : fd_cmp_t2.obj (.text)
                  00001482    0000007c                                   : xfdnorm.obj (.text)
                  000014fe    00000002     startup_ccs.obj (.text:NmiSR)
                  00001500    00000078     qs-rgb.obj (.text:AppHibernateEnter)
                  00001578    00000078     qs-rgb.obj (.text:SysTickIntHandler)
                  000015f0    0000006c     buttons.obj (.text:ButtonsPoll)
                  0000165c    0000006c     rgb_commands.obj (.text:CMD_help)
                  000016c8    00000064     driverlib.lib : hibernate.obj (.text:HibernateWakeSet)
                  0000172c    00000060     buttons.obj (.text:ButtonsInit)
                  0000178c    00000060     cmdline.obj (.text:CmdLineProcess)
                  000017ec    0000005e     rtsv7M4_T_le_v4SPD16_eabi.lib : copy_decompress_rle.obj (.text)
                  0000184a    00000002     --HOLE-- [fill = 0]
                  0000184c    0000005c     qs-rgb.obj (.text:ConfigureUART)
                  000018a8    0000005c     rgb.obj (.text:RGBDisable)
                  00001904    00000054     uartstdio.obj (.text:UARTgets)
                  00001958    00000048     rtsv7M4_T_le_v4SPD16_eabi.lib : boot.obj (.text)
                  000019a0    00000044     uartstdio.obj (.text:UARTPeek)
                  000019e4    00000044     rtsv7M4_T_le_v4SPD16_eabi.lib : cpy_tbl.obj (.text)
                  00001a28    00000042                                   : u_divt2.obj (.text)
                  00001a6a    00000002     --HOLE-- [fill = 0]
                  00001a6c    00000040                                   : exit.obj (.text)
                  00001aac    00000040                                   : signal.obj (.text)
                  00001aec    0000003c     rgb_commands.obj (.text:CMD_intensity)
                  00001b28    0000003c     rgb_commands.obj (.text:CMD_rgb)
                  00001b64    0000003c     uartstdio.obj (.text:UARTFlushTx)
                  00001ba0    00000038     rtsv7M4_T_le_v4SPD16_eabi.lib : fs_tod_t2.obj (.text)
                  00001bd8    00000034     rgb.obj (.text:RGBBlinkIntHandler)
                  00001c0c    00000034     driverlib.lib : sysctl.obj (.text:SysCtlPeripheralEnable)
                  00001c40    00000034     rtsv7M4_T_le_v4SPD16_eabi.lib : xfdtest.obj (.text)
                  00001c74    00000030                                   : feraiseexcept.obj (.text)
                  00001ca4    00000030                                   : xferaise.obj (.text)
                  00001cd4    0000002e                                   : raise.obj (.text)
                  00001d02    00000002     --HOLE-- [fill = 0]
                  00001d04    0000002c     driverlib.lib : hibernate.obj (.text:HibernateRTCSet)
                  00001d30    0000002c     uartstdio.obj (.text:UARTFlushRx)
                  00001d5c    00000028     driverlib.lib : hibernate.obj (.text:HibernateDataSet)
                  00001d84    00000020                   : hibernate.obj (.text:HibernateDataGet)
                  00001da4    0000001a     uartstdio.obj (.text:IsBufferFull)
                  00001dbe    0000001a     uartstdio.obj (.text:UARTprintf)
                  00001dd8    00000018     driverlib.lib : hibernate.obj (.text:HibernateGPIORetentionEnable)
                  00001df0    00000018                   : hibernate.obj (.text:HibernateIntStatus)
                  00001e08    00000018     rtsv7M4_T_le_v4SPD16_eabi.lib : args_main.obj (.text)
                  00001e20    00000018                                   : strcmp.obj (.text)
                  00001e38    00000014     driverlib.lib : hibernate.obj (.text:HibernateEnableExpClk)
                  00001e4c    00000014                   : hibernate.obj (.text:HibernateIntClear)
                  00001e60    00000014                   : hibernate.obj (.text:HibernateRTCEnable)
                  00001e74    00000014                   : hibernate.obj (.text:HibernateRequest)
                  00001e88    00000014     rgb.obj (.text:RGBIntensitySet)
                  00001e9c    00000014     driverlib.lib : sysctl.obj (.text:SysCtlResetCauseClear)
                  00001eb0    00000014                   : systick.obj (.text:SysTickEnable)
                  00001ec4    00000014                   : systick.obj (.text:SysTickIntEnable)
                  00001ed8    00000014     rtsv7M4_T_le_v4SPD16_eabi.lib : _lock.obj (.text)
                  00001eec    00000012     uartstdio.obj (.text:GetBufferCount)
                  00001efe    00000012     rtsv7M4_T_le_v4SPD16_eabi.lib : copy_zero_init.obj (.text:decompress:ZI)
                  00001f10    00000010     rgb_commands.obj (.text:CMD_rand)
                  00001f20    00000010     driverlib.lib : hibernate.obj (.text:HibernateIsActive)
                  00001f30    00000010                   : hibernate.obj (.text:HibernateRTCMatchSet)
                  00001f40    00000010                   : systick.obj (.text:SysTickPeriodSet)
                  00001f50    00000010                   : hibernate.obj (.text:_HibernateWriteComplete)
                  00001f60    0000000e     uartstdio.obj (.text:IsBufferEmpty)
                  00001f6e    0000000e     rtsv7M4_T_le_v4SPD16_eabi.lib : copy_decompress_none.obj (.text:decompress:none)
                  00001f7c    0000000c     driverlib.lib : cpu.obj (.text:CPUcpsie)
                  00001f88    0000000c                   : sysctl.obj (.text:SysCtlResetCauseGet)
                  00001f94    0000000a     rgb_commands.obj (.text:CMD_hib)
                  00001f9e    0000000a     driverlib.lib : interrupt.obj (.text:IntMasterEnable)
                  00001fa8    00000006     startup_ccs.obj (.text:ResetISR)
                  00001fae    00000006     driverlib.lib : sysctl.obj (.text:SysCtlDelay)
                  00001fb4    00000006                   : uart.obj (.text:UARTClockSourceSet)
                  00001fba    00000006     rtsv7M4_T_le_v4SPD16_eabi.lib : copy_decompress_rle.obj (.text:decompress:rle24)
                  00001fc0    00000006                                   : sinf.obj (.text)

.const     0    00001fc8    000001aa     
                  00001fc8    000000dc     rgb_commands.obj (.const:.string)
                  000020a4    0000006c     driverlib.lib : sysctl.obj (.const:g_pui32Xtals)
                  00002110    00000028     rtsv7M4_T_le_v4SPD16_eabi.lib : xfsin.obj (.const)
                  00002138    00000028     uartstdio.obj (.const)
                  00002160    00000012     uartstdio.obj (.const:.string)

.cinit     0    00002178    000000c0     
                  00002178    0000009a     (.cinit..data.load) [load image, compression = rle]
                  00002212    00000002     --HOLE-- [fill = 0]
                  00002214    0000000c     (__TI_handler_table)
                  00002220    00000008     (.cinit..bss.load) [load image, compression = zero_init]
                  00002228    00000010     (__TI_cinit_table)

.stack     0    20000000    00000800     UNINITIALIZED
                  20000000    00000800     --HOLE--

.bss       0    20000800    00000570     UNINITIALIZED
                  20000800    00000400     uartstdio.obj (.bss:g_pcUARTTxBuffer)
                  20000c00    00000080     qs-rgb.obj (.bss:g_cInput)
                  20000c80    00000080     uartstdio.obj (.bss:g_pcUARTRxBuffer)
                  20000d00    00000024     cmdline.obj (.bss:g_ppcArgv)
                  20000d24    00000024     qs-rgb.obj (.bss:g_sAppState)
                  20000d48    00000010     qs-rgb.obj (.bss)
                  20000d58    00000010     rgb.obj (.bss)
                  20000d68    00000008     uartstdio.obj (.bss)

.data      0    20000d70    000001bb     
                  20000d70    000000b0     rtsv7M4_T_le_v4SPD16_eabi.lib : signal.obj (.data:sigtable)
                  20000e20    00000068                                   : xfvalues.obj (.data)
                  20000e88    00000048     rgb_commands.obj (.data:g_psCmdTable)
                  20000ed0    0000001c     qs-rgb.obj (.data)
                  20000eec    00000015     uartstdio.obj (.data)
                  20000f01    00000003     --HOLE--
                  20000f04    00000008     rtsv7M4_T_le_v4SPD16_eabi.lib : _lock.obj (.data)
                  20000f0c    00000008                                   : exit.obj (.data)
                  20000f14    00000008                                   : feraiseexcept.obj (.data)
                  20000f1c    00000004     rgb.obj (.data)
                  20000f20    00000004     rtsv7M4_T_le_v4SPD16_eabi.lib : errno.obj (.data)
                  20000f24    00000004                                   : stkdepth_vars.obj (.data)
                  20000f28    00000003     buttons.obj (.data)


LINKER GENERATED COPY TABLES

__TI_cinit_table @ 00002228 records: 2, size/record: 8, table size: 16
	.data: load addr=00002178, load size=0000009a bytes, run addr=20000d70, run size=000001bb bytes, compression=rle
	.bss: load addr=00002220, load size=00000008 bytes, run addr=20000800, run size=00000570 bytes, compression=zero_init


LINKER GENERATED HANDLER TABLE

__TI_handler_table @ 00002214 records: 3, size/record: 4, table size: 12
	index: 0, handler: __TI_decompress_rle24
	index: 1, handler: __TI_decompress_none
	index: 2, handler: __TI_zero_init


GLOBAL SYMBOLS: SORTED ALPHABETICALLY BY Name 

address    name
--------   ----
00000da9   AppButtonHandler
00001501   AppHibernateEnter
00000cc9   AppRainbow
0000172d   ButtonsInit
000015f1   ButtonsPoll
00001a6d   C$$EXIT
0000165d   CMD_help
00001f95   CMD_hib
00001aed   CMD_intensity
00001f11   CMD_rand
00001b29   CMD_rgb
00001f7d   CPUcpsie
0000178d   CmdLineProcess
0000184d   ConfigureUART
00001d85   HibernateDataGet
00001d5d   HibernateDataSet
00001e39   HibernateEnableExpClk
00001dd9   HibernateGPIORetentionEnable
00001e4d   HibernateIntClear
00001df1   HibernateIntStatus
00001f21   HibernateIsActive
00001e61   HibernateRTCEnable
00001f31   HibernateRTCMatchSet
00001d05   HibernateRTCSet
00001e75   HibernateRequest
000016c9   HibernateWakeSet
00001f9f   IntMasterEnable
00001bd9   RGBBlinkIntHandler
000012f9   RGBColorSet
000018a9   RGBDisable
00000f41   RGBEnable
00000bd5   RGBInit
00001e89   RGBIntensitySet
00001fa9   ResetISR
UNDEFED    SHT$$INIT_ARRAY$$Base
UNDEFED    SHT$$INIT_ARRAY$$Limit
00000abd   SysCtlClockGet
00001faf   SysCtlDelay
00001c0d   SysCtlPeripheralEnable
00001e9d   SysCtlResetCauseClear
00001f89   SysCtlResetCauseGet
00001eb1   SysTickEnable
00001ec5   SysTickIntEnable
00001579   SysTickIntHandler
00001f41   SysTickPeriodSet
00001fb5   UARTClockSourceSet
00001d31   UARTFlushRx
00001b65   UARTFlushTx
000019a1   UARTPeek
00001091   UARTStdioConfig
00000849   UARTStdioIntHandler
00001905   UARTgets
00001dbf   UARTprintf
000004e9   UARTvprintf
00000fe9   UARTwrite
20000f20   _Errno
20000e20   _FDenorm
00001483   _FDnorm
00000e81   _FDscale
00001c41   _FDtest
20000e30   _FEps
20000e40   _FInf
20000e50   _FNan
20000e70   _FRteps
000006d5   _FSin
20000e60   _FSnan
20000e80   _FXbig
20000e84   _FZero
20000f14   _Fenv
00001ca5   _Feraise
20000f18   _Tls_setup__Fenv
20000800   __STACK_END
00000800   __STACK_SIZE
20000800   __STACK_TOP
00002228   __TI_CINIT_Base
00002238   __TI_CINIT_Limit
00002214   __TI_Handler_Table_Base
00002220   __TI_Handler_Table_Limit
00000001   __TI_args_main
000011d1   __TI_auto_init
00001f6f   __TI_decompress_none
00001fbb   __TI_decompress_rle24
00000000   __TI_static_base__
00001eff   __TI_zero_init
00001405   __aeabi_cdcmpeq
00001405   __aeabi_cdcmple
00001ba1   __aeabi_f2d
00001135   __aeabi_memcpy
00001135   __aeabi_memcpy4
00001135   __aeabi_memcpy8
00001a29   __aeabi_uidivmod
ffffffff   __binit__
ffffffff   __c_args__
20000000   __stack
00001e09   _args_main
00001959   _c_int00
20000f0c   _cleanup_ptr
20000f10   _dtors_ptr
20000f04   _lock
00001ee7   _nop
00001edf   _register_lock
00001ed9   _register_unlock
20000f08   _unlock
00001a71   abort
ffffffff   binit
000019e5   copy_in
00001a79   exit
00001c75   feraiseexcept
00000999   fmodf
00000000   g_pfnVectors
20000e88   g_psCmdTable
20000d24   g_sAppState
0000026d   main
20000f24   main_func_sp
00001135   memcpy
00001cd5   raise
00001aad   signal
00001fc1   sinf
00001e21   strcmp
00001265   ustrtoul


GLOBAL SYMBOLS: SORTED BY Symbol Address 

address    name
--------   ----
00000000   __TI_static_base__
00000000   g_pfnVectors
00000001   __TI_args_main
0000026d   main
000004e9   UARTvprintf
000006d5   _FSin
00000800   __STACK_SIZE
00000849   UARTStdioIntHandler
00000999   fmodf
00000abd   SysCtlClockGet
00000bd5   RGBInit
00000cc9   AppRainbow
00000da9   AppButtonHandler
00000e81   _FDscale
00000f41   RGBEnable
00000fe9   UARTwrite
00001091   UARTStdioConfig
00001135   __aeabi_memcpy
00001135   __aeabi_memcpy4
00001135   __aeabi_memcpy8
00001135   memcpy
000011d1   __TI_auto_init
00001265   ustrtoul
000012f9   RGBColorSet
00001405   __aeabi_cdcmpeq
00001405   __aeabi_cdcmple
00001483   _FDnorm
00001501   AppHibernateEnter
00001579   SysTickIntHandler
000015f1   ButtonsPoll
0000165d   CMD_help
000016c9   HibernateWakeSet
0000172d   ButtonsInit
0000178d   CmdLineProcess
0000184d   ConfigureUART
000018a9   RGBDisable
00001905   UARTgets
00001959   _c_int00
000019a1   UARTPeek
000019e5   copy_in
00001a29   __aeabi_uidivmod
00001a6d   C$$EXIT
00001a71   abort
00001a79   exit
00001aad   signal
00001aed   CMD_intensity
00001b29   CMD_rgb
00001b65   UARTFlushTx
00001ba1   __aeabi_f2d
00001bd9   RGBBlinkIntHandler
00001c0d   SysCtlPeripheralEnable
00001c41   _FDtest
00001c75   feraiseexcept
00001ca5   _Feraise
00001cd5   raise
00001d05   HibernateRTCSet
00001d31   UARTFlushRx
00001d5d   HibernateDataSet
00001d85   HibernateDataGet
00001dbf   UARTprintf
00001dd9   HibernateGPIORetentionEnable
00001df1   HibernateIntStatus
00001e09   _args_main
00001e21   strcmp
00001e39   HibernateEnableExpClk
00001e4d   HibernateIntClear
00001e61   HibernateRTCEnable
00001e75   HibernateRequest
00001e89   RGBIntensitySet
00001e9d   SysCtlResetCauseClear
00001eb1   SysTickEnable
00001ec5   SysTickIntEnable
00001ed9   _register_unlock
00001edf   _register_lock
00001ee7   _nop
00001eff   __TI_zero_init
00001f11   CMD_rand
00001f21   HibernateIsActive
00001f31   HibernateRTCMatchSet
00001f41   SysTickPeriodSet
00001f6f   __TI_decompress_none
00001f7d   CPUcpsie
00001f89   SysCtlResetCauseGet
00001f95   CMD_hib
00001f9f   IntMasterEnable
00001fa9   ResetISR
00001faf   SysCtlDelay
00001fb5   UARTClockSourceSet
00001fbb   __TI_decompress_rle24
00001fc1   sinf
00002214   __TI_Handler_Table_Base
00002220   __TI_Handler_Table_Limit
00002228   __TI_CINIT_Base
00002238   __TI_CINIT_Limit
20000000   __stack
20000800   __STACK_END
20000800   __STACK_TOP
20000d24   g_sAppState
20000e20   _FDenorm
20000e30   _FEps
20000e40   _FInf
20000e50   _FNan
20000e60   _FSnan
20000e70   _FRteps
20000e80   _FXbig
20000e84   _FZero
20000e88   g_psCmdTable
20000f04   _lock
20000f08   _unlock
20000f0c   _cleanup_ptr
20000f10   _dtors_ptr
20000f14   _Fenv
20000f18   _Tls_setup__Fenv
20000f20   _Errno
20000f24   main_func_sp
ffffffff   __binit__
ffffffff   __c_args__
ffffffff   binit
UNDEFED    SHT$$INIT_ARRAY$$Base
UNDEFED    SHT$$INIT_ARRAY$$Limit

[120 symbols]
