<?xml version="1.0"?>
<link_info>
   <banner>TI ARM Linker PC v5.0.4</banner>
   <copyright>Copyright (c) 1996-2013 Texas Instruments Incorporated</copyright>
   <link_time>0x577dd2cd</link_time>
   <output_file>019_LCD_4_bits.out</output_file>
   <entry_point>
      <name>_c_int00</name>
      <address>0xb85</address>
   </entry_point>
   <input_file_list>
      <input_file id="fl-2">
         <path>.\</path>
         <kind>object</kind>
         <file>systick.obj</file>
         <name>systick.obj</name>
      </input_file>
      <input_file id="fl-3">
         <path>.\</path>
         <kind>object</kind>
         <file>startup_ccs.obj</file>
         <name>startup_ccs.obj</name>
      </input_file>
      <input_file id="fl-4">
         <path>.\</path>
         <kind>object</kind>
         <file>main.obj</file>
         <name>main.obj</name>
      </input_file>
      <input_file id="fl-5">
         <path>.\</path>
         <kind>object</kind>
         <file>Lcd.obj</file>
         <name>Lcd.obj</name>
      </input_file>
      <input_file id="fl-133">
         <path>C:\ti\ccsv5\tools\compiler\arm_5.0.4\lib\</path>
         <kind>archive</kind>
         <file>rtsv7M4_T_le_v4SPD16_eabi.lib</file>
         <name>boot.obj</name>
      </input_file>
      <input_file id="fl-134">
         <path>C:\ti\ccsv5\tools\compiler\arm_5.0.4\lib\</path>
         <kind>archive</kind>
         <file>rtsv7M4_T_le_v4SPD16_eabi.lib</file>
         <name>copy_decompress_none.obj</name>
      </input_file>
      <input_file id="fl-135">
         <path>C:\ti\ccsv5\tools\compiler\arm_5.0.4\lib\</path>
         <kind>archive</kind>
         <file>rtsv7M4_T_le_v4SPD16_eabi.lib</file>
         <name>copy_decompress_rle.obj</name>
      </input_file>
      <input_file id="fl-136">
         <path>C:\ti\ccsv5\tools\compiler\arm_5.0.4\lib\</path>
         <kind>archive</kind>
         <file>rtsv7M4_T_le_v4SPD16_eabi.lib</file>
         <name>copy_zero_init.obj</name>
      </input_file>
      <input_file id="fl-137">
         <path>C:\ti\ccsv5\tools\compiler\arm_5.0.4\lib\</path>
         <kind>archive</kind>
         <file>rtsv7M4_T_le_v4SPD16_eabi.lib</file>
         <name>exit.obj</name>
      </input_file>
      <input_file id="fl-138">
         <path>C:\ti\ccsv5\tools\compiler\arm_5.0.4\lib\</path>
         <kind>archive</kind>
         <file>rtsv7M4_T_le_v4SPD16_eabi.lib</file>
         <name>memcpy_t2.obj</name>
      </input_file>
      <input_file id="fl-139">
         <path>C:\ti\ccsv5\tools\compiler\arm_5.0.4\lib\</path>
         <kind>archive</kind>
         <file>rtsv7M4_T_le_v4SPD16_eabi.lib</file>
         <name>stkdepth_vars.obj</name>
      </input_file>
      <input_file id="fl-13a">
         <path>C:\ti\ccsv5\tools\compiler\arm_5.0.4\lib\</path>
         <kind>archive</kind>
         <file>rtsv7M4_T_le_v4SPD16_eabi.lib</file>
         <name>_lock.obj</name>
      </input_file>
      <input_file id="fl-13b">
         <path>C:\ti\ccsv5\tools\compiler\arm_5.0.4\lib\</path>
         <kind>archive</kind>
         <file>rtsv7M4_T_le_v4SPD16_eabi.lib</file>
         <name>args_main.obj</name>
      </input_file>
      <input_file id="fl-13c">
         <path>C:\ti\ccsv5\tools\compiler\arm_5.0.4\lib\</path>
         <kind>archive</kind>
         <file>rtsv7M4_T_le_v4SPD16_eabi.lib</file>
         <name>auto_init.obj</name>
      </input_file>
      <input_file id="fl-13d">
         <path>C:\ti\ccsv5\tools\compiler\arm_5.0.4\lib\</path>
         <kind>archive</kind>
         <file>rtsv7M4_T_le_v4SPD16_eabi.lib</file>
         <name>cpy_tbl.obj</name>
      </input_file>
      <input_file id="fl-13e">
         <path>C:\ti\TivaWare_C_Series-2.1.0.12573\driverlib\ccs\Debug\</path>
         <kind>archive</kind>
         <file>driverlib.lib</file>
         <name>sysctl.obj</name>
      </input_file>
      <input_file id="fl-13f">
         <path>C:\ti\TivaWare_C_Series-2.1.0.12573\driverlib\ccs\Debug\</path>
         <kind>archive</kind>
         <file>driverlib.lib</file>
         <name>interrupt.obj</name>
      </input_file>
      <input_file id="fl-140">
         <path>C:\ti\TivaWare_C_Series-2.1.0.12573\driverlib\ccs\Debug\</path>
         <kind>archive</kind>
         <file>driverlib.lib</file>
         <name>gpio.obj</name>
      </input_file>
      <input_file id="fl-141">
         <path>C:\ti\TivaWare_C_Series-2.1.0.12573\driverlib\ccs\Debug\</path>
         <kind>archive</kind>
         <file>driverlib.lib</file>
         <name>cpu.obj</name>
      </input_file>
   </input_file_list>
   <object_component_list>
      <object_component id="oc-e">
         <name>.intvecs</name>
         <load_address>0x0</load_address>
         <run_address>0x0</run_address>
         <size>0x26c</size>
         <input_file_ref idref="fl-3"/>
      </object_component>
      <object_component id="oc-a7">
         <name>.text</name>
         <load_address>0x26c</load_address>
         <run_address>0x26c</run_address>
         <size>0x2c8</size>
         <input_file_ref idref="fl-5"/>
      </object_component>
      <object_component id="oc-65">
         <name>.text</name>
         <load_address>0x534</load_address>
         <run_address>0x534</run_address>
         <size>0x204</size>
         <input_file_ref idref="fl-4"/>
      </object_component>
      <object_component id="oc-f5">
         <name>.text:GPIOPadConfigSet</name>
         <load_address>0x738</load_address>
         <run_address>0x738</run_address>
         <size>0x130</size>
         <input_file_ref idref="fl-140"/>
      </object_component>
      <object_component id="oc-a2">
         <name>.text:SysCtlClockSet</name>
         <load_address>0x868</load_address>
         <run_address>0x868</run_address>
         <size>0xf0</size>
         <input_file_ref idref="fl-13e"/>
      </object_component>
      <object_component id="oc-38">
         <name>.text</name>
         <load_address>0x958</load_address>
         <run_address>0x958</run_address>
         <size>0x9c</size>
         <input_file_ref idref="fl-138"/>
      </object_component>
      <object_component id="oc-9d">
         <name>.text</name>
         <load_address>0x9f4</load_address>
         <run_address>0x9f4</run_address>
         <size>0x9c</size>
         <input_file_ref idref="fl-2"/>
      </object_component>
      <object_component id="oc-29">
         <name>.text</name>
         <load_address>0xa90</load_address>
         <run_address>0xa90</run_address>
         <size>0x94</size>
         <input_file_ref idref="fl-13c"/>
      </object_component>
      <object_component id="oc-48">
         <name>.text</name>
         <load_address>0xb24</load_address>
         <run_address>0xb24</run_address>
         <size>0x5e</size>
         <input_file_ref idref="fl-135"/>
      </object_component>
      <object_component id="oc-10">
         <name>.text</name>
         <load_address>0xb84</load_address>
         <run_address>0xb84</run_address>
         <size>0x48</size>
         <input_file_ref idref="fl-133"/>
      </object_component>
      <object_component id="oc-60">
         <name>.text</name>
         <load_address>0xbcc</load_address>
         <run_address>0xbcc</run_address>
         <size>0x44</size>
         <input_file_ref idref="fl-13d"/>
      </object_component>
      <object_component id="oc-31">
         <name>.text</name>
         <load_address>0xc10</load_address>
         <run_address>0xc10</run_address>
         <size>0x40</size>
         <input_file_ref idref="fl-137"/>
      </object_component>
      <object_component id="oc-ce">
         <name>.text:SysCtlPeripheralEnable</name>
         <load_address>0xc50</load_address>
         <run_address>0xc50</run_address>
         <size>0x34</size>
         <input_file_ref idref="fl-13e"/>
      </object_component>
      <object_component id="oc-fa">
         <name>.text:GPIODirModeSet</name>
         <load_address>0xc84</load_address>
         <run_address>0xc84</run_address>
         <size>0x2a</size>
         <input_file_ref idref="fl-140"/>
      </object_component>
      <object_component id="oc-d3">
         <name>.text:GPIOPinTypeGPIOOutput</name>
         <load_address>0xcae</load_address>
         <run_address>0xcae</run_address>
         <size>0x18</size>
         <input_file_ref idref="fl-140"/>
      </object_component>
      <object_component id="oc-2d">
         <name>.text</name>
         <load_address>0xcc8</load_address>
         <run_address>0xcc8</run_address>
         <size>0x18</size>
         <input_file_ref idref="fl-13b"/>
      </object_component>
      <object_component id="oc-b0">
         <name>.text</name>
         <load_address>0xce0</load_address>
         <run_address>0xce0</run_address>
         <size>0x14</size>
         <input_file_ref idref="fl-13a"/>
      </object_component>
      <object_component id="oc-14">
         <name>.text:decompress:none</name>
         <load_address>0xcf4</load_address>
         <run_address>0xcf4</run_address>
         <size>0xe</size>
         <input_file_ref idref="fl-134"/>
      </object_component>
      <object_component id="oc-21">
         <name>.text</name>
         <load_address>0xd02</load_address>
         <run_address>0xd02</run_address>
         <size>0xc</size>
         <input_file_ref idref="fl-3"/>
      </object_component>
      <object_component id="oc-d8">
         <name>.text:GPIOPinWrite</name>
         <load_address>0xd0e</load_address>
         <run_address>0xd0e</run_address>
         <size>0x6</size>
         <input_file_ref idref="fl-140"/>
      </object_component>
      <object_component id="oc-ac">
         <name>.text:SysCtlDelay</name>
         <load_address>0xd14</load_address>
         <run_address>0xd14</run_address>
         <size>0x6</size>
         <input_file_ref idref="fl-13e"/>
      </object_component>
      <object_component id="oc-1c">
         <name>.text:decompress:rle24</name>
         <load_address>0xd1a</load_address>
         <run_address>0xd1a</run_address>
         <size>0x6</size>
         <input_file_ref idref="fl-135"/>
      </object_component>
      <object_component id="oc-124">
         <name>.cinit..data.load</name>
         <load_address>0xd20</load_address>
         <run_address>0xd20</run_address>
         <size>0x12</size>
      </object_component>
      <object_component id="oc-122">
         <name>__TI_handler_table</name>
         <load_address>0xd34</load_address>
         <run_address>0xd34</run_address>
         <size>0x8</size>
      </object_component>
      <object_component id="oc-123">
         <name>__TI_cinit_table</name>
         <load_address>0xd3c</load_address>
         <run_address>0xd3c</run_address>
         <size>0x8</size>
      </object_component>
      <object_component id="oc-35">
         <name>.data</name>
         <load_address>0x2000021c</load_address>
         <run_address>0x2000021c</run_address>
         <size>0x4</size>
         <input_file_ref idref="fl-139"/>
      </object_component>
      <object_component id="oc-70">
         <name>.data</name>
         <load_address>0x2000020c</load_address>
         <run_address>0x2000020c</run_address>
         <size>0x8</size>
         <input_file_ref idref="fl-13a"/>
      </object_component>
      <object_component id="oc-72">
         <name>.data</name>
         <load_address>0x20000214</load_address>
         <run_address>0x20000214</run_address>
         <size>0x8</size>
         <input_file_ref idref="fl-137"/>
      </object_component>
      <object_component id="oc-ad">
         <name>.data</name>
         <load_address>0x20000200</load_address>
         <run_address>0x20000200</run_address>
         <size>0xc</size>
         <input_file_ref idref="fl-4"/>
      </object_component>
      <object_component id="oc-20">
         <name>.stack</name>
         <uninitialized>true</uninitialized>
         <run_address>0x20000000</run_address>
         <size>0x0</size>
         <input_file_ref idref="fl-133"/>
      </object_component>
      <object_component id="oc-125">
         <name>.stack</name>
         <uninitialized>true</uninitialized>
         <run_address>0x20000000</run_address>
         <size>0x0</size>
      </object_component>
      <object_component id="oc-f">
         <name>.debug_info</name>
         <load_address>0x0</load_address>
         <run_address>0x0</run_address>
         <size>0x104</size>
         <input_file_ref idref="fl-3"/>
      </object_component>
      <object_component id="oc-11">
         <name>.debug_info</name>
         <load_address>0x104</load_address>
         <run_address>0x104</run_address>
         <size>0xf4</size>
         <input_file_ref idref="fl-133"/>
      </object_component>
      <object_component id="oc-15">
         <name>.debug_info</name>
         <load_address>0x1f8</load_address>
         <run_address>0x1f8</run_address>
         <size>0x159</size>
         <input_file_ref idref="fl-134"/>
      </object_component>
      <object_component id="oc-1d">
         <name>.debug_info</name>
         <load_address>0x351</load_address>
         <run_address>0x351</run_address>
         <size>0x16a</size>
         <input_file_ref idref="fl-135"/>
      </object_component>
      <object_component id="oc-22">
         <name>.debug_info</name>
         <load_address>0x4bb</load_address>
         <run_address>0x4bb</run_address>
         <size>0x363</size>
         <input_file_ref idref="fl-3"/>
      </object_component>
      <object_component id="oc-28">
         <name>.debug_info</name>
         <load_address>0x81e</load_address>
         <run_address>0x81e</run_address>
         <size>0x11f</size>
         <input_file_ref idref="fl-3"/>
      </object_component>
      <object_component id="oc-2a">
         <name>.debug_info</name>
         <load_address>0x93d</load_address>
         <run_address>0x93d</run_address>
         <size>0x13f</size>
         <input_file_ref idref="fl-13c"/>
      </object_component>
      <object_component id="oc-2e">
         <name>.debug_info</name>
         <load_address>0xa7c</load_address>
         <run_address>0xa7c</run_address>
         <size>0xfe</size>
         <input_file_ref idref="fl-13b"/>
      </object_component>
      <object_component id="oc-32">
         <name>.debug_info</name>
         <load_address>0xb7a</load_address>
         <run_address>0xb7a</run_address>
         <size>0x205</size>
         <input_file_ref idref="fl-137"/>
      </object_component>
      <object_component id="oc-36">
         <name>.debug_info</name>
         <load_address>0xd7f</load_address>
         <run_address>0xd7f</run_address>
         <size>0xbe</size>
         <input_file_ref idref="fl-139"/>
      </object_component>
      <object_component id="oc-39">
         <name>.debug_info</name>
         <load_address>0xe3d</load_address>
         <run_address>0xe3d</run_address>
         <size>0xcd</size>
         <input_file_ref idref="fl-138"/>
      </object_component>
      <object_component id="oc-3d">
         <name>.debug_info</name>
         <load_address>0xf0a</load_address>
         <run_address>0xf0a</run_address>
         <size>0x46</size>
         <input_file_ref idref="fl-134"/>
      </object_component>
      <object_component id="oc-49">
         <name>.debug_info</name>
         <load_address>0xf50</load_address>
         <run_address>0xf50</run_address>
         <size>0x318</size>
         <input_file_ref idref="fl-135"/>
      </object_component>
      <object_component id="oc-4d">
         <name>.debug_info</name>
         <load_address>0x1268</load_address>
         <run_address>0x1268</run_address>
         <size>0xb2</size>
         <input_file_ref idref="fl-135"/>
      </object_component>
      <object_component id="oc-4e">
         <name>.debug_info</name>
         <load_address>0x131a</load_address>
         <run_address>0x131a</run_address>
         <size>0x39</size>
         <input_file_ref idref="fl-135"/>
      </object_component>
      <object_component id="oc-56">
         <name>.debug_info</name>
         <load_address>0x1353</load_address>
         <run_address>0x1353</run_address>
         <size>0x89</size>
         <input_file_ref idref="fl-3"/>
      </object_component>
      <object_component id="oc-5b">
         <name>.debug_info</name>
         <load_address>0x13dc</load_address>
         <run_address>0x13dc</run_address>
         <size>0x18b</size>
         <input_file_ref idref="fl-2"/>
      </object_component>
      <object_component id="oc-61">
         <name>.debug_info</name>
         <load_address>0x1567</load_address>
         <run_address>0x1567</run_address>
         <size>0x191</size>
         <input_file_ref idref="fl-13d"/>
      </object_component>
      <object_component id="oc-66">
         <name>.debug_info</name>
         <load_address>0x16f8</load_address>
         <run_address>0x16f8</run_address>
         <size>0x54b</size>
         <input_file_ref idref="fl-4"/>
      </object_component>
      <object_component id="oc-6b">
         <name>.debug_info</name>
         <load_address>0x1c43</load_address>
         <run_address>0x1c43</run_address>
         <size>0x90</size>
         <input_file_ref idref="fl-13b"/>
      </object_component>
      <object_component id="oc-71">
         <name>.debug_info</name>
         <load_address>0x1cd3</load_address>
         <run_address>0x1cd3</run_address>
         <size>0xc8</size>
         <input_file_ref idref="fl-13a"/>
      </object_component>
      <object_component id="oc-73">
         <name>.debug_info</name>
         <load_address>0x1d9b</load_address>
         <run_address>0x1d9b</run_address>
         <size>0xdb</size>
         <input_file_ref idref="fl-137"/>
      </object_component>
      <object_component id="oc-75">
         <name>.debug_info</name>
         <load_address>0x1e76</load_address>
         <run_address>0x1e76</run_address>
         <size>0x89</size>
         <input_file_ref idref="fl-134"/>
      </object_component>
      <object_component id="oc-7c">
         <name>.debug_info</name>
         <load_address>0x1eff</load_address>
         <run_address>0x1eff</run_address>
         <size>0x83</size>
         <input_file_ref idref="fl-139"/>
      </object_component>
      <object_component id="oc-82">
         <name>.debug_info</name>
         <load_address>0x1f82</load_address>
         <run_address>0x1f82</run_address>
         <size>0x46</size>
         <input_file_ref idref="fl-134"/>
      </object_component>
      <object_component id="oc-87">
         <name>.debug_info</name>
         <load_address>0x1fc8</load_address>
         <run_address>0x1fc8</run_address>
         <size>0xe8</size>
         <input_file_ref idref="fl-134"/>
      </object_component>
      <object_component id="oc-88">
         <name>.debug_info</name>
         <load_address>0x20b0</load_address>
         <run_address>0x20b0</run_address>
         <size>0x2c</size>
         <input_file_ref idref="fl-135"/>
      </object_component>
      <object_component id="oc-8f">
         <name>.debug_info</name>
         <load_address>0x20dc</load_address>
         <run_address>0x20dc</run_address>
         <size>0x84</size>
         <input_file_ref idref="fl-135"/>
      </object_component>
      <object_component id="oc-96">
         <name>.debug_info</name>
         <load_address>0x2160</load_address>
         <run_address>0x2160</run_address>
         <size>0x90</size>
         <input_file_ref idref="fl-2"/>
      </object_component>
      <object_component id="oc-9c">
         <name>.debug_info</name>
         <load_address>0x21f0</load_address>
         <run_address>0x21f0</run_address>
         <size>0x143</size>
         <input_file_ref idref="fl-13d"/>
      </object_component>
      <object_component id="oc-9e">
         <name>.debug_info</name>
         <load_address>0x2333</load_address>
         <run_address>0x2333</run_address>
         <size>0x43e</size>
         <input_file_ref idref="fl-2"/>
      </object_component>
      <object_component id="oc-a3">
         <name>.debug_info</name>
         <load_address>0x2771</load_address>
         <run_address>0x2771</run_address>
         <size>0x363</size>
         <input_file_ref idref="fl-13e"/>
      </object_component>
      <object_component id="oc-a8">
         <name>.debug_info</name>
         <load_address>0x2ad4</load_address>
         <run_address>0x2ad4</run_address>
         <size>0x7b2</size>
         <input_file_ref idref="fl-5"/>
      </object_component>
      <object_component id="oc-ae">
         <name>.debug_info</name>
         <load_address>0x3286</load_address>
         <run_address>0x3286</run_address>
         <size>0x10d</size>
         <input_file_ref idref="fl-4"/>
      </object_component>
      <object_component id="oc-b1">
         <name>.debug_info</name>
         <load_address>0x3393</load_address>
         <run_address>0x3393</run_address>
         <size>0x1ba</size>
         <input_file_ref idref="fl-13a"/>
      </object_component>
      <object_component id="oc-b6">
         <name>.debug_info</name>
         <load_address>0x354d</load_address>
         <run_address>0x354d</run_address>
         <size>0xd4</size>
         <input_file_ref idref="fl-13a"/>
      </object_component>
      <object_component id="oc-b9">
         <name>.debug_info</name>
         <load_address>0x3621</load_address>
         <run_address>0x3621</run_address>
         <size>0x131</size>
         <input_file_ref idref="fl-137"/>
      </object_component>
      <object_component id="oc-c0">
         <name>.debug_info</name>
         <load_address>0x3752</load_address>
         <run_address>0x3752</run_address>
         <size>0xcd</size>
         <input_file_ref idref="fl-13d"/>
      </object_component>
      <object_component id="oc-c6">
         <name>.debug_info</name>
         <load_address>0x381f</load_address>
         <run_address>0x381f</run_address>
         <size>0xe2</size>
         <input_file_ref idref="fl-2"/>
      </object_component>
      <object_component id="oc-c8">
         <name>.debug_info</name>
         <load_address>0x3901</load_address>
         <run_address>0x3901</run_address>
         <size>0x18b</size>
         <input_file_ref idref="fl-13e"/>
      </object_component>
      <object_component id="oc-cd">
         <name>.debug_info</name>
         <load_address>0x3a8c</load_address>
         <run_address>0x3a8c</run_address>
         <size>0x226</size>
         <input_file_ref idref="fl-13e"/>
      </object_component>
      <object_component id="oc-cf">
         <name>.debug_info</name>
         <load_address>0x3cb2</load_address>
         <run_address>0x3cb2</run_address>
         <size>0x1e1</size>
         <input_file_ref idref="fl-13e"/>
      </object_component>
      <object_component id="oc-d4">
         <name>.debug_info</name>
         <load_address>0x3e93</load_address>
         <run_address>0x3e93</run_address>
         <size>0x1eb</size>
         <input_file_ref idref="fl-140"/>
      </object_component>
      <object_component id="oc-d9">
         <name>.debug_info</name>
         <load_address>0x407e</load_address>
         <run_address>0x407e</run_address>
         <size>0x207</size>
         <input_file_ref idref="fl-140"/>
      </object_component>
      <object_component id="oc-de">
         <name>.debug_info</name>
         <load_address>0x4285</load_address>
         <run_address>0x4285</run_address>
         <size>0x1bb</size>
         <input_file_ref idref="fl-5"/>
      </object_component>
      <object_component id="oc-e8">
         <name>.debug_info</name>
         <load_address>0x4440</load_address>
         <run_address>0x4440</run_address>
         <size>0x90</size>
         <input_file_ref idref="fl-13e"/>
      </object_component>
      <object_component id="oc-ef">
         <name>.debug_info</name>
         <load_address>0x44d0</load_address>
         <run_address>0x44d0</run_address>
         <size>0x5f</size>
         <input_file_ref idref="fl-13e"/>
      </object_component>
      <object_component id="oc-f6">
         <name>.debug_info</name>
         <load_address>0x452f</load_address>
         <run_address>0x452f</run_address>
         <size>0x312</size>
         <input_file_ref idref="fl-140"/>
      </object_component>
      <object_component id="oc-fb">
         <name>.debug_info</name>
         <load_address>0x4841</load_address>
         <run_address>0x4841</run_address>
         <size>0x217</size>
         <input_file_ref idref="fl-140"/>
      </object_component>
      <object_component id="oc-101">
         <name>.debug_info</name>
         <load_address>0x4a58</load_address>
         <run_address>0x4a58</run_address>
         <size>0x1d7</size>
         <input_file_ref idref="fl-140"/>
      </object_component>
      <object_component id="oc-126">
         <name>.debug_info</name>
         <load_address>0x4c2f</load_address>
         <run_address>0x4c2f</run_address>
         <size>0xcb</size>
      </object_component>
      <object_component id="oc-12">
         <name>.debug_line</name>
         <load_address>0x0</load_address>
         <run_address>0x0</run_address>
         <size>0x4f</size>
         <input_file_ref idref="fl-133"/>
      </object_component>
      <object_component id="oc-16">
         <name>.debug_line</name>
         <load_address>0x4f</load_address>
         <run_address>0x4f</run_address>
         <size>0x4d</size>
         <input_file_ref idref="fl-134"/>
      </object_component>
      <object_component id="oc-1e">
         <name>.debug_line</name>
         <load_address>0x9c</load_address>
         <run_address>0x9c</run_address>
         <size>0x4c</size>
         <input_file_ref idref="fl-135"/>
      </object_component>
      <object_component id="oc-23">
         <name>.debug_line</name>
         <load_address>0xe8</load_address>
         <run_address>0xe8</run_address>
         <size>0x94</size>
         <input_file_ref idref="fl-3"/>
      </object_component>
      <object_component id="oc-27">
         <name>.debug_line</name>
         <load_address>0x17c</load_address>
         <run_address>0x17c</run_address>
         <size>0x34</size>
         <input_file_ref idref="fl-3"/>
      </object_component>
      <object_component id="oc-2b">
         <name>.debug_line</name>
         <load_address>0x1b0</load_address>
         <run_address>0x1b0</run_address>
         <size>0x87</size>
         <input_file_ref idref="fl-13c"/>
      </object_component>
      <object_component id="oc-2f">
         <name>.debug_line</name>
         <load_address>0x237</load_address>
         <run_address>0x237</run_address>
         <size>0x42</size>
         <input_file_ref idref="fl-13b"/>
      </object_component>
      <object_component id="oc-33">
         <name>.debug_line</name>
         <load_address>0x279</load_address>
         <run_address>0x279</run_address>
         <size>0x71</size>
         <input_file_ref idref="fl-137"/>
      </object_component>
      <object_component id="oc-3a">
         <name>.debug_line</name>
         <load_address>0x2ea</load_address>
         <run_address>0x2ea</run_address>
         <size>0x88</size>
         <input_file_ref idref="fl-138"/>
      </object_component>
      <object_component id="oc-3f">
         <name>.debug_line</name>
         <load_address>0x372</load_address>
         <run_address>0x372</run_address>
         <size>0x3a</size>
         <input_file_ref idref="fl-134"/>
      </object_component>
      <object_component id="oc-4a">
         <name>.debug_line</name>
         <load_address>0x3ac</load_address>
         <run_address>0x3ac</run_address>
         <size>0x58</size>
         <input_file_ref idref="fl-135"/>
      </object_component>
      <object_component id="oc-50">
         <name>.debug_line</name>
         <load_address>0x404</load_address>
         <run_address>0x404</run_address>
         <size>0x39</size>
         <input_file_ref idref="fl-135"/>
      </object_component>
      <object_component id="oc-55">
         <name>.debug_line</name>
         <load_address>0x43d</load_address>
         <run_address>0x43d</run_address>
         <size>0x34</size>
         <input_file_ref idref="fl-3"/>
      </object_component>
      <object_component id="oc-58">
         <name>.debug_line</name>
         <load_address>0x471</load_address>
         <run_address>0x471</run_address>
         <size>0x20</size>
         <input_file_ref idref="fl-3"/>
      </object_component>
      <object_component id="oc-5d">
         <name>.debug_line</name>
         <load_address>0x491</load_address>
         <run_address>0x491</run_address>
         <size>0x59</size>
         <input_file_ref idref="fl-2"/>
      </object_component>
      <object_component id="oc-62">
         <name>.debug_line</name>
         <load_address>0x4ea</load_address>
         <run_address>0x4ea</run_address>
         <size>0x43</size>
         <input_file_ref idref="fl-13d"/>
      </object_component>
      <object_component id="oc-67">
         <name>.debug_line</name>
         <load_address>0x52d</load_address>
         <run_address>0x52d</run_address>
         <size>0x8b</size>
         <input_file_ref idref="fl-4"/>
      </object_component>
      <object_component id="oc-6d">
         <name>.debug_line</name>
         <load_address>0x5b8</load_address>
         <run_address>0x5b8</run_address>
         <size>0x20</size>
         <input_file_ref idref="fl-13b"/>
      </object_component>
      <object_component id="oc-77">
         <name>.debug_line</name>
         <load_address>0x5d8</load_address>
         <run_address>0x5d8</run_address>
         <size>0x20</size>
         <input_file_ref idref="fl-134"/>
      </object_component>
      <object_component id="oc-7b">
         <name>.debug_line</name>
         <load_address>0x5f8</load_address>
         <run_address>0x5f8</run_address>
         <size>0x33</size>
         <input_file_ref idref="fl-139"/>
      </object_component>
      <object_component id="oc-7e">
         <name>.debug_line</name>
         <load_address>0x62b</load_address>
         <run_address>0x62b</run_address>
         <size>0x20</size>
         <input_file_ref idref="fl-139"/>
      </object_component>
      <object_component id="oc-84">
         <name>.debug_line</name>
         <load_address>0x64b</load_address>
         <run_address>0x64b</run_address>
         <size>0x44</size>
         <input_file_ref idref="fl-134"/>
      </object_component>
      <object_component id="oc-8a">
         <name>.debug_line</name>
         <load_address>0x68f</load_address>
         <run_address>0x68f</run_address>
         <size>0x44</size>
         <input_file_ref idref="fl-135"/>
      </object_component>
      <object_component id="oc-91">
         <name>.debug_line</name>
         <load_address>0x6d3</load_address>
         <run_address>0x6d3</run_address>
         <size>0x20</size>
         <input_file_ref idref="fl-135"/>
      </object_component>
      <object_component id="oc-95">
         <name>.debug_line</name>
         <load_address>0x6f3</load_address>
         <run_address>0x6f3</run_address>
         <size>0x20</size>
         <input_file_ref idref="fl-135"/>
      </object_component>
      <object_component id="oc-98">
         <name>.debug_line</name>
         <load_address>0x713</load_address>
         <run_address>0x713</run_address>
         <size>0x20</size>
         <input_file_ref idref="fl-2"/>
      </object_component>
      <object_component id="oc-9f">
         <name>.debug_line</name>
         <load_address>0x733</load_address>
         <run_address>0x733</run_address>
         <size>0xb2</size>
         <input_file_ref idref="fl-2"/>
      </object_component>
      <object_component id="oc-a4">
         <name>.debug_line</name>
         <load_address>0x7e5</load_address>
         <run_address>0x7e5</run_address>
         <size>0xb9</size>
         <input_file_ref idref="fl-13e"/>
      </object_component>
      <object_component id="oc-a9">
         <name>.debug_line</name>
         <load_address>0x89e</load_address>
         <run_address>0x89e</run_address>
         <size>0x117</size>
         <input_file_ref idref="fl-5"/>
      </object_component>
      <object_component id="oc-b2">
         <name>.debug_line</name>
         <load_address>0x9b5</load_address>
         <run_address>0x9b5</run_address>
         <size>0x60</size>
         <input_file_ref idref="fl-13a"/>
      </object_component>
      <object_component id="oc-b5">
         <name>.debug_line</name>
         <load_address>0xa15</load_address>
         <run_address>0xa15</run_address>
         <size>0x2b</size>
         <input_file_ref idref="fl-13a"/>
      </object_component>
      <object_component id="oc-b8">
         <name>.debug_line</name>
         <load_address>0xa40</load_address>
         <run_address>0xa40</run_address>
         <size>0x2a</size>
         <input_file_ref idref="fl-137"/>
      </object_component>
      <object_component id="oc-bb">
         <name>.debug_line</name>
         <load_address>0xa6a</load_address>
         <run_address>0xa6a</run_address>
         <size>0x20</size>
         <input_file_ref idref="fl-134"/>
      </object_component>
      <object_component id="oc-bf">
         <name>.debug_line</name>
         <load_address>0xa8a</load_address>
         <run_address>0xa8a</run_address>
         <size>0x51</size>
         <input_file_ref idref="fl-13d"/>
      </object_component>
      <object_component id="oc-c2">
         <name>.debug_line</name>
         <load_address>0xadb</load_address>
         <run_address>0xadb</run_address>
         <size>0x45</size>
         <input_file_ref idref="fl-13d"/>
      </object_component>
      <object_component id="oc-ca">
         <name>.debug_line</name>
         <load_address>0xb20</load_address>
         <run_address>0xb20</run_address>
         <size>0x5e</size>
         <input_file_ref idref="fl-13e"/>
      </object_component>
      <object_component id="oc-d0">
         <name>.debug_line</name>
         <load_address>0xb7e</load_address>
         <run_address>0xb7e</run_address>
         <size>0x6d</size>
         <input_file_ref idref="fl-13e"/>
      </object_component>
      <object_component id="oc-d5">
         <name>.debug_line</name>
         <load_address>0xbeb</load_address>
         <run_address>0xbeb</run_address>
         <size>0x72</size>
         <input_file_ref idref="fl-140"/>
      </object_component>
      <object_component id="oc-da">
         <name>.debug_line</name>
         <load_address>0xc5d</load_address>
         <run_address>0xc5d</run_address>
         <size>0x6b</size>
         <input_file_ref idref="fl-140"/>
      </object_component>
      <object_component id="oc-e0">
         <name>.debug_line</name>
         <load_address>0xcc8</load_address>
         <run_address>0xcc8</run_address>
         <size>0x2d</size>
         <input_file_ref idref="fl-4"/>
      </object_component>
      <object_component id="oc-e3">
         <name>.debug_line</name>
         <load_address>0xcf5</load_address>
         <run_address>0xcf5</run_address>
         <size>0x20</size>
         <input_file_ref idref="fl-13a"/>
      </object_component>
      <object_component id="oc-e5">
         <name>.debug_line</name>
         <load_address>0xd15</load_address>
         <run_address>0xd15</run_address>
         <size>0x43</size>
         <input_file_ref idref="fl-137"/>
      </object_component>
      <object_component id="oc-e7">
         <name>.debug_line</name>
         <load_address>0xd58</load_address>
         <run_address>0xd58</run_address>
         <size>0x20</size>
         <input_file_ref idref="fl-2"/>
      </object_component>
      <object_component id="oc-ea">
         <name>.debug_line</name>
         <load_address>0xd78</load_address>
         <run_address>0xd78</run_address>
         <size>0x20</size>
         <input_file_ref idref="fl-13e"/>
      </object_component>
      <object_component id="oc-ee">
         <name>.debug_line</name>
         <load_address>0xd98</load_address>
         <run_address>0xd98</run_address>
         <size>0xc8</size>
         <input_file_ref idref="fl-13e"/>
      </object_component>
      <object_component id="oc-f1">
         <name>.debug_line</name>
         <load_address>0xe60</load_address>
         <run_address>0xe60</run_address>
         <size>0x58</size>
         <input_file_ref idref="fl-13e"/>
      </object_component>
      <object_component id="oc-f7">
         <name>.debug_line</name>
         <load_address>0xeb8</load_address>
         <run_address>0xeb8</run_address>
         <size>0xaf</size>
         <input_file_ref idref="fl-140"/>
      </object_component>
      <object_component id="oc-fc">
         <name>.debug_line</name>
         <load_address>0xf67</load_address>
         <run_address>0xf67</run_address>
         <size>0x6e</size>
         <input_file_ref idref="fl-140"/>
      </object_component>
      <object_component id="oc-103">
         <name>.debug_line</name>
         <load_address>0xfd5</load_address>
         <run_address>0xfd5</run_address>
         <size>0xa2</size>
         <input_file_ref idref="fl-5"/>
      </object_component>
      <object_component id="oc-107">
         <name>.debug_line</name>
         <load_address>0x1077</load_address>
         <run_address>0x1077</run_address>
         <size>0x5b</size>
         <input_file_ref idref="fl-140"/>
      </object_component>
      <object_component id="oc-13">
         <name>.debug_aranges</name>
         <load_address>0x0</load_address>
         <run_address>0x0</run_address>
         <size>0x20</size>
         <input_file_ref idref="fl-133"/>
      </object_component>
      <object_component id="oc-17">
         <name>.debug_aranges</name>
         <load_address>0x20</load_address>
         <run_address>0x20</run_address>
         <size>0x20</size>
         <input_file_ref idref="fl-134"/>
      </object_component>
      <object_component id="oc-1f">
         <name>.debug_aranges</name>
         <load_address>0x40</load_address>
         <run_address>0x40</run_address>
         <size>0x20</size>
         <input_file_ref idref="fl-135"/>
      </object_component>
      <object_component id="oc-25">
         <name>.debug_aranges</name>
         <load_address>0x60</load_address>
         <run_address>0x60</run_address>
         <size>0x38</size>
         <input_file_ref idref="fl-3"/>
      </object_component>
      <object_component id="oc-2c">
         <name>.debug_aranges</name>
         <load_address>0x98</load_address>
         <run_address>0x98</run_address>
         <size>0x28</size>
         <input_file_ref idref="fl-13c"/>
      </object_component>
      <object_component id="oc-30">
         <name>.debug_aranges</name>
         <load_address>0xc0</load_address>
         <run_address>0xc0</run_address>
         <size>0x20</size>
         <input_file_ref idref="fl-13b"/>
      </object_component>
      <object_component id="oc-34">
         <name>.debug_aranges</name>
         <load_address>0xe0</load_address>
         <run_address>0xe0</run_address>
         <size>0x30</size>
         <input_file_ref idref="fl-137"/>
      </object_component>
      <object_component id="oc-3b">
         <name>.debug_aranges</name>
         <load_address>0x110</load_address>
         <run_address>0x110</run_address>
         <size>0x20</size>
         <input_file_ref idref="fl-138"/>
      </object_component>
      <object_component id="oc-4b">
         <name>.debug_aranges</name>
         <load_address>0x130</load_address>
         <run_address>0x130</run_address>
         <size>0x20</size>
         <input_file_ref idref="fl-135"/>
      </object_component>
      <object_component id="oc-63">
         <name>.debug_aranges</name>
         <load_address>0x150</load_address>
         <run_address>0x150</run_address>
         <size>0x20</size>
         <input_file_ref idref="fl-13d"/>
      </object_component>
      <object_component id="oc-69">
         <name>.debug_aranges</name>
         <load_address>0x170</load_address>
         <run_address>0x170</run_address>
         <size>0x20</size>
         <input_file_ref idref="fl-4"/>
      </object_component>
      <object_component id="oc-a1">
         <name>.debug_aranges</name>
         <load_address>0x190</load_address>
         <run_address>0x190</run_address>
         <size>0x38</size>
         <input_file_ref idref="fl-2"/>
      </object_component>
      <object_component id="oc-a6">
         <name>.debug_aranges</name>
         <load_address>0x1c8</load_address>
         <run_address>0x1c8</run_address>
         <size>0x20</size>
         <input_file_ref idref="fl-13e"/>
      </object_component>
      <object_component id="oc-ab">
         <name>.debug_aranges</name>
         <load_address>0x1e8</load_address>
         <run_address>0x1e8</run_address>
         <size>0x48</size>
         <input_file_ref idref="fl-5"/>
      </object_component>
      <object_component id="oc-b3">
         <name>.debug_aranges</name>
         <load_address>0x230</load_address>
         <run_address>0x230</run_address>
         <size>0x30</size>
         <input_file_ref idref="fl-13a"/>
      </object_component>
      <object_component id="oc-d2">
         <name>.debug_aranges</name>
         <load_address>0x260</load_address>
         <run_address>0x260</run_address>
         <size>0x20</size>
         <input_file_ref idref="fl-13e"/>
      </object_component>
      <object_component id="oc-d7">
         <name>.debug_aranges</name>
         <load_address>0x280</load_address>
         <run_address>0x280</run_address>
         <size>0x20</size>
         <input_file_ref idref="fl-140"/>
      </object_component>
      <object_component id="oc-dc">
         <name>.debug_aranges</name>
         <load_address>0x2a0</load_address>
         <run_address>0x2a0</run_address>
         <size>0x20</size>
         <input_file_ref idref="fl-140"/>
      </object_component>
      <object_component id="oc-f9">
         <name>.debug_aranges</name>
         <load_address>0x2c0</load_address>
         <run_address>0x2c0</run_address>
         <size>0x20</size>
         <input_file_ref idref="fl-140"/>
      </object_component>
      <object_component id="oc-fe">
         <name>.debug_aranges</name>
         <load_address>0x2e0</load_address>
         <run_address>0x2e0</run_address>
         <size>0x20</size>
         <input_file_ref idref="fl-140"/>
      </object_component>
      <object_component id="oc-24">
         <name>.debug_frame</name>
         <load_address>0x0</load_address>
         <run_address>0x0</run_address>
         <size>0xb2</size>
         <input_file_ref idref="fl-3"/>
      </object_component>
      <object_component id="oc-68">
         <name>.debug_frame</name>
         <load_address>0xb2</load_address>
         <run_address>0xb2</run_address>
         <size>0x87</size>
         <input_file_ref idref="fl-4"/>
      </object_component>
      <object_component id="oc-a0">
         <name>.debug_frame</name>
         <load_address>0x139</load_address>
         <run_address>0x139</run_address>
         <size>0xd0</size>
         <input_file_ref idref="fl-2"/>
      </object_component>
      <object_component id="oc-a5">
         <name>.debug_frame</name>
         <load_address>0x209</load_address>
         <run_address>0x209</run_address>
         <size>0x8c</size>
         <input_file_ref idref="fl-13e"/>
      </object_component>
      <object_component id="oc-aa">
         <name>.debug_frame</name>
         <load_address>0x295</load_address>
         <run_address>0x295</run_address>
         <size>0x108</size>
         <input_file_ref idref="fl-5"/>
      </object_component>
      <object_component id="oc-d1">
         <name>.debug_frame</name>
         <load_address>0x39d</load_address>
         <run_address>0x39d</run_address>
         <size>0x7f</size>
         <input_file_ref idref="fl-13e"/>
      </object_component>
      <object_component id="oc-d6">
         <name>.debug_frame</name>
         <load_address>0x41c</load_address>
         <run_address>0x41c</run_address>
         <size>0x8b</size>
         <input_file_ref idref="fl-140"/>
      </object_component>
      <object_component id="oc-db">
         <name>.debug_frame</name>
         <load_address>0x4a7</load_address>
         <run_address>0x4a7</run_address>
         <size>0x7f</size>
         <input_file_ref idref="fl-140"/>
      </object_component>
      <object_component id="oc-f8">
         <name>.debug_frame</name>
         <load_address>0x526</load_address>
         <run_address>0x526</run_address>
         <size>0x90</size>
         <input_file_ref idref="fl-140"/>
      </object_component>
      <object_component id="oc-fd">
         <name>.debug_frame</name>
         <load_address>0x5b6</load_address>
         <run_address>0x5b6</run_address>
         <size>0x7f</size>
         <input_file_ref idref="fl-140"/>
      </object_component>
      <object_component id="oc-26">
         <name>.debug_abbrev</name>
         <load_address>0x0</load_address>
         <run_address>0x0</run_address>
         <size>0x29</size>
         <input_file_ref idref="fl-3"/>
      </object_component>
      <object_component id="oc-37">
         <name>.debug_abbrev</name>
         <load_address>0x29</load_address>
         <run_address>0x29</run_address>
         <size>0x40</size>
         <input_file_ref idref="fl-133"/>
      </object_component>
      <object_component id="oc-3c">
         <name>.debug_abbrev</name>
         <load_address>0x69</load_address>
         <run_address>0x69</run_address>
         <size>0x6b</size>
         <input_file_ref idref="fl-134"/>
      </object_component>
      <object_component id="oc-3e">
         <name>.debug_abbrev</name>
         <load_address>0xd4</load_address>
         <run_address>0xd4</run_address>
         <size>0x24</size>
         <input_file_ref idref="fl-134"/>
      </object_component>
      <object_component id="oc-4c">
         <name>.debug_abbrev</name>
         <load_address>0xf8</load_address>
         <run_address>0xf8</run_address>
         <size>0x6b</size>
         <input_file_ref idref="fl-135"/>
      </object_component>
      <object_component id="oc-4f">
         <name>.debug_abbrev</name>
         <load_address>0x163</load_address>
         <run_address>0x163</run_address>
         <size>0x24</size>
         <input_file_ref idref="fl-135"/>
      </object_component>
      <object_component id="oc-53">
         <name>.debug_abbrev</name>
         <load_address>0x187</load_address>
         <run_address>0x187</run_address>
         <size>0xc5</size>
         <input_file_ref idref="fl-3"/>
      </object_component>
      <object_component id="oc-54">
         <name>.debug_abbrev</name>
         <load_address>0x24c</load_address>
         <run_address>0x24c</run_address>
         <size>0x5d</size>
         <input_file_ref idref="fl-3"/>
      </object_component>
      <object_component id="oc-57">
         <name>.debug_abbrev</name>
         <load_address>0x2a9</load_address>
         <run_address>0x2a9</run_address>
         <size>0x23</size>
         <input_file_ref idref="fl-3"/>
      </object_component>
      <object_component id="oc-5c">
         <name>.debug_abbrev</name>
         <load_address>0x2cc</load_address>
         <run_address>0x2cc</run_address>
         <size>0x35</size>
         <input_file_ref idref="fl-2"/>
      </object_component>
      <object_component id="oc-64">
         <name>.debug_abbrev</name>
         <load_address>0x301</load_address>
         <run_address>0x301</run_address>
         <size>0x86</size>
         <input_file_ref idref="fl-13c"/>
      </object_component>
      <object_component id="oc-6a">
         <name>.debug_abbrev</name>
         <load_address>0x387</load_address>
         <run_address>0x387</run_address>
         <size>0x5f</size>
         <input_file_ref idref="fl-13b"/>
      </object_component>
      <object_component id="oc-6c">
         <name>.debug_abbrev</name>
         <load_address>0x3e6</load_address>
         <run_address>0x3e6</run_address>
         <size>0x23</size>
         <input_file_ref idref="fl-13b"/>
      </object_component>
      <object_component id="oc-74">
         <name>.debug_abbrev</name>
         <load_address>0x409</load_address>
         <run_address>0x409</run_address>
         <size>0xd5</size>
         <input_file_ref idref="fl-137"/>
      </object_component>
      <object_component id="oc-76">
         <name>.debug_abbrev</name>
         <load_address>0x4de</load_address>
         <run_address>0x4de</run_address>
         <size>0x23</size>
         <input_file_ref idref="fl-134"/>
      </object_component>
      <object_component id="oc-7a">
         <name>.debug_abbrev</name>
         <load_address>0x501</load_address>
         <run_address>0x501</run_address>
         <size>0x27</size>
         <input_file_ref idref="fl-139"/>
      </object_component>
      <object_component id="oc-7d">
         <name>.debug_abbrev</name>
         <load_address>0x528</load_address>
         <run_address>0x528</run_address>
         <size>0x1a</size>
         <input_file_ref idref="fl-139"/>
      </object_component>
      <object_component id="oc-81">
         <name>.debug_abbrev</name>
         <load_address>0x542</load_address>
         <run_address>0x542</run_address>
         <size>0x40</size>
         <input_file_ref idref="fl-138"/>
      </object_component>
      <object_component id="oc-83">
         <name>.debug_abbrev</name>
         <load_address>0x582</load_address>
         <run_address>0x582</run_address>
         <size>0x24</size>
         <input_file_ref idref="fl-134"/>
      </object_component>
      <object_component id="oc-89">
         <name>.debug_abbrev</name>
         <load_address>0x5a6</load_address>
         <run_address>0x5a6</run_address>
         <size>0x24</size>
         <input_file_ref idref="fl-135"/>
      </object_component>
      <object_component id="oc-8e">
         <name>.debug_abbrev</name>
         <load_address>0x5ca</load_address>
         <run_address>0x5ca</run_address>
         <size>0x83</size>
         <input_file_ref idref="fl-135"/>
      </object_component>
      <object_component id="oc-90">
         <name>.debug_abbrev</name>
         <load_address>0x64d</load_address>
         <run_address>0x64d</run_address>
         <size>0x1c</size>
         <input_file_ref idref="fl-135"/>
      </object_component>
      <object_component id="oc-94">
         <name>.debug_abbrev</name>
         <load_address>0x669</load_address>
         <run_address>0x669</run_address>
         <size>0x2c</size>
         <input_file_ref idref="fl-135"/>
      </object_component>
      <object_component id="oc-97">
         <name>.debug_abbrev</name>
         <load_address>0x695</load_address>
         <run_address>0x695</run_address>
         <size>0x23</size>
         <input_file_ref idref="fl-2"/>
      </object_component>
      <object_component id="oc-9b">
         <name>.debug_abbrev</name>
         <load_address>0x6b8</load_address>
         <run_address>0x6b8</run_address>
         <size>0xa2</size>
         <input_file_ref idref="fl-13d"/>
      </object_component>
      <object_component id="oc-af">
         <name>.debug_abbrev</name>
         <load_address>0x75a</load_address>
         <run_address>0x75a</run_address>
         <size>0x73</size>
         <input_file_ref idref="fl-4"/>
      </object_component>
      <object_component id="oc-b4">
         <name>.debug_abbrev</name>
         <load_address>0x7cd</load_address>
         <run_address>0x7cd</run_address>
         <size>0x29</size>
         <input_file_ref idref="fl-13a"/>
      </object_component>
      <object_component id="oc-b7">
         <name>.debug_abbrev</name>
         <load_address>0x7f6</load_address>
         <run_address>0x7f6</run_address>
         <size>0x29</size>
         <input_file_ref idref="fl-137"/>
      </object_component>
      <object_component id="oc-ba">
         <name>.debug_abbrev</name>
         <load_address>0x81f</load_address>
         <run_address>0x81f</run_address>
         <size>0x4c</size>
         <input_file_ref idref="fl-134"/>
      </object_component>
      <object_component id="oc-be">
         <name>.debug_abbrev</name>
         <load_address>0x86b</load_address>
         <run_address>0x86b</run_address>
         <size>0x85</size>
         <input_file_ref idref="fl-13d"/>
      </object_component>
      <object_component id="oc-c1">
         <name>.debug_abbrev</name>
         <load_address>0x8f0</load_address>
         <run_address>0x8f0</run_address>
         <size>0x4b</size>
         <input_file_ref idref="fl-13d"/>
      </object_component>
      <object_component id="oc-c5">
         <name>.debug_abbrev</name>
         <load_address>0x93b</load_address>
         <run_address>0x93b</run_address>
         <size>0x99</size>
         <input_file_ref idref="fl-2"/>
      </object_component>
      <object_component id="oc-c7">
         <name>.debug_abbrev</name>
         <load_address>0x9d4</load_address>
         <run_address>0x9d4</run_address>
         <size>0x99</size>
         <input_file_ref idref="fl-13e"/>
      </object_component>
      <object_component id="oc-c9">
         <name>.debug_abbrev</name>
         <load_address>0xa6d</load_address>
         <run_address>0xa6d</run_address>
         <size>0x35</size>
         <input_file_ref idref="fl-13e"/>
      </object_component>
      <object_component id="oc-dd">
         <name>.debug_abbrev</name>
         <load_address>0xaa2</load_address>
         <run_address>0xaa2</run_address>
         <size>0x99</size>
         <input_file_ref idref="fl-5"/>
      </object_component>
      <object_component id="oc-df">
         <name>.debug_abbrev</name>
         <load_address>0xb3b</load_address>
         <run_address>0xb3b</run_address>
         <size>0x29</size>
         <input_file_ref idref="fl-4"/>
      </object_component>
      <object_component id="oc-e1">
         <name>.debug_abbrev</name>
         <load_address>0xb64</load_address>
         <run_address>0xb64</run_address>
         <size>0x66</size>
         <input_file_ref idref="fl-13a"/>
      </object_component>
      <object_component id="oc-e2">
         <name>.debug_abbrev</name>
         <load_address>0xbca</load_address>
         <run_address>0xbca</run_address>
         <size>0x3e</size>
         <input_file_ref idref="fl-13a"/>
      </object_component>
      <object_component id="oc-e4">
         <name>.debug_abbrev</name>
         <load_address>0xc08</load_address>
         <run_address>0xc08</run_address>
         <size>0x64</size>
         <input_file_ref idref="fl-137"/>
      </object_component>
      <object_component id="oc-e6">
         <name>.debug_abbrev</name>
         <load_address>0xc6c</load_address>
         <run_address>0xc6c</run_address>
         <size>0x23</size>
         <input_file_ref idref="fl-2"/>
      </object_component>
      <object_component id="oc-e9">
         <name>.debug_abbrev</name>
         <load_address>0xc8f</load_address>
         <run_address>0xc8f</run_address>
         <size>0x23</size>
         <input_file_ref idref="fl-13e"/>
      </object_component>
      <object_component id="oc-ed">
         <name>.debug_abbrev</name>
         <load_address>0xcb2</load_address>
         <run_address>0xcb2</run_address>
         <size>0xa9</size>
         <input_file_ref idref="fl-13e"/>
      </object_component>
      <object_component id="oc-f0">
         <name>.debug_abbrev</name>
         <load_address>0xd5b</load_address>
         <run_address>0xd5b</run_address>
         <size>0x49</size>
         <input_file_ref idref="fl-13e"/>
      </object_component>
      <object_component id="oc-f4">
         <name>.debug_abbrev</name>
         <load_address>0xda4</load_address>
         <run_address>0xda4</run_address>
         <size>0x6c</size>
         <input_file_ref idref="fl-13e"/>
      </object_component>
      <object_component id="oc-ff">
         <name>.debug_abbrev</name>
         <load_address>0xe10</load_address>
         <run_address>0xe10</run_address>
         <size>0x6c</size>
         <input_file_ref idref="fl-140"/>
      </object_component>
      <object_component id="oc-100">
         <name>.debug_abbrev</name>
         <load_address>0xe7c</load_address>
         <run_address>0xe7c</run_address>
         <size>0x6c</size>
         <input_file_ref idref="fl-140"/>
      </object_component>
      <object_component id="oc-102">
         <name>.debug_abbrev</name>
         <load_address>0xee8</load_address>
         <run_address>0xee8</run_address>
         <size>0x4f</size>
         <input_file_ref idref="fl-5"/>
      </object_component>
      <object_component id="oc-104">
         <name>.debug_abbrev</name>
         <load_address>0xf37</load_address>
         <run_address>0xf37</run_address>
         <size>0x8b</size>
         <input_file_ref idref="fl-140"/>
      </object_component>
      <object_component id="oc-105">
         <name>.debug_abbrev</name>
         <load_address>0xfc2</load_address>
         <run_address>0xfc2</run_address>
         <size>0x6c</size>
         <input_file_ref idref="fl-140"/>
      </object_component>
      <object_component id="oc-106">
         <name>.debug_abbrev</name>
         <load_address>0x102e</load_address>
         <run_address>0x102e</run_address>
         <size>0x72</size>
         <input_file_ref idref="fl-140"/>
      </object_component>
      <object_component id="oc-127">
         <name>.debug_abbrev</name>
         <load_address>0x10a0</load_address>
         <run_address>0x10a0</run_address>
         <size>0xf</size>
      </object_component>
      <object_component id="oc-40">
         <name>.debug_str</name>
         <load_address>0x0</load_address>
         <run_address>0x0</run_address>
         <size>0xb3</size>
         <input_file_ref idref="fl-134"/>
      </object_component>
      <object_component id="oc-51">
         <name>.debug_str</name>
         <load_address>0xb3</load_address>
         <run_address>0xb3</run_address>
         <size>0xa7</size>
         <input_file_ref idref="fl-135"/>
      </object_component>
      <object_component id="oc-59">
         <name>.debug_str</name>
         <load_address>0x15a</load_address>
         <run_address>0x15a</run_address>
         <size>0x153</size>
         <input_file_ref idref="fl-3"/>
      </object_component>
      <object_component id="oc-5e">
         <name>.debug_str</name>
         <load_address>0x2ad</load_address>
         <run_address>0x2ad</run_address>
         <size>0x232</size>
         <input_file_ref idref="fl-2"/>
      </object_component>
      <object_component id="oc-6e">
         <name>.debug_str</name>
         <load_address>0x4df</load_address>
         <run_address>0x4df</run_address>
         <size>0x10f</size>
         <input_file_ref idref="fl-13b"/>
      </object_component>
      <object_component id="oc-78">
         <name>.debug_str</name>
         <load_address>0x5ee</load_address>
         <run_address>0x5ee</run_address>
         <size>0x10f</size>
         <input_file_ref idref="fl-134"/>
      </object_component>
      <object_component id="oc-7f">
         <name>.debug_str</name>
         <load_address>0x6fd</load_address>
         <run_address>0x6fd</run_address>
         <size>0x10a</size>
         <input_file_ref idref="fl-139"/>
      </object_component>
      <object_component id="oc-85">
         <name>.debug_str</name>
         <load_address>0x807</load_address>
         <run_address>0x807</run_address>
         <size>0xae</size>
         <input_file_ref idref="fl-134"/>
      </object_component>
      <object_component id="oc-8b">
         <name>.debug_str</name>
         <load_address>0x8b5</load_address>
         <run_address>0x8b5</run_address>
         <size>0x9c</size>
         <input_file_ref idref="fl-135"/>
      </object_component>
      <object_component id="oc-92">
         <name>.debug_str</name>
         <load_address>0x951</load_address>
         <run_address>0x951</run_address>
         <size>0x10a</size>
         <input_file_ref idref="fl-135"/>
      </object_component>
      <object_component id="oc-99">
         <name>.debug_str</name>
         <load_address>0xa5b</load_address>
         <run_address>0xa5b</run_address>
         <size>0x153</size>
         <input_file_ref idref="fl-2"/>
      </object_component>
      <object_component id="oc-c3">
         <name>.debug_str</name>
         <load_address>0xbae</load_address>
         <run_address>0xbae</run_address>
         <size>0xf3</size>
         <input_file_ref idref="fl-13d"/>
      </object_component>
      <object_component id="oc-cb">
         <name>.debug_str</name>
         <load_address>0xca1</load_address>
         <run_address>0xca1</run_address>
         <size>0x20f</size>
         <input_file_ref idref="fl-13e"/>
      </object_component>
      <object_component id="oc-eb">
         <name>.debug_str</name>
         <load_address>0xeb0</load_address>
         <run_address>0xeb0</run_address>
         <size>0x12b</size>
         <input_file_ref idref="fl-13e"/>
      </object_component>
      <object_component id="oc-f2">
         <name>.debug_str</name>
         <load_address>0xfdb</load_address>
         <run_address>0xfdb</run_address>
         <size>0xf3</size>
         <input_file_ref idref="fl-13e"/>
      </object_component>
      <object_component id="oc-41">
         <name>.debug_pubtypes</name>
         <load_address>0x0</load_address>
         <run_address>0x0</run_address>
         <size>0x46</size>
         <input_file_ref idref="fl-134"/>
      </object_component>
      <object_component id="oc-52">
         <name>.debug_pubtypes</name>
         <load_address>0x46</load_address>
         <run_address>0x46</run_address>
         <size>0x37</size>
         <input_file_ref idref="fl-135"/>
      </object_component>
      <object_component id="oc-5a">
         <name>.debug_pubtypes</name>
         <load_address>0x7d</load_address>
         <run_address>0x7d</run_address>
         <size>0xed</size>
         <input_file_ref idref="fl-3"/>
      </object_component>
      <object_component id="oc-5f">
         <name>.debug_pubtypes</name>
         <load_address>0x16a</load_address>
         <run_address>0x16a</run_address>
         <size>0x1c6</size>
         <input_file_ref idref="fl-2"/>
      </object_component>
      <object_component id="oc-6f">
         <name>.debug_pubtypes</name>
         <load_address>0x330</load_address>
         <run_address>0x330</run_address>
         <size>0xff</size>
         <input_file_ref idref="fl-13b"/>
      </object_component>
      <object_component id="oc-79">
         <name>.debug_pubtypes</name>
         <load_address>0x42f</load_address>
         <run_address>0x42f</run_address>
         <size>0xed</size>
         <input_file_ref idref="fl-134"/>
      </object_component>
      <object_component id="oc-80">
         <name>.debug_pubtypes</name>
         <load_address>0x51c</load_address>
         <run_address>0x51c</run_address>
         <size>0xe4</size>
         <input_file_ref idref="fl-139"/>
      </object_component>
      <object_component id="oc-86">
         <name>.debug_pubtypes</name>
         <load_address>0x600</load_address>
         <run_address>0x600</run_address>
         <size>0x37</size>
         <input_file_ref idref="fl-134"/>
      </object_component>
      <object_component id="oc-8c">
         <name>.debug_pubtypes</name>
         <load_address>0x637</load_address>
         <run_address>0x637</run_address>
         <size>0x1d</size>
         <input_file_ref idref="fl-135"/>
      </object_component>
      <object_component id="oc-93">
         <name>.debug_pubtypes</name>
         <load_address>0x654</load_address>
         <run_address>0x654</run_address>
         <size>0xe4</size>
         <input_file_ref idref="fl-135"/>
      </object_component>
      <object_component id="oc-9a">
         <name>.debug_pubtypes</name>
         <load_address>0x738</load_address>
         <run_address>0x738</run_address>
         <size>0xff</size>
         <input_file_ref idref="fl-2"/>
      </object_component>
      <object_component id="oc-c4">
         <name>.debug_pubtypes</name>
         <load_address>0x837</load_address>
         <run_address>0x837</run_address>
         <size>0x50</size>
         <input_file_ref idref="fl-13d"/>
      </object_component>
      <object_component id="oc-cc">
         <name>.debug_pubtypes</name>
         <load_address>0x887</load_address>
         <run_address>0x887</run_address>
         <size>0x1c6</size>
         <input_file_ref idref="fl-13e"/>
      </object_component>
      <object_component id="oc-ec">
         <name>.debug_pubtypes</name>
         <load_address>0xa4d</load_address>
         <run_address>0xa4d</run_address>
         <size>0xff</size>
         <input_file_ref idref="fl-13e"/>
      </object_component>
      <object_component id="oc-f3">
         <name>.debug_pubtypes</name>
         <load_address>0xb4c</load_address>
         <run_address>0xb4c</run_address>
         <size>0x28</size>
         <input_file_ref idref="fl-13e"/>
      </object_component>
   </object_component_list>
   <logical_group_list>
      <logical_group id="lg-3">
         <name>.intvecs</name>
         <load_address>0x0</load_address>
         <run_address>0x0</run_address>
         <size>0x26c</size>
         <contents>
            <object_component_ref idref="oc-e"/>
         </contents>
      </logical_group>
      <logical_group id="lg-4">
         <name>.text</name>
         <load_address>0x26c</load_address>
         <run_address>0x26c</run_address>
         <size>0xab4</size>
         <contents>
            <object_component_ref idref="oc-a7"/>
            <object_component_ref idref="oc-65"/>
            <object_component_ref idref="oc-f5"/>
            <object_component_ref idref="oc-a2"/>
            <object_component_ref idref="oc-38"/>
            <object_component_ref idref="oc-9d"/>
            <object_component_ref idref="oc-29"/>
            <object_component_ref idref="oc-48"/>
            <object_component_ref idref="oc-10"/>
            <object_component_ref idref="oc-60"/>
            <object_component_ref idref="oc-31"/>
            <object_component_ref idref="oc-ce"/>
            <object_component_ref idref="oc-fa"/>
            <object_component_ref idref="oc-d3"/>
            <object_component_ref idref="oc-2d"/>
            <object_component_ref idref="oc-b0"/>
            <object_component_ref idref="oc-14"/>
            <object_component_ref idref="oc-21"/>
            <object_component_ref idref="oc-d8"/>
            <object_component_ref idref="oc-ac"/>
            <object_component_ref idref="oc-1c"/>
         </contents>
      </logical_group>
      <logical_group id="lg-5">
         <name>.const</name>
         <run_address>0x0</run_address>
         <size>0x0</size>
         <contents>
         </contents>
      </logical_group>
      <logical_group id="lg-6">
         <name>.cinit</name>
         <load_address>0xd20</load_address>
         <run_address>0xd20</run_address>
         <size>0x24</size>
         <contents>
            <object_component_ref idref="oc-124"/>
            <object_component_ref idref="oc-122"/>
            <object_component_ref idref="oc-123"/>
         </contents>
      </logical_group>
      <logical_group id="lg-7">
         <name>.pinit</name>
         <run_address>0x0</run_address>
         <size>0x0</size>
         <contents>
         </contents>
      </logical_group>
      <logical_group id="lg-8">
         <name>.init_array</name>
         <run_address>0x0</run_address>
         <size>0x0</size>
         <contents>
         </contents>
      </logical_group>
      <logical_group id="lg-9">
         <name>.vtable</name>
         <run_address>0x0</run_address>
         <size>0x0</size>
         <contents>
         </contents>
      </logical_group>
      <logical_group id="lg-a">
         <name>.data</name>
         <load_address>0x20000200</load_address>
         <run_address>0x20000200</run_address>
         <size>0x20</size>
         <contents>
            <object_component_ref idref="oc-35"/>
            <object_component_ref idref="oc-70"/>
            <object_component_ref idref="oc-72"/>
            <object_component_ref idref="oc-ad"/>
         </contents>
      </logical_group>
      <logical_group id="lg-b">
         <name>.bss</name>
         <run_address>0x0</run_address>
         <size>0x0</size>
         <contents>
         </contents>
      </logical_group>
      <logical_group id="lg-c">
         <name>.sysmem</name>
         <run_address>0x0</run_address>
         <size>0x0</size>
         <contents>
         </contents>
      </logical_group>
      <logical_group id="lg-d">
         <name>.stack</name>
         <run_address>0x20000000</run_address>
         <size>0x200</size>
         <contents>
            <object_component_ref idref="oc-20"/>
            <object_component_ref idref="oc-125"/>
         </contents>
      </logical_group>
      <logical_group id="lg-114">
         <name>.debug_info</name>
         <load_address>0x0</load_address>
         <run_address>0x0</run_address>
         <size>0x4cfa</size>
         <contents>
            <object_component_ref idref="oc-f"/>
            <object_component_ref idref="oc-11"/>
            <object_component_ref idref="oc-15"/>
            <object_component_ref idref="oc-1d"/>
            <object_component_ref idref="oc-22"/>
            <object_component_ref idref="oc-28"/>
            <object_component_ref idref="oc-2a"/>
            <object_component_ref idref="oc-2e"/>
            <object_component_ref idref="oc-32"/>
            <object_component_ref idref="oc-36"/>
            <object_component_ref idref="oc-39"/>
            <object_component_ref idref="oc-3d"/>
            <object_component_ref idref="oc-49"/>
            <object_component_ref idref="oc-4d"/>
            <object_component_ref idref="oc-4e"/>
            <object_component_ref idref="oc-56"/>
            <object_component_ref idref="oc-5b"/>
            <object_component_ref idref="oc-61"/>
            <object_component_ref idref="oc-66"/>
            <object_component_ref idref="oc-6b"/>
            <object_component_ref idref="oc-71"/>
            <object_component_ref idref="oc-73"/>
            <object_component_ref idref="oc-75"/>
            <object_component_ref idref="oc-7c"/>
            <object_component_ref idref="oc-82"/>
            <object_component_ref idref="oc-87"/>
            <object_component_ref idref="oc-88"/>
            <object_component_ref idref="oc-8f"/>
            <object_component_ref idref="oc-96"/>
            <object_component_ref idref="oc-9c"/>
            <object_component_ref idref="oc-9e"/>
            <object_component_ref idref="oc-a3"/>
            <object_component_ref idref="oc-a8"/>
            <object_component_ref idref="oc-ae"/>
            <object_component_ref idref="oc-b1"/>
            <object_component_ref idref="oc-b6"/>
            <object_component_ref idref="oc-b9"/>
            <object_component_ref idref="oc-c0"/>
            <object_component_ref idref="oc-c6"/>
            <object_component_ref idref="oc-c8"/>
            <object_component_ref idref="oc-cd"/>
            <object_component_ref idref="oc-cf"/>
            <object_component_ref idref="oc-d4"/>
            <object_component_ref idref="oc-d9"/>
            <object_component_ref idref="oc-de"/>
            <object_component_ref idref="oc-e8"/>
            <object_component_ref idref="oc-ef"/>
            <object_component_ref idref="oc-f6"/>
            <object_component_ref idref="oc-fb"/>
            <object_component_ref idref="oc-101"/>
            <object_component_ref idref="oc-126"/>
         </contents>
      </logical_group>
      <logical_group id="lg-116">
         <name>.debug_line</name>
         <load_address>0x0</load_address>
         <run_address>0x0</run_address>
         <size>0x10d2</size>
         <contents>
            <object_component_ref idref="oc-12"/>
            <object_component_ref idref="oc-16"/>
            <object_component_ref idref="oc-1e"/>
            <object_component_ref idref="oc-23"/>
            <object_component_ref idref="oc-27"/>
            <object_component_ref idref="oc-2b"/>
            <object_component_ref idref="oc-2f"/>
            <object_component_ref idref="oc-33"/>
            <object_component_ref idref="oc-3a"/>
            <object_component_ref idref="oc-3f"/>
            <object_component_ref idref="oc-4a"/>
            <object_component_ref idref="oc-50"/>
            <object_component_ref idref="oc-55"/>
            <object_component_ref idref="oc-58"/>
            <object_component_ref idref="oc-5d"/>
            <object_component_ref idref="oc-62"/>
            <object_component_ref idref="oc-67"/>
            <object_component_ref idref="oc-6d"/>
            <object_component_ref idref="oc-77"/>
            <object_component_ref idref="oc-7b"/>
            <object_component_ref idref="oc-7e"/>
            <object_component_ref idref="oc-84"/>
            <object_component_ref idref="oc-8a"/>
            <object_component_ref idref="oc-91"/>
            <object_component_ref idref="oc-95"/>
            <object_component_ref idref="oc-98"/>
            <object_component_ref idref="oc-9f"/>
            <object_component_ref idref="oc-a4"/>
            <object_component_ref idref="oc-a9"/>
            <object_component_ref idref="oc-b2"/>
            <object_component_ref idref="oc-b5"/>
            <object_component_ref idref="oc-b8"/>
            <object_component_ref idref="oc-bb"/>
            <object_component_ref idref="oc-bf"/>
            <object_component_ref idref="oc-c2"/>
            <object_component_ref idref="oc-ca"/>
            <object_component_ref idref="oc-d0"/>
            <object_component_ref idref="oc-d5"/>
            <object_component_ref idref="oc-da"/>
            <object_component_ref idref="oc-e0"/>
            <object_component_ref idref="oc-e3"/>
            <object_component_ref idref="oc-e5"/>
            <object_component_ref idref="oc-e7"/>
            <object_component_ref idref="oc-ea"/>
            <object_component_ref idref="oc-ee"/>
            <object_component_ref idref="oc-f1"/>
            <object_component_ref idref="oc-f7"/>
            <object_component_ref idref="oc-fc"/>
            <object_component_ref idref="oc-103"/>
            <object_component_ref idref="oc-107"/>
         </contents>
      </logical_group>
      <logical_group id="lg-118">
         <name>.debug_aranges</name>
         <load_address>0x0</load_address>
         <run_address>0x0</run_address>
         <size>0x300</size>
         <contents>
            <object_component_ref idref="oc-13"/>
            <object_component_ref idref="oc-17"/>
            <object_component_ref idref="oc-1f"/>
            <object_component_ref idref="oc-25"/>
            <object_component_ref idref="oc-2c"/>
            <object_component_ref idref="oc-30"/>
            <object_component_ref idref="oc-34"/>
            <object_component_ref idref="oc-3b"/>
            <object_component_ref idref="oc-4b"/>
            <object_component_ref idref="oc-63"/>
            <object_component_ref idref="oc-69"/>
            <object_component_ref idref="oc-a1"/>
            <object_component_ref idref="oc-a6"/>
            <object_component_ref idref="oc-ab"/>
            <object_component_ref idref="oc-b3"/>
            <object_component_ref idref="oc-d2"/>
            <object_component_ref idref="oc-d7"/>
            <object_component_ref idref="oc-dc"/>
            <object_component_ref idref="oc-f9"/>
            <object_component_ref idref="oc-fe"/>
         </contents>
      </logical_group>
      <logical_group id="lg-11a">
         <name>.debug_frame</name>
         <load_address>0x0</load_address>
         <run_address>0x0</run_address>
         <size>0x635</size>
         <contents>
            <object_component_ref idref="oc-24"/>
            <object_component_ref idref="oc-68"/>
            <object_component_ref idref="oc-a0"/>
            <object_component_ref idref="oc-a5"/>
            <object_component_ref idref="oc-aa"/>
            <object_component_ref idref="oc-d1"/>
            <object_component_ref idref="oc-d6"/>
            <object_component_ref idref="oc-db"/>
            <object_component_ref idref="oc-f8"/>
            <object_component_ref idref="oc-fd"/>
         </contents>
      </logical_group>
      <logical_group id="lg-11c">
         <name>.debug_abbrev</name>
         <load_address>0x0</load_address>
         <run_address>0x0</run_address>
         <size>0x10af</size>
         <contents>
            <object_component_ref idref="oc-26"/>
            <object_component_ref idref="oc-37"/>
            <object_component_ref idref="oc-3c"/>
            <object_component_ref idref="oc-3e"/>
            <object_component_ref idref="oc-4c"/>
            <object_component_ref idref="oc-4f"/>
            <object_component_ref idref="oc-53"/>
            <object_component_ref idref="oc-54"/>
            <object_component_ref idref="oc-57"/>
            <object_component_ref idref="oc-5c"/>
            <object_component_ref idref="oc-64"/>
            <object_component_ref idref="oc-6a"/>
            <object_component_ref idref="oc-6c"/>
            <object_component_ref idref="oc-74"/>
            <object_component_ref idref="oc-76"/>
            <object_component_ref idref="oc-7a"/>
            <object_component_ref idref="oc-7d"/>
            <object_component_ref idref="oc-81"/>
            <object_component_ref idref="oc-83"/>
            <object_component_ref idref="oc-89"/>
            <object_component_ref idref="oc-8e"/>
            <object_component_ref idref="oc-90"/>
            <object_component_ref idref="oc-94"/>
            <object_component_ref idref="oc-97"/>
            <object_component_ref idref="oc-9b"/>
            <object_component_ref idref="oc-af"/>
            <object_component_ref idref="oc-b4"/>
            <object_component_ref idref="oc-b7"/>
            <object_component_ref idref="oc-ba"/>
            <object_component_ref idref="oc-be"/>
            <object_component_ref idref="oc-c1"/>
            <object_component_ref idref="oc-c5"/>
            <object_component_ref idref="oc-c7"/>
            <object_component_ref idref="oc-c9"/>
            <object_component_ref idref="oc-dd"/>
            <object_component_ref idref="oc-df"/>
            <object_component_ref idref="oc-e1"/>
            <object_component_ref idref="oc-e2"/>
            <object_component_ref idref="oc-e4"/>
            <object_component_ref idref="oc-e6"/>
            <object_component_ref idref="oc-e9"/>
            <object_component_ref idref="oc-ed"/>
            <object_component_ref idref="oc-f0"/>
            <object_component_ref idref="oc-f4"/>
            <object_component_ref idref="oc-ff"/>
            <object_component_ref idref="oc-100"/>
            <object_component_ref idref="oc-102"/>
            <object_component_ref idref="oc-104"/>
            <object_component_ref idref="oc-105"/>
            <object_component_ref idref="oc-106"/>
            <object_component_ref idref="oc-127"/>
         </contents>
      </logical_group>
      <logical_group id="lg-11e">
         <name>.debug_str</name>
         <load_address>0x0</load_address>
         <run_address>0x0</run_address>
         <size>0x10ce</size>
         <contents>
            <object_component_ref idref="oc-40"/>
            <object_component_ref idref="oc-51"/>
            <object_component_ref idref="oc-59"/>
            <object_component_ref idref="oc-5e"/>
            <object_component_ref idref="oc-6e"/>
            <object_component_ref idref="oc-78"/>
            <object_component_ref idref="oc-7f"/>
            <object_component_ref idref="oc-85"/>
            <object_component_ref idref="oc-8b"/>
            <object_component_ref idref="oc-92"/>
            <object_component_ref idref="oc-99"/>
            <object_component_ref idref="oc-c3"/>
            <object_component_ref idref="oc-cb"/>
            <object_component_ref idref="oc-eb"/>
            <object_component_ref idref="oc-f2"/>
         </contents>
      </logical_group>
      <logical_group id="lg-120">
         <name>.debug_pubtypes</name>
         <load_address>0x0</load_address>
         <run_address>0x0</run_address>
         <size>0xb74</size>
         <contents>
            <object_component_ref idref="oc-41"/>
            <object_component_ref idref="oc-52"/>
            <object_component_ref idref="oc-5a"/>
            <object_component_ref idref="oc-5f"/>
            <object_component_ref idref="oc-6f"/>
            <object_component_ref idref="oc-79"/>
            <object_component_ref idref="oc-80"/>
            <object_component_ref idref="oc-86"/>
            <object_component_ref idref="oc-8c"/>
            <object_component_ref idref="oc-93"/>
            <object_component_ref idref="oc-9a"/>
            <object_component_ref idref="oc-c4"/>
            <object_component_ref idref="oc-cc"/>
            <object_component_ref idref="oc-ec"/>
            <object_component_ref idref="oc-f3"/>
         </contents>
      </logical_group>
      <load_segment id="lg-12b">
         <name>SEGMENT_0</name>
         <load_address>0x0</load_address>
         <run_address>0x0</run_address>
         <size>0xd44</size>
         <flags>0x5</flags>
         <contents>
            <logical_group_ref idref="lg-3"/>
            <logical_group_ref idref="lg-4"/>
            <logical_group_ref idref="lg-6"/>
         </contents>
      </load_segment>
      <load_segment id="lg-12c">
         <name>SEGMENT_1</name>
         <run_address>0x20000000</run_address>
         <size>0x200</size>
         <flags>0x6</flags>
         <contents>
            <logical_group_ref idref="lg-d"/>
         </contents>
      </load_segment>
      <load_segment id="lg-12d">
         <name>SEGMENT_2</name>
         <load_address>0x20000200</load_address>
         <run_address>0x20000200</run_address>
         <size>0x20</size>
         <flags>0x6</flags>
         <contents>
            <logical_group_ref idref="lg-a"/>
         </contents>
      </load_segment>
   </logical_group_list>
   <placement_map>
      <memory_area>
         <name>FLASH</name>
         <page_id>0x0</page_id>
         <origin>0x0</origin>
         <length>0x40000</length>
         <used_space>0xd44</used_space>
         <unused_space>0x3f2bc</unused_space>
         <attributes>RX</attributes>
         <usage_details>
            <allocated_space>
               <start_address>0x0</start_address>
               <size>0x26c</size>
               <logical_group_ref idref="lg-3"/>
            </allocated_space>
            <allocated_space>
               <start_address>0x26c</start_address>
               <size>0xab4</size>
               <logical_group_ref idref="lg-4"/>
            </allocated_space>
            <allocated_space>
               <start_address>0xd20</start_address>
               <size>0x24</size>
               <logical_group_ref idref="lg-6"/>
            </allocated_space>
            <available_space>
               <start_address>0xd44</start_address>
               <size>0x3f2bc</size>
            </available_space>
         </usage_details>
      </memory_area>
      <memory_area>
         <name>SRAM</name>
         <page_id>0x0</page_id>
         <origin>0x20000000</origin>
         <length>0x8000</length>
         <used_space>0x220</used_space>
         <unused_space>0x7de0</unused_space>
         <attributes>RWX</attributes>
         <usage_details>
            <allocated_space>
               <start_address>0x20000000</start_address>
               <size>0x200</size>
               <logical_group_ref idref="lg-d"/>
            </allocated_space>
            <allocated_space>
               <start_address>0x20000200</start_address>
               <size>0x20</size>
               <logical_group_ref idref="lg-a"/>
            </allocated_space>
            <available_space>
               <start_address>0x20000220</start_address>
               <size>0x7de0</size>
            </available_space>
         </usage_details>
      </memory_area>
   </placement_map>
   <cptbl_list>
      <cptbl>
         <name>__TI_cinit_table</name>
         <cprec>
            <name>.data</name>
            <load_address>0xd20</load_address>
            <load_size>0x12</load_size>
            <run_address>0x20000200</run_address>
            <run_size>0x20</run_size>
            <compression>rle</compression>
         </cprec>
      </cptbl>
   </cptbl_list>
   <handler_table>
      <handler_table_name>__TI_handler_table</handler_table_name>
      <handler>
         <index>0x0</index>
         <name>__TI_decompress_rle24</name>
      </handler>
      <handler>
         <index>0x1</index>
         <name>__TI_decompress_none</name>
      </handler>
   </handler_table>
   <symbol_table>
      <symbol id="sm-1">
         <name>__STACK_TOP</name>
         <value>0x20000200</value>
      </symbol>
      <symbol id="sm-2">
         <name>__TI_CINIT_Base</name>
         <value>0xd3c</value>
      </symbol>
      <symbol id="sm-3">
         <name>__TI_CINIT_Limit</name>
         <value>0xd44</value>
      </symbol>
      <symbol id="sm-4">
         <name>__TI_Handler_Table_Base</name>
         <value>0xd34</value>
      </symbol>
      <symbol id="sm-5">
         <name>__TI_Handler_Table_Limit</name>
         <value>0xd3c</value>
      </symbol>
      <symbol id="sm-6">
         <name>binit</name>
         <value>0xffffffff</value>
      </symbol>
      <symbol id="sm-7">
         <name>__binit__</name>
         <value>0xffffffff</value>
      </symbol>
      <symbol id="sm-8">
         <name>__STACK_SIZE</name>
         <value>0x200</value>
      </symbol>
      <symbol id="sm-9">
         <name>__STACK_END</name>
         <value>0x20000200</value>
      </symbol>
      <symbol id="sm-a">
         <name>__c_args__</name>
         <value>0xffffffff</value>
      </symbol>
      <symbol id="sm-44">
         <name>systick_init</name>
         <value>0x9f5</value>
         <object_component_ref idref="oc-9d"/>
      </symbol>
      <symbol id="sm-45">
         <name>delay_us</name>
         <value>0xa37</value>
         <object_component_ref idref="oc-9d"/>
      </symbol>
      <symbol id="sm-46">
         <name>systick_delay</name>
         <value>0xa11</value>
         <object_component_ref idref="oc-9d"/>
      </symbol>
      <symbol id="sm-47">
         <name>delay_ms</name>
         <value>0xa5d</value>
         <object_component_ref idref="oc-9d"/>
      </symbol>
      <symbol id="sm-6c">
         <name>ResetISR</name>
         <value>0xd03</value>
         <object_component_ref idref="oc-21"/>
      </symbol>
      <symbol id="sm-6d">
         <name>g_pfnVectors</name>
         <value>0x0</value>
         <object_component_ref idref="oc-e"/>
      </symbol>
      <symbol id="sm-a2">
         <name>k</name>
         <value>0x20000208</value>
         <object_component_ref idref="oc-ad"/>
      </symbol>
      <symbol id="sm-a3">
         <name>j</name>
         <value>0x20000204</value>
         <object_component_ref idref="oc-ad"/>
      </symbol>
      <symbol id="sm-a4">
         <name>i</name>
         <value>0x20000200</value>
         <object_component_ref idref="oc-ad"/>
      </symbol>
      <symbol id="sm-a5">
         <name>main</name>
         <value>0x535</value>
         <object_component_ref idref="oc-65"/>
      </symbol>
      <symbol id="sm-c3">
         <name>Lcd_init</name>
         <value>0x26d</value>
         <object_component_ref idref="oc-a7"/>
      </symbol>
      <symbol id="sm-c4">
         <name>Lcd_Putch</name>
         <value>0x3ef</value>
         <object_component_ref idref="oc-a7"/>
      </symbol>
      <symbol id="sm-c5">
         <name>Lcd_desactivar</name>
         <value>0x4ff</value>
         <object_component_ref idref="oc-a7"/>
      </symbol>
      <symbol id="sm-c6">
         <name>Lcd_Goto</name>
         <value>0x473</value>
         <object_component_ref idref="oc-a7"/>
      </symbol>
      <symbol id="sm-c7">
         <name>Lcd_comando</name>
         <value>0x369</value>
         <object_component_ref idref="oc-a7"/>
      </symbol>
      <symbol id="sm-c8">
         <name>Lcd_mensajes</name>
         <value>0x50f</value>
         <object_component_ref idref="oc-a7"/>
      </symbol>
      <symbol id="sm-d7">
         <name>_c_int00</name>
         <value>0xb85</value>
         <object_component_ref idref="oc-10"/>
      </symbol>
      <symbol id="sm-d8">
         <name>__stack</name>
         <value>0x20000000</value>
         <object_component_ref idref="oc-20"/>
      </symbol>
      <symbol id="sm-f2">
         <name>__TI_decompress_none</name>
         <value>0xcf5</value>
         <object_component_ref idref="oc-14"/>
      </symbol>
      <symbol id="sm-11c">
         <name>__TI_decompress_rle24</name>
         <value>0xd1b</value>
         <object_component_ref idref="oc-1c"/>
      </symbol>
      <symbol id="sm-138">
         <name>C$$EXIT</name>
         <value>0xc11</value>
         <object_component_ref idref="oc-31"/>
      </symbol>
      <symbol id="sm-139">
         <name>_dtors_ptr</name>
         <value>0x20000218</value>
         <object_component_ref idref="oc-72"/>
      </symbol>
      <symbol id="sm-13a">
         <name>abort</name>
         <value>0xc15</value>
         <object_component_ref idref="oc-31"/>
      </symbol>
      <symbol id="sm-13b">
         <name>_cleanup_ptr</name>
         <value>0x20000214</value>
         <object_component_ref idref="oc-72"/>
      </symbol>
      <symbol id="sm-13c">
         <name>exit</name>
         <value>0xc1d</value>
         <object_component_ref idref="oc-31"/>
      </symbol>
      <symbol id="sm-151">
         <name>memcpy</name>
         <value>0x959</value>
         <object_component_ref idref="oc-38"/>
      </symbol>
      <symbol id="sm-152">
         <name>__aeabi_memcpy</name>
         <value>0x959</value>
         <object_component_ref idref="oc-38"/>
      </symbol>
      <symbol id="sm-153">
         <name>__aeabi_memcpy8</name>
         <value>0x959</value>
         <object_component_ref idref="oc-38"/>
      </symbol>
      <symbol id="sm-154">
         <name>__aeabi_memcpy4</name>
         <value>0x959</value>
         <object_component_ref idref="oc-38"/>
      </symbol>
      <symbol id="sm-160">
         <name>main_func_sp</name>
         <value>0x2000021c</value>
         <object_component_ref idref="oc-35"/>
      </symbol>
      <symbol id="sm-175">
         <name>_nop</name>
         <value>0xcef</value>
         <object_component_ref idref="oc-b0"/>
      </symbol>
      <symbol id="sm-176">
         <name>_lock</name>
         <value>0x2000020c</value>
         <object_component_ref idref="oc-70"/>
      </symbol>
      <symbol id="sm-177">
         <name>_unlock</name>
         <value>0x20000210</value>
         <object_component_ref idref="oc-70"/>
      </symbol>
      <symbol id="sm-178">
         <name>_register_lock</name>
         <value>0xce7</value>
         <object_component_ref idref="oc-b0"/>
      </symbol>
      <symbol id="sm-179">
         <name>_register_unlock</name>
         <value>0xce1</value>
         <object_component_ref idref="oc-b0"/>
      </symbol>
      <symbol id="sm-188">
         <name>_args_main</name>
         <value>0xcc9</value>
         <object_component_ref idref="oc-2d"/>
      </symbol>
      <symbol id="sm-1a2">
         <name>__TI_auto_init</name>
         <value>0xa91</value>
         <object_component_ref idref="oc-29"/>
      </symbol>
      <symbol id="sm-1b9">
         <name>copy_in</name>
         <value>0xbcd</value>
         <object_component_ref idref="oc-60"/>
      </symbol>
      <symbol id="sm-1f5">
         <name>SysCtlClockSet</name>
         <value>0x869</value>
         <object_component_ref idref="oc-a2"/>
      </symbol>
      <symbol id="sm-1f6">
         <name>SysCtlDelay</name>
         <value>0xd15</value>
         <object_component_ref idref="oc-ac"/>
      </symbol>
      <symbol id="sm-1f7">
         <name>SysCtlPeripheralEnable</name>
         <value>0xc51</value>
         <object_component_ref idref="oc-ce"/>
      </symbol>
      <symbol id="sm-221">
         <name>GPIOPinTypeGPIOOutput</name>
         <value>0xcaf</value>
         <object_component_ref idref="oc-d3"/>
      </symbol>
      <symbol id="sm-222">
         <name>GPIODirModeSet</name>
         <value>0xc85</value>
         <object_component_ref idref="oc-fa"/>
      </symbol>
      <symbol id="sm-223">
         <name>GPIOPinWrite</name>
         <value>0xd0f</value>
         <object_component_ref idref="oc-d8"/>
      </symbol>
      <symbol id="sm-224">
         <name>GPIOPadConfigSet</name>
         <value>0x739</value>
         <object_component_ref idref="oc-f5"/>
      </symbol>
      <symbol id="sm-226">
         <name>__TI_static_base__</name>
         <value>0x0</value>
      </symbol>
      <symbol id="sm-227">
         <name>__TI_args_main</name>
         <value>0x1</value>
      </symbol>
      <symbol id="sm-228">
         <name>SHT$$INIT_ARRAY$$Limit</name>
         <value>0x0</value>
      </symbol>
      <symbol id="sm-229">
         <name>SHT$$INIT_ARRAY$$Base</name>
         <value>0x0</value>
      </symbol>
   </symbol_table>
</link_info>
