******************************************************************************
                  TI ARM Linker PC v5.0.4                      
******************************************************************************
>> Linked Thu Jul 07 00:55:57 2016

OUTPUT FILE NAME:   <019_LCD_4_bits.out>
ENTRY POINT SYMBOL: "_c_int00"  address: 00000b85


MEMORY CONFIGURATION

         name            origin    length      used     unused   attr    fill
----------------------  --------  ---------  --------  --------  ----  --------
  FLASH                 00000000   00040000  00000d44  0003f2bc  R  X
  SRAM                  20000000   00008000  00000220  00007de0  RW X


SEGMENT ALLOCATION MAP

run origin  load origin   length   init length attrs members
----------  ----------- ---------- ----------- ----- -------
00000000    00000000    00000d44   00000d44    r-x
  00000000    00000000    0000026c   0000026c    r-- .intvecs
  0000026c    0000026c    00000ab4   00000ab4    r-x .text
  00000d20    00000d20    00000024   00000024    r-- .cinit
20000000    20000000    00000200   00000000    rw-
  20000000    20000000    00000200   00000000    rw- .stack
20000200    20000200    00000020   00000020    rw-
  20000200    20000200    00000020   00000020    rw- .data


SECTION ALLOCATION MAP

 output                                  attributes/
section   page    origin      length       input sections
--------  ----  ----------  ----------   ----------------
.intvecs   0    00000000    0000026c     
                  00000000    0000026c     startup_ccs.obj (.intvecs)

.init_array 
*          0    00000000    00000000     UNINITIALIZED

.text      0    0000026c    00000ab4     
                  0000026c    000002c8     Lcd.obj (.text)
                  00000534    00000204     main.obj (.text)
                  00000738    00000130     driverlib.lib : gpio.obj (.text:GPIOPadConfigSet)
                  00000868    000000f0                   : sysctl.obj (.text:SysCtlClockSet)
                  00000958    0000009c     rtsv7M4_T_le_v4SPD16_eabi.lib : memcpy_t2.obj (.text)
                  000009f4    0000009c     systick.obj (.text)
                  00000a90    00000094     rtsv7M4_T_le_v4SPD16_eabi.lib : auto_init.obj (.text)
                  00000b24    0000005e                                   : copy_decompress_rle.obj (.text)
                  00000b82    00000002     --HOLE-- [fill = 0]
                  00000b84    00000048                                   : boot.obj (.text)
                  00000bcc    00000044                                   : cpy_tbl.obj (.text)
                  00000c10    00000040                                   : exit.obj (.text)
                  00000c50    00000034     driverlib.lib : sysctl.obj (.text:SysCtlPeripheralEnable)
                  00000c84    0000002a                   : gpio.obj (.text:GPIODirModeSet)
                  00000cae    00000018                   : gpio.obj (.text:GPIOPinTypeGPIOOutput)
                  00000cc6    00000002     --HOLE-- [fill = 0]
                  00000cc8    00000018     rtsv7M4_T_le_v4SPD16_eabi.lib : args_main.obj (.text)
                  00000ce0    00000014                                   : _lock.obj (.text)
                  00000cf4    0000000e                                   : copy_decompress_none.obj (.text:decompress:none)
                  00000d02    0000000c     startup_ccs.obj (.text)
                  00000d0e    00000006     driverlib.lib : gpio.obj (.text:GPIOPinWrite)
                  00000d14    00000006                   : sysctl.obj (.text:SysCtlDelay)
                  00000d1a    00000006     rtsv7M4_T_le_v4SPD16_eabi.lib : copy_decompress_rle.obj (.text:decompress:rle24)

.cinit     0    00000d20    00000024     
                  00000d20    00000012     (.cinit..data.load) [load image, compression = rle]
                  00000d32    00000002     --HOLE-- [fill = 0]
                  00000d34    00000008     (__TI_handler_table)
                  00000d3c    00000008     (__TI_cinit_table)

.stack     0    20000000    00000200     UNINITIALIZED
                  20000000    00000200     --HOLE--

.data      0    20000200    00000020     
                  20000200    0000000c     main.obj (.data)
                  2000020c    00000008     rtsv7M4_T_le_v4SPD16_eabi.lib : _lock.obj (.data)
                  20000214    00000008                                   : exit.obj (.data)
                  2000021c    00000004                                   : stkdepth_vars.obj (.data)


LINKER GENERATED COPY TABLES

__TI_cinit_table @ 00000d3c records: 1, size/record: 8, table size: 8
	.data: load addr=00000d20, load size=00000012 bytes, run addr=20000200, run size=00000020 bytes, compression=rle


LINKER GENERATED HANDLER TABLE

__TI_handler_table @ 00000d34 records: 2, size/record: 4, table size: 8
	index: 0, handler: __TI_decompress_rle24
	index: 1, handler: __TI_decompress_none


GLOBAL SYMBOLS: SORTED ALPHABETICALLY BY Name 

address    name
--------   ----
00000c11   C$$EXIT
00000c85   GPIODirModeSet
00000739   GPIOPadConfigSet
00000caf   GPIOPinTypeGPIOOutput
00000d0f   GPIOPinWrite
00000473   Lcd_Goto
000003ef   Lcd_Putch
00000369   Lcd_comando
000004ff   Lcd_desactivar
0000026d   Lcd_init
0000050f   Lcd_mensajes
00000d03   ResetISR
UNDEFED    SHT$$INIT_ARRAY$$Base
UNDEFED    SHT$$INIT_ARRAY$$Limit
00000869   SysCtlClockSet
00000d15   SysCtlDelay
00000c51   SysCtlPeripheralEnable
20000200   __STACK_END
00000200   __STACK_SIZE
20000200   __STACK_TOP
00000d3c   __TI_CINIT_Base
00000d44   __TI_CINIT_Limit
00000d34   __TI_Handler_Table_Base
00000d3c   __TI_Handler_Table_Limit
00000001   __TI_args_main
00000a91   __TI_auto_init
00000cf5   __TI_decompress_none
00000d1b   __TI_decompress_rle24
00000000   __TI_static_base__
00000959   __aeabi_memcpy
00000959   __aeabi_memcpy4
00000959   __aeabi_memcpy8
ffffffff   __binit__
ffffffff   __c_args__
20000000   __stack
00000cc9   _args_main
00000b85   _c_int00
20000214   _cleanup_ptr
20000218   _dtors_ptr
2000020c   _lock
00000cef   _nop
00000ce7   _register_lock
00000ce1   _register_unlock
20000210   _unlock
00000c15   abort
ffffffff   binit
00000bcd   copy_in
00000a5d   delay_ms
00000a37   delay_us
00000c1d   exit
00000000   g_pfnVectors
20000200   i
20000204   j
20000208   k
00000535   main
2000021c   main_func_sp
00000959   memcpy
00000a11   systick_delay
000009f5   systick_init


GLOBAL SYMBOLS: SORTED BY Symbol Address 

address    name
--------   ----
00000000   __TI_static_base__
00000000   g_pfnVectors
00000001   __TI_args_main
00000200   __STACK_SIZE
0000026d   Lcd_init
00000369   Lcd_comando
000003ef   Lcd_Putch
00000473   Lcd_Goto
000004ff   Lcd_desactivar
0000050f   Lcd_mensajes
00000535   main
00000739   GPIOPadConfigSet
00000869   SysCtlClockSet
00000959   __aeabi_memcpy
00000959   __aeabi_memcpy4
00000959   __aeabi_memcpy8
00000959   memcpy
000009f5   systick_init
00000a11   systick_delay
00000a37   delay_us
00000a5d   delay_ms
00000a91   __TI_auto_init
00000b85   _c_int00
00000bcd   copy_in
00000c11   C$$EXIT
00000c15   abort
00000c1d   exit
00000c51   SysCtlPeripheralEnable
00000c85   GPIODirModeSet
00000caf   GPIOPinTypeGPIOOutput
00000cc9   _args_main
00000ce1   _register_unlock
00000ce7   _register_lock
00000cef   _nop
00000cf5   __TI_decompress_none
00000d03   ResetISR
00000d0f   GPIOPinWrite
00000d15   SysCtlDelay
00000d1b   __TI_decompress_rle24
00000d34   __TI_Handler_Table_Base
00000d3c   __TI_CINIT_Base
00000d3c   __TI_Handler_Table_Limit
00000d44   __TI_CINIT_Limit
20000000   __stack
20000200   __STACK_END
20000200   __STACK_TOP
20000200   i
20000204   j
20000208   k
2000020c   _lock
20000210   _unlock
20000214   _cleanup_ptr
20000218   _dtors_ptr
2000021c   main_func_sp
ffffffff   __binit__
ffffffff   __c_args__
ffffffff   binit
UNDEFED    SHT$$INIT_ARRAY$$Base
UNDEFED    SHT$$INIT_ARRAY$$Limit

[59 symbols]
