******************************************************************************
                  TI ARM Linker PC v5.0.4                      
******************************************************************************
>> Linked Tue Mar 03 01:43:56 2015

OUTPUT FILE NAME:   <freertos_demo.out>
ENTRY POINT SYMBOL: "_c_int00"  address: 00001a01


MEMORY CONFIGURATION

         name            origin    length      used     unused   attr    fill
----------------------  --------  ---------  --------  --------  ----  --------
  FLASH                 00000000   00040000  0000202e  0003dfd2  R  X
  SRAM                  20000000   00008000  00007973  0000068d  RW X


SEGMENT ALLOCATION MAP

run origin  load origin   length   init length attrs members
----------  ----------- ---------- ----------- ----- -------
00000000    00000000    00002030   00002030    r-x
  00000000    00000000    0000026c   0000026c    r-- .intvecs
  0000026c    0000026c    00001d30   00001d30    r-x .text
  00001f9c    00001f9c    00000042   00000042    r-- .const
  00001fe0    00001fe0    00000050   00000050    r-- .cinit
20000000    20000000    00007908   00000000    rw-
  20000000    20000000    00007708   00000000    rw- .bss
  20007708    20007708    00000200   00000000    rw- .stack
20007908    20007908    0000006b   0000006b    rw-
  20007908    20007908    0000006b   0000006b    rw- .data


SECTION ALLOCATION MAP

 output                                  attributes/
section   page    origin      length       input sections
--------  ----  ----------  ----------   ----------------
.intvecs   0    00000000    0000026c     
                  00000000    0000026c     startup_ccs.obj (.intvecs)

.init_array 
*          0    00000000    00000000     UNINITIALIZED

.text      0    0000026c    00001d30     
                  0000026c    000001ea     uartstdio.obj (.text:UARTvprintf)
                  00000456    00000002     startup_ccs.obj (.text:FaultISR)
                  00000458    0000011c     led_task.obj (.text:LEDTask)
                  00000574    00000118     tasks.obj (.text:xTaskIncrementTick)
                  0000068c    00000100     queue.obj (.text:xQueueGenericReceive)
                  0000078c    000000fc     switch_task.obj (.text:SwitchTask)
                  00000888    000000f4     rgb.obj (.text:RGBInit)
                  0000097c    000000d8     tasks.obj (.text:xTaskGenericCreate)
                  00000a54    000000d0     tasks.obj (.text:xTaskResumeAll)
                  00000b24    000000c8     led_task.obj (.text:LEDTaskInit)
                  00000bec    000000c6     queue.obj (.text:xQueueGenericSend)
                  00000cb2    00000002     startup_ccs.obj (.text:IntDefaultHandler)
                  00000cb4    000000ac     heap_2.obj (.text:pvPortMalloc)
                  00000d60    000000a8     rgb.obj (.text:RGBEnable)
                  00000e08    000000a6     portasm.obj (.text)
                  00000eae    0000009c     rtsv7M4_T_le_v4SPD16_eabi.lib : memcpy_t2.obj (.text)
                  00000f4a    00000002     startup_ccs.obj (.text:NmiSR)
                  00000f4c    0000009c     tasks.obj (.text:vTaskSwitchContext)
                  00000fe8    00000098     uartstdio.obj (.text:UARTgets)
                  00001080    00000094     rtsv7M4_T_le_v4SPD16_eabi.lib : auto_init.obj (.text)
                  00001114    00000088     rgb.obj (.text:RGBColorSet)
                  0000119c    00000078     rtsv7M4_T_le_v4SPD16_eabi.lib : memset_t2.obj (.text)
                  00001214    00000074     freertos_demo.obj (.text:main)
                  00001288    00000070     tasks.obj (.text:vTaskPriorityInherit)
                  000012f8    00000070     tasks.obj (.text:xTaskRemoveFromEventList)
                  00001368    0000006c     buttons.obj (.text:ButtonsPoll)
                  000013d4    0000006c     queue.obj (.text:prvCopyDataToQueue)
                  00001440    00000064     queue.obj (.text:xQueueGenericReset)
                  000014a4    00000062     queue.obj (.text:prvUnlockQueue)
                  00001506    00000002     freertos_demo.obj (.text:vApplicationStackOverflowHook)
                  00001508    00000060     buttons.obj (.text:ButtonsInit)
                  00001568    00000060     tasks.obj (.text:prvInitialiseTaskLists)
                  000015c8    0000005e     rtsv7M4_T_le_v4SPD16_eabi.lib : copy_decompress_rle.obj (.text)
                  00001626    00000002     --HOLE-- [fill = 0]
                  00001628    0000005c     freertos_demo.obj (.text:ConfigureUART)
                  00001684    0000005c     rgb.obj (.text:RGBDisable)
                  000016e0    00000058     uartstdio.obj (.text:UARTStdioConfig)
                  00001738    00000058     tasks.obj (.text:prvCheckTasksWaitingTermination)
                  00001790    00000058     tasks.obj (.text:vTaskDelayUntil)
                  000017e8    00000054     tasks.obj (.text:xTaskCheckForTimeOut)
                  0000183c    0000004e     tasks.obj (.text:prvInitialiseTCBVariables)
                  0000188a    00000002     --HOLE-- [fill = 0]
                  0000188c    0000004c     tasks.obj (.text:prvAddCurrentTaskToDelayedList)
                  000018d8    0000004c     queue.obj (.text:xQueueCreateMutex)
                  00001924    0000004c     queue.obj (.text:xQueueGenericCreate)
                  00001970    00000048     switch_task.obj (.text:SwitchTaskInit)
                  000019b8    00000048     uartstdio.obj (.text:UARTwrite)
                  00001a00    00000048     rtsv7M4_T_le_v4SPD16_eabi.lib : boot.obj (.text)
                  00001a48    00000048     tasks.obj (.text:vTaskPriorityDisinherit)
                  00001a90    00000048     tasks.obj (.text:vTaskStartScheduler)
                  00001ad8    00000044     rtsv7M4_T_le_v4SPD16_eabi.lib : cpy_tbl.obj (.text)
                  00001b1c    00000044     heap_2.obj (.text:vPortFree)
                  00001b60    00000042     rtsv7M4_T_le_v4SPD16_eabi.lib : u_divt2.obj (.text)
                  00001ba2    00000002     --HOLE-- [fill = 0]
                  00001ba4    00000040                                   : exit.obj (.text)
                  00001be4    00000040     tasks.obj (.text:vTaskPlaceOnEventList)
                  00001c24    00000040     port.obj (.text:xPortStartScheduler)
                  00001c64    0000003a     tasks.obj (.text:prvAllocateTCBAndStack)
                  00001c9e    00000038     list.obj (.text:vListInsert)
                  00001cd6    00000002     --HOLE-- [fill = 0]
                  00001cd8    00000034     rgb.obj (.text:RGBBlinkIntHandler)
                  00001d0c    00000030     heap_2.obj (.text:prvHeapInit)
                  00001d3c    00000024     queue.obj (.text:prvCopyDataFromQueue)
                  00001d60    00000022     port.obj (.text:pxPortInitialiseStack)
                  00001d82    00000022     rtsv7M4_T_le_v4SPD16_eabi.lib : memcmp.obj (.text)
                  00001da4    00000022     list.obj (.text:uxListRemove)
                  00001dc6    0000001c     queue.obj (.text:prvIsQueueFull)
                  00001de2    00000002     --HOLE-- [fill = 0]
                  00001de4    0000001c     port.obj (.text:xPortSysTickHandler)
                  00001e00    0000001a     uartstdio.obj (.text:UARTprintf)
                  00001e1a    0000001a     queue.obj (.text:prvIsQueueEmpty)
                  00001e34    00000018     rtsv7M4_T_le_v4SPD16_eabi.lib : args_main.obj (.text)
                  00001e4c    00000018     list.obj (.text:vListInsertEnd)
                  00001e64    00000018     tasks.obj (.text:vTaskSetTimeOutState)
                  00001e7c    00000018     tasks.obj (.text:xTaskGetTickCount)
                  00001e94    00000016     list.obj (.text:vListInitialise)
                  00001eaa    00000002     --HOLE-- [fill = 0]
                  00001eac    00000014     rgb.obj (.text:RGBIntensitySet)
                  00001ec0    00000014     port.obj (.text:prvSetupTimerInterrupt)
                  00001ed4    00000014     rtsv7M4_T_le_v4SPD16_eabi.lib : _lock.obj (.text)
                  00001ee8    00000014     port.obj (.text:vPortEnterCritical)
                  00001efc    00000014     port.obj (.text:vPortExitCritical)
                  00001f10    00000012     rtsv7M4_T_le_v4SPD16_eabi.lib : copy_zero_init.obj (.text:decompress:ZI)
                  00001f22    00000012     tasks.obj (.text:prvDeleteTCB)
                  00001f34    00000010     port.obj (.text:vPortYield)
                  00001f44    00000010     tasks.obj (.text:vTaskSuspendAll)
                  00001f54    0000000e     rtsv7M4_T_le_v4SPD16_eabi.lib : copy_decompress_none.obj (.text:decompress:none)
                  00001f62    00000002     --HOLE-- [fill = 0]
                  00001f64    0000000c     tasks.obj (.text:vTaskMissedYield)
                  00001f70    0000000c     tasks.obj (.text:xTaskGetCurrentTaskHandle)
                  00001f7c    00000008     tasks.obj (.text:prvIdleTask)
                  00001f84    00000006     startup_ccs.obj (.text:ResetISR)
                  00001f8a    00000006     driverlib.lib : uart.obj (.text:UARTClockSourceSet)
                  00001f90    00000006     rtsv7M4_T_le_v4SPD16_eabi.lib : copy_decompress_rle.obj (.text:decompress:rle24)
                  00001f96    00000006     list.obj (.text:vListInitialiseItem)

.const     0    00001f9c    00000042     
                  00001f9c    0000001c     uartstdio.obj (.const)
                  00001fb8    00000014     tasks.obj (.const:.string)
                  00001fcc    00000012     uartstdio.obj (.const:.string)

.cinit     0    00001fe0    00000050     
                  00001fe0    0000002a     (.cinit..data.load) [load image, compression = rle]
                  0000200a    00000002     --HOLE-- [fill = 0]
                  0000200c    0000000c     (__TI_handler_table)
                  00002018    00000008     (.cinit..bss.load) [load image, compression = zero_init]
                  00002020    00000010     (__TI_cinit_table)

.bss       0    20000000    00007708     UNINITIALIZED
                  20000000    00007530     heap_2.obj (.bss:ucHeap)
                  20007530    00000140     tasks.obj (.bss:pxReadyTasksLists)
                  20007670    0000006c     tasks.obj (.bss)
                  200076dc    00000010     heap_2.obj (.bss)
                  200076ec    00000010     rgb.obj (.bss)
                  200076fc    00000005     led_task.obj (.bss)
                  20007701    00000003     --HOLE--
                  20007704    00000004     freertos_demo.obj (.bss)

.stack     0    20007708    00000200     UNINITIALIZED
                  20007708    00000200     --HOLE--

.data      0    20007908    0000006b     
                  20007908    00000030     tasks.obj (.data)
                  20007938    0000000c     led_task.obj (.data)
                  20007944    00000008     heap_2.obj (.data)
                  2000794c    00000008     rtsv7M4_T_le_v4SPD16_eabi.lib : _lock.obj (.data)
                  20007954    00000008                                   : exit.obj (.data)
                  2000795c    00000005     uartstdio.obj (.data)
                  20007961    00000003     --HOLE--
                  20007964    00000004     port.obj (.data)
                  20007968    00000004     rgb.obj (.data)
                  2000796c    00000004     rtsv7M4_T_le_v4SPD16_eabi.lib : stkdepth_vars.obj (.data)
                  20007970    00000003     buttons.obj (.data)


LINKER GENERATED COPY TABLES

__TI_cinit_table @ 00002020 records: 2, size/record: 8, table size: 16
	.data: load addr=00001fe0, load size=0000002a bytes, run addr=20007908, run size=0000006b bytes, compression=rle
	.bss: load addr=00002018, load size=00000008 bytes, run addr=20000000, run size=00007708 bytes, compression=zero_init


LINKER GENERATED HANDLER TABLE

__TI_handler_table @ 0000200c records: 3, size/record: 4, table size: 12
	index: 0, handler: __TI_decompress_rle24
	index: 1, handler: __TI_decompress_none
	index: 2, handler: __TI_zero_init


GLOBAL SYMBOLS: SORTED ALPHABETICALLY BY Name 

address    name
--------   ----
00001509   ButtonsInit
00001369   ButtonsPoll
00001ba5   C$$EXIT
00001629   ConfigureUART
00000b25   LEDTaskInit
00001cd9   RGBBlinkIntHandler
00001115   RGBColorSet
00001685   RGBDisable
00000d61   RGBEnable
00000889   RGBInit
00001ead   RGBIntensitySet
00001f85   ResetISR
UNDEFED    SHT$$INIT_ARRAY$$Base
UNDEFED    SHT$$INIT_ARRAY$$Limit
00001971   SwitchTaskInit
00001f8b   UARTClockSourceSet
000016e1   UARTStdioConfig
00000fe9   UARTgets
00001e01   UARTprintf
0000026d   UARTvprintf
000019b9   UARTwrite
20007908   __STACK_END
00000200   __STACK_SIZE
20007908   __STACK_TOP
00002020   __TI_CINIT_Base
00002030   __TI_CINIT_Limit
0000200c   __TI_Handler_Table_Base
00002018   __TI_Handler_Table_Limit
00000001   __TI_args_main
00001081   __TI_auto_init
00001f55   __TI_decompress_none
00001f91   __TI_decompress_rle24
00000000   __TI_static_base__
00001f11   __TI_zero_init
0000119d   __aeabi_memclr
0000119d   __aeabi_memclr4
0000119d   __aeabi_memclr8
00000eaf   __aeabi_memcpy
00000eaf   __aeabi_memcpy4
00000eaf   __aeabi_memcpy8
0000119f   __aeabi_memset
0000119f   __aeabi_memset4
0000119f   __aeabi_memset8
00001b61   __aeabi_uidivmod
ffffffff   __binit__
ffffffff   __c_args__
20007708   __stack
00001e35   _args_main
00001a01   _c_int00
20007954   _cleanup_ptr
20007958   _dtors_ptr
2000794c   _lock
00001ee3   _nop
00001edb   _register_lock
00001ed5   _register_unlock
20007950   _unlock
00001ba9   abort
ffffffff   binit
00001ad9   copy_in
00001bb1   exit
200076fc   g_pLEDQueue
20007704   g_pUARTSemaphore
00000000   g_pfnVectors
00001215   main
2000796c   main_func_sp
00001d83   memcmp
00000eaf   memcpy
000011a5   memset
00000cb5   pvPortMalloc
20007908   pxCurrentTCB
00001d61   pxPortInitialiseStack
00001da5   uxListRemove
00001507   vApplicationStackOverflowHook
00001e95   vListInitialise
00001f97   vListInitialiseItem
00001c9f   vListInsert
00001e4d   vListInsertEnd
00000e65   vPortClearInterruptMask
00000e9d   vPortEnableVFP
00001ee9   vPortEnterCritical
00001efd   vPortExitCritical
00001b1d   vPortFree
00000e6f   vPortSVCHandler
00000e5b   vPortSetInterruptMask
00000e89   vPortStartFirstTask
00001f35   vPortYield
00001791   vTaskDelayUntil
00001f65   vTaskMissedYield
00001be5   vTaskPlaceOnEventList
00001a49   vTaskPriorityDisinherit
00001289   vTaskPriorityInherit
00001e65   vTaskSetTimeOutState
00001a91   vTaskStartScheduler
00001f45   vTaskSuspendAll
00000f4d   vTaskSwitchContext
00000e0d   xPortPendSVHandler
00001c25   xPortStartScheduler
00001de5   xPortSysTickHandler
000018d9   xQueueCreateMutex
00001925   xQueueGenericCreate
0000068d   xQueueGenericReceive
00001441   xQueueGenericReset
00000bed   xQueueGenericSend
000017e9   xTaskCheckForTimeOut
0000097d   xTaskGenericCreate
00001f71   xTaskGetCurrentTaskHandle
00001e7d   xTaskGetTickCount
00000575   xTaskIncrementTick
000012f9   xTaskRemoveFromEventList
00000a55   xTaskResumeAll


GLOBAL SYMBOLS: SORTED BY Symbol Address 

address    name
--------   ----
00000000   __TI_static_base__
00000000   g_pfnVectors
00000001   __TI_args_main
00000200   __STACK_SIZE
0000026d   UARTvprintf
00000575   xTaskIncrementTick
0000068d   xQueueGenericReceive
00000889   RGBInit
0000097d   xTaskGenericCreate
00000a55   xTaskResumeAll
00000b25   LEDTaskInit
00000bed   xQueueGenericSend
00000cb5   pvPortMalloc
00000d61   RGBEnable
00000e0d   xPortPendSVHandler
00000e5b   vPortSetInterruptMask
00000e65   vPortClearInterruptMask
00000e6f   vPortSVCHandler
00000e89   vPortStartFirstTask
00000e9d   vPortEnableVFP
00000eaf   __aeabi_memcpy
00000eaf   __aeabi_memcpy4
00000eaf   __aeabi_memcpy8
00000eaf   memcpy
00000f4d   vTaskSwitchContext
00000fe9   UARTgets
00001081   __TI_auto_init
00001115   RGBColorSet
0000119d   __aeabi_memclr
0000119d   __aeabi_memclr4
0000119d   __aeabi_memclr8
0000119f   __aeabi_memset
0000119f   __aeabi_memset4
0000119f   __aeabi_memset8
000011a5   memset
00001215   main
00001289   vTaskPriorityInherit
000012f9   xTaskRemoveFromEventList
00001369   ButtonsPoll
00001441   xQueueGenericReset
00001507   vApplicationStackOverflowHook
00001509   ButtonsInit
00001629   ConfigureUART
00001685   RGBDisable
000016e1   UARTStdioConfig
00001791   vTaskDelayUntil
000017e9   xTaskCheckForTimeOut
000018d9   xQueueCreateMutex
00001925   xQueueGenericCreate
00001971   SwitchTaskInit
000019b9   UARTwrite
00001a01   _c_int00
00001a49   vTaskPriorityDisinherit
00001a91   vTaskStartScheduler
00001ad9   copy_in
00001b1d   vPortFree
00001b61   __aeabi_uidivmod
00001ba5   C$$EXIT
00001ba9   abort
00001bb1   exit
00001be5   vTaskPlaceOnEventList
00001c25   xPortStartScheduler
00001c9f   vListInsert
00001cd9   RGBBlinkIntHandler
00001d61   pxPortInitialiseStack
00001d83   memcmp
00001da5   uxListRemove
00001de5   xPortSysTickHandler
00001e01   UARTprintf
00001e35   _args_main
00001e4d   vListInsertEnd
00001e65   vTaskSetTimeOutState
00001e7d   xTaskGetTickCount
00001e95   vListInitialise
00001ead   RGBIntensitySet
00001ed5   _register_unlock
00001edb   _register_lock
00001ee3   _nop
00001ee9   vPortEnterCritical
00001efd   vPortExitCritical
00001f11   __TI_zero_init
00001f35   vPortYield
00001f45   vTaskSuspendAll
00001f55   __TI_decompress_none
00001f65   vTaskMissedYield
00001f71   xTaskGetCurrentTaskHandle
00001f85   ResetISR
00001f8b   UARTClockSourceSet
00001f91   __TI_decompress_rle24
00001f97   vListInitialiseItem
0000200c   __TI_Handler_Table_Base
00002018   __TI_Handler_Table_Limit
00002020   __TI_CINIT_Base
00002030   __TI_CINIT_Limit
200076fc   g_pLEDQueue
20007704   g_pUARTSemaphore
20007708   __stack
20007908   __STACK_END
20007908   __STACK_TOP
20007908   pxCurrentTCB
2000794c   _lock
20007950   _unlock
20007954   _cleanup_ptr
20007958   _dtors_ptr
2000796c   main_func_sp
ffffffff   __binit__
ffffffff   __c_args__
ffffffff   binit
UNDEFED    SHT$$INIT_ARRAY$$Base
UNDEFED    SHT$$INIT_ARRAY$$Limit

[110 symbols]
