******************************************************************************
                  TI ARM Linker PC v5.0.4                      
******************************************************************************
>> Linked Sat Aug 08 17:11:17 2015

OUTPUT FILE NAME:   <006_pulsador y leds.out>
ENTRY POINT SYMBOL: "_c_int00"  address: 00000841


MEMORY CONFIGURATION

         name            origin    length      used     unused   attr    fill
----------------------  --------  ---------  --------  --------  ----  --------
  FLASH                 00000000   00040000  00000a34  0003f5cc  R  X
  SRAM                  20000000   00008000  00000214  00007dec  RW X


SEGMENT ALLOCATION MAP

run origin  load origin   length   init length attrs members
----------  ----------- ---------- ----------- ----- -------
00000000    00000000    00000a38   00000a38    r-x
  00000000    00000000    0000026c   0000026c    r-- .intvecs
  0000026c    0000026c    00000788   00000788    r-x .text
  000009f4    000009f4    00000020   00000020    r-- .const
  00000a18    00000a18    00000020   00000020    r-- .cinit
20000000    20000000    00000200   00000000    rw-
  20000000    20000000    00000200   00000000    rw- .stack
20000200    20000200    00000014   00000014    rw-
  20000200    20000200    00000014   00000014    rw- .data


SECTION ALLOCATION MAP

 output                                  attributes/
section   page    origin      length       input sections
--------  ----  ----------  ----------   ----------------
.intvecs   0    00000000    0000026c     
                  00000000    0000026c     startup_ccs.obj (.intvecs)

.init_array 
*          0    00000000    00000000     UNINITIALIZED

.text      0    0000026c    00000788     
                  0000026c    00000224     main.obj (.text)
                  00000490    00000130     driverlib.lib : gpio.obj (.text:GPIOPadConfigSet)
                  000005c0    000000f0                   : sysctl.obj (.text:SysCtlClockSet)
                  000006b0    0000009c     rtsv7M4_T_le_v4SPD16_eabi.lib : memcpy_t2.obj (.text)
                  0000074c    00000094                                   : auto_init.obj (.text)
                  000007e0    0000005e                                   : copy_decompress_rle.obj (.text)
                  0000083e    00000002     --HOLE-- [fill = 0]
                  00000840    00000048                                   : boot.obj (.text)
                  00000888    00000044                                   : cpy_tbl.obj (.text)
                  000008cc    00000040                                   : exit.obj (.text)
                  0000090c    00000034     driverlib.lib : sysctl.obj (.text:SysCtlPeripheralEnable)
                  00000940    0000002a                   : gpio.obj (.text:GPIODirModeSet)
                  0000096a    00000018                   : gpio.obj (.text:GPIOPinTypeGPIOOutput)
                  00000982    00000002     --HOLE-- [fill = 0]
                  00000984    00000018     rtsv7M4_T_le_v4SPD16_eabi.lib : args_main.obj (.text)
                  0000099c    00000014                                   : _lock.obj (.text)
                  000009b0    00000012     driverlib.lib : gpio.obj (.text:GPIOPinTypeGPIOInput)
                  000009c2    0000000e     rtsv7M4_T_le_v4SPD16_eabi.lib : copy_decompress_none.obj (.text:decompress:none)
                  000009d0    0000000c     startup_ccs.obj (.text)
                  000009dc    00000006     driverlib.lib : gpio.obj (.text:GPIOPinRead)
                  000009e2    00000006                   : gpio.obj (.text:GPIOPinWrite)
                  000009e8    00000006                   : sysctl.obj (.text:SysCtlDelay)
                  000009ee    00000006     rtsv7M4_T_le_v4SPD16_eabi.lib : copy_decompress_rle.obj (.text:decompress:rle24)

.const     0    000009f4    00000020     
                  000009f4    00000020     main.obj (.const)

.cinit     0    00000a18    00000020     
                  00000a18    0000000f     (.cinit..data.load) [load image, compression = rle]
                  00000a27    00000001     --HOLE-- [fill = 0]
                  00000a28    00000008     (__TI_handler_table)
                  00000a30    00000008     (__TI_cinit_table)

.stack     0    20000000    00000200     UNINITIALIZED
                  20000000    00000200     --HOLE--

.data      0    20000200    00000014     
                  20000200    00000008     rtsv7M4_T_le_v4SPD16_eabi.lib : _lock.obj (.data)
                  20000208    00000008                                   : exit.obj (.data)
                  20000210    00000004                                   : stkdepth_vars.obj (.data)


LINKER GENERATED COPY TABLES

__TI_cinit_table @ 00000a30 records: 1, size/record: 8, table size: 8
	.data: load addr=00000a18, load size=0000000f bytes, run addr=20000200, run size=00000014 bytes, compression=rle


LINKER GENERATED HANDLER TABLE

__TI_handler_table @ 00000a28 records: 2, size/record: 4, table size: 8
	index: 0, handler: __TI_decompress_rle24
	index: 1, handler: __TI_decompress_none


GLOBAL SYMBOLS: SORTED ALPHABETICALLY BY Name 

address    name
--------   ----
000008cd   C$$EXIT
00000941   GPIODirModeSet
00000491   GPIOPadConfigSet
000009dd   GPIOPinRead
000009b1   GPIOPinTypeGPIOInput
0000096b   GPIOPinTypeGPIOOutput
000009e3   GPIOPinWrite
00000a10   LEDS_ALL
000009f4   LED_1
000009f8   LED_2
000009fc   LED_3
00000a00   LED_4
00000a04   LED_5
00000a08   LED_6
00000a0c   LED_7
000009d1   ResetISR
UNDEFED    SHT$$INIT_ARRAY$$Base
UNDEFED    SHT$$INIT_ARRAY$$Limit
000005c1   SysCtlClockSet
000009e9   SysCtlDelay
0000090d   SysCtlPeripheralEnable
20000200   __STACK_END
00000200   __STACK_SIZE
20000200   __STACK_TOP
00000a30   __TI_CINIT_Base
00000a38   __TI_CINIT_Limit
00000a28   __TI_Handler_Table_Base
00000a30   __TI_Handler_Table_Limit
00000001   __TI_args_main
0000074d   __TI_auto_init
000009c3   __TI_decompress_none
000009ef   __TI_decompress_rle24
00000000   __TI_static_base__
000006b1   __aeabi_memcpy
000006b1   __aeabi_memcpy4
000006b1   __aeabi_memcpy8
ffffffff   __binit__
ffffffff   __c_args__
20000000   __stack
00000985   _args_main
00000841   _c_int00
20000208   _cleanup_ptr
2000020c   _dtors_ptr
20000200   _lock
000009ab   _nop
000009a3   _register_lock
0000099d   _register_unlock
20000204   _unlock
000008d1   abort
ffffffff   binit
00000889   copy_in
000008d9   exit
00000000   g_pfnVectors
0000026d   main
20000210   main_func_sp
000006b1   memcpy


GLOBAL SYMBOLS: SORTED BY Symbol Address 

address    name
--------   ----
00000000   __TI_static_base__
00000000   g_pfnVectors
00000001   __TI_args_main
00000200   __STACK_SIZE
0000026d   main
00000491   GPIOPadConfigSet
000005c1   SysCtlClockSet
000006b1   __aeabi_memcpy
000006b1   __aeabi_memcpy4
000006b1   __aeabi_memcpy8
000006b1   memcpy
0000074d   __TI_auto_init
00000841   _c_int00
00000889   copy_in
000008cd   C$$EXIT
000008d1   abort
000008d9   exit
0000090d   SysCtlPeripheralEnable
00000941   GPIODirModeSet
0000096b   GPIOPinTypeGPIOOutput
00000985   _args_main
0000099d   _register_unlock
000009a3   _register_lock
000009ab   _nop
000009b1   GPIOPinTypeGPIOInput
000009c3   __TI_decompress_none
000009d1   ResetISR
000009dd   GPIOPinRead
000009e3   GPIOPinWrite
000009e9   SysCtlDelay
000009ef   __TI_decompress_rle24
000009f4   LED_1
000009f8   LED_2
000009fc   LED_3
00000a00   LED_4
00000a04   LED_5
00000a08   LED_6
00000a0c   LED_7
00000a10   LEDS_ALL
00000a28   __TI_Handler_Table_Base
00000a30   __TI_CINIT_Base
00000a30   __TI_Handler_Table_Limit
00000a38   __TI_CINIT_Limit
20000000   __stack
20000200   __STACK_END
20000200   __STACK_TOP
20000200   _lock
20000204   _unlock
20000208   _cleanup_ptr
2000020c   _dtors_ptr
20000210   main_func_sp
ffffffff   __binit__
ffffffff   __c_args__
ffffffff   binit
UNDEFED    SHT$$INIT_ARRAY$$Base
UNDEFED    SHT$$INIT_ARRAY$$Limit

[56 symbols]
