******************************************************************************
                  TI ARM Linker PC v5.0.4                      
******************************************************************************
>> Linked Wed Mar 11 14:53:33 2015

OUTPUT FILE NAME:   <013_Cubo y pulsador2.out>
ENTRY POINT SYMBOL: "_c_int00"  address: 000009b5


MEMORY CONFIGURATION

         name            origin    length      used     unused   attr    fill
----------------------  --------  ---------  --------  --------  ----  --------
  FLASH                 00000000   00040000  00000e6e  0003f192  R  X
  SRAM                  20000000   00008000  00000480  00007b80  RW X


SEGMENT ALLOCATION MAP

run origin  load origin   length   init length attrs members
----------  ----------- ---------- ----------- ----- -------
00000000    00000000    00000e70   00000e70    r-x
  00000000    00000000    0000026c   0000026c    r-- .intvecs
  0000026c    0000026c    000009a2   000009a2    r-x .text
  00000c10    00000c10    00000228   00000228    r-- .const
  00000e38    00000e38    00000038   00000038    r-- .cinit
20000000    20000000    0000046c   00000000    rw-
  20000000    20000000    0000026c   00000000    rw- .vtable
  2000026c    2000026c    00000200   00000000    rw- .stack
2000046c    2000046c    00000014   00000014    rw-
  2000046c    2000046c    00000014   00000014    rw- .data


SECTION ALLOCATION MAP

 output                                  attributes/
section   page    origin      length       input sections
--------  ----  ----------  ----------   ----------------
.intvecs   0    00000000    0000026c     
                  00000000    0000026c     startup_ccs.obj (.intvecs)

.init_array 
*          0    00000000    00000000     UNINITIALIZED

.text      0    0000026c    000009a2     
                  0000026c    000002e4     main.obj (.text)
                  00000550    00000130     driverlib.lib : gpio.obj (.text:GPIOPadConfigSet)
                  00000680    000000f0                   : sysctl.obj (.text:SysCtlClockSet)
                  00000770    0000009c     rtsv7M4_T_le_v4SPD16_eabi.lib : memcpy_t2.obj (.text)
                  0000080c    00000094                                   : auto_init.obj (.text)
                  000008a0    00000060     driverlib.lib : interrupt.obj (.text:IntEnable)
                  00000900    0000005e     rtsv7M4_T_le_v4SPD16_eabi.lib : copy_decompress_rle.obj (.text)
                  0000095e    00000056     driverlib.lib : gpio.obj (.text:GPIOIntTypeSet)
                  000009b4    00000048     rtsv7M4_T_le_v4SPD16_eabi.lib : boot.obj (.text)
                  000009fc    00000044                                   : cpy_tbl.obj (.text)
                  00000a40    00000040     driverlib.lib : gpio.obj (.text:_GPIOIntNumberGet)
                  00000a80    00000040     rtsv7M4_T_le_v4SPD16_eabi.lib : exit.obj (.text)
                  00000ac0    00000034     driverlib.lib : interrupt.obj (.text:IntRegister)
                  00000af4    00000034                   : sysctl.obj (.text:SysCtlPeripheralEnable)
                  00000b28    0000002a                   : gpio.obj (.text:GPIODirModeSet)
                  00000b52    00000018                   : gpio.obj (.text:GPIOIntRegister)
                  00000b6a    00000002     --HOLE-- [fill = 0]
                  00000b6c    00000018     rtsv7M4_T_le_v4SPD16_eabi.lib : args_main.obj (.text)
                  00000b84    00000014                                   : _lock.obj (.text)
                  00000b98    00000012     driverlib.lib : gpio.obj (.text:GPIOPinTypeGPIOInput)
                  00000baa    00000012     rtsv7M4_T_le_v4SPD16_eabi.lib : copy_zero_init.obj (.text:decompress:ZI)
                  00000bbc    0000000e     driverlib.lib : gpio.obj (.text:GPIOIntStatus)
                  00000bca    0000000e     rtsv7M4_T_le_v4SPD16_eabi.lib : copy_decompress_none.obj (.text:decompress:none)
                  00000bd8    0000000c     driverlib.lib : gpio.obj (.text:GPIOIntEnable)
                  00000be4    0000000c     startup_ccs.obj (.text)
                  00000bf0    00000006     driverlib.lib : gpio.obj (.text:GPIOIntClear)
                  00000bf6    00000006                   : gpio.obj (.text:GPIOPinRead)
                  00000bfc    00000006                   : gpio.obj (.text:GPIOPinWrite)
                  00000c02    00000006                   : sysctl.obj (.text:SysCtlDelay)
                  00000c08    00000006     rtsv7M4_T_le_v4SPD16_eabi.lib : copy_decompress_rle.obj (.text:decompress:rle24)

.const     0    00000c10    00000228     
                  00000c10    000000c0     driverlib.lib : gpio.obj (.const:g_ppui32GPIOIntMapBlizzard)
                  00000cd0    000000c0                   : gpio.obj (.const:g_ppui32GPIOIntMapSnowflake)
                  00000d90    00000070                   : interrupt.obj (.const)
                  00000e00    00000038     main.obj (.const)

.cinit     0    00000e38    00000038     
                  00000e38    0000000f     (.cinit..data.load) [load image, compression = rle]
                  00000e47    00000001     --HOLE-- [fill = 0]
                  00000e48    0000000c     (__TI_handler_table)
                  00000e54    00000004     --HOLE-- [fill = 0]
                  00000e58    00000008     (.cinit..vtable.load) [load image, compression = zero_init]
                  00000e60    00000010     (__TI_cinit_table)

.vtable    0    20000000    0000026c     UNINITIALIZED
                  20000000    0000026c     driverlib.lib : interrupt.obj (.vtable)

.stack     0    2000026c    00000200     UNINITIALIZED
                  2000026c    00000200     --HOLE--

.data      0    2000046c    00000014     
                  2000046c    00000008     rtsv7M4_T_le_v4SPD16_eabi.lib : _lock.obj (.data)
                  20000474    00000008                                   : exit.obj (.data)
                  2000047c    00000004                                   : stkdepth_vars.obj (.data)


LINKER GENERATED COPY TABLES

__TI_cinit_table @ 00000e60 records: 2, size/record: 8, table size: 16
	.data: load addr=00000e38, load size=0000000f bytes, run addr=2000046c, run size=00000014 bytes, compression=rle
	.vtable: load addr=00000e58, load size=00000008 bytes, run addr=20000000, run size=0000026c bytes, compression=zero_init


LINKER GENERATED HANDLER TABLE

__TI_handler_table @ 00000e48 records: 3, size/record: 4, table size: 12
	index: 0, handler: __TI_zero_init
	index: 1, handler: __TI_decompress_rle24
	index: 2, handler: __TI_decompress_none


GLOBAL SYMBOLS: SORTED ALPHABETICALLY BY Name 

address    name
--------   ----
00000a81   C$$EXIT
00000e00   COL_1
00000e04   COL_2
00000e08   COL_3
00000e0c   COL_4
00000e10   COL_5
00000e14   COL_6
00000e18   COL_7
00000e1c   COL_8
00000e20   COL_9
00000e30   COL_ALL
00000e24   FIL_1
00000e28   FIL_2
00000e2c   FIL_3
00000e34   FIL_ALL
00000b29   GPIODirModeSet
00000bf1   GPIOIntClear
00000bd9   GPIOIntEnable
00000b53   GPIOIntRegister
00000bbd   GPIOIntStatus
0000095f   GPIOIntTypeSet
00000551   GPIOPadConfigSet
00000bf7   GPIOPinRead
00000b99   GPIOPinTypeGPIOInput
00000bfd   GPIOPinWrite
000008a1   IntEnable
00000ac1   IntRegister
0000043d   PortIntHandler
00000be5   ResetISR
UNDEFED    SHT$$INIT_ARRAY$$Base
UNDEFED    SHT$$INIT_ARRAY$$Limit
00000681   SysCtlClockSet
00000c03   SysCtlDelay
00000af5   SysCtlPeripheralEnable
2000046c   __STACK_END
00000200   __STACK_SIZE
2000046c   __STACK_TOP
00000e60   __TI_CINIT_Base
00000e70   __TI_CINIT_Limit
00000e48   __TI_Handler_Table_Base
00000e54   __TI_Handler_Table_Limit
00000001   __TI_args_main
0000080d   __TI_auto_init
00000bcb   __TI_decompress_none
00000c09   __TI_decompress_rle24
00000000   __TI_static_base__
00000bab   __TI_zero_init
00000771   __aeabi_memcpy
00000771   __aeabi_memcpy4
00000771   __aeabi_memcpy8
ffffffff   __binit__
ffffffff   __c_args__
2000026c   __stack
00000b6d   _args_main
000009b5   _c_int00
20000474   _cleanup_ptr
20000478   _dtors_ptr
2000046c   _lock
00000b93   _nop
00000b8b   _register_lock
00000b85   _register_unlock
20000470   _unlock
00000a85   abort
0000026d   apagar
ffffffff   binit
000009fd   copy_in
00000a8d   exit
20000000   g_pfnRAMVectors
00000000   g_pfnVectors
000004a9   main
2000047c   main_func_sp
00000771   memcpy
00000297   segundo_efecto
000003a3   tercer_efecto


GLOBAL SYMBOLS: SORTED BY Symbol Address 

address    name
--------   ----
00000000   __TI_static_base__
00000000   g_pfnVectors
00000001   __TI_args_main
00000200   __STACK_SIZE
0000026d   apagar
00000297   segundo_efecto
000003a3   tercer_efecto
0000043d   PortIntHandler
000004a9   main
00000551   GPIOPadConfigSet
00000681   SysCtlClockSet
00000771   __aeabi_memcpy
00000771   __aeabi_memcpy4
00000771   __aeabi_memcpy8
00000771   memcpy
0000080d   __TI_auto_init
000008a1   IntEnable
0000095f   GPIOIntTypeSet
000009b5   _c_int00
000009fd   copy_in
00000a81   C$$EXIT
00000a85   abort
00000a8d   exit
00000ac1   IntRegister
00000af5   SysCtlPeripheralEnable
00000b29   GPIODirModeSet
00000b53   GPIOIntRegister
00000b6d   _args_main
00000b85   _register_unlock
00000b8b   _register_lock
00000b93   _nop
00000b99   GPIOPinTypeGPIOInput
00000bab   __TI_zero_init
00000bbd   GPIOIntStatus
00000bcb   __TI_decompress_none
00000bd9   GPIOIntEnable
00000be5   ResetISR
00000bf1   GPIOIntClear
00000bf7   GPIOPinRead
00000bfd   GPIOPinWrite
00000c03   SysCtlDelay
00000c09   __TI_decompress_rle24
00000e00   COL_1
00000e04   COL_2
00000e08   COL_3
00000e0c   COL_4
00000e10   COL_5
00000e14   COL_6
00000e18   COL_7
00000e1c   COL_8
00000e20   COL_9
00000e24   FIL_1
00000e28   FIL_2
00000e2c   FIL_3
00000e30   COL_ALL
00000e34   FIL_ALL
00000e48   __TI_Handler_Table_Base
00000e54   __TI_Handler_Table_Limit
00000e60   __TI_CINIT_Base
00000e70   __TI_CINIT_Limit
20000000   g_pfnRAMVectors
2000026c   __stack
2000046c   __STACK_END
2000046c   __STACK_TOP
2000046c   _lock
20000470   _unlock
20000474   _cleanup_ptr
20000478   _dtors_ptr
2000047c   main_func_sp
ffffffff   __binit__
ffffffff   __c_args__
ffffffff   binit
UNDEFED    SHT$$INIT_ARRAY$$Base
UNDEFED    SHT$$INIT_ARRAY$$Limit

[74 symbols]
