******************************************************************************
                  TI ARM Linker PC v5.0.4                      
******************************************************************************
>> Linked Wed Mar 11 01:12:53 2015

OUTPUT FILE NAME:   <011_Pulsador e Interrupciones2.out>
ENTRY POINT SYMBOL: "_c_int00"  address: 00002f99


MEMORY CONFIGURATION

         name            origin    length      used     unused   attr    fill
----------------------  --------  ---------  --------  --------  ----  --------
  FLASH                 00000000   00040000  0000374c  0003c8b4  R  X
  SRAM                  20000000   00008000  0000082c  000077d4  RW X


SEGMENT ALLOCATION MAP

run origin  load origin   length   init length attrs members
----------  ----------- ---------- ----------- ----- -------
00000000    00000000    00003750   00003750    r-x
  00000000    00000000    0000026c   0000026c    r-- .intvecs
  0000026c    0000026c    0000313c   0000313c    r-x .text
  000033a8    000033a8    000002f4   000002f4    r-- .const
  000036a0    000036a0    000000b0   000000b0    r-- .cinit
20000000    20000000    0000046c   00000000    rw-
  20000000    20000000    0000026c   00000000    rw- .vtable
  2000026c    2000026c    00000200   00000000    rw- .stack
2000046c    2000046c    000003b8   000001f0    rw-
  2000046c    2000046c    000001f0   000001f0    rw- .data
  2000065c    2000065c    000001c8   00000000    rw- .bss
20000828    20000828    00000008   00000000    rw-
  20000828    20000828    00000008   00000000    rw- .sysmem


SECTION ALLOCATION MAP

 output                                  attributes/
section   page    origin      length       input sections
--------  ----  ----------  ----------   ----------------
.intvecs   0    00000000    0000026c     
                  00000000    0000026c     startup_ccs.obj (.intvecs)

.init_array 
*          0    00000000    00000000     UNINITIALIZED

.text      0    0000026c    0000313c     
                  0000026c    00000e9e     rtsv7M4_T_le_v4SPD16_eabi.lib : _printfi.obj (.text)
                  0000110a    00000002     --HOLE-- [fill = 0]
                  0000110c    000003d8                                   : memory.obj (.text)
                  000014e4    00000378                                   : lowlev.obj (.text)
                  0000185c    000002e4                                   : trgdrv.obj (.text)
                  00001b40    000001f4                                   : ull_div_t2.obj (.text)
                  00001d34    000001c0                                   : fopen.obj (.text)
                  00001ef4    000001b6                                   : fd_add_t2.obj (.text)
                  000020aa    00000136                                   : fd_div_t2.obj (.text)
                  000021e0    00000130     driverlib.lib : gpio.obj (.text:GPIOPadConfigSet)
                  00002310    00000130     rtsv7M4_T_le_v4SPD16_eabi.lib : fputs.obj (.text)
                  00002440    00000118     main.obj (.text)
                  00002558    000000fc     rtsv7M4_T_le_v4SPD16_eabi.lib : fd_mul_t2.obj (.text)
                  00002654    000000f0     driverlib.lib : sysctl.obj (.text:SysCtlClockSet)
                  00002744    000000cc     rtsv7M4_T_le_v4SPD16_eabi.lib : setvbuf.obj (.text)
                  00002810    000000ac                                   : _io_perm.obj (.text)
                  000028bc    000000a8                                   : fflush.obj (.text)
                  00002964    0000009c                                   : fputc.obj (.text)
                  00002a00    0000009c                                   : memcpy_t2.obj (.text)
                  00002a9c    00000094                                   : auto_init.obj (.text)
                  00002b30    00000084                                   : fclose.obj (.text)
                  00002bb4    0000007e                                   : fd_cmp_t2.obj (.text)
                  00002c32    00000078                                   : memset_t2.obj (.text)
                  00002caa    00000002     --HOLE-- [fill = 0]
                  00002cac    00000070                                   : printf.obj (.text)
                  00002d1c    00000064                                   : fseek.obj (.text)
                  00002d80    00000060     driverlib.lib : interrupt.obj (.text:IntEnable)
                  00002de0    00000060     rtsv7M4_T_le_v4SPD16_eabi.lib : trgmsg.obj (.text)
                  00002e40    0000005e                                   : copy_decompress_rle.obj (.text)
                  00002e9e    00000056     driverlib.lib : gpio.obj (.text:GPIOIntTypeSet)
                  00002ef4    00000056     rtsv7M4_T_le_v4SPD16_eabi.lib : ltoa.obj (.text)
                  00002f4a    00000002     --HOLE-- [fill = 0]
                  00002f4c    0000004c                                   : atoi.obj (.text)
                  00002f98    00000048                                   : boot.obj (.text)
                  00002fe0    00000048                                   : fd_toi_t2.obj (.text)
                  00003028    00000044                                   : cpy_tbl.obj (.text)
                  0000306c    00000044                                   : xdtest.obj (.text)
                  000030b0    00000040     driverlib.lib : gpio.obj (.text:_GPIOIntNumberGet)
                  000030f0    00000040     rtsv7M4_T_le_v4SPD16_eabi.lib : exit.obj (.text)
                  00003130    00000034     driverlib.lib : interrupt.obj (.text:IntRegister)
                  00003164    00000034                   : sysctl.obj (.text:SysCtlPeripheralEnable)
                  00003198    00000030     rtsv7M4_T_le_v4SPD16_eabi.lib : strncpy.obj (.text)
                  000031c8    0000002e                                   : i_tofd_t2.obj (.text)
                  000031f6    0000002a     driverlib.lib : gpio.obj (.text:GPIODirModeSet)
                  00003220    0000001c     rtsv7M4_T_le_v4SPD16_eabi.lib : memccpy.obj (.text)
                  0000323c    00000018     driverlib.lib : gpio.obj (.text:GPIOIntRegister)
                  00003254    00000018                   : gpio.obj (.text:GPIOPinTypeGPIOOutput)
                  0000326c    00000018     rtsv7M4_T_le_v4SPD16_eabi.lib : args_main.obj (.text)
                  00003284    00000018                                   : ll_mul_t2.obj (.text)
                  0000329c    00000018                                   : strcmp.obj (.text)
                  000032b4    00000016                                   : memchr.obj (.text)
                  000032ca    00000016                                   : strchr.obj (.text)
                  000032e0    00000014                                   : _lock.obj (.text)
                  000032f4    00000014                                   : strlen.obj (.text)
                  00003308    00000012     driverlib.lib : gpio.obj (.text:GPIOPinTypeGPIOInput)
                  0000331a    00000012     rtsv7M4_T_le_v4SPD16_eabi.lib : copy_zero_init.obj (.text:decompress:ZI)
                  0000332c    00000012                                   : xdclass.obj (.text)
                  0000333e    00000010                                   : strcpy.obj (.text)
                  0000334e    0000000e     driverlib.lib : gpio.obj (.text:GPIOIntDisable)
                  0000335c    0000000e                   : gpio.obj (.text:GPIOIntStatus)
                  0000336a    0000000e     rtsv7M4_T_le_v4SPD16_eabi.lib : copy_decompress_none.obj (.text:decompress:none)
                  00003378    0000000c     driverlib.lib : gpio.obj (.text:GPIOIntEnable)
                  00003384    0000000c     startup_ccs.obj (.text)
                  00003390    00000006     driverlib.lib : gpio.obj (.text:GPIOIntClear)
                  00003396    00000006                   : gpio.obj (.text:GPIOPinWrite)
                  0000339c    00000006                   : sysctl.obj (.text:SysCtlDelay)
                  000033a2    00000006     rtsv7M4_T_le_v4SPD16_eabi.lib : copy_decompress_rle.obj (.text:decompress:rle24)

.const     0    000033a8    000002f4     
                  000033a8    00000101     rtsv7M4_T_le_v4SPD16_eabi.lib : ctype.obj (.const:.string:_ctypes_)
                  000034a9    00000003     --HOLE-- [fill = 0]
                  000034ac    000000c0     driverlib.lib : gpio.obj (.const:g_ppui32GPIOIntMapBlizzard)
                  0000356c    000000c0                   : gpio.obj (.const:g_ppui32GPIOIntMapSnowflake)
                  0000362c    00000070                   : interrupt.obj (.const)

.cinit     0    000036a0    000000b0     
                  000036a0    00000078     (.cinit..data.load) [load image, compression = rle]
                  00003718    0000000c     (__TI_handler_table)
                  00003724    00000004     --HOLE-- [fill = 0]
                  00003728    00000008     (.cinit..bss.load) [load image, compression = zero_init]
                  00003730    00000008     (.cinit..vtable.load) [load image, compression = zero_init]
                  00003738    00000018     (__TI_cinit_table)

.vtable    0    20000000    0000026c     UNINITIALIZED
                  20000000    0000026c     driverlib.lib : interrupt.obj (.vtable)

.stack     0    2000026c    00000200     UNINITIALIZED
                  2000026c    00000200     --HOLE--

.data      0    2000046c    000001f0     
                  2000046c    000000f0     rtsv7M4_T_le_v4SPD16_eabi.lib : defs.obj (.data:_ftable)
                  2000055c    000000cc                                   : lowlev.obj (.data)
                  20000628    00000010                                   : defs.obj (.data)
                  20000638    0000000c                                   : memory.obj (.data)
                  20000644    00000008                                   : _lock.obj (.data)
                  2000064c    00000008                                   : exit.obj (.data)
                  20000654    00000004                                   : fopen.obj (.data)
                  20000658    00000004                                   : stkdepth_vars.obj (.data)

.bss       0    2000065c    000001c8     UNINITIALIZED
                  2000065c    00000120     rtsv7M4_T_le_v4SPD16_eabi.lib : trgmsg.obj (.bss:__CIOBUF_)
                  2000077c    000000a0                                   : defs.obj (.bss:_tmpnams)
                  2000081c    00000008                                   : trgdrv.obj (.bss)

.sysmem    0    20000828    00000008     UNINITIALIZED
                  20000828    00000008     rtsv7M4_T_le_v4SPD16_eabi.lib : memory.obj (.sysmem)


LINKER GENERATED COPY TABLES

__TI_cinit_table @ 00003738 records: 3, size/record: 8, table size: 24
	.data: load addr=000036a0, load size=00000078 bytes, run addr=2000046c, run size=000001f0 bytes, compression=rle
	.bss: load addr=00003728, load size=00000008 bytes, run addr=2000065c, run size=000001c8 bytes, compression=zero_init
	.vtable: load addr=00003730, load size=00000008 bytes, run addr=20000000, run size=0000026c bytes, compression=zero_init


LINKER GENERATED HANDLER TABLE

__TI_handler_table @ 00003718 records: 3, size/record: 4, table size: 12
	index: 0, handler: __TI_zero_init
	index: 1, handler: __TI_decompress_rle24
	index: 2, handler: __TI_decompress_none


GLOBAL SYMBOLS: SORTED ALPHABETICALLY BY Name 

address    name
--------   ----
000030f1   C$$EXIT
00002e0b   C$$IO$$
000031f7   GPIODirModeSet
00003391   GPIOIntClear
0000334f   GPIOIntDisable
00003379   GPIOIntEnable
0000323d   GPIOIntRegister
0000335d   GPIOIntStatus
00002e9f   GPIOIntTypeSet
000021e1   GPIOPadConfigSet
00003309   GPIOPinTypeGPIOInput
00003255   GPIOPinTypeGPIOOutput
00003397   GPIOPinWrite
00001af3   HOSTclock
00001ab9   HOSTclose
00001a7b   HOSTgetenv
00001a1f   HOSTlseek
000019cf   HOSTopen
00001981   HOSTread
00001921   HOSTrename
000018e5   HOSTtime
000018ab   HOSTunlink
0000185d   HOSTwrite
00002d81   IntEnable
00003131   IntRegister
00003385   ResetISR
UNDEFED    SHT$$INIT_ARRAY$$Base
UNDEFED    SHT$$INIT_ARRAY$$Limit
00002655   SysCtlClockSet
0000339d   SysCtlDelay
00003165   SysCtlPeripheralEnable
0000332d   _Dclass
0000306d   _Dtest
2000065c   __CIOBUF_
2000046c   __STACK_END
00000200   __STACK_SIZE
2000046c   __STACK_TOP
00000008   __SYSMEM_SIZE
00003738   __TI_CINIT_Base
00003750   __TI_CINIT_Limit
00003718   __TI_Handler_Table_Base
00003724   __TI_Handler_Table_Limit
00000001   __TI_args_main
00002a9d   __TI_auto_init
0000336b   __TI_decompress_none
000033a3   __TI_decompress_rle24
00000000   __TI_static_base__
0000331b   __TI_zero_init
00002bb5   __aeabi_cdcmpeq
00002bb5   __aeabi_cdcmple
00002fe1   __aeabi_d2iz
00001eff   __aeabi_dadd
000020ab   __aeabi_ddiv
00002559   __aeabi_dmul
00001ef5   __aeabi_dsub
000031c9   __aeabi_i2d
00003285   __aeabi_lmul
00002c33   __aeabi_memclr
00002c33   __aeabi_memclr4
00002c33   __aeabi_memclr8
00002a01   __aeabi_memcpy
00002a01   __aeabi_memcpy4
00002a01   __aeabi_memcpy8
00002c35   __aeabi_memset
00002c35   __aeabi_memset4
00002c35   __aeabi_memset8
20000634   __aeabi_stderr
2000062c   __aeabi_stdin
20000630   __aeabi_stdout
00001b41   __aeabi_uldivmod
ffffffff   __binit__
ffffffff   __c_args__
2000026c   __stack
0000326d   _args_main
00002f99   _c_int00
00001dfd   _cleanup
2000064c   _cleanup_ptr
00002b31   _closefile
000033a8   _ctypes_
000028bd   _doflush
20000650   _dtors_ptr
20000628   _ft_end
2000046c   _ftable
20000644   _lock
000032ef   _nop
00000e03   _printfi
00002873   _rd_ok
000032e7   _register_lock
000032e1   _register_unlock
20000828   _sys_memory
2000077c   _tmpnams
20000648   _unlock
00002811   _wrt_ok
000030f5   abort
000017c9   add_device
00002f4d   atoi
ffffffff   binit
000014a5   calloc
00001775   close
00003029   copy_in
000030fd   exit
00002b8b   fclose
00002909   fflush
00001e53   fopen
00002965   fputc
00002311   fputs
000011fb   free
00001e29   freopen
00002d1d   fseek
20000000   g_pfnRAMVectors
00000000   g_pfnVectors
00001727   lseek
00002ef5   ltoa
000024c9   main
20000658   main_func_sp
00001199   malloc
000013cf   memalign
00003221   memccpy
000032b5   memchr
00002a01   memcpy
00002c3b   memset
0000110d   minit
00002441   onButtonDown
00002485   onButtonUp
0000169b   open
00002cb5   printf
000029eb   putc
000029ef   putchar
00002419   puts
00001623   read
00002e0f   readmsg
000012c5   realloc
0000159b   remove
000015fb   remove_device
000015bf   rename
00002745   setvbuf
000032cb   strchr
0000329d   strcmp
0000333f   strcpy
000032f5   strlen
00003199   strncpy
0000159b   unlink
000014e5   write
00002de1   writemsg


GLOBAL SYMBOLS: SORTED BY Symbol Address 

address    name
--------   ----
00000000   __TI_static_base__
00000000   g_pfnVectors
00000001   __TI_args_main
00000008   __SYSMEM_SIZE
00000200   __STACK_SIZE
00000e03   _printfi
0000110d   minit
00001199   malloc
000011fb   free
000012c5   realloc
000013cf   memalign
000014a5   calloc
000014e5   write
0000159b   remove
0000159b   unlink
000015bf   rename
000015fb   remove_device
00001623   read
0000169b   open
00001727   lseek
00001775   close
000017c9   add_device
0000185d   HOSTwrite
000018ab   HOSTunlink
000018e5   HOSTtime
00001921   HOSTrename
00001981   HOSTread
000019cf   HOSTopen
00001a1f   HOSTlseek
00001a7b   HOSTgetenv
00001ab9   HOSTclose
00001af3   HOSTclock
00001b41   __aeabi_uldivmod
00001dfd   _cleanup
00001e29   freopen
00001e53   fopen
00001ef5   __aeabi_dsub
00001eff   __aeabi_dadd
000020ab   __aeabi_ddiv
000021e1   GPIOPadConfigSet
00002311   fputs
00002419   puts
00002441   onButtonDown
00002485   onButtonUp
000024c9   main
00002559   __aeabi_dmul
00002655   SysCtlClockSet
00002745   setvbuf
00002811   _wrt_ok
00002873   _rd_ok
000028bd   _doflush
00002909   fflush
00002965   fputc
000029eb   putc
000029ef   putchar
00002a01   __aeabi_memcpy
00002a01   __aeabi_memcpy4
00002a01   __aeabi_memcpy8
00002a01   memcpy
00002a9d   __TI_auto_init
00002b31   _closefile
00002b8b   fclose
00002bb5   __aeabi_cdcmpeq
00002bb5   __aeabi_cdcmple
00002c33   __aeabi_memclr
00002c33   __aeabi_memclr4
00002c33   __aeabi_memclr8
00002c35   __aeabi_memset
00002c35   __aeabi_memset4
00002c35   __aeabi_memset8
00002c3b   memset
00002cb5   printf
00002d1d   fseek
00002d81   IntEnable
00002de1   writemsg
00002e0b   C$$IO$$
00002e0f   readmsg
00002e9f   GPIOIntTypeSet
00002ef5   ltoa
00002f4d   atoi
00002f99   _c_int00
00002fe1   __aeabi_d2iz
00003029   copy_in
0000306d   _Dtest
000030f1   C$$EXIT
000030f5   abort
000030fd   exit
00003131   IntRegister
00003165   SysCtlPeripheralEnable
00003199   strncpy
000031c9   __aeabi_i2d
000031f7   GPIODirModeSet
00003221   memccpy
0000323d   GPIOIntRegister
00003255   GPIOPinTypeGPIOOutput
0000326d   _args_main
00003285   __aeabi_lmul
0000329d   strcmp
000032b5   memchr
000032cb   strchr
000032e1   _register_unlock
000032e7   _register_lock
000032ef   _nop
000032f5   strlen
00003309   GPIOPinTypeGPIOInput
0000331b   __TI_zero_init
0000332d   _Dclass
0000333f   strcpy
0000334f   GPIOIntDisable
0000335d   GPIOIntStatus
0000336b   __TI_decompress_none
00003379   GPIOIntEnable
00003385   ResetISR
00003391   GPIOIntClear
00003397   GPIOPinWrite
0000339d   SysCtlDelay
000033a3   __TI_decompress_rle24
000033a8   _ctypes_
00003718   __TI_Handler_Table_Base
00003724   __TI_Handler_Table_Limit
00003738   __TI_CINIT_Base
00003750   __TI_CINIT_Limit
20000000   g_pfnRAMVectors
2000026c   __stack
2000046c   __STACK_END
2000046c   __STACK_TOP
2000046c   _ftable
20000628   _ft_end
2000062c   __aeabi_stdin
20000630   __aeabi_stdout
20000634   __aeabi_stderr
20000644   _lock
20000648   _unlock
2000064c   _cleanup_ptr
20000650   _dtors_ptr
20000658   main_func_sp
2000065c   __CIOBUF_
2000077c   _tmpnams
20000828   _sys_memory
ffffffff   __binit__
ffffffff   __c_args__
ffffffff   binit
UNDEFED    SHT$$INIT_ARRAY$$Base
UNDEFED    SHT$$INIT_ARRAY$$Limit

[144 symbols]
