******************************************************************************
                  TI ARM Linker PC v5.0.4                      
******************************************************************************
>> Linked Tue Mar 31 01:40:08 2015

OUTPUT FILE NAME:   <023_Teclado_Matricial.out>
ENTRY POINT SYMBOL: "_c_int00"  address: 00000b01


MEMORY CONFIGURATION

         name            origin    length      used     unused   attr    fill
----------------------  --------  ---------  --------  --------  ----  --------
  FLASH                 00000000   00040000  00000e18  0003f1e8  R  X
  SRAM                  20000000   00008000  00000218  00007de8  RW X


SEGMENT ALLOCATION MAP

run origin  load origin   length   init length attrs members
----------  ----------- ---------- ----------- ----- -------
00000000    00000000    00000e18   00000e18    r-x
  00000000    00000000    0000026c   0000026c    r-- .intvecs
  0000026c    0000026c    00000a98   00000a98    r-x .text
  00000d04    00000d04    000000dc   000000dc    r-- .const
  00000de0    00000de0    00000038   00000038    r-- .cinit
20000000    20000000    00000200   00000000    rw-
  20000000    20000000    00000200   00000000    rw- .stack
20000200    20000200    00000018   00000014    rw-
  20000200    20000200    00000014   00000014    rw- .data
  20000214    20000214    00000004   00000000    rw- .bss


SECTION ALLOCATION MAP

 output                                  attributes/
section   page    origin      length       input sections
--------  ----  ----------  ----------   ----------------
.intvecs   0    00000000    0000026c     
                  00000000    0000026c     startup_ccs.obj (.intvecs)

.init_array 
*          0    00000000    00000000     UNINITIALIZED

.text      0    0000026c    00000a98     
                  0000026c    00000318     main.obj (.text)
                  00000584    00000130     driverlib.lib : gpio.obj (.text:GPIOPadConfigSet)
                  000006b4    00000118                   : sysctl.obj (.text:SysCtlClockGet)
                  000007cc    000000f0                   : sysctl.obj (.text:SysCtlClockSet)
                  000008bc    0000009c     rtsv7M4_T_le_v4SPD16_eabi.lib : memcpy_t2.obj (.text)
                  00000958    00000094                                   : auto_init.obj (.text)
                  000009ec    00000060     driverlib.lib : interrupt.obj (.text:IntEnable)
                  00000a4c    0000005e     rtsv7M4_T_le_v4SPD16_eabi.lib : copy_decompress_rle.obj (.text)
                  00000aaa    00000056     driverlib.lib : gpio.obj (.text:GPIOIntTypeSet)
                  00000b00    00000048     rtsv7M4_T_le_v4SPD16_eabi.lib : boot.obj (.text)
                  00000b48    00000044                                   : cpy_tbl.obj (.text)
                  00000b8c    00000040                                   : exit.obj (.text)
                  00000bcc    00000034     driverlib.lib : sysctl.obj (.text:SysCtlPeripheralEnable)
                  00000c00    0000002a                   : gpio.obj (.text:GPIODirModeSet)
                  00000c2a    00000018                   : gpio.obj (.text:GPIOPinTypeGPIOOutput)
                  00000c42    00000002     --HOLE-- [fill = 0]
                  00000c44    00000018     rtsv7M4_T_le_v4SPD16_eabi.lib : args_main.obj (.text)
                  00000c5c    00000014                                   : _lock.obj (.text)
                  00000c70    00000012     driverlib.lib : gpio.obj (.text:GPIOPinTypeGPIOInput)
                  00000c82    00000012     rtsv7M4_T_le_v4SPD16_eabi.lib : copy_zero_init.obj (.text:decompress:ZI)
                  00000c94    0000000e                                   : copy_decompress_none.obj (.text:decompress:none)
                  00000ca2    0000000c     driverlib.lib : cpu.obj (.text:CPUcpsid)
                  00000cae    0000000c                   : cpu.obj (.text:CPUcpsie)
                  00000cba    0000000c                   : gpio.obj (.text:GPIOIntEnable)
                  00000cc6    0000000c     startup_ccs.obj (.text)
                  00000cd2    0000000a     driverlib.lib : interrupt.obj (.text:IntMasterDisable)
                  00000cdc    0000000a                   : interrupt.obj (.text:IntMasterEnable)
                  00000ce6    00000006                   : gpio.obj (.text:GPIOIntClear)
                  00000cec    00000006                   : gpio.obj (.text:GPIOPinRead)
                  00000cf2    00000006                   : gpio.obj (.text:GPIOPinWrite)
                  00000cf8    00000006                   : sysctl.obj (.text:SysCtlDelay)
                  00000cfe    00000006     rtsv7M4_T_le_v4SPD16_eabi.lib : copy_decompress_rle.obj (.text:decompress:rle24)

.const     0    00000d04    000000dc     
                  00000d04    00000070     driverlib.lib : interrupt.obj (.const)
                  00000d74    0000006c                   : sysctl.obj (.const:g_pui32Xtals)

.cinit     0    00000de0    00000038     
                  00000de0    0000000f     (.cinit..data.load) [load image, compression = rle]
                  00000def    00000001     --HOLE-- [fill = 0]
                  00000df0    0000000c     (__TI_handler_table)
                  00000dfc    00000004     --HOLE-- [fill = 0]
                  00000e00    00000008     (.cinit..bss.load) [load image, compression = zero_init]
                  00000e08    00000010     (__TI_cinit_table)

.stack     0    20000000    00000200     UNINITIALIZED
                  20000000    00000200     --HOLE--

.data      0    20000200    00000014     
                  20000200    00000008     rtsv7M4_T_le_v4SPD16_eabi.lib : _lock.obj (.data)
                  20000208    00000008                                   : exit.obj (.data)
                  20000210    00000004                                   : stkdepth_vars.obj (.data)

.bss       0    20000214    00000004     UNINITIALIZED
                  20000214    00000004     main.obj (.bss)


LINKER GENERATED COPY TABLES

__TI_cinit_table @ 00000e08 records: 2, size/record: 8, table size: 16
	.data: load addr=00000de0, load size=0000000f bytes, run addr=20000200, run size=00000014 bytes, compression=rle
	.bss: load addr=00000e00, load size=00000008 bytes, run addr=20000214, run size=00000004 bytes, compression=zero_init


LINKER GENERATED HANDLER TABLE

__TI_handler_table @ 00000df0 records: 3, size/record: 4, table size: 12
	index: 0, handler: __TI_decompress_rle24
	index: 1, handler: __TI_decompress_none
	index: 2, handler: __TI_zero_init


GLOBAL SYMBOLS: SORTED ALPHABETICALLY BY Name 

address    name
--------   ----
00000b8d   C$$EXIT
00000ca3   CPUcpsid
00000caf   CPUcpsie
00000c01   GPIODirModeSet
00000ce7   GPIOIntClear
00000cbb   GPIOIntEnable
00000aab   GPIOIntTypeSet
00000585   GPIOPadConfigSet
00000ced   GPIOPinRead
00000c71   GPIOPinTypeGPIOInput
00000c2b   GPIOPinTypeGPIOOutput
00000cf3   GPIOPinWrite
000009ed   IntEnable
00000cd3   IntMasterDisable
00000cdd   IntMasterEnable
00000cc7   ResetISR
UNDEFED    SHT$$INIT_ARRAY$$Base
UNDEFED    SHT$$INIT_ARRAY$$Limit
000006b5   SysCtlClockGet
000007cd   SysCtlClockSet
00000cf9   SysCtlDelay
00000bcd   SysCtlPeripheralEnable
20000200   __STACK_END
00000200   __STACK_SIZE
20000200   __STACK_TOP
00000e08   __TI_CINIT_Base
00000e18   __TI_CINIT_Limit
00000df0   __TI_Handler_Table_Base
00000dfc   __TI_Handler_Table_Limit
00000001   __TI_args_main
00000959   __TI_auto_init
00000c95   __TI_decompress_none
00000cff   __TI_decompress_rle24
00000000   __TI_static_base__
00000c83   __TI_zero_init
000008bd   __aeabi_memcpy
000008bd   __aeabi_memcpy4
000008bd   __aeabi_memcpy8
ffffffff   __binit__
ffffffff   __c_args__
20000000   __stack
00000c45   _args_main
00000b01   _c_int00
20000208   _cleanup_ptr
2000020c   _dtors_ptr
20000200   _lock
00000c6b   _nop
00000c63   _register_lock
00000c5d   _register_unlock
20000204   _unlock
00000b91   abort
ffffffff   binit
00000b49   copy_in
00000b99   exit
00000000   g_pfnVectors
00000521   main
20000210   main_func_sp
000008bd   memcpy
00000351   scan_key
0000026d   setup


GLOBAL SYMBOLS: SORTED BY Symbol Address 

address    name
--------   ----
00000000   __TI_static_base__
00000000   g_pfnVectors
00000001   __TI_args_main
00000200   __STACK_SIZE
0000026d   setup
00000351   scan_key
00000521   main
00000585   GPIOPadConfigSet
000006b5   SysCtlClockGet
000007cd   SysCtlClockSet
000008bd   __aeabi_memcpy
000008bd   __aeabi_memcpy4
000008bd   __aeabi_memcpy8
000008bd   memcpy
00000959   __TI_auto_init
000009ed   IntEnable
00000aab   GPIOIntTypeSet
00000b01   _c_int00
00000b49   copy_in
00000b8d   C$$EXIT
00000b91   abort
00000b99   exit
00000bcd   SysCtlPeripheralEnable
00000c01   GPIODirModeSet
00000c2b   GPIOPinTypeGPIOOutput
00000c45   _args_main
00000c5d   _register_unlock
00000c63   _register_lock
00000c6b   _nop
00000c71   GPIOPinTypeGPIOInput
00000c83   __TI_zero_init
00000c95   __TI_decompress_none
00000ca3   CPUcpsid
00000caf   CPUcpsie
00000cbb   GPIOIntEnable
00000cc7   ResetISR
00000cd3   IntMasterDisable
00000cdd   IntMasterEnable
00000ce7   GPIOIntClear
00000ced   GPIOPinRead
00000cf3   GPIOPinWrite
00000cf9   SysCtlDelay
00000cff   __TI_decompress_rle24
00000df0   __TI_Handler_Table_Base
00000dfc   __TI_Handler_Table_Limit
00000e08   __TI_CINIT_Base
00000e18   __TI_CINIT_Limit
20000000   __stack
20000200   __STACK_END
20000200   __STACK_TOP
20000200   _lock
20000204   _unlock
20000208   _cleanup_ptr
2000020c   _dtors_ptr
20000210   main_func_sp
ffffffff   __binit__
ffffffff   __c_args__
ffffffff   binit
UNDEFED    SHT$$INIT_ARRAY$$Base
UNDEFED    SHT$$INIT_ARRAY$$Limit

[60 symbols]
