******************************************************************************
                  TI ARM Linker PC v5.0.4                      
******************************************************************************
>> Linked Mon Mar 02 22:16:02 2015

OUTPUT FILE NAME:   <project0.out>
ENTRY POINT SYMBOL: "_c_int00"  address: 00000665


MEMORY CONFIGURATION

         name            origin    length      used     unused   attr    fill
----------------------  --------  ---------  --------  --------  ----  --------
  FLASH                 00000000   00040000  0000081c  0003f7e4  R  X
  SRAM                  20000000   00008000  00000114  00007eec  RW X


SEGMENT ALLOCATION MAP

run origin  load origin   length   init length attrs members
----------  ----------- ---------- ----------- ----- -------
00000000    00000000    00000820   00000820    r-x
  00000000    00000000    0000026c   0000026c    r-- .intvecs
  0000026c    0000026c    00000590   00000590    r-x .text
  00000800    00000800    00000020   00000020    r-- .cinit
20000000    20000000    00000100   00000000    rw-
  20000000    20000000    00000100   00000000    rw- .stack
20000100    20000100    00000014   00000014    rw-
  20000100    20000100    00000014   00000014    rw- .data


SECTION ALLOCATION MAP

 output                                  attributes/
section   page    origin      length       input sections
--------  ----  ----------  ----------   ----------------
.intvecs   0    00000000    0000026c     
                  00000000    0000026c     startup_ccs.obj (.intvecs)

.init_array 
*          0    00000000    00000000     UNINITIALIZED

.text      0    0000026c    00000590     
                  0000026c    00000130     driverlib.lib : gpio.obj (.text:GPIOPadConfigSet)
                  0000039c    000000f0                   : sysctl.obj (.text:SysCtlClockSet)
                  0000048c    0000009c     rtsv7M4_T_le_v4SPD16_eabi.lib : memcpy_t2.obj (.text)
                  00000528    00000094                                   : auto_init.obj (.text)
                  000005bc    0000005e                                   : copy_decompress_rle.obj (.text)
                  0000061a    00000002     startup_ccs.obj (.text:FaultISR)
                  0000061c    00000048     project0.obj (.text:main)
                  00000664    00000048     rtsv7M4_T_le_v4SPD16_eabi.lib : boot.obj (.text)
                  000006ac    00000044                                   : cpy_tbl.obj (.text)
                  000006f0    00000040                                   : exit.obj (.text)
                  00000730    00000034     driverlib.lib : sysctl.obj (.text:SysCtlPeripheralEnable)
                  00000764    0000002a                   : gpio.obj (.text:GPIODirModeSet)
                  0000078e    00000018                   : gpio.obj (.text:GPIOPinTypeGPIOOutput)
                  000007a6    00000002     startup_ccs.obj (.text:IntDefaultHandler)
                  000007a8    00000018     rtsv7M4_T_le_v4SPD16_eabi.lib : args_main.obj (.text)
                  000007c0    00000014                                   : _lock.obj (.text)
                  000007d4    0000000e                                   : copy_decompress_none.obj (.text:decompress:none)
                  000007e2    00000006     driverlib.lib : gpio.obj (.text:GPIOPinWrite)
                  000007e8    00000006     startup_ccs.obj (.text:ResetISR)
                  000007ee    00000006     driverlib.lib : sysctl.obj (.text:SysCtlDelay)
                  000007f4    00000006     rtsv7M4_T_le_v4SPD16_eabi.lib : copy_decompress_rle.obj (.text:decompress:rle24)
                  000007fa    00000002     startup_ccs.obj (.text:NmiSR)

.cinit     0    00000800    00000020     
                  00000800    0000000f     (.cinit..data.load) [load image, compression = rle]
                  0000080f    00000001     --HOLE-- [fill = 0]
                  00000810    00000008     (__TI_handler_table)
                  00000818    00000008     (__TI_cinit_table)

.stack     0    20000000    00000100     UNINITIALIZED
                  20000000    00000100     --HOLE--

.data      0    20000100    00000014     
                  20000100    00000008     rtsv7M4_T_le_v4SPD16_eabi.lib : _lock.obj (.data)
                  20000108    00000008                                   : exit.obj (.data)
                  20000110    00000004                                   : stkdepth_vars.obj (.data)


LINKER GENERATED COPY TABLES

__TI_cinit_table @ 00000818 records: 1, size/record: 8, table size: 8
	.data: load addr=00000800, load size=0000000f bytes, run addr=20000100, run size=00000014 bytes, compression=rle


LINKER GENERATED HANDLER TABLE

__TI_handler_table @ 00000810 records: 2, size/record: 4, table size: 8
	index: 0, handler: __TI_decompress_rle24
	index: 1, handler: __TI_decompress_none


GLOBAL SYMBOLS: SORTED ALPHABETICALLY BY Name 

address    name
--------   ----
000006f1   C$$EXIT
00000765   GPIODirModeSet
0000026d   GPIOPadConfigSet
0000078f   GPIOPinTypeGPIOOutput
000007e3   GPIOPinWrite
000007e9   ResetISR
UNDEFED    SHT$$INIT_ARRAY$$Base
UNDEFED    SHT$$INIT_ARRAY$$Limit
0000039d   SysCtlClockSet
000007ef   SysCtlDelay
00000731   SysCtlPeripheralEnable
20000100   __STACK_END
00000100   __STACK_SIZE
20000100   __STACK_TOP
00000818   __TI_CINIT_Base
00000820   __TI_CINIT_Limit
00000810   __TI_Handler_Table_Base
00000818   __TI_Handler_Table_Limit
00000001   __TI_args_main
00000529   __TI_auto_init
000007d5   __TI_decompress_none
000007f5   __TI_decompress_rle24
00000000   __TI_static_base__
0000048d   __aeabi_memcpy
0000048d   __aeabi_memcpy4
0000048d   __aeabi_memcpy8
ffffffff   __binit__
ffffffff   __c_args__
20000000   __stack
000007a9   _args_main
00000665   _c_int00
20000108   _cleanup_ptr
2000010c   _dtors_ptr
20000100   _lock
000007cf   _nop
000007c7   _register_lock
000007c1   _register_unlock
20000104   _unlock
000006f5   abort
ffffffff   binit
000006ad   copy_in
000006fd   exit
00000000   g_pfnVectors
0000061d   main
20000110   main_func_sp
0000048d   memcpy


GLOBAL SYMBOLS: SORTED BY Symbol Address 

address    name
--------   ----
00000000   __TI_static_base__
00000000   g_pfnVectors
00000001   __TI_args_main
00000100   __STACK_SIZE
0000026d   GPIOPadConfigSet
0000039d   SysCtlClockSet
0000048d   __aeabi_memcpy
0000048d   __aeabi_memcpy4
0000048d   __aeabi_memcpy8
0000048d   memcpy
00000529   __TI_auto_init
0000061d   main
00000665   _c_int00
000006ad   copy_in
000006f1   C$$EXIT
000006f5   abort
000006fd   exit
00000731   SysCtlPeripheralEnable
00000765   GPIODirModeSet
0000078f   GPIOPinTypeGPIOOutput
000007a9   _args_main
000007c1   _register_unlock
000007c7   _register_lock
000007cf   _nop
000007d5   __TI_decompress_none
000007e3   GPIOPinWrite
000007e9   ResetISR
000007ef   SysCtlDelay
000007f5   __TI_decompress_rle24
00000810   __TI_Handler_Table_Base
00000818   __TI_CINIT_Base
00000818   __TI_Handler_Table_Limit
00000820   __TI_CINIT_Limit
20000000   __stack
20000100   __STACK_END
20000100   __STACK_TOP
20000100   _lock
20000104   _unlock
20000108   _cleanup_ptr
2000010c   _dtors_ptr
20000110   main_func_sp
ffffffff   __binit__
ffffffff   __c_args__
ffffffff   binit
UNDEFED    SHT$$INIT_ARRAY$$Base
UNDEFED    SHT$$INIT_ARRAY$$Limit

[46 symbols]
