******************************************************************************
                  TI ARM Linker PC v5.0.4                      
******************************************************************************
>> Linked Fri Apr 10 03:54:21 2015

OUTPUT FILE NAME:   <030_RX_GLCD_128x64.out>
ENTRY POINT SYMBOL: "_c_int00"  address: 000016ed


MEMORY CONFIGURATION

         name            origin    length      used     unused   attr    fill
----------------------  --------  ---------  --------  --------  ----  --------
  FLASH                 00000000   00040000  000020c8  0003df38  R  X
  SRAM                  20000000   00008000  00000a2c  000075d4  RW X


SEGMENT ALLOCATION MAP

run origin  load origin   length   init length attrs members
----------  ----------- ---------- ----------- ----- -------
00000000    00000000    000020cc   000020cc    r-x
  00000000    00000000    0000026c   0000026c    r-- .intvecs
  0000026c    0000026c    0000170c   0000170c    r-x .text
  00001978    00001978    00000354   00000354    r-- .const
  00001cd0    00001cd0    000003fc   000003fc    r-- .cinit
20000000    20000000    00000a2c   0000082c    rw-
  20000000    20000000    0000082c   0000082c    rw- .data
  2000082c    2000082c    00000200   00000000    rw- .stack


SECTION ALLOCATION MAP

 output                                  attributes/
section   page    origin      length       input sections
--------  ----  ----------  ----------   ----------------
.intvecs   0    00000000    0000026c     
                  00000000    0000026c     startup_ccs.obj (.intvecs)

.init_array 
*          0    00000000    00000000     UNINITIALIZED

.text      0    0000026c    0000170c     
                  0000026c    00000808     KS0108.obj (.text)
                  00000a74    000003e0     USART.obj (.text)
                  00000e54    000001e8     KS0108-Stellaris.obj (.text)
                  0000103c    00000130     driverlib.lib : gpio.obj (.text:GPIOPadConfigSet)
                  0000116c    00000118                   : sysctl.obj (.text:SysCtlClockGet)
                  00001284    000000f0                   : sysctl.obj (.text:SysCtlClockSet)
                  00001374    000000a4     main.obj (.text)
                  00001418    0000009c     rtsv7M4_T_le_v4SPD16_eabi.lib : memcpy_t2.obj (.text)
                  000014b4    0000009c     systick.obj (.text)
                  00001550    00000094     rtsv7M4_T_le_v4SPD16_eabi.lib : auto_init.obj (.text)
                  000015e4    00000060     driverlib.lib : interrupt.obj (.text:IntEnable)
                  00001644    0000005e     rtsv7M4_T_le_v4SPD16_eabi.lib : copy_decompress_rle.obj (.text)
                  000016a2    00000002     --HOLE-- [fill = 0]
                  000016a4    00000048     driverlib.lib : gpio.obj (.text:GPIOPinConfigure)
                  000016ec    00000048     rtsv7M4_T_le_v4SPD16_eabi.lib : boot.obj (.text)
                  00001734    00000044                                   : cpy_tbl.obj (.text)
                  00001778    00000040     driverlib.lib : uart.obj (.text:UARTConfigSetExpClk)
                  000017b8    00000040     rtsv7M4_T_le_v4SPD16_eabi.lib : exit.obj (.text)
                  000017f8    00000034     driverlib.lib : sysctl.obj (.text:SysCtlPeripheralEnable)
                  0000182c    0000002a                   : gpio.obj (.text:GPIODirModeSet)
                  00001856    00000002     --HOLE-- [fill = 0]
                  00001858    0000001c                   : uart.obj (.text:UARTDisable)
                  00001874    00000018                   : gpio.obj (.text:GPIOPinTypeGPIOOutput)
                  0000188c    00000018     rtsv7M4_T_le_v4SPD16_eabi.lib : args_main.obj (.text)
                  000018a4    00000014     driverlib.lib : uart.obj (.text:UARTEnable)
                  000018b8    00000014     rtsv7M4_T_le_v4SPD16_eabi.lib : _lock.obj (.text)
                  000018cc    00000012     driverlib.lib : gpio.obj (.text:GPIOPinTypeGPIOInput)
                  000018de    00000012                   : gpio.obj (.text:GPIOPinTypeUART)
                  000018f0    0000000e                   : uart.obj (.text:UARTCharGetNonBlocking)
                  000018fe    0000000e     rtsv7M4_T_le_v4SPD16_eabi.lib : copy_decompress_none.obj (.text:decompress:none)
                  0000190c    0000000c     driverlib.lib : cpu.obj (.text:CPUcpsie)
                  00001918    0000000c                   : uart.obj (.text:UARTCharsAvail)
                  00001924    0000000c     startup_ccs.obj (.text)
                  00001930    0000000a     driverlib.lib : interrupt.obj (.text:IntMasterEnable)
                  0000193a    0000000a                   : uart.obj (.text:UARTFIFOEnable)
                  00001944    0000000a                   : uart.obj (.text:UARTIntStatus)
                  0000194e    00000008                   : uart.obj (.text:UARTIntEnable)
                  00001956    00000006                   : gpio.obj (.text:GPIOPinRead)
                  0000195c    00000006                   : gpio.obj (.text:GPIOPinWrite)
                  00001962    00000006                   : sysctl.obj (.text:SysCtlDelay)
                  00001968    00000006                   : uart.obj (.text:UARTFIFOLevelSet)
                  0000196e    00000006     rtsv7M4_T_le_v4SPD16_eabi.lib : copy_decompress_rle.obj (.text:decompress:rle24)
                  00001974    00000004     driverlib.lib : uart.obj (.text:UARTIntClear)

.const     0    00001978    00000354     
                  00001978    000001e7     KS0108.obj (.const:.string:font5x8)
                  00001b5f    00000001     --HOLE-- [fill = 0]
                  00001b60    00000090     driverlib.lib : gpio.obj (.const:g_pui32GPIOBaseAddrs)
                  00001bf0    00000070                   : interrupt.obj (.const)
                  00001c60    0000006c                   : sysctl.obj (.const:g_pui32Xtals)

.cinit     0    00001cd0    000003fc     
                  00001cd0    000003ec     (.cinit..data.load) [load image, compression = rle]
                  000020bc    00000008     (__TI_handler_table)
                  000020c4    00000008     (__TI_cinit_table)

.data      0    20000000    0000082c     
                  20000000    00000128     USART.obj (.data)
                  20000128    00000100     main.obj (.data:UTN_inf_der)
                  20000228    00000100     main.obj (.data:UTN_inf_izq)
                  20000328    00000100     main.obj (.data:UTN_sup_der)
                  20000428    00000100     main.obj (.data:UTN_sup_izq)
                  20000528    00000048     USART.obj (.data:alerta1)
                  20000570    00000048     USART.obj (.data:alerta2)
                  200005b8    00000040     USART.obj (.data:linea_inf)
                  200005f8    00000040     USART.obj (.data:linea_sup)
                  20000638    00000033     KS0108.obj (.data:A17x24)
                  2000066b    00000001     --HOLE--
                  2000066c    00000033     KS0108.obj (.data:D17x24)
                  2000069f    00000001     --HOLE--
                  200006a0    00000033     KS0108.obj (.data:E17x24)
                  200006d3    00000001     --HOLE--
                  200006d4    00000033     KS0108.obj (.data:I17x24)
                  20000707    00000001     --HOLE--
                  20000708    00000033     KS0108.obj (.data:L17x24)
                  2000073b    00000001     --HOLE--
                  2000073c    00000033     KS0108.obj (.data:M17x24)
                  2000076f    00000001     --HOLE--
                  20000770    00000033     KS0108.obj (.data:N17x24)
                  200007a3    00000001     --HOLE--
                  200007a4    00000033     KS0108.obj (.data:O17x24)
                  200007d7    00000001     --HOLE--
                  200007d8    00000033     KS0108.obj (.data:R17x24)
                  2000080b    00000001     --HOLE--
                  2000080c    00000009     KS0108.obj (.data)
                  20000815    00000003     --HOLE--
                  20000818    00000008     rtsv7M4_T_le_v4SPD16_eabi.lib : _lock.obj (.data)
                  20000820    00000008                                   : exit.obj (.data)
                  20000828    00000004                                   : stkdepth_vars.obj (.data)

.stack     0    2000082c    00000200     UNINITIALIZED
                  2000082c    00000200     --HOLE--


LINKER GENERATED COPY TABLES

__TI_cinit_table @ 000020c4 records: 1, size/record: 8, table size: 8
	.data: load addr=00001cd0, load size=000003ec bytes, run addr=20000000, run size=0000082c bytes, compression=rle


LINKER GENERATED HANDLER TABLE

__TI_handler_table @ 000020bc records: 2, size/record: 4, table size: 8
	index: 0, handler: __TI_decompress_rle24
	index: 1, handler: __TI_decompress_none


GLOBAL SYMBOLS: SORTED ALPHABETICALLY BY Name 

address    name
--------   ----
000017b9   C$$EXIT
0000190d   CPUcpsie
00000483   GLCD_Bitmap
00000345   GLCD_ClearScreen
00000e55   GLCD_Delay
00000e91   GLCD_DisableController
00000e61   GLCD_EnableController
0000029f   GLCD_GoTo
0000026d   GLCD_Initalize
00000ff7   GLCD_InitalizePorts
00001019   GLCD_ReadByteFromROMMemory
00000f1f   GLCD_ReadData
000003fb   GLCD_SetPixel
00000399   GLCD_WriteChar
00000ec9   GLCD_WriteCommand
00000f89   GLCD_WriteData
000003df   GLCD_WriteString
0000182d   GPIODirModeSet
0000103d   GPIOPadConfigSet
000016a5   GPIOPinConfigure
00001957   GPIOPinRead
000018cd   GPIOPinTypeGPIOInput
00001875   GPIOPinTypeGPIOOutput
000018df   GPIOPinTypeUART
0000195d   GPIOPinWrite
000015e5   IntEnable
00001931   IntMasterEnable
00001925   ResetISR
UNDEFED    SHT$$INIT_ARRAY$$Base
UNDEFED    SHT$$INIT_ARRAY$$Limit
0000116d   SysCtlClockGet
00001285   SysCtlClockSet
00001963   SysCtlDelay
000017f9   SysCtlPeripheralEnable
000018f1   UARTCharGetNonBlocking
00001919   UARTCharsAvail
00001779   UARTConfigSetExpClk
00001859   UARTDisable
000018a5   UARTEnable
0000193b   UARTFIFOEnable
00001969   UARTFIFOLevelSet
00001975   UARTIntClear
0000194f   UARTIntEnable
00000ad9   UARTIntHandler
00001945   UARTIntStatus
00000a75   UartInit
20000a2c   __STACK_END
00000200   __STACK_SIZE
20000a2c   __STACK_TOP
000020c4   __TI_CINIT_Base
000020cc   __TI_CINIT_Limit
000020bc   __TI_Handler_Table_Base
000020c4   __TI_Handler_Table_Limit
00000001   __TI_args_main
00001551   __TI_auto_init
000018ff   __TI_decompress_none
0000196f   __TI_decompress_rle24
00000000   __TI_static_base__
00001419   __aeabi_memcpy
00001419   __aeabi_memcpy4
00001419   __aeabi_memcpy8
ffffffff   __binit__
ffffffff   __c_args__
2000082c   __stack
0000188d   _args_main
000016ed   _c_int00
20000820   _cleanup_ptr
20000824   _dtors_ptr
20000818   _lock
000018c7   _nop
000018bf   _register_lock
000018b9   _register_unlock
2000081c   _unlock
000017bd   abort
ffffffff   binit
00001735   copy_in
0000151d   delay_ms
000014f7   delay_us
000017c5   exit
00000000   g_pfnVectors
00001375   main
20000828   main_func_sp
00001419   memcpy
00000619   mensajes
00000505   mensajes1
20000813   screen_x
20000814   screen_y
000014d1   systick_delay
000014b5   systick_init


GLOBAL SYMBOLS: SORTED BY Symbol Address 

address    name
--------   ----
00000000   __TI_static_base__
00000000   g_pfnVectors
00000001   __TI_args_main
00000200   __STACK_SIZE
0000026d   GLCD_Initalize
0000029f   GLCD_GoTo
00000345   GLCD_ClearScreen
00000399   GLCD_WriteChar
000003df   GLCD_WriteString
000003fb   GLCD_SetPixel
00000483   GLCD_Bitmap
00000505   mensajes1
00000619   mensajes
00000a75   UartInit
00000ad9   UARTIntHandler
00000e55   GLCD_Delay
00000e61   GLCD_EnableController
00000e91   GLCD_DisableController
00000ec9   GLCD_WriteCommand
00000f1f   GLCD_ReadData
00000f89   GLCD_WriteData
00000ff7   GLCD_InitalizePorts
00001019   GLCD_ReadByteFromROMMemory
0000103d   GPIOPadConfigSet
0000116d   SysCtlClockGet
00001285   SysCtlClockSet
00001375   main
00001419   __aeabi_memcpy
00001419   __aeabi_memcpy4
00001419   __aeabi_memcpy8
00001419   memcpy
000014b5   systick_init
000014d1   systick_delay
000014f7   delay_us
0000151d   delay_ms
00001551   __TI_auto_init
000015e5   IntEnable
000016a5   GPIOPinConfigure
000016ed   _c_int00
00001735   copy_in
00001779   UARTConfigSetExpClk
000017b9   C$$EXIT
000017bd   abort
000017c5   exit
000017f9   SysCtlPeripheralEnable
0000182d   GPIODirModeSet
00001859   UARTDisable
00001875   GPIOPinTypeGPIOOutput
0000188d   _args_main
000018a5   UARTEnable
000018b9   _register_unlock
000018bf   _register_lock
000018c7   _nop
000018cd   GPIOPinTypeGPIOInput
000018df   GPIOPinTypeUART
000018f1   UARTCharGetNonBlocking
000018ff   __TI_decompress_none
0000190d   CPUcpsie
00001919   UARTCharsAvail
00001925   ResetISR
00001931   IntMasterEnable
0000193b   UARTFIFOEnable
00001945   UARTIntStatus
0000194f   UARTIntEnable
00001957   GPIOPinRead
0000195d   GPIOPinWrite
00001963   SysCtlDelay
00001969   UARTFIFOLevelSet
0000196f   __TI_decompress_rle24
00001975   UARTIntClear
000020bc   __TI_Handler_Table_Base
000020c4   __TI_CINIT_Base
000020c4   __TI_Handler_Table_Limit
000020cc   __TI_CINIT_Limit
20000813   screen_x
20000814   screen_y
20000818   _lock
2000081c   _unlock
20000820   _cleanup_ptr
20000824   _dtors_ptr
20000828   main_func_sp
2000082c   __stack
20000a2c   __STACK_END
20000a2c   __STACK_TOP
ffffffff   __binit__
ffffffff   __c_args__
ffffffff   binit
UNDEFED    SHT$$INIT_ARRAY$$Base
UNDEFED    SHT$$INIT_ARRAY$$Limit

[89 symbols]
