******************************************************************************
                  TI ARM Linker PC v5.0.4                      
******************************************************************************
>> Linked Wed Apr 01 01:01:57 2015

OUTPUT FILE NAME:   <026_LCD_UART_KEYPAD.out>
ENTRY POINT SYMBOL: "_c_int00"  address: 00000e81


MEMORY CONFIGURATION

         name            origin    length      used     unused   attr    fill
----------------------  --------  ---------  --------  --------  ----  --------
  FLASH                 00000000   00040000  000012ea  0003ed16  R  X
  SRAM                  20000000   00008000  00000218  00007de8  RW X


SEGMENT ALLOCATION MAP

run origin  load origin   length   init length attrs members
----------  ----------- ---------- ----------- ----- -------
00000000    00000000    000012f0   000012f0    r-x
  00000000    00000000    0000026c   0000026c    r-- .intvecs
  0000026c    0000026c    00000eda   00000eda    r-x .text
  00001148    00001148    0000016c   0000016c    r-- .const
  000012b8    000012b8    00000038   00000038    r-- .cinit
20000000    20000000    00000200   00000000    rw-
  20000000    20000000    00000200   00000000    rw- .stack
20000200    20000200    00000018   00000014    rw-
  20000200    20000200    00000014   00000014    rw- .data
  20000214    20000214    00000004   00000000    rw- .bss


SECTION ALLOCATION MAP

 output                                  attributes/
section   page    origin      length       input sections
--------  ----  ----------  ----------   ----------------
.intvecs   0    00000000    0000026c     
                  00000000    0000026c     startup_ccs.obj (.intvecs)

.init_array 
*          0    00000000    00000000     UNINITIALIZED

.text      0    0000026c    00000eda     
                  0000026c    00000308     main.obj (.text)
                  00000574    000002c8     Lcd.obj (.text)
                  0000083c    00000130     driverlib.lib : gpio.obj (.text:GPIOPadConfigSet)
                  0000096c    00000118                   : sysctl.obj (.text:SysCtlClockGet)
                  00000a84    000000f0                   : sysctl.obj (.text:SysCtlClockSet)
                  00000b74    0000009c     rtsv7M4_T_le_v4SPD16_eabi.lib : memcpy_t2.obj (.text)
                  00000c10    00000094                                   : auto_init.obj (.text)
                  00000ca4    00000080     KeyPad.obj (.text)
                  00000d24    00000060     driverlib.lib : interrupt.obj (.text:IntEnable)
                  00000d84    0000005e     rtsv7M4_T_le_v4SPD16_eabi.lib : copy_decompress_rle.obj (.text)
                  00000de2    00000056     driverlib.lib : gpio.obj (.text:GPIOIntTypeSet)
                  00000e38    00000048                   : gpio.obj (.text:GPIOPinConfigure)
                  00000e80    00000048     rtsv7M4_T_le_v4SPD16_eabi.lib : boot.obj (.text)
                  00000ec8    00000044                                   : cpy_tbl.obj (.text)
                  00000f0c    00000040     driverlib.lib : uart.obj (.text:UARTConfigSetExpClk)
                  00000f4c    00000040     rtsv7M4_T_le_v4SPD16_eabi.lib : exit.obj (.text)
                  00000f8c    00000034     driverlib.lib : sysctl.obj (.text:SysCtlPeripheralEnable)
                  00000fc0    0000002a                   : gpio.obj (.text:GPIODirModeSet)
                  00000fea    00000002     --HOLE-- [fill = 0]
                  00000fec    0000001c                   : uart.obj (.text:UARTDisable)
                  00001008    00000018                   : gpio.obj (.text:GPIOPinTypeGPIOOutput)
                  00001020    00000018     rtsv7M4_T_le_v4SPD16_eabi.lib : args_main.obj (.text)
                  00001038    00000014     driverlib.lib : uart.obj (.text:UARTEnable)
                  0000104c    00000014     rtsv7M4_T_le_v4SPD16_eabi.lib : _lock.obj (.text)
                  00001060    00000012     driverlib.lib : gpio.obj (.text:GPIOPinTypeGPIOInput)
                  00001072    00000012                   : gpio.obj (.text:GPIOPinTypeUART)
                  00001084    00000012     rtsv7M4_T_le_v4SPD16_eabi.lib : copy_zero_init.obj (.text:decompress:ZI)
                  00001096    0000000e     driverlib.lib : uart.obj (.text:UARTCharGetNonBlocking)
                  000010a4    0000000e     rtsv7M4_T_le_v4SPD16_eabi.lib : copy_decompress_none.obj (.text:decompress:none)
                  000010b2    0000000c     driverlib.lib : cpu.obj (.text:CPUcpsid)
                  000010be    0000000c                   : cpu.obj (.text:CPUcpsie)
                  000010ca    0000000c                   : gpio.obj (.text:GPIOIntEnable)
                  000010d6    0000000c                   : uart.obj (.text:UARTCharsAvail)
                  000010e2    0000000c     startup_ccs.obj (.text)
                  000010ee    0000000a     driverlib.lib : interrupt.obj (.text:IntMasterDisable)
                  000010f8    0000000a                   : interrupt.obj (.text:IntMasterEnable)
                  00001102    0000000a                   : uart.obj (.text:UARTFIFOEnable)
                  0000110c    0000000a                   : uart.obj (.text:UARTIntStatus)
                  00001116    00000008                   : uart.obj (.text:UARTIntEnable)
                  0000111e    00000006                   : gpio.obj (.text:GPIOIntClear)
                  00001124    00000006                   : gpio.obj (.text:GPIOPinRead)
                  0000112a    00000006                   : gpio.obj (.text:GPIOPinWrite)
                  00001130    00000006                   : sysctl.obj (.text:SysCtlDelay)
                  00001136    00000006                   : uart.obj (.text:UARTFIFOLevelSet)
                  0000113c    00000006     rtsv7M4_T_le_v4SPD16_eabi.lib : copy_decompress_rle.obj (.text:decompress:rle24)
                  00001142    00000004     driverlib.lib : uart.obj (.text:UARTIntClear)

.const     0    00001148    0000016c     
                  00001148    00000090     driverlib.lib : gpio.obj (.const:g_pui32GPIOBaseAddrs)
                  000011d8    00000070                   : interrupt.obj (.const)
                  00001248    0000006c                   : sysctl.obj (.const:g_pui32Xtals)

.cinit     0    000012b8    00000038     
                  000012b8    0000000f     (.cinit..data.load) [load image, compression = rle]
                  000012c7    00000001     --HOLE-- [fill = 0]
                  000012c8    0000000c     (__TI_handler_table)
                  000012d4    00000004     --HOLE-- [fill = 0]
                  000012d8    00000008     (.cinit..bss.load) [load image, compression = zero_init]
                  000012e0    00000010     (__TI_cinit_table)

.stack     0    20000000    00000200     UNINITIALIZED
                  20000000    00000200     --HOLE--

.data      0    20000200    00000014     
                  20000200    00000008     rtsv7M4_T_le_v4SPD16_eabi.lib : _lock.obj (.data)
                  20000208    00000008                                   : exit.obj (.data)
                  20000210    00000004                                   : stkdepth_vars.obj (.data)

.bss       0    20000214    00000004     UNINITIALIZED
                  20000214    00000004     main.obj (.bss)


LINKER GENERATED COPY TABLES

__TI_cinit_table @ 000012e0 records: 2, size/record: 8, table size: 16
	.data: load addr=000012b8, load size=0000000f bytes, run addr=20000200, run size=00000014 bytes, compression=rle
	.bss: load addr=000012d8, load size=00000008 bytes, run addr=20000214, run size=00000004 bytes, compression=zero_init


LINKER GENERATED HANDLER TABLE

__TI_handler_table @ 000012c8 records: 3, size/record: 4, table size: 12
	index: 0, handler: __TI_decompress_rle24
	index: 1, handler: __TI_decompress_none
	index: 2, handler: __TI_zero_init


GLOBAL SYMBOLS: SORTED ALPHABETICALLY BY Name 

address    name
--------   ----
00000f4d   C$$EXIT
000010b3   CPUcpsid
000010bf   CPUcpsie
00000fc1   GPIODirModeSet
0000111f   GPIOIntClear
000010cb   GPIOIntEnable
00000de3   GPIOIntTypeSet
0000083d   GPIOPadConfigSet
00000e39   GPIOPinConfigure
00001125   GPIOPinRead
00001061   GPIOPinTypeGPIOInput
00001009   GPIOPinTypeGPIOOutput
00001073   GPIOPinTypeUART
0000112b   GPIOPinWrite
00000d25   IntEnable
000010ef   IntMasterDisable
000010f9   IntMasterEnable
0000077b   Lcd_Goto
000006f7   Lcd_Putch
00000671   Lcd_comando
00000807   Lcd_desactivar
00000575   Lcd_init
00000817   Lcd_mensajes
000010e3   ResetISR
UNDEFED    SHT$$INIT_ARRAY$$Base
UNDEFED    SHT$$INIT_ARRAY$$Limit
0000096d   SysCtlClockGet
00000a85   SysCtlClockSet
00001131   SysCtlDelay
00000f8d   SysCtlPeripheralEnable
00001097   UARTCharGetNonBlocking
000010d7   UARTCharsAvail
00000f0d   UARTConfigSetExpClk
00000fed   UARTDisable
00001039   UARTEnable
00001103   UARTFIFOEnable
00001137   UARTFIFOLevelSet
00001143   UARTIntClear
00001117   UARTIntEnable
0000041b   UARTIntHandler
0000110d   UARTIntStatus
20000200   __STACK_END
00000200   __STACK_SIZE
20000200   __STACK_TOP
000012e0   __TI_CINIT_Base
000012f0   __TI_CINIT_Limit
000012c8   __TI_Handler_Table_Base
000012d4   __TI_Handler_Table_Limit
00000001   __TI_args_main
00000c11   __TI_auto_init
000010a5   __TI_decompress_none
0000113d   __TI_decompress_rle24
00000000   __TI_static_base__
00001085   __TI_zero_init
00000b75   __aeabi_memcpy
00000b75   __aeabi_memcpy4
00000b75   __aeabi_memcpy8
ffffffff   __binit__
ffffffff   __c_args__
20000000   __stack
00001021   _args_main
00000e81   _c_int00
20000208   _cleanup_ptr
2000020c   _dtors_ptr
20000200   _lock
0000105b   _nop
00001053   _register_lock
0000104d   _register_unlock
20000204   _unlock
00000f51   abort
ffffffff   binit
00000ec9   copy_in
00000f59   exit
00000000   g_pfnVectors
000004ad   main
20000210   main_func_sp
00000b75   memcpy
00000473   mensaje
0000026d   scan_key
00000ca5   setup


GLOBAL SYMBOLS: SORTED BY Symbol Address 

address    name
--------   ----
00000000   __TI_static_base__
00000000   g_pfnVectors
00000001   __TI_args_main
00000200   __STACK_SIZE
0000026d   scan_key
0000041b   UARTIntHandler
00000473   mensaje
000004ad   main
00000575   Lcd_init
00000671   Lcd_comando
000006f7   Lcd_Putch
0000077b   Lcd_Goto
00000807   Lcd_desactivar
00000817   Lcd_mensajes
0000083d   GPIOPadConfigSet
0000096d   SysCtlClockGet
00000a85   SysCtlClockSet
00000b75   __aeabi_memcpy
00000b75   __aeabi_memcpy4
00000b75   __aeabi_memcpy8
00000b75   memcpy
00000c11   __TI_auto_init
00000ca5   setup
00000d25   IntEnable
00000de3   GPIOIntTypeSet
00000e39   GPIOPinConfigure
00000e81   _c_int00
00000ec9   copy_in
00000f0d   UARTConfigSetExpClk
00000f4d   C$$EXIT
00000f51   abort
00000f59   exit
00000f8d   SysCtlPeripheralEnable
00000fc1   GPIODirModeSet
00000fed   UARTDisable
00001009   GPIOPinTypeGPIOOutput
00001021   _args_main
00001039   UARTEnable
0000104d   _register_unlock
00001053   _register_lock
0000105b   _nop
00001061   GPIOPinTypeGPIOInput
00001073   GPIOPinTypeUART
00001085   __TI_zero_init
00001097   UARTCharGetNonBlocking
000010a5   __TI_decompress_none
000010b3   CPUcpsid
000010bf   CPUcpsie
000010cb   GPIOIntEnable
000010d7   UARTCharsAvail
000010e3   ResetISR
000010ef   IntMasterDisable
000010f9   IntMasterEnable
00001103   UARTFIFOEnable
0000110d   UARTIntStatus
00001117   UARTIntEnable
0000111f   GPIOIntClear
00001125   GPIOPinRead
0000112b   GPIOPinWrite
00001131   SysCtlDelay
00001137   UARTFIFOLevelSet
0000113d   __TI_decompress_rle24
00001143   UARTIntClear
000012c8   __TI_Handler_Table_Base
000012d4   __TI_Handler_Table_Limit
000012e0   __TI_CINIT_Base
000012f0   __TI_CINIT_Limit
20000000   __stack
20000200   __STACK_END
20000200   __STACK_TOP
20000200   _lock
20000204   _unlock
20000208   _cleanup_ptr
2000020c   _dtors_ptr
20000210   main_func_sp
ffffffff   __binit__
ffffffff   __c_args__
ffffffff   binit
UNDEFED    SHT$$INIT_ARRAY$$Base
UNDEFED    SHT$$INIT_ARRAY$$Limit

[80 symbols]
