******************************************************************************
                  TI ARM Linker PC v5.0.4                      
******************************************************************************
>> Linked Sat Aug 08 20:35:25 2015

OUTPUT FILE NAME:   <Interrupciones_ir.out>
ENTRY POINT SYMBOL: "_c_int00"  address: 000008c5


MEMORY CONFIGURATION

         name            origin    length      used     unused   attr    fill
----------------------  --------  ---------  --------  --------  ----  --------
  FLASH                 00000000   00040000  00000b5a  0003f4a6  R  X
  SRAM                  20000000   00008000  00000214  00007dec  RW X


SEGMENT ALLOCATION MAP

run origin  load origin   length   init length attrs members
----------  ----------- ---------- ----------- ----- -------
00000000    00000000    00000b60   00000b60    r-x
  00000000    00000000    0000026c   0000026c    r-- .intvecs
  0000026c    0000026c    0000084a   0000084a    r-x .text
  00000ab8    00000ab8    00000084   00000084    r-- .const
  00000b40    00000b40    00000020   00000020    r-- .cinit
20000000    20000000    00000200   00000000    rw-
  20000000    20000000    00000200   00000000    rw- .stack
20000200    20000200    00000014   00000014    rw-
  20000200    20000200    00000014   00000014    rw- .data


SECTION ALLOCATION MAP

 output                                  attributes/
section   page    origin      length       input sections
--------  ----  ----------  ----------   ----------------
.intvecs   0    00000000    0000026c     
                  00000000    0000026c     startup_ccs.obj (.intvecs)

.init_array 
*          0    00000000    00000000     UNINITIALIZED

.text      0    0000026c    0000084a     
                  0000026c    000001f4     main.obj (.text)
                  00000460    00000130     driverlib.lib : gpio.obj (.text:GPIOPadConfigSet)
                  00000590    000000f0                   : sysctl.obj (.text:SysCtlClockSet)
                  00000680    0000009c     rtsv7M4_T_le_v4SPD16_eabi.lib : memcpy_t2.obj (.text)
                  0000071c    00000094                                   : auto_init.obj (.text)
                  000007b0    00000060     driverlib.lib : interrupt.obj (.text:IntEnable)
                  00000810    0000005e     rtsv7M4_T_le_v4SPD16_eabi.lib : copy_decompress_rle.obj (.text)
                  0000086e    00000056     driverlib.lib : gpio.obj (.text:GPIOIntTypeSet)
                  000008c4    00000048     rtsv7M4_T_le_v4SPD16_eabi.lib : boot.obj (.text)
                  0000090c    00000044                                   : cpy_tbl.obj (.text)
                  00000950    00000040                                   : exit.obj (.text)
                  00000990    00000034     driverlib.lib : sysctl.obj (.text:SysCtlPeripheralEnable)
                  000009c4    0000002a                   : gpio.obj (.text:GPIODirModeSet)
                  000009ee    00000018                   : gpio.obj (.text:GPIOPinTypeGPIOOutput)
                  00000a06    00000002     --HOLE-- [fill = 0]
                  00000a08    00000018     rtsv7M4_T_le_v4SPD16_eabi.lib : args_main.obj (.text)
                  00000a20    00000014                                   : _lock.obj (.text)
                  00000a34    00000012     driverlib.lib : gpio.obj (.text:GPIOPinTypeGPIOInput)
                  00000a46    0000000e     rtsv7M4_T_le_v4SPD16_eabi.lib : copy_decompress_none.obj (.text:decompress:none)
                  00000a54    0000000c     driverlib.lib : cpu.obj (.text:CPUcpsid)
                  00000a60    0000000c                   : cpu.obj (.text:CPUcpsie)
                  00000a6c    0000000c                   : gpio.obj (.text:GPIOIntEnable)
                  00000a78    0000000c     startup_ccs.obj (.text)
                  00000a84    0000000a     driverlib.lib : interrupt.obj (.text:IntMasterDisable)
                  00000a8e    0000000a                   : interrupt.obj (.text:IntMasterEnable)
                  00000a98    00000006                   : gpio.obj (.text:GPIOIntClear)
                  00000a9e    00000006                   : gpio.obj (.text:GPIOPinRead)
                  00000aa4    00000006                   : gpio.obj (.text:GPIOPinWrite)
                  00000aaa    00000006                   : sysctl.obj (.text:SysCtlDelay)
                  00000ab0    00000006     rtsv7M4_T_le_v4SPD16_eabi.lib : copy_decompress_rle.obj (.text:decompress:rle24)

.const     0    00000ab8    00000084     
                  00000ab8    00000070     driverlib.lib : interrupt.obj (.const)
                  00000b28    00000014     main.obj (.const)

.cinit     0    00000b40    00000020     
                  00000b40    0000000f     (.cinit..data.load) [load image, compression = rle]
                  00000b4f    00000001     --HOLE-- [fill = 0]
                  00000b50    00000008     (__TI_handler_table)
                  00000b58    00000008     (__TI_cinit_table)

.stack     0    20000000    00000200     UNINITIALIZED
                  20000000    00000200     --HOLE--

.data      0    20000200    00000014     
                  20000200    00000008     rtsv7M4_T_le_v4SPD16_eabi.lib : _lock.obj (.data)
                  20000208    00000008                                   : exit.obj (.data)
                  20000210    00000004                                   : stkdepth_vars.obj (.data)


LINKER GENERATED COPY TABLES

__TI_cinit_table @ 00000b58 records: 1, size/record: 8, table size: 8
	.data: load addr=00000b40, load size=0000000f bytes, run addr=20000200, run size=00000014 bytes, compression=rle


LINKER GENERATED HANDLER TABLE

__TI_handler_table @ 00000b50 records: 2, size/record: 4, table size: 8
	index: 0, handler: __TI_decompress_rle24
	index: 1, handler: __TI_decompress_none


GLOBAL SYMBOLS: SORTED ALPHABETICALLY BY Name 

address    name
--------   ----
00000951   C$$EXIT
00000a55   CPUcpsid
00000a61   CPUcpsie
000009c5   GPIODirModeSet
00000a99   GPIOIntClear
00000a6d   GPIOIntEnable
0000086f   GPIOIntTypeSet
00000461   GPIOPadConfigSet
00000a9f   GPIOPinRead
00000a35   GPIOPinTypeGPIOInput
000009ef   GPIOPinTypeGPIOOutput
00000aa5   GPIOPinWrite
000007b1   IntEnable
00000a85   IntMasterDisable
00000a8f   IntMasterEnable
00000b38   LEDS_ALL
00000b28   LED_1
00000b2c   LED_2
00000b30   LED_3
00000b34   LED_4
0000026d   PortFIntHandler
00000a79   ResetISR
UNDEFED    SHT$$INIT_ARRAY$$Base
UNDEFED    SHT$$INIT_ARRAY$$Limit
00000591   SysCtlClockSet
00000aab   SysCtlDelay
00000991   SysCtlPeripheralEnable
20000200   __STACK_END
00000200   __STACK_SIZE
20000200   __STACK_TOP
00000b58   __TI_CINIT_Base
00000b60   __TI_CINIT_Limit
00000b50   __TI_Handler_Table_Base
00000b58   __TI_Handler_Table_Limit
00000001   __TI_args_main
0000071d   __TI_auto_init
00000a47   __TI_decompress_none
00000ab1   __TI_decompress_rle24
00000000   __TI_static_base__
00000681   __aeabi_memcpy
00000681   __aeabi_memcpy4
00000681   __aeabi_memcpy8
ffffffff   __binit__
ffffffff   __c_args__
20000000   __stack
00000a09   _args_main
000008c5   _c_int00
20000208   _cleanup_ptr
2000020c   _dtors_ptr
20000200   _lock
00000a2f   _nop
00000a27   _register_lock
00000a21   _register_unlock
20000204   _unlock
00000955   abort
ffffffff   binit
0000090d   copy_in
0000095d   exit
00000000   g_pfnVectors
000003ad   main
20000210   main_func_sp
00000681   memcpy


GLOBAL SYMBOLS: SORTED BY Symbol Address 

address    name
--------   ----
00000000   __TI_static_base__
00000000   g_pfnVectors
00000001   __TI_args_main
00000200   __STACK_SIZE
0000026d   PortFIntHandler
000003ad   main
00000461   GPIOPadConfigSet
00000591   SysCtlClockSet
00000681   __aeabi_memcpy
00000681   __aeabi_memcpy4
00000681   __aeabi_memcpy8
00000681   memcpy
0000071d   __TI_auto_init
000007b1   IntEnable
0000086f   GPIOIntTypeSet
000008c5   _c_int00
0000090d   copy_in
00000951   C$$EXIT
00000955   abort
0000095d   exit
00000991   SysCtlPeripheralEnable
000009c5   GPIODirModeSet
000009ef   GPIOPinTypeGPIOOutput
00000a09   _args_main
00000a21   _register_unlock
00000a27   _register_lock
00000a2f   _nop
00000a35   GPIOPinTypeGPIOInput
00000a47   __TI_decompress_none
00000a55   CPUcpsid
00000a61   CPUcpsie
00000a6d   GPIOIntEnable
00000a79   ResetISR
00000a85   IntMasterDisable
00000a8f   IntMasterEnable
00000a99   GPIOIntClear
00000a9f   GPIOPinRead
00000aa5   GPIOPinWrite
00000aab   SysCtlDelay
00000ab1   __TI_decompress_rle24
00000b28   LED_1
00000b2c   LED_2
00000b30   LED_3
00000b34   LED_4
00000b38   LEDS_ALL
00000b50   __TI_Handler_Table_Base
00000b58   __TI_CINIT_Base
00000b58   __TI_Handler_Table_Limit
00000b60   __TI_CINIT_Limit
20000000   __stack
20000200   __STACK_END
20000200   __STACK_TOP
20000200   _lock
20000204   _unlock
20000208   _cleanup_ptr
2000020c   _dtors_ptr
20000210   main_func_sp
ffffffff   __binit__
ffffffff   __c_args__
ffffffff   binit
UNDEFED    SHT$$INIT_ARRAY$$Base
UNDEFED    SHT$$INIT_ARRAY$$Limit

[62 symbols]
