******************************************************************************
                  TI ARM Linker PC v5.0.4                      
******************************************************************************
>> Linked Wed Aug 19 03:26:08 2015

OUTPUT FILE NAME:   <017_lab15_PWM.out>
ENTRY POINT SYMBOL: "_c_int00"  address: 000008dd


MEMORY CONFIGURATION

         name            origin    length      used     unused   attr    fill
----------------------  --------  ---------  --------  --------  ----  --------
  FLASH                 00000000   00040000  00000c10  0003f3f0  R  X
  SRAM                  20000000   00008000  00000214  00007dec  RW X


SEGMENT ALLOCATION MAP

run origin  load origin   length   init length attrs members
----------  ----------- ---------- ----------- ----- -------
00000000    00000000    00000c10   00000c10    r-x
  00000000    00000000    0000026c   0000026c    r-- .intvecs
  0000026c    0000026c    00000888   00000888    r-x .text
  00000af4    00000af4    000000fc   000000fc    r-- .const
  00000bf0    00000bf0    00000020   00000020    r-- .cinit
20000000    20000000    00000200   00000000    rw-
  20000000    20000000    00000200   00000000    rw- .stack
20000200    20000200    00000014   00000014    rw-
  20000200    20000200    00000014   00000014    rw- .data


SECTION ALLOCATION MAP

 output                                  attributes/
section   page    origin      length       input sections
--------  ----  ----------  ----------   ----------------
.intvecs   0    00000000    0000026c     
                  00000000    0000026c     startup_ccs.obj (.intvecs)

.init_array 
*          0    00000000    00000000     UNINITIALIZED

.text      0    0000026c    00000888     
                  0000026c    00000160     main.obj (.text)
                  000003cc    00000130     driverlib.lib : gpio.obj (.text:GPIOPadConfigSet)
                  000004fc    00000118                   : sysctl.obj (.text:SysCtlClockGet)
                  00000614    000000f0                   : sysctl.obj (.text:SysCtlClockSet)
                  00000704    0000009c     rtsv7M4_T_le_v4SPD16_eabi.lib : memcpy_t2.obj (.text)
                  000007a0    00000094                                   : auto_init.obj (.text)
                  00000834    0000005e                                   : copy_decompress_rle.obj (.text)
                  00000892    00000002     --HOLE-- [fill = 0]
                  00000894    00000048     driverlib.lib : gpio.obj (.text:GPIOPinConfigure)
                  000008dc    00000048     rtsv7M4_T_le_v4SPD16_eabi.lib : boot.obj (.text)
                  00000924    00000044                                   : cpy_tbl.obj (.text)
                  00000968    00000040                                   : exit.obj (.text)
                  000009a8    00000034     driverlib.lib : sysctl.obj (.text:SysCtlPeripheralEnable)
                  000009dc    0000002a                   : gpio.obj (.text:GPIODirModeSet)
                  00000a06    00000022                   : pwm.obj (.text:PWMGenConfigure)
                  00000a28    0000001e                   : pwm.obj (.text:PWMPulseWidthSet)
                  00000a46    00000002     --HOLE-- [fill = 0]
                  00000a48    00000018     rtsv7M4_T_le_v4SPD16_eabi.lib : args_main.obj (.text)
                  00000a60    00000014     driverlib.lib : sysctl.obj (.text:SysCtlPWMClockSet)
                  00000a74    00000014     rtsv7M4_T_le_v4SPD16_eabi.lib : _lock.obj (.text)
                  00000a88    00000012     driverlib.lib : gpio.obj (.text:GPIOPinTypePWM)
                  00000a9a    00000012                   : pwm.obj (.text:PWMOutputState)
                  00000aac    00000010                   : pwm.obj (.text:PWMGenPeriodSet)
                  00000abc    0000000e     rtsv7M4_T_le_v4SPD16_eabi.lib : copy_decompress_none.obj (.text:decompress:none)
                  00000aca    0000000c     driverlib.lib : pwm.obj (.text:PWMGenEnable)
                  00000ad6    0000000c     startup_ccs.obj (.text)
                  00000ae2    00000006     driverlib.lib : gpio.obj (.text:GPIOPinRead)
                  00000ae8    00000006                   : sysctl.obj (.text:SysCtlDelay)
                  00000aee    00000006     rtsv7M4_T_le_v4SPD16_eabi.lib : copy_decompress_rle.obj (.text:decompress:rle24)

.const     0    00000af4    000000fc     
                  00000af4    00000090     driverlib.lib : gpio.obj (.const:g_pui32GPIOBaseAddrs)
                  00000b84    0000006c                   : sysctl.obj (.const:g_pui32Xtals)

.cinit     0    00000bf0    00000020     
                  00000bf0    0000000f     (.cinit..data.load) [load image, compression = rle]
                  00000bff    00000001     --HOLE-- [fill = 0]
                  00000c00    00000008     (__TI_handler_table)
                  00000c08    00000008     (__TI_cinit_table)

.stack     0    20000000    00000200     UNINITIALIZED
                  20000000    00000200     --HOLE--

.data      0    20000200    00000014     
                  20000200    00000008     rtsv7M4_T_le_v4SPD16_eabi.lib : _lock.obj (.data)
                  20000208    00000008                                   : exit.obj (.data)
                  20000210    00000004                                   : stkdepth_vars.obj (.data)


LINKER GENERATED COPY TABLES

__TI_cinit_table @ 00000c08 records: 1, size/record: 8, table size: 8
	.data: load addr=00000bf0, load size=0000000f bytes, run addr=20000200, run size=00000014 bytes, compression=rle


LINKER GENERATED HANDLER TABLE

__TI_handler_table @ 00000c00 records: 2, size/record: 4, table size: 8
	index: 0, handler: __TI_decompress_rle24
	index: 1, handler: __TI_decompress_none


GLOBAL SYMBOLS: SORTED ALPHABETICALLY BY Name 

address    name
--------   ----
00000969   C$$EXIT
000009dd   GPIODirModeSet
000003cd   GPIOPadConfigSet
00000895   GPIOPinConfigure
00000ae3   GPIOPinRead
00000a89   GPIOPinTypePWM
00000a07   PWMGenConfigure
00000acb   PWMGenEnable
00000aad   PWMGenPeriodSet
00000a9b   PWMOutputState
00000a29   PWMPulseWidthSet
00000ad7   ResetISR
UNDEFED    SHT$$INIT_ARRAY$$Base
UNDEFED    SHT$$INIT_ARRAY$$Limit
000004fd   SysCtlClockGet
00000615   SysCtlClockSet
00000ae9   SysCtlDelay
00000a61   SysCtlPWMClockSet
000009a9   SysCtlPeripheralEnable
20000200   __STACK_END
00000200   __STACK_SIZE
20000200   __STACK_TOP
00000c08   __TI_CINIT_Base
00000c10   __TI_CINIT_Limit
00000c00   __TI_Handler_Table_Base
00000c08   __TI_Handler_Table_Limit
00000001   __TI_args_main
000007a1   __TI_auto_init
00000abd   __TI_decompress_none
00000aef   __TI_decompress_rle24
00000000   __TI_static_base__
00000705   __aeabi_memcpy
00000705   __aeabi_memcpy4
00000705   __aeabi_memcpy8
ffffffff   __binit__
ffffffff   __c_args__
20000000   __stack
00000a49   _args_main
000008dd   _c_int00
20000208   _cleanup_ptr
2000020c   _dtors_ptr
20000200   _lock
00000a83   _nop
00000a7b   _register_lock
00000a75   _register_unlock
20000204   _unlock
0000096d   abort
ffffffff   binit
00000925   copy_in
00000975   exit
00000000   g_pfnVectors
0000026d   main
20000210   main_func_sp
00000705   memcpy


GLOBAL SYMBOLS: SORTED BY Symbol Address 

address    name
--------   ----
00000000   __TI_static_base__
00000000   g_pfnVectors
00000001   __TI_args_main
00000200   __STACK_SIZE
0000026d   main
000003cd   GPIOPadConfigSet
000004fd   SysCtlClockGet
00000615   SysCtlClockSet
00000705   __aeabi_memcpy
00000705   __aeabi_memcpy4
00000705   __aeabi_memcpy8
00000705   memcpy
000007a1   __TI_auto_init
00000895   GPIOPinConfigure
000008dd   _c_int00
00000925   copy_in
00000969   C$$EXIT
0000096d   abort
00000975   exit
000009a9   SysCtlPeripheralEnable
000009dd   GPIODirModeSet
00000a07   PWMGenConfigure
00000a29   PWMPulseWidthSet
00000a49   _args_main
00000a61   SysCtlPWMClockSet
00000a75   _register_unlock
00000a7b   _register_lock
00000a83   _nop
00000a89   GPIOPinTypePWM
00000a9b   PWMOutputState
00000aad   PWMGenPeriodSet
00000abd   __TI_decompress_none
00000acb   PWMGenEnable
00000ad7   ResetISR
00000ae3   GPIOPinRead
00000ae9   SysCtlDelay
00000aef   __TI_decompress_rle24
00000c00   __TI_Handler_Table_Base
00000c08   __TI_CINIT_Base
00000c08   __TI_Handler_Table_Limit
00000c10   __TI_CINIT_Limit
20000000   __stack
20000200   __STACK_END
20000200   __STACK_TOP
20000200   _lock
20000204   _unlock
20000208   _cleanup_ptr
2000020c   _dtors_ptr
20000210   main_func_sp
ffffffff   __binit__
ffffffff   __c_args__
ffffffff   binit
UNDEFED    SHT$$INIT_ARRAY$$Base
UNDEFED    SHT$$INIT_ARRAY$$Limit

[54 symbols]
