******************************************************************************
                  TI ARM Linker PC v5.0.4                      
******************************************************************************
>> Linked Sat Aug 08 22:37:10 2015

OUTPUT FILE NAME:   <ROBOT_L298.out>
ENTRY POINT SYMBOL: "_c_int00"  address: 000008ed


MEMORY CONFIGURATION

         name            origin    length      used     unused   attr    fill
----------------------  --------  ---------  --------  --------  ----  --------
  FLASH                 00000000   00040000  00000c44  0003f3bc  R  X
  SRAM                  20000000   00008000  0000021d  00007de3  RW X


SEGMENT ALLOCATION MAP

run origin  load origin   length   init length attrs members
----------  ----------- ---------- ----------- ----- -------
00000000    00000000    00000c48   00000c48    r-x
  00000000    00000000    0000026c   0000026c    r-- .intvecs
  0000026c    0000026c    000008a4   000008a4    r-x .text
  00000b10    00000b10    000000fc   000000fc    r-- .const
  00000c10    00000c10    00000038   00000038    r-- .cinit
20000000    20000000    00000200   00000000    rw-
  20000000    20000000    00000200   00000000    rw- .stack
20000200    20000200    0000001d   00000014    rw-
  20000200    20000200    00000014   00000014    rw- .data
  20000214    20000214    00000009   00000000    rw- .bss


SECTION ALLOCATION MAP

 output                                  attributes/
section   page    origin      length       input sections
--------  ----  ----------  ----------   ----------------
.intvecs   0    00000000    0000026c     
                  00000000    0000026c     startup_ccs.obj (.intvecs)

.init_array 
*          0    00000000    00000000     UNINITIALIZED

.text      0    0000026c    000008a4     
                  0000026c    00000170     main.obj (.text)
                  000003dc    00000130     driverlib.lib : gpio.obj (.text:GPIOPadConfigSet)
                  0000050c    00000118                   : sysctl.obj (.text:SysCtlClockGet)
                  00000624    000000f0                   : sysctl.obj (.text:SysCtlClockSet)
                  00000714    0000009c     rtsv7M4_T_le_v4SPD16_eabi.lib : memcpy_t2.obj (.text)
                  000007b0    00000094                                   : auto_init.obj (.text)
                  00000844    0000005e                                   : copy_decompress_rle.obj (.text)
                  000008a2    00000002     --HOLE-- [fill = 0]
                  000008a4    00000048     driverlib.lib : gpio.obj (.text:GPIOPinConfigure)
                  000008ec    00000048     rtsv7M4_T_le_v4SPD16_eabi.lib : boot.obj (.text)
                  00000934    00000044                                   : cpy_tbl.obj (.text)
                  00000978    00000040                                   : exit.obj (.text)
                  000009b8    00000034     driverlib.lib : sysctl.obj (.text:SysCtlPeripheralEnable)
                  000009ec    0000002a                   : gpio.obj (.text:GPIODirModeSet)
                  00000a16    00000022                   : pwm.obj (.text:PWMGenConfigure)
                  00000a38    0000001e                   : pwm.obj (.text:PWMPulseWidthSet)
                  00000a56    00000002     --HOLE-- [fill = 0]
                  00000a58    00000018     rtsv7M4_T_le_v4SPD16_eabi.lib : args_main.obj (.text)
                  00000a70    00000014     driverlib.lib : sysctl.obj (.text:SysCtlPWMClockSet)
                  00000a84    00000014     rtsv7M4_T_le_v4SPD16_eabi.lib : _lock.obj (.text)
                  00000a98    00000012     driverlib.lib : gpio.obj (.text:GPIOPinTypePWM)
                  00000aaa    00000012                   : pwm.obj (.text:PWMOutputState)
                  00000abc    00000012     rtsv7M4_T_le_v4SPD16_eabi.lib : copy_zero_init.obj (.text:decompress:ZI)
                  00000ace    00000010     driverlib.lib : pwm.obj (.text:PWMGenPeriodSet)
                  00000ade    0000000e     rtsv7M4_T_le_v4SPD16_eabi.lib : copy_decompress_none.obj (.text:decompress:none)
                  00000aec    0000000c     driverlib.lib : pwm.obj (.text:PWMGenEnable)
                  00000af8    0000000c     startup_ccs.obj (.text)
                  00000b04    00000006     driverlib.lib : sysctl.obj (.text:SysCtlDelay)
                  00000b0a    00000006     rtsv7M4_T_le_v4SPD16_eabi.lib : copy_decompress_rle.obj (.text:decompress:rle24)

.const     0    00000b10    000000fc     
                  00000b10    00000090     driverlib.lib : gpio.obj (.const:g_pui32GPIOBaseAddrs)
                  00000ba0    0000006c                   : sysctl.obj (.const:g_pui32Xtals)

.cinit     0    00000c10    00000038     
                  00000c10    0000000f     (.cinit..data.load) [load image, compression = rle]
                  00000c1f    00000001     --HOLE-- [fill = 0]
                  00000c20    0000000c     (__TI_handler_table)
                  00000c2c    00000004     --HOLE-- [fill = 0]
                  00000c30    00000008     (.cinit..bss.load) [load image, compression = zero_init]
                  00000c38    00000010     (__TI_cinit_table)

.stack     0    20000000    00000200     UNINITIALIZED
                  20000000    00000200     --HOLE--

.data      0    20000200    00000014     
                  20000200    00000008     rtsv7M4_T_le_v4SPD16_eabi.lib : _lock.obj (.data)
                  20000208    00000008                                   : exit.obj (.data)
                  20000210    00000004                                   : stkdepth_vars.obj (.data)

.bss       0    20000214    00000009     UNINITIALIZED
                  20000214    00000009     main.obj (.bss)


LINKER GENERATED COPY TABLES

__TI_cinit_table @ 00000c38 records: 2, size/record: 8, table size: 16
	.data: load addr=00000c10, load size=0000000f bytes, run addr=20000200, run size=00000014 bytes, compression=rle
	.bss: load addr=00000c30, load size=00000008 bytes, run addr=20000214, run size=00000009 bytes, compression=zero_init


LINKER GENERATED HANDLER TABLE

__TI_handler_table @ 00000c20 records: 3, size/record: 4, table size: 12
	index: 0, handler: __TI_decompress_rle24
	index: 1, handler: __TI_decompress_none
	index: 2, handler: __TI_zero_init


GLOBAL SYMBOLS: SORTED ALPHABETICALLY BY Name 

address    name
--------   ----
00000979   C$$EXIT
000009ed   GPIODirModeSet
000003dd   GPIOPadConfigSet
000008a5   GPIOPinConfigure
00000a99   GPIOPinTypePWM
00000a17   PWMGenConfigure
00000aed   PWMGenEnable
00000acf   PWMGenPeriodSet
00000aab   PWMOutputState
00000a39   PWMPulseWidthSet
00000af9   ResetISR
UNDEFED    SHT$$INIT_ARRAY$$Base
UNDEFED    SHT$$INIT_ARRAY$$Limit
0000050d   SysCtlClockGet
00000625   SysCtlClockSet
00000b05   SysCtlDelay
00000a71   SysCtlPWMClockSet
000009b9   SysCtlPeripheralEnable
20000200   __STACK_END
00000200   __STACK_SIZE
20000200   __STACK_TOP
00000c38   __TI_CINIT_Base
00000c48   __TI_CINIT_Limit
00000c20   __TI_Handler_Table_Base
00000c2c   __TI_Handler_Table_Limit
00000001   __TI_args_main
000007b1   __TI_auto_init
00000adf   __TI_decompress_none
00000b0b   __TI_decompress_rle24
00000000   __TI_static_base__
00000abd   __TI_zero_init
00000715   __aeabi_memcpy
00000715   __aeabi_memcpy4
00000715   __aeabi_memcpy8
ffffffff   __binit__
ffffffff   __c_args__
20000000   __stack
00000a59   _args_main
000008ed   _c_int00
20000208   _cleanup_ptr
2000020c   _dtors_ptr
20000200   _lock
00000a93   _nop
00000a8b   _register_lock
00000a85   _register_unlock
20000204   _unlock
0000097d   abort
000002fb   avanzar
ffffffff   binit
0000026d   configPWM
00000935   copy_in
00000361   derecha
00000985   exit
000002f3   frenar
00000000   g_pfnVectors
0000033f   izquierda
00000383   main
20000210   main_func_sp
00000715   memcpy
0000031d   retroceder
2000021c   ui32Adjust
20000214   ui32Load
20000218   ui32PWMClock


GLOBAL SYMBOLS: SORTED BY Symbol Address 

address    name
--------   ----
00000000   __TI_static_base__
00000000   g_pfnVectors
00000001   __TI_args_main
00000200   __STACK_SIZE
0000026d   configPWM
000002f3   frenar
000002fb   avanzar
0000031d   retroceder
0000033f   izquierda
00000361   derecha
00000383   main
000003dd   GPIOPadConfigSet
0000050d   SysCtlClockGet
00000625   SysCtlClockSet
00000715   __aeabi_memcpy
00000715   __aeabi_memcpy4
00000715   __aeabi_memcpy8
00000715   memcpy
000007b1   __TI_auto_init
000008a5   GPIOPinConfigure
000008ed   _c_int00
00000935   copy_in
00000979   C$$EXIT
0000097d   abort
00000985   exit
000009b9   SysCtlPeripheralEnable
000009ed   GPIODirModeSet
00000a17   PWMGenConfigure
00000a39   PWMPulseWidthSet
00000a59   _args_main
00000a71   SysCtlPWMClockSet
00000a85   _register_unlock
00000a8b   _register_lock
00000a93   _nop
00000a99   GPIOPinTypePWM
00000aab   PWMOutputState
00000abd   __TI_zero_init
00000acf   PWMGenPeriodSet
00000adf   __TI_decompress_none
00000aed   PWMGenEnable
00000af9   ResetISR
00000b05   SysCtlDelay
00000b0b   __TI_decompress_rle24
00000c20   __TI_Handler_Table_Base
00000c2c   __TI_Handler_Table_Limit
00000c38   __TI_CINIT_Base
00000c48   __TI_CINIT_Limit
20000000   __stack
20000200   __STACK_END
20000200   __STACK_TOP
20000200   _lock
20000204   _unlock
20000208   _cleanup_ptr
2000020c   _dtors_ptr
20000210   main_func_sp
20000214   ui32Load
20000218   ui32PWMClock
2000021c   ui32Adjust
ffffffff   __binit__
ffffffff   __c_args__
ffffffff   binit
UNDEFED    SHT$$INIT_ARRAY$$Base
UNDEFED    SHT$$INIT_ARRAY$$Limit

[63 symbols]
