******************************************************************************
                  TI ARM Linker PC v5.0.4                      
******************************************************************************
>> Linked Fri Apr 03 11:53:54 2015

OUTPUT FILE NAME:   <027_LCD_Keypad.out>
ENTRY POINT SYMBOL: "_c_int00"  address: 00001549


MEMORY CONFIGURATION

         name            origin    length      used     unused   attr    fill
----------------------  --------  ---------  --------  --------  ----  --------
  FLASH                 00000000   00040000  00001a04  0003e5fc  R  X
  SRAM                  20000000   00008000  00000498  00007b68  RW X


SEGMENT ALLOCATION MAP

run origin  load origin   length   init length attrs members
----------  ----------- ---------- ----------- ----- -------
00000000    00000000    00001a08   00001a08    r-x
  00000000    00000000    0000026c   0000026c    r-- .intvecs
  0000026c    0000026c    00001550   00001550    r-x .text
  000017bc    000017bc    000001f0   000001f0    r-- .const
  000019b0    000019b0    00000058   00000058    r-- .cinit
20000000    20000000    0000046c   00000000    rw-
  20000000    20000000    0000026c   00000000    rw- .vtable
  2000026c    2000026c    00000200   00000000    rw- .stack
2000046c    2000046c    0000002c   00000028    rw-
  2000046c    2000046c    00000028   00000028    rw- .data
  20000494    20000494    00000004   00000000    rw- .bss


SECTION ALLOCATION MAP

 output                                  attributes/
section   page    origin      length       input sections
--------  ----  ----------  ----------   ----------------
.intvecs   0    00000000    0000026c     
                  00000000    0000026c     startup_ccs.obj (.intvecs)

.init_array 
*          0    00000000    00000000     UNINITIALIZED

.text      0    0000026c    00001550     
                  0000026c    000007a8     keypad.obj (.text)
                  00000a14    000005be     Lcd.obj (.text)
                  00000fd2    00000130     driverlib.lib : gpio.obj (.text:GPIOPadConfigSet)
                  00001102    00000002     --HOLE-- [fill = 0]
                  00001104    000000f0                   : sysctl.obj (.text:SysCtlClockSet)
                  000011f4    0000009c     rtsv7M4_T_le_v4SPD16_eabi.lib : memcpy_t2.obj (.text)
                  00001290    0000009c     systick.obj (.text)
                  0000132c    00000094     rtsv7M4_T_le_v4SPD16_eabi.lib : auto_init.obj (.text)
                  000013c0    00000074     main.obj (.text)
                  00001434    00000060     driverlib.lib : interrupt.obj (.text:IntEnable)
                  00001494    0000005e     rtsv7M4_T_le_v4SPD16_eabi.lib : copy_decompress_rle.obj (.text)
                  000014f2    00000056     driverlib.lib : gpio.obj (.text:GPIOIntTypeSet)
                  00001548    00000048     rtsv7M4_T_le_v4SPD16_eabi.lib : boot.obj (.text)
                  00001590    00000044                                   : cpy_tbl.obj (.text)
                  000015d4    00000040     driverlib.lib : gpio.obj (.text:_GPIOIntNumberGet)
                  00001614    00000040     rtsv7M4_T_le_v4SPD16_eabi.lib : exit.obj (.text)
                  00001654    00000034     driverlib.lib : interrupt.obj (.text:IntRegister)
                  00001688    00000034                   : sysctl.obj (.text:SysCtlPeripheralEnable)
                  000016bc    0000002a                   : gpio.obj (.text:GPIODirModeSet)
                  000016e6    00000018                   : gpio.obj (.text:GPIOIntRegister)
                  000016fe    00000018                   : gpio.obj (.text:GPIOPinTypeGPIOOutput)
                  00001716    00000002     --HOLE-- [fill = 0]
                  00001718    00000018     rtsv7M4_T_le_v4SPD16_eabi.lib : args_main.obj (.text)
                  00001730    00000014                                   : _lock.obj (.text)
                  00001744    00000012     driverlib.lib : gpio.obj (.text:GPIOPinTypeGPIOInput)
                  00001756    00000012     rtsv7M4_T_le_v4SPD16_eabi.lib : copy_zero_init.obj (.text:decompress:ZI)
                  00001768    0000000e                                   : copy_decompress_none.obj (.text:decompress:none)
                  00001776    0000000c     driverlib.lib : cpu.obj (.text:CPUcpsie)
                  00001782    0000000c                   : gpio.obj (.text:GPIOIntEnable)
                  0000178e    0000000c     startup_ccs.obj (.text)
                  0000179a    0000000a     driverlib.lib : interrupt.obj (.text:IntMasterEnable)
                  000017a4    00000006                   : gpio.obj (.text:GPIOPinRead)
                  000017aa    00000006                   : gpio.obj (.text:GPIOPinWrite)
                  000017b0    00000006                   : sysctl.obj (.text:SysCtlDelay)
                  000017b6    00000006     rtsv7M4_T_le_v4SPD16_eabi.lib : copy_decompress_rle.obj (.text:decompress:rle24)

.const     0    000017bc    000001f0     
                  000017bc    000000c0     driverlib.lib : gpio.obj (.const:g_ppui32GPIOIntMapBlizzard)
                  0000187c    000000c0                   : gpio.obj (.const:g_ppui32GPIOIntMapSnowflake)
                  0000193c    00000070                   : interrupt.obj (.const)

.cinit     0    000019b0    00000058     
                  000019b0    00000023     (.cinit..data.load) [load image, compression = rle]
                  000019d3    00000001     --HOLE-- [fill = 0]
                  000019d4    0000000c     (__TI_handler_table)
                  000019e0    00000008     (.cinit..bss.load) [load image, compression = zero_init]
                  000019e8    00000008     (.cinit..vtable.load) [load image, compression = zero_init]
                  000019f0    00000018     (__TI_cinit_table)

.vtable    0    20000000    0000026c     UNINITIALIZED
                  20000000    0000026c     driverlib.lib : interrupt.obj (.vtable)

.stack     0    2000026c    00000200     UNINITIALIZED
                  2000026c    00000200     --HOLE--

.data      0    2000046c    00000028     
                  2000046c    00000014     keypad.obj (.data)
                  20000480    00000008     rtsv7M4_T_le_v4SPD16_eabi.lib : _lock.obj (.data)
                  20000488    00000008                                   : exit.obj (.data)
                  20000490    00000004                                   : stkdepth_vars.obj (.data)

.bss       0    20000494    00000004     UNINITIALIZED
                  20000494    00000004     keypad.obj (.bss)


LINKER GENERATED COPY TABLES

__TI_cinit_table @ 000019f0 records: 3, size/record: 8, table size: 24
	.data: load addr=000019b0, load size=00000023 bytes, run addr=2000046c, run size=00000028 bytes, compression=rle
	.bss: load addr=000019e0, load size=00000008 bytes, run addr=20000494, run size=00000004 bytes, compression=zero_init
	.vtable: load addr=000019e8, load size=00000008 bytes, run addr=20000000, run size=0000026c bytes, compression=zero_init


LINKER GENERATED HANDLER TABLE

__TI_handler_table @ 000019d4 records: 3, size/record: 4, table size: 12
	index: 0, handler: __TI_zero_init
	index: 1, handler: __TI_decompress_rle24
	index: 2, handler: __TI_decompress_none


GLOBAL SYMBOLS: SORTED ALPHABETICALLY BY Name 

address    name
--------   ----
00001615   C$$EXIT
00001777   CPUcpsie
000016bd   GPIODirModeSet
00001783   GPIOIntEnable
000016e7   GPIOIntRegister
000014f3   GPIOIntTypeSet
00000fd3   GPIOPadConfigSet
000017a5   GPIOPinRead
00001745   GPIOPinTypeGPIOInput
000016ff   GPIOPinTypeGPIOOutput
000017ab   GPIOPinWrite
00001435   IntEnable
0000179b   IntMasterEnable
00001655   IntRegister
00000c1b   Lcd_Goto
00000b97   Lcd_Putch
00000b11   Lcd_comando
00000ca7   Lcd_desactivar
00000a15   Lcd_init
00000cb7   Lcd_mensajes
0000178f   ResetISR
UNDEFED    SHT$$INIT_ARRAY$$Base
UNDEFED    SHT$$INIT_ARRAY$$Limit
00001105   SysCtlClockSet
000017b1   SysCtlDelay
00001689   SysCtlPeripheralEnable
2000046c   __STACK_END
00000200   __STACK_SIZE
2000046c   __STACK_TOP
000019f0   __TI_CINIT_Base
00001a08   __TI_CINIT_Limit
000019d4   __TI_Handler_Table_Base
000019e0   __TI_Handler_Table_Limit
00000001   __TI_args_main
0000132d   __TI_auto_init
00001769   __TI_decompress_none
000017b7   __TI_decompress_rle24
00000000   __TI_static_base__
00001757   __TI_zero_init
000011f5   __aeabi_memcpy
000011f5   __aeabi_memcpy4
000011f5   __aeabi_memcpy8
ffffffff   __binit__
ffffffff   __c_args__
2000026c   __stack
00001719   _args_main
00001549   _c_int00
20000488   _cleanup_ptr
2000048c   _dtors_ptr
20000480   _lock
0000173f   _nop
00001737   _register_lock
00001731   _register_unlock
20000484   _unlock
00001619   abort
ffffffff   binit
000002e3   checkKeypad
00000297   checkKeypadCol
00001591   copy_in
000012f9   delay_ms
000012d3   delay_us
00001621   exit
20000000   g_pfnRAMVectors
00000000   g_pfnVectors
0000037b   getLastKeyPressed
0000026d   initKeypad
0000038d   keyPressISR
000013c1   main
20000490   main_func_sp
000011f5   memcpy
00000cdd   mensajes
000012ad   systick_delay
00001291   systick_init


GLOBAL SYMBOLS: SORTED BY Symbol Address 

address    name
--------   ----
00000000   __TI_static_base__
00000000   g_pfnVectors
00000001   __TI_args_main
00000200   __STACK_SIZE
0000026d   initKeypad
00000297   checkKeypadCol
000002e3   checkKeypad
0000037b   getLastKeyPressed
0000038d   keyPressISR
00000a15   Lcd_init
00000b11   Lcd_comando
00000b97   Lcd_Putch
00000c1b   Lcd_Goto
00000ca7   Lcd_desactivar
00000cb7   Lcd_mensajes
00000cdd   mensajes
00000fd3   GPIOPadConfigSet
00001105   SysCtlClockSet
000011f5   __aeabi_memcpy
000011f5   __aeabi_memcpy4
000011f5   __aeabi_memcpy8
000011f5   memcpy
00001291   systick_init
000012ad   systick_delay
000012d3   delay_us
000012f9   delay_ms
0000132d   __TI_auto_init
000013c1   main
00001435   IntEnable
000014f3   GPIOIntTypeSet
00001549   _c_int00
00001591   copy_in
00001615   C$$EXIT
00001619   abort
00001621   exit
00001655   IntRegister
00001689   SysCtlPeripheralEnable
000016bd   GPIODirModeSet
000016e7   GPIOIntRegister
000016ff   GPIOPinTypeGPIOOutput
00001719   _args_main
00001731   _register_unlock
00001737   _register_lock
0000173f   _nop
00001745   GPIOPinTypeGPIOInput
00001757   __TI_zero_init
00001769   __TI_decompress_none
00001777   CPUcpsie
00001783   GPIOIntEnable
0000178f   ResetISR
0000179b   IntMasterEnable
000017a5   GPIOPinRead
000017ab   GPIOPinWrite
000017b1   SysCtlDelay
000017b7   __TI_decompress_rle24
000019d4   __TI_Handler_Table_Base
000019e0   __TI_Handler_Table_Limit
000019f0   __TI_CINIT_Base
00001a08   __TI_CINIT_Limit
20000000   g_pfnRAMVectors
2000026c   __stack
2000046c   __STACK_END
2000046c   __STACK_TOP
20000480   _lock
20000484   _unlock
20000488   _cleanup_ptr
2000048c   _dtors_ptr
20000490   main_func_sp
ffffffff   __binit__
ffffffff   __c_args__
ffffffff   binit
UNDEFED    SHT$$INIT_ARRAY$$Base
UNDEFED    SHT$$INIT_ARRAY$$Limit

[73 symbols]
