******************************************************************************
                  TI ARM Linker PC v5.0.4                      
******************************************************************************
>> Linked Tue Mar 03 01:46:52 2015

OUTPUT FILE NAME:   <interrupts.out>
ENTRY POINT SYMBOL: "_c_int00"  address: 00000b2d


MEMORY CONFIGURATION

         name            origin    length      used     unused   attr    fill
----------------------  --------  ---------  --------  --------  ----  --------
  FLASH                 00000000   00040000  00000d8c  0003f274  R  X
  SRAM                  20000000   00008000  0000022c  00007dd4  RW X


SEGMENT ALLOCATION MAP

run origin  load origin   length   init length attrs members
----------  ----------- ---------- ----------- ----- -------
00000000    00000000    00000d90   00000d90    r-x
  00000000    00000000    0000026c   0000026c    r-- .intvecs
  0000026c    0000026c    00000aba   00000aba    r-x .text
  00000d28    00000d28    0000002e   0000002e    r-- .const
  00000d58    00000d58    00000038   00000038    r-- .cinit
20000000    20000000    00000200   00000000    rw-
  20000000    20000000    00000200   00000000    rw- .stack
20000200    20000200    0000002c   0000001c    rw-
  20000200    20000200    0000001c   0000001c    rw- .data
  2000021c    2000021c    00000010   00000000    rw- .bss


SECTION ALLOCATION MAP

 output                                  attributes/
section   page    origin      length       input sections
--------  ----  ----------  ----------   ----------------
.intvecs   0    00000000    0000026c     
                  00000000    0000026c     startup_ccs.obj (.intvecs)

.init_array 
*          0    00000000    00000000     UNINITIALIZED

.text      0    0000026c    00000aba     
                  0000026c    00000298     interrupts.obj (.text:main)
                  00000504    000001ea     uartstdio.obj (.text:UARTvprintf)
                  000006ee    0000009c     rtsv7M4_T_le_v4SPD16_eabi.lib : memcpy_t2.obj (.text)
                  0000078a    00000002     startup_ccs.obj (.text:FaultISR)
                  0000078c    00000098     uartstdio.obj (.text:UARTgets)
                  00000824    00000094     rtsv7M4_T_le_v4SPD16_eabi.lib : auto_init.obj (.text)
                  000008b8    00000070     interrupts.obj (.text:DisplayIntStatus)
                  00000928    0000005e     rtsv7M4_T_le_v4SPD16_eabi.lib : copy_decompress_rle.obj (.text)
                  00000986    00000002     startup_ccs.obj (.text:IntDefaultHandler)
                  00000988    0000005c     interrupts.obj (.text:ConfigureUART)
                  000009e4    00000058     uartstdio.obj (.text:UARTStdioConfig)
                  00000a3c    00000054     interrupts.obj (.text:IntGPIOb)
                  00000a90    00000054     interrupts.obj (.text:IntGPIOc)
                  00000ae4    00000048     uartstdio.obj (.text:UARTwrite)
                  00000b2c    00000048     rtsv7M4_T_le_v4SPD16_eabi.lib : boot.obj (.text)
                  00000b74    00000044     interrupts.obj (.text:IntGPIOa)
                  00000bb8    00000044     rtsv7M4_T_le_v4SPD16_eabi.lib : cpy_tbl.obj (.text)
                  00000bfc    00000042                                   : u_divt2.obj (.text)
                  00000c3e    00000002     startup_ccs.obj (.text:NmiSR)
                  00000c40    00000040     rtsv7M4_T_le_v4SPD16_eabi.lib : exit.obj (.text)
                  00000c80    0000002c     interrupts.obj (.text:Delay)
                  00000cac    0000001a     uartstdio.obj (.text:UARTprintf)
                  00000cc6    00000002     --HOLE-- [fill = 0]
                  00000cc8    00000018     rtsv7M4_T_le_v4SPD16_eabi.lib : args_main.obj (.text)
                  00000ce0    00000014                                   : _lock.obj (.text)
                  00000cf4    00000012                                   : copy_zero_init.obj (.text:decompress:ZI)
                  00000d06    0000000e                                   : copy_decompress_none.obj (.text:decompress:none)
                  00000d14    00000006     startup_ccs.obj (.text:ResetISR)
                  00000d1a    00000006     driverlib.lib : uart.obj (.text:UARTClockSourceSet)
                  00000d20    00000006     rtsv7M4_T_le_v4SPD16_eabi.lib : copy_decompress_rle.obj (.text:decompress:rle24)

.const     0    00000d28    0000002e     
                  00000d28    0000001c     uartstdio.obj (.const)
                  00000d44    00000012     uartstdio.obj (.const:.string)

.cinit     0    00000d58    00000038     
                  00000d58    0000000f     (.cinit..data.load) [load image, compression = rle]
                  00000d67    00000001     --HOLE-- [fill = 0]
                  00000d68    0000000c     (__TI_handler_table)
                  00000d74    00000004     --HOLE-- [fill = 0]
                  00000d78    00000008     (.cinit..bss.load) [load image, compression = zero_init]
                  00000d80    00000010     (__TI_cinit_table)

.stack     0    20000000    00000200     UNINITIALIZED
                  20000000    00000200     --HOLE--

.data      0    20000200    0000001c     
                  20000200    00000008     rtsv7M4_T_le_v4SPD16_eabi.lib : _lock.obj (.data)
                  20000208    00000008                                   : exit.obj (.data)
                  20000210    00000005     uartstdio.obj (.data)
                  20000215    00000003     --HOLE--
                  20000218    00000004     rtsv7M4_T_le_v4SPD16_eabi.lib : stkdepth_vars.obj (.data)

.bss       0    2000021c    00000010     UNINITIALIZED
                  2000021c    00000010     interrupts.obj (.bss)


LINKER GENERATED COPY TABLES

__TI_cinit_table @ 00000d80 records: 2, size/record: 8, table size: 16
	.data: load addr=00000d58, load size=0000000f bytes, run addr=20000200, run size=0000001c bytes, compression=rle
	.bss: load addr=00000d78, load size=00000008 bytes, run addr=2000021c, run size=00000010 bytes, compression=zero_init


LINKER GENERATED HANDLER TABLE

__TI_handler_table @ 00000d68 records: 3, size/record: 4, table size: 12
	index: 0, handler: __TI_decompress_rle24
	index: 1, handler: __TI_decompress_none
	index: 2, handler: __TI_zero_init


GLOBAL SYMBOLS: SORTED ALPHABETICALLY BY Name 

address    name
--------   ----
00000c41   C$$EXIT
00000989   ConfigureUART
00000c81   Delay
000008b9   DisplayIntStatus
00000b75   IntGPIOa
00000a3d   IntGPIOb
00000a91   IntGPIOc
00000d15   ResetISR
UNDEFED    SHT$$INIT_ARRAY$$Base
UNDEFED    SHT$$INIT_ARRAY$$Limit
00000d1b   UARTClockSourceSet
000009e5   UARTStdioConfig
0000078d   UARTgets
00000cad   UARTprintf
00000505   UARTvprintf
00000ae5   UARTwrite
20000200   __STACK_END
00000200   __STACK_SIZE
20000200   __STACK_TOP
00000d80   __TI_CINIT_Base
00000d90   __TI_CINIT_Limit
00000d68   __TI_Handler_Table_Base
00000d74   __TI_Handler_Table_Limit
00000001   __TI_args_main
00000825   __TI_auto_init
00000d07   __TI_decompress_none
00000d21   __TI_decompress_rle24
00000000   __TI_static_base__
00000cf5   __TI_zero_init
000006ef   __aeabi_memcpy
000006ef   __aeabi_memcpy4
000006ef   __aeabi_memcpy8
00000bfd   __aeabi_uidivmod
ffffffff   __binit__
ffffffff   __c_args__
20000000   __stack
00000cc9   _args_main
00000b2d   _c_int00
20000208   _cleanup_ptr
2000020c   _dtors_ptr
20000200   _lock
00000cef   _nop
00000ce7   _register_lock
00000ce1   _register_unlock
20000204   _unlock
00000c45   abort
ffffffff   binit
00000bb9   copy_in
00000c4d   exit
00000000   g_pfnVectors
20000220   g_ui32GPIOa
20000224   g_ui32GPIOb
20000228   g_ui32GPIOc
2000021c   g_ui32Index
0000026d   main
20000218   main_func_sp
000006ef   memcpy


GLOBAL SYMBOLS: SORTED BY Symbol Address 

address    name
--------   ----
00000000   __TI_static_base__
00000000   g_pfnVectors
00000001   __TI_args_main
00000200   __STACK_SIZE
0000026d   main
00000505   UARTvprintf
000006ef   __aeabi_memcpy
000006ef   __aeabi_memcpy4
000006ef   __aeabi_memcpy8
000006ef   memcpy
0000078d   UARTgets
00000825   __TI_auto_init
000008b9   DisplayIntStatus
00000989   ConfigureUART
000009e5   UARTStdioConfig
00000a3d   IntGPIOb
00000a91   IntGPIOc
00000ae5   UARTwrite
00000b2d   _c_int00
00000b75   IntGPIOa
00000bb9   copy_in
00000bfd   __aeabi_uidivmod
00000c41   C$$EXIT
00000c45   abort
00000c4d   exit
00000c81   Delay
00000cad   UARTprintf
00000cc9   _args_main
00000ce1   _register_unlock
00000ce7   _register_lock
00000cef   _nop
00000cf5   __TI_zero_init
00000d07   __TI_decompress_none
00000d15   ResetISR
00000d1b   UARTClockSourceSet
00000d21   __TI_decompress_rle24
00000d68   __TI_Handler_Table_Base
00000d74   __TI_Handler_Table_Limit
00000d80   __TI_CINIT_Base
00000d90   __TI_CINIT_Limit
20000000   __stack
20000200   __STACK_END
20000200   __STACK_TOP
20000200   _lock
20000204   _unlock
20000208   _cleanup_ptr
2000020c   _dtors_ptr
20000218   main_func_sp
2000021c   g_ui32Index
20000220   g_ui32GPIOa
20000224   g_ui32GPIOb
20000228   g_ui32GPIOc
ffffffff   __binit__
ffffffff   __c_args__
ffffffff   binit
UNDEFED    SHT$$INIT_ARRAY$$Base
UNDEFED    SHT$$INIT_ARRAY$$Limit

[57 symbols]
