******************************************************************************
                  TI ARM Linker PC v5.0.4                      
******************************************************************************
>> Linked Thu Apr 02 15:23:05 2015

OUTPUT FILE NAME:   <024_KEYPAD_4x4.out>
ENTRY POINT SYMBOL: "_c_int00"  address: 00000a01


MEMORY CONFIGURATION

         name            origin    length      used     unused   attr    fill
----------------------  --------  ---------  --------  --------  ----  --------
  FLASH                 00000000   00040000  00000cac  0003f354  R  X
  SRAM                  20000000   00008000  00000218  00007de8  RW X


SEGMENT ALLOCATION MAP

run origin  load origin   length   init length attrs members
----------  ----------- ---------- ----------- ----- -------
00000000    00000000    00000cb0   00000cb0    r-x
  00000000    00000000    0000026c   0000026c    r-- .intvecs
  0000026c    0000026c    00000998   00000998    r-x .text
  00000c04    00000c04    00000070   00000070    r-- .const
  00000c78    00000c78    00000038   00000038    r-- .cinit
20000000    20000000    00000200   00000000    rw-
  20000000    20000000    00000200   00000000    rw- .stack
20000200    20000200    00000018   00000014    rw-
  20000200    20000200    00000014   00000014    rw- .data
  20000214    20000214    00000004   00000000    rw- .bss


SECTION ALLOCATION MAP

 output                                  attributes/
section   page    origin      length       input sections
--------  ----  ----------  ----------   ----------------
.intvecs   0    00000000    0000026c     
                  00000000    0000026c     startup_ccs.obj (.intvecs)

.init_array 
*          0    00000000    00000000     UNINITIALIZED

.text      0    0000026c    00000998     
                  0000026c    00000214     main.obj (.text)
                  00000480    00000130     driverlib.lib : gpio.obj (.text:GPIOPadConfigSet)
                  000005b0    000000f0                   : sysctl.obj (.text:SysCtlClockSet)
                  000006a0    0000009c     rtsv7M4_T_le_v4SPD16_eabi.lib : memcpy_t2.obj (.text)
                  0000073c    0000009c     systick.obj (.text)
                  000007d8    00000094     rtsv7M4_T_le_v4SPD16_eabi.lib : auto_init.obj (.text)
                  0000086c    00000080     KeyPad.obj (.text)
                  000008ec    00000060     driverlib.lib : interrupt.obj (.text:IntEnable)
                  0000094c    0000005e     rtsv7M4_T_le_v4SPD16_eabi.lib : copy_decompress_rle.obj (.text)
                  000009aa    00000056     driverlib.lib : gpio.obj (.text:GPIOIntTypeSet)
                  00000a00    00000048     rtsv7M4_T_le_v4SPD16_eabi.lib : boot.obj (.text)
                  00000a48    00000044                                   : cpy_tbl.obj (.text)
                  00000a8c    00000040                                   : exit.obj (.text)
                  00000acc    00000034     driverlib.lib : sysctl.obj (.text:SysCtlPeripheralEnable)
                  00000b00    0000002a                   : gpio.obj (.text:GPIODirModeSet)
                  00000b2a    00000018                   : gpio.obj (.text:GPIOPinTypeGPIOOutput)
                  00000b42    00000002     --HOLE-- [fill = 0]
                  00000b44    00000018     rtsv7M4_T_le_v4SPD16_eabi.lib : args_main.obj (.text)
                  00000b5c    00000014                                   : _lock.obj (.text)
                  00000b70    00000012     driverlib.lib : gpio.obj (.text:GPIOPinTypeGPIOInput)
                  00000b82    00000012     rtsv7M4_T_le_v4SPD16_eabi.lib : copy_zero_init.obj (.text:decompress:ZI)
                  00000b94    0000000e                                   : copy_decompress_none.obj (.text:decompress:none)
                  00000ba2    0000000c     driverlib.lib : cpu.obj (.text:CPUcpsid)
                  00000bae    0000000c                   : cpu.obj (.text:CPUcpsie)
                  00000bba    0000000c                   : gpio.obj (.text:GPIOIntEnable)
                  00000bc6    0000000c     startup_ccs.obj (.text)
                  00000bd2    0000000a     driverlib.lib : interrupt.obj (.text:IntMasterDisable)
                  00000bdc    0000000a                   : interrupt.obj (.text:IntMasterEnable)
                  00000be6    00000006                   : gpio.obj (.text:GPIOIntClear)
                  00000bec    00000006                   : gpio.obj (.text:GPIOPinRead)
                  00000bf2    00000006                   : gpio.obj (.text:GPIOPinWrite)
                  00000bf8    00000006                   : sysctl.obj (.text:SysCtlDelay)
                  00000bfe    00000006     rtsv7M4_T_le_v4SPD16_eabi.lib : copy_decompress_rle.obj (.text:decompress:rle24)

.const     0    00000c04    00000070     
                  00000c04    00000070     driverlib.lib : interrupt.obj (.const)

.cinit     0    00000c78    00000038     
                  00000c78    0000000f     (.cinit..data.load) [load image, compression = rle]
                  00000c87    00000001     --HOLE-- [fill = 0]
                  00000c88    0000000c     (__TI_handler_table)
                  00000c94    00000004     --HOLE-- [fill = 0]
                  00000c98    00000008     (.cinit..bss.load) [load image, compression = zero_init]
                  00000ca0    00000010     (__TI_cinit_table)

.stack     0    20000000    00000200     UNINITIALIZED
                  20000000    00000200     --HOLE--

.data      0    20000200    00000014     
                  20000200    00000008     rtsv7M4_T_le_v4SPD16_eabi.lib : _lock.obj (.data)
                  20000208    00000008                                   : exit.obj (.data)
                  20000210    00000004                                   : stkdepth_vars.obj (.data)

.bss       0    20000214    00000004     UNINITIALIZED
                  20000214    00000004     main.obj (.bss)


LINKER GENERATED COPY TABLES

__TI_cinit_table @ 00000ca0 records: 2, size/record: 8, table size: 16
	.data: load addr=00000c78, load size=0000000f bytes, run addr=20000200, run size=00000014 bytes, compression=rle
	.bss: load addr=00000c98, load size=00000008 bytes, run addr=20000214, run size=00000004 bytes, compression=zero_init


LINKER GENERATED HANDLER TABLE

__TI_handler_table @ 00000c88 records: 3, size/record: 4, table size: 12
	index: 0, handler: __TI_decompress_rle24
	index: 1, handler: __TI_decompress_none
	index: 2, handler: __TI_zero_init


GLOBAL SYMBOLS: SORTED ALPHABETICALLY BY Name 

address    name
--------   ----
00000a8d   C$$EXIT
00000ba3   CPUcpsid
00000baf   CPUcpsie
00000b01   GPIODirModeSet
00000be7   GPIOIntClear
00000bbb   GPIOIntEnable
000009ab   GPIOIntTypeSet
00000481   GPIOPadConfigSet
00000bed   GPIOPinRead
00000b71   GPIOPinTypeGPIOInput
00000b2b   GPIOPinTypeGPIOOutput
00000bf3   GPIOPinWrite
000008ed   IntEnable
00000bd3   IntMasterDisable
00000bdd   IntMasterEnable
00000bc7   ResetISR
UNDEFED    SHT$$INIT_ARRAY$$Base
UNDEFED    SHT$$INIT_ARRAY$$Limit
000005b1   SysCtlClockSet
00000bf9   SysCtlDelay
00000acd   SysCtlPeripheralEnable
20000200   __STACK_END
00000200   __STACK_SIZE
20000200   __STACK_TOP
00000ca0   __TI_CINIT_Base
00000cb0   __TI_CINIT_Limit
00000c88   __TI_Handler_Table_Base
00000c94   __TI_Handler_Table_Limit
00000001   __TI_args_main
000007d9   __TI_auto_init
00000b95   __TI_decompress_none
00000bff   __TI_decompress_rle24
00000000   __TI_static_base__
00000b83   __TI_zero_init
000006a1   __aeabi_memcpy
000006a1   __aeabi_memcpy4
000006a1   __aeabi_memcpy8
ffffffff   __binit__
ffffffff   __c_args__
20000000   __stack
00000b45   _args_main
00000a01   _c_int00
20000208   _cleanup_ptr
2000020c   _dtors_ptr
20000200   _lock
00000b6b   _nop
00000b63   _register_lock
00000b5d   _register_unlock
20000204   _unlock
00000a91   abort
ffffffff   binit
00000a49   copy_in
000007a5   delay_ms
0000077f   delay_us
00000a99   exit
00000000   g_pfnVectors
0000041b   main
20000210   main_func_sp
000006a1   memcpy
0000026d   scan_key
0000086d   setup
00000759   systick_delay
0000073d   systick_init


GLOBAL SYMBOLS: SORTED BY Symbol Address 

address    name
--------   ----
00000000   __TI_static_base__
00000000   g_pfnVectors
00000001   __TI_args_main
00000200   __STACK_SIZE
0000026d   scan_key
0000041b   main
00000481   GPIOPadConfigSet
000005b1   SysCtlClockSet
000006a1   __aeabi_memcpy
000006a1   __aeabi_memcpy4
000006a1   __aeabi_memcpy8
000006a1   memcpy
0000073d   systick_init
00000759   systick_delay
0000077f   delay_us
000007a5   delay_ms
000007d9   __TI_auto_init
0000086d   setup
000008ed   IntEnable
000009ab   GPIOIntTypeSet
00000a01   _c_int00
00000a49   copy_in
00000a8d   C$$EXIT
00000a91   abort
00000a99   exit
00000acd   SysCtlPeripheralEnable
00000b01   GPIODirModeSet
00000b2b   GPIOPinTypeGPIOOutput
00000b45   _args_main
00000b5d   _register_unlock
00000b63   _register_lock
00000b6b   _nop
00000b71   GPIOPinTypeGPIOInput
00000b83   __TI_zero_init
00000b95   __TI_decompress_none
00000ba3   CPUcpsid
00000baf   CPUcpsie
00000bbb   GPIOIntEnable
00000bc7   ResetISR
00000bd3   IntMasterDisable
00000bdd   IntMasterEnable
00000be7   GPIOIntClear
00000bed   GPIOPinRead
00000bf3   GPIOPinWrite
00000bf9   SysCtlDelay
00000bff   __TI_decompress_rle24
00000c88   __TI_Handler_Table_Base
00000c94   __TI_Handler_Table_Limit
00000ca0   __TI_CINIT_Base
00000cb0   __TI_CINIT_Limit
20000000   __stack
20000200   __STACK_END
20000200   __STACK_TOP
20000200   _lock
20000204   _unlock
20000208   _cleanup_ptr
2000020c   _dtors_ptr
20000210   main_func_sp
ffffffff   __binit__
ffffffff   __c_args__
ffffffff   binit
UNDEFED    SHT$$INIT_ARRAY$$Base
UNDEFED    SHT$$INIT_ARRAY$$Limit

[63 symbols]
