******************************************************************************
                  TI ARM Linker PC v5.0.4                      
******************************************************************************
>> Linked Thu Apr 02 18:33:23 2015

OUTPUT FILE NAME:   <Keypad.out>
ENTRY POINT SYMBOL: "_c_int00"  address: 00000935


MEMORY CONFIGURATION

         name            origin    length      used     unused   attr    fill
----------------------  --------  ---------  --------  --------  ----  --------
  FLASH                 00000000   00040000  00000df0  0003f210  R  X
  SRAM                  20000000   00008000  00000498  00007b68  RW X


SEGMENT ALLOCATION MAP

run origin  load origin   length   init length attrs members
----------  ----------- ---------- ----------- ----- -------
00000000    00000000    00000df0   00000df0    r-x
  00000000    00000000    0000026c   0000026c    r-- .intvecs
  0000026c    0000026c    0000093c   0000093c    r-x .text
  00000ba8    00000ba8    000001f0   000001f0    r-- .const
  00000d98    00000d98    00000058   00000058    r-- .cinit
20000000    20000000    0000046c   00000000    rw-
  20000000    20000000    0000026c   00000000    rw- .vtable
  2000026c    2000026c    00000200   00000000    rw- .stack
2000046c    2000046c    0000002c   00000028    rw-
  2000046c    2000046c    00000028   00000028    rw- .data
  20000494    20000494    00000004   00000000    rw- .bss


SECTION ALLOCATION MAP

 output                                  attributes/
section   page    origin      length       input sections
--------  ----  ----------  ----------   ----------------
.intvecs   0    00000000    0000026c     
                  00000000    0000026c     startup_ccs.obj (.intvecs)

.init_array 
*          0    00000000    00000000     UNINITIALIZED

.text      0    0000026c    0000093c     
                  0000026c    0000015c     keypad.obj (.text)
                  000003c8    00000130     driverlib.lib : gpio.obj (.text:GPIOPadConfigSet)
                  000004f8    000000f0                   : sysctl.obj (.text:SysCtlClockSet)
                  000005e8    0000009c     rtsv7M4_T_le_v4SPD16_eabi.lib : memcpy_t2.obj (.text)
                  00000684    0000009c     systick.obj (.text)
                  00000720    00000094     rtsv7M4_T_le_v4SPD16_eabi.lib : auto_init.obj (.text)
                  000007b4    0000006c     main.obj (.text)
                  00000820    00000060     driverlib.lib : interrupt.obj (.text:IntEnable)
                  00000880    0000005e     rtsv7M4_T_le_v4SPD16_eabi.lib : copy_decompress_rle.obj (.text)
                  000008de    00000056     driverlib.lib : gpio.obj (.text:GPIOIntTypeSet)
                  00000934    00000048     rtsv7M4_T_le_v4SPD16_eabi.lib : boot.obj (.text)
                  0000097c    00000044                                   : cpy_tbl.obj (.text)
                  000009c0    00000040     driverlib.lib : gpio.obj (.text:_GPIOIntNumberGet)
                  00000a00    00000040     rtsv7M4_T_le_v4SPD16_eabi.lib : exit.obj (.text)
                  00000a40    00000034     driverlib.lib : interrupt.obj (.text:IntRegister)
                  00000a74    00000034                   : sysctl.obj (.text:SysCtlPeripheralEnable)
                  00000aa8    0000002a                   : gpio.obj (.text:GPIODirModeSet)
                  00000ad2    00000018                   : gpio.obj (.text:GPIOIntRegister)
                  00000aea    00000018                   : gpio.obj (.text:GPIOPinTypeGPIOOutput)
                  00000b02    00000002     --HOLE-- [fill = 0]
                  00000b04    00000018     rtsv7M4_T_le_v4SPD16_eabi.lib : args_main.obj (.text)
                  00000b1c    00000014                                   : _lock.obj (.text)
                  00000b30    00000012     driverlib.lib : gpio.obj (.text:GPIOPinTypeGPIOInput)
                  00000b42    00000012     rtsv7M4_T_le_v4SPD16_eabi.lib : copy_zero_init.obj (.text:decompress:ZI)
                  00000b54    0000000e                                   : copy_decompress_none.obj (.text:decompress:none)
                  00000b62    0000000c     driverlib.lib : cpu.obj (.text:CPUcpsie)
                  00000b6e    0000000c                   : gpio.obj (.text:GPIOIntEnable)
                  00000b7a    0000000c     startup_ccs.obj (.text)
                  00000b86    0000000a     driverlib.lib : interrupt.obj (.text:IntMasterEnable)
                  00000b90    00000006                   : gpio.obj (.text:GPIOPinRead)
                  00000b96    00000006                   : gpio.obj (.text:GPIOPinWrite)
                  00000b9c    00000006                   : sysctl.obj (.text:SysCtlDelay)
                  00000ba2    00000006     rtsv7M4_T_le_v4SPD16_eabi.lib : copy_decompress_rle.obj (.text:decompress:rle24)

.const     0    00000ba8    000001f0     
                  00000ba8    000000c0     driverlib.lib : gpio.obj (.const:g_ppui32GPIOIntMapBlizzard)
                  00000c68    000000c0                   : gpio.obj (.const:g_ppui32GPIOIntMapSnowflake)
                  00000d28    00000070                   : interrupt.obj (.const)

.cinit     0    00000d98    00000058     
                  00000d98    00000023     (.cinit..data.load) [load image, compression = rle]
                  00000dbb    00000001     --HOLE-- [fill = 0]
                  00000dbc    0000000c     (__TI_handler_table)
                  00000dc8    00000008     (.cinit..bss.load) [load image, compression = zero_init]
                  00000dd0    00000008     (.cinit..vtable.load) [load image, compression = zero_init]
                  00000dd8    00000018     (__TI_cinit_table)

.vtable    0    20000000    0000026c     UNINITIALIZED
                  20000000    0000026c     driverlib.lib : interrupt.obj (.vtable)

.stack     0    2000026c    00000200     UNINITIALIZED
                  2000026c    00000200     --HOLE--

.data      0    2000046c    00000028     
                  2000046c    00000014     keypad.obj (.data)
                  20000480    00000008     rtsv7M4_T_le_v4SPD16_eabi.lib : _lock.obj (.data)
                  20000488    00000008                                   : exit.obj (.data)
                  20000490    00000004                                   : stkdepth_vars.obj (.data)

.bss       0    20000494    00000004     UNINITIALIZED
                  20000494    00000004     keypad.obj (.bss)


LINKER GENERATED COPY TABLES

__TI_cinit_table @ 00000dd8 records: 3, size/record: 8, table size: 24
	.data: load addr=00000d98, load size=00000023 bytes, run addr=2000046c, run size=00000028 bytes, compression=rle
	.bss: load addr=00000dc8, load size=00000008 bytes, run addr=20000494, run size=00000004 bytes, compression=zero_init
	.vtable: load addr=00000dd0, load size=00000008 bytes, run addr=20000000, run size=0000026c bytes, compression=zero_init


LINKER GENERATED HANDLER TABLE

__TI_handler_table @ 00000dbc records: 3, size/record: 4, table size: 12
	index: 0, handler: __TI_zero_init
	index: 1, handler: __TI_decompress_rle24
	index: 2, handler: __TI_decompress_none


GLOBAL SYMBOLS: SORTED ALPHABETICALLY BY Name 

address    name
--------   ----
00000a01   C$$EXIT
00000b63   CPUcpsie
00000aa9   GPIODirModeSet
00000b6f   GPIOIntEnable
00000ad3   GPIOIntRegister
000008df   GPIOIntTypeSet
000003c9   GPIOPadConfigSet
00000b91   GPIOPinRead
00000b31   GPIOPinTypeGPIOInput
00000aeb   GPIOPinTypeGPIOOutput
00000b97   GPIOPinWrite
00000821   IntEnable
00000b87   IntMasterEnable
00000a41   IntRegister
00000b7b   ResetISR
UNDEFED    SHT$$INIT_ARRAY$$Base
UNDEFED    SHT$$INIT_ARRAY$$Limit
000004f9   SysCtlClockSet
00000b9d   SysCtlDelay
00000a75   SysCtlPeripheralEnable
2000046c   __STACK_END
00000200   __STACK_SIZE
2000046c   __STACK_TOP
00000dd8   __TI_CINIT_Base
00000df0   __TI_CINIT_Limit
00000dbc   __TI_Handler_Table_Base
00000dc8   __TI_Handler_Table_Limit
00000001   __TI_args_main
00000721   __TI_auto_init
00000b55   __TI_decompress_none
00000ba3   __TI_decompress_rle24
00000000   __TI_static_base__
00000b43   __TI_zero_init
000005e9   __aeabi_memcpy
000005e9   __aeabi_memcpy4
000005e9   __aeabi_memcpy8
ffffffff   __binit__
ffffffff   __c_args__
2000026c   __stack
00000b05   _args_main
00000935   _c_int00
20000488   _cleanup_ptr
2000048c   _dtors_ptr
20000480   _lock
00000b2b   _nop
00000b23   _register_lock
00000b1d   _register_unlock
20000484   _unlock
00000a05   abort
ffffffff   binit
000002e1   checkKeypad
00000293   checkKeypadCol
0000097d   copy_in
000006ed   delay_ms
000006c7   delay_us
00000a0d   exit
20000000   g_pfnRAMVectors
00000000   g_pfnVectors
00000379   getLastKeyPressed
0000026d   initKeypad
0000037f   keyPressISR
000007b5   main
20000490   main_func_sp
000005e9   memcpy
000006a1   systick_delay
00000685   systick_init


GLOBAL SYMBOLS: SORTED BY Symbol Address 

address    name
--------   ----
00000000   __TI_static_base__
00000000   g_pfnVectors
00000001   __TI_args_main
00000200   __STACK_SIZE
0000026d   initKeypad
00000293   checkKeypadCol
000002e1   checkKeypad
00000379   getLastKeyPressed
0000037f   keyPressISR
000003c9   GPIOPadConfigSet
000004f9   SysCtlClockSet
000005e9   __aeabi_memcpy
000005e9   __aeabi_memcpy4
000005e9   __aeabi_memcpy8
000005e9   memcpy
00000685   systick_init
000006a1   systick_delay
000006c7   delay_us
000006ed   delay_ms
00000721   __TI_auto_init
000007b5   main
00000821   IntEnable
000008df   GPIOIntTypeSet
00000935   _c_int00
0000097d   copy_in
00000a01   C$$EXIT
00000a05   abort
00000a0d   exit
00000a41   IntRegister
00000a75   SysCtlPeripheralEnable
00000aa9   GPIODirModeSet
00000ad3   GPIOIntRegister
00000aeb   GPIOPinTypeGPIOOutput
00000b05   _args_main
00000b1d   _register_unlock
00000b23   _register_lock
00000b2b   _nop
00000b31   GPIOPinTypeGPIOInput
00000b43   __TI_zero_init
00000b55   __TI_decompress_none
00000b63   CPUcpsie
00000b6f   GPIOIntEnable
00000b7b   ResetISR
00000b87   IntMasterEnable
00000b91   GPIOPinRead
00000b97   GPIOPinWrite
00000b9d   SysCtlDelay
00000ba3   __TI_decompress_rle24
00000dbc   __TI_Handler_Table_Base
00000dc8   __TI_Handler_Table_Limit
00000dd8   __TI_CINIT_Base
00000df0   __TI_CINIT_Limit
20000000   g_pfnRAMVectors
2000026c   __stack
2000046c   __STACK_END
2000046c   __STACK_TOP
20000480   _lock
20000484   _unlock
20000488   _cleanup_ptr
2000048c   _dtors_ptr
20000490   main_func_sp
ffffffff   __binit__
ffffffff   __c_args__
ffffffff   binit
UNDEFED    SHT$$INIT_ARRAY$$Base
UNDEFED    SHT$$INIT_ARRAY$$Limit

[66 symbols]
