******************************************************************************
                  TI ARM Linker PC v5.0.4                      
******************************************************************************
>> Linked Tue Mar 03 03:16:21 2015

OUTPUT FILE NAME:   <003_tercer proyecto.out>
ENTRY POINT SYMBOL: "_c_int00"  address: 00000235


MEMORY CONFIGURATION

         name            origin    length      used     unused   attr    fill
----------------------  --------  ---------  --------  --------  ----  --------
  FLASH                 00000000   00040000  00000360  0003fca0  R  X
  SRAM                  20000000   00008000  00000214  00007dec  RW X


SEGMENT ALLOCATION MAP

run origin  load origin   length   init length attrs members
----------  ----------- ---------- ----------- ----- -------
00000000    00000000    00000360   00000360    r-x
  00000000    00000000    00000340   00000340    r-x .text
  00000340    00000340    00000020   00000020    r-- .cinit
20000000    20000000    00000200   00000000    rw-
  20000000    20000000    00000200   00000000    rw- .stack
20000200    20000200    00000014   00000014    rw-
  20000200    20000200    00000014   00000014    rw- .data


SECTION ALLOCATION MAP

 output                                  attributes/
section   page    origin      length       input sections
--------  ----  ----------  ----------   ----------------
.text      0    00000000    00000340     
                  00000000    000000a4     main.obj (.text)
                  000000a4    0000009c     rtsv7M4_T_le_v4SPD16_eabi.lib : memcpy_t2.obj (.text)
                  00000140    00000094                                   : auto_init.obj (.text)
                  000001d4    0000005e                                   : copy_decompress_rle.obj (.text)
                  00000232    00000002     --HOLE-- [fill = 0]
                  00000234    00000048                                   : boot.obj (.text)
                  0000027c    00000044                                   : cpy_tbl.obj (.text)
                  000002c0    00000040                                   : exit.obj (.text)
                  00000300    00000018                                   : args_main.obj (.text)
                  00000318    00000014                                   : _lock.obj (.text)
                  0000032c    0000000e                                   : copy_decompress_none.obj (.text:decompress:none)
                  0000033a    00000006                                   : copy_decompress_rle.obj (.text:decompress:rle24)

.init_array 
*          0    00000000    00000000     UNINITIALIZED

.cinit     0    00000340    00000020     
                  00000340    0000000f     (.cinit..data.load) [load image, compression = rle]
                  0000034f    00000001     --HOLE-- [fill = 0]
                  00000350    00000008     (__TI_handler_table)
                  00000358    00000008     (__TI_cinit_table)

.stack     0    20000000    00000200     UNINITIALIZED
                  20000000    00000200     --HOLE--

.data      0    20000200    00000014     
                  20000200    00000008     rtsv7M4_T_le_v4SPD16_eabi.lib : _lock.obj (.data)
                  20000208    00000008                                   : exit.obj (.data)
                  20000210    00000004                                   : stkdepth_vars.obj (.data)


LINKER GENERATED COPY TABLES

__TI_cinit_table @ 00000358 records: 1, size/record: 8, table size: 8
	.data: load addr=00000340, load size=0000000f bytes, run addr=20000200, run size=00000014 bytes, compression=rle


LINKER GENERATED HANDLER TABLE

__TI_handler_table @ 00000350 records: 2, size/record: 4, table size: 8
	index: 0, handler: __TI_decompress_rle24
	index: 1, handler: __TI_decompress_none


GLOBAL SYMBOLS: SORTED ALPHABETICALLY BY Name 

address    name
--------   ----
000002c1   C$$EXIT
UNDEFED    SHT$$INIT_ARRAY$$Base
UNDEFED    SHT$$INIT_ARRAY$$Limit
20000200   __STACK_END
00000200   __STACK_SIZE
20000200   __STACK_TOP
00000358   __TI_CINIT_Base
00000360   __TI_CINIT_Limit
00000350   __TI_Handler_Table_Base
00000358   __TI_Handler_Table_Limit
00000001   __TI_args_main
00000141   __TI_auto_init
0000032d   __TI_decompress_none
0000033b   __TI_decompress_rle24
00000000   __TI_static_base__
000000a5   __aeabi_memcpy
000000a5   __aeabi_memcpy4
000000a5   __aeabi_memcpy8
ffffffff   __binit__
ffffffff   __c_args__
20000000   __stack
00000301   _args_main
00000235   _c_int00
20000208   _cleanup_ptr
2000020c   _dtors_ptr
20000200   _lock
00000327   _nop
0000031f   _register_lock
00000319   _register_unlock
20000204   _unlock
000002c5   abort
ffffffff   binit
0000027d   copy_in
000002cd   exit
00000001   main
20000210   main_func_sp
000000a5   memcpy


GLOBAL SYMBOLS: SORTED BY Symbol Address 

address    name
--------   ----
00000000   __TI_static_base__
00000001   __TI_args_main
00000001   main
000000a5   __aeabi_memcpy
000000a5   __aeabi_memcpy4
000000a5   __aeabi_memcpy8
000000a5   memcpy
00000141   __TI_auto_init
00000200   __STACK_SIZE
00000235   _c_int00
0000027d   copy_in
000002c1   C$$EXIT
000002c5   abort
000002cd   exit
00000301   _args_main
00000319   _register_unlock
0000031f   _register_lock
00000327   _nop
0000032d   __TI_decompress_none
0000033b   __TI_decompress_rle24
00000350   __TI_Handler_Table_Base
00000358   __TI_CINIT_Base
00000358   __TI_Handler_Table_Limit
00000360   __TI_CINIT_Limit
20000000   __stack
20000200   __STACK_END
20000200   __STACK_TOP
20000200   _lock
20000204   _unlock
20000208   _cleanup_ptr
2000020c   _dtors_ptr
20000210   main_func_sp
ffffffff   __binit__
ffffffff   __c_args__
ffffffff   binit
UNDEFED    SHT$$INIT_ARRAY$$Base
UNDEFED    SHT$$INIT_ARRAY$$Limit

[37 symbols]
