
PROGRAM "D:\Profiles\A20701\My Documents\AN\LCD driver\bin\P&E_ICD.abs"

*********************************************************************************************
TARGET SECTION
---------------------------------------------------------------------------------------------
Processor   : Freescale HC08
Memory Model: SMALL
File Format : ELF\Dwarf 2.0
Linker      : SmartLinker V-5.0.24 Build 4210, Jul 29 2004

*********************************************************************************************
FILE SECTION
---------------------------------------------------------------------------------------------
main.c.o                                Model: SMALL,         Lang: ANSI-C
Start08.c.o                             Model: SMALL,         Lang: ANSI-C
MC68HC908AP64.C.o                       Model: SMALL,         Lang: ANSI-C
RTSHC08.C.o (ansii.lib)                 Model: SMALL,         Lang: ANSI-C
lcd.c.o                                 Model: SMALL,         Lang: ANSI-C

*********************************************************************************************
STARTUP SECTION
---------------------------------------------------------------------------------------------
Entry point: 0x8EC (_Startup)
_startupData is allocated at 0x906 and uses 9 Bytes
extern struct _tagStartup {
  unsigned flags          0
  _PFunc   main           0x917    (main)
  unsigned nofZeroOut     1
  _Range   pZeroOut       0x100     11
  _Copy    *toCopyDownBeg 0xC37
} _startupData;

*********************************************************************************************
SECTION-ALLOCATION SECTION
Section Name                    Size  Type     From       To       Segment
---------------------------------------------------------------------------------------------
.text                            770     R      0x917      0xC18   ROM
.abs_section_fff0                  2     R     0xFFF0     0xFFF1   .absSeg0
.abs_section_5e                    1   N/I       0x5E       0x5E   .absSeg1
.abs_section_58                    1   N/I       0x58       0x58   .absSeg2
.abs_section_5b                    1   N/I       0x5B       0x5B   .absSeg3
.abs_section_5c                    1   N/I       0x5C       0x5C   .absSeg4
.abs_section_5d                    1   N/I       0x5D       0x5D   .absSeg5
.abs_section_57                    1   N/I       0x57       0x57   .absSeg6
.abs_section_fe0e                  1   N/I     0xFE0E     0xFE0E   .absSeg7
.abs_section_1f                    1   N/I       0x1F       0x1F   .absSeg8
.abs_section_1d                    1   N/I       0x1D       0x1D   .absSeg9
.abs_section_ffff                  1   N/I     0xFFFF     0xFFFF   .absSeg10
.abs_section_4                     1   N/I        0x4        0x4   .absSeg11
.abs_section_5                     1   N/I        0x5        0x5   .absSeg12
.abs_section_6                     1   N/I        0x6        0x6   .absSeg13
.abs_section_7                     1   N/I        0x7        0x7   .absSeg14
.abs_section_fe08                  1   N/I     0xFE08     0xFE08   .absSeg15
.abs_section_fe04                  1   N/I     0xFE04     0xFE04   .absSeg16
.abs_section_fe05                  1   N/I     0xFE05     0xFE05   .absSeg17
.abs_section_fe06                  1   N/I     0xFE06     0xFE06   .absSeg18
.abs_section_1e                    1   N/I       0x1E       0x1E   .absSeg19
.abs_section_1c                    1   N/I       0x1C       0x1C   .absSeg20
.abs_section_46                    1   N/I       0x46       0x46   .absSeg21
.abs_section_40                    1   N/I       0x40       0x40   .absSeg22
.abs_section_41                    1   N/I       0x41       0x41   .absSeg23
.abs_section_42                    1   N/I       0x42       0x42   .absSeg24
.abs_section_45                    1   N/I       0x45       0x45   .absSeg25
.abs_section_47                    1   N/I       0x47       0x47   .absSeg26
.abs_section_43                    1   N/I       0x43       0x43   .absSeg27
.abs_section_44                    1   N/I       0x44       0x44   .absSeg28
.abs_section_1b                    1   N/I       0x1B       0x1B   .absSeg29
.abs_section_1a                    1   N/I       0x1A       0x1A   .absSeg30
.abs_section_c                     1   N/I        0xC        0xC   .absSeg31
.abs_section_fe0f                  1   N/I     0xFE0F     0xFE0F   .absSeg32
.abs_section_48                    1   N/I       0x48       0x48   .absSeg33
.abs_section_49                    1   N/I       0x49       0x49   .absSeg34
.abs_section_4a                    1   N/I       0x4A       0x4A   .absSeg35
.abs_section_4e                    1   N/I       0x4E       0x4E   .absSeg36
.abs_section_4d                    1   N/I       0x4D       0x4D   .absSeg37
.abs_section_4c                    1   N/I       0x4C       0x4C   .absSeg38
.abs_section_4f                    1   N/I       0x4F       0x4F   .absSeg39
.abs_section_4b                    1   N/I       0x4B       0x4B   .absSeg40
.abs_section_37                    1   N/I       0x37       0x37   .absSeg41
.abs_section_36                    1   N/I       0x36       0x36   .absSeg42
.abs_section_3b                    1   N/I       0x3B       0x3B   .absSeg43
.abs_section_3a                    1   N/I       0x3A       0x3A   .absSeg44
.abs_section_0                     1   N/I        0x0        0x0   .absSeg45
.abs_section_1                     1   N/I        0x1        0x1   .absSeg46
.abs_section_2                     1   N/I        0x2        0x2   .absSeg47
.abs_section_3                     1   N/I        0x3        0x3   .absSeg48
.abs_section_fe03                  1   N/I     0xFE03     0xFE03   .absSeg49
.abs_section_fe00                  1   N/I     0xFE00     0xFE00   .absSeg50
.abs_section_19                    1   N/I       0x19       0x19   .absSeg51
.abs_section_13                    1   N/I       0x13       0x13   .absSeg52
.abs_section_14                    1   N/I       0x14       0x14   .absSeg53
.abs_section_15                    1   N/I       0x15       0x15   .absSeg54
.abs_section_18                    1   N/I       0x18       0x18   .absSeg55
.abs_section_16                    1   N/I       0x16       0x16   .absSeg56
.abs_section_17                    1   N/I       0x17       0x17   .absSeg57
.abs_section_10                    1   N/I       0x10       0x10   .absSeg58
.abs_section_12                    1   N/I       0x12       0x12   .absSeg59
.abs_section_11                    1   N/I       0x11       0x11   .absSeg60
.abs_section_fe01                  1   N/I     0xFE01     0xFE01   .absSeg61
.abs_section_20                    1   N/I       0x20       0x20   .absSeg62
.abs_section_25                    1   N/I       0x25       0x25   .absSeg63
.abs_section_28                    1   N/I       0x28       0x28   .absSeg64
.abs_section_2b                    1   N/I       0x2B       0x2B   .absSeg65
.abs_section_30                    1   N/I       0x30       0x30   .absSeg66
.abs_section_33                    1   N/I       0x33       0x33   .absSeg67
.abs_section_51                    1   N/I       0x51       0x51   .absSeg68
.abs_section_59                    2   N/I       0x59       0x5A   .absSeg69
.abs_section_fe0c                  2   N/I     0xFE0C     0xFE0D   .absSeg70
.abs_section_38                    2   N/I       0x38       0x39   .absSeg71
.abs_section_21                    2   N/I       0x21       0x22   .absSeg72
.abs_section_26                    2   N/I       0x26       0x27   .absSeg73
.abs_section_29                    2   N/I       0x29       0x2A   .absSeg74
.abs_section_23                    2   N/I       0x23       0x24   .absSeg75
.abs_section_2c                    2   N/I       0x2C       0x2D   .absSeg76
.abs_section_31                    2   N/I       0x31       0x32   .absSeg77
.abs_section_34                    2   N/I       0x34       0x35   .absSeg78
.abs_section_2e                    2   N/I       0x2E       0x2F   .absSeg79
.bss                               2   R/W      0x100      0x101   RAM
.rodata1                          30     R      0xC19      0xC36   ROM
.startData                        17     R      0x906      0x916   ROM
.init                            166     R      0x860      0x905   ROM
.common                            9   R/W      0x102      0x10A   RAM
.stack                            64   R/W      0x10B      0x14A   RAM
.copy                              2     R      0xC37      0xC38   ROM
.vectSeg80_vect                    2     R     0xFFFE     0xFFFF   .vectSeg80

Summary of section sizes per section type:
READ_ONLY (R):         3DD (dec:      989)
READ_WRITE (R/W):       4B (dec:       75)
NO_INIT (N/I):          5A (dec:       90)

*********************************************************************************************
VECTOR-ALLOCATION SECTION
    Address     InitValue   InitFunction
---------------------------------------------------------------------------------------------
     0xFFFE         0x8EC   _Startup

*********************************************************************************************
OBJECT-ALLOCATION SECTION
     Name               Module                 Addr   hSize   dSize     Ref    Section   RLIB
---------------------------------------------------------------------------------------------
MODULE:                 -- main.c.o --
- PROCEDURES:
     main                                       917     11C     284       3   .text       
     TimerInit                                  A33      10      16       1   .text       
     timeOverFlowInterrupt                      A43       E      14       1   .text       
- VARIABLES:
     STRING.Line.one.1                          C19       9       9       1   .rodata1    
     STRING.Line.two.2                          C22       9       9       1   .rodata1    
     STRING.Cycles.3                            C2B       7       7       1   .rodata1    
     STRING.x64..4                              C32       5       5       1   .rodata1    
     _Vector_7                                 FFF0       2       2       0   .abs_section_fff0
     current_function_flag                      102       1       1      11   .common     
     cycles                                     103       1       1       4   .common     
     cycles_100                                 104       1       1       6   .common     
     cycles_10000                               105       1       1       2   .common     
     temp                                       106       1       1       5   .common     
MODULE:                 -- Start08.c.o --
- PROCEDURES:
     loadByte                                   860      17      23       5   .init       
     Init                                       877      75     117       1   .init       
     _Startup                                   8EC      1A      26       0   .init       
- VARIABLES:
     _startupData                               906       9       9       9   .startData  
- LABELS:
     __SEG_END_SSTACK                           14B       0       0       1               
MODULE:                 -- MC68HC908AP64.C.o --
- PROCEDURES:
- VARIABLES:
     _ADASCR                                     5E       1       1       0   .abs_section_5e
     _ADICLK                                     58       1       1       0   .abs_section_58
     _ADR1L                                      5B       1       1       0   .abs_section_5b
     _ADR2L                                      5C       1       1       0   .abs_section_5c
     _ADR3L                                      5D       1       1       0   .abs_section_5d
     _ADSCR                                      57       1       1       0   .abs_section_57
     _BRKSCR                                   FE0E       1       1       0   .abs_section_fe0e
     _CONFIG1                                    1F       1       1       2   .abs_section_1f
     _CONFIG2                                    1D       1       1       2   .abs_section_1d
     _COPCTL                                   FFFF       1       1       0   .abs_section_ffff
     _DDRA                                        4       1       1       2   .abs_section_4
     _DDRB                                        5       1       1       0   .abs_section_5
     _DDRC                                        6       1       1       0   .abs_section_6
     _DDRD                                        7       1       1       2   .abs_section_7
     _FLCR                                     FE08       1       1       0   .abs_section_fe08
     _INT1                                     FE04       1       1       0   .abs_section_fe04
     _INT2                                     FE05       1       1       0   .abs_section_fe05
     _INT3                                     FE06       1       1       0   .abs_section_fe06
     _INTSCR1                                    1E       1       1       0   .abs_section_1e
     _INTSCR2                                    1C       1       1       0   .abs_section_1c
     _IRSCI_SCBR                                 46       1       1       0   .abs_section_46
     _IRSCI_SCC1                                 40       1       1       0   .abs_section_40
     _IRSCI_SCC2                                 41       1       1       0   .abs_section_41
     _IRSCI_SCC3                                 42       1       1       0   .abs_section_42
     _IRSCI_SCDR                                 45       1       1       0   .abs_section_45
     _IRSCI_SCIRCR                               47       1       1       0   .abs_section_47
     _IRSCI_SCS1                                 43       1       1       0   .abs_section_43
     _IRSCI_SCS2                                 44       1       1       0   .abs_section_44
     _KBIER                                      1B       1       1       0   .abs_section_1b
     _KBSCR                                      1A       1       1       0   .abs_section_1a
     _LEDA                                        C       1       1       0   .abs_section_c
     _LVISR                                    FE0F       1       1       0   .abs_section_fe0f
     _MMADR                                      48       1       1       0   .abs_section_48
     _MMCR1                                      49       1       1       0   .abs_section_49
     _MMCR2                                      4A       1       1       0   .abs_section_4a
     _MMCRDR                                     4E       1       1       0   .abs_section_4e
     _MMDRR                                      4D       1       1       0   .abs_section_4d
     _MMDTR                                      4C       1       1       0   .abs_section_4c
     _MMFDR                                      4F       1       1       0   .abs_section_4f
     _MMSR                                       4B       1       1       0   .abs_section_4b
     _PBWC                                       37       1       1       0   .abs_section_37
     _PCTL                                       36       1       1       0   .abs_section_36
     _PMDS                                       3B       1       1       0   .abs_section_3b
     _PMRS                                       3A       1       1       0   .abs_section_3a
     _PTA                                         0       1       1      26   .abs_section_0
     _PTB                                         1       1       1       0   .abs_section_1
     _PTC                                         2       1       1       0   .abs_section_2
     _PTD                                         3       1       1       6   .abs_section_3
     _SBFCR                                    FE03       1       1       0   .abs_section_fe03
     _SBSR                                     FE00       1       1       0   .abs_section_fe00
     _SCI_SCBR                                   19       1       1       0   .abs_section_19
     _SCI_SCC1                                   13       1       1       0   .abs_section_13
     _SCI_SCC2                                   14       1       1       0   .abs_section_14
     _SCI_SCC3                                   15       1       1       0   .abs_section_15
     _SCI_SCDR                                   18       1       1       0   .abs_section_18
     _SCI_SCS1                                   16       1       1       0   .abs_section_16
     _SCI_SCS2                                   17       1       1       0   .abs_section_17
     _SPCR                                       10       1       1       0   .abs_section_10
     _SPDR                                       12       1       1       0   .abs_section_12
     _SPSCR                                      11       1       1       0   .abs_section_11
     _SRSR                                     FE01       1       1       0   .abs_section_fe01
     _T1SC                                       20       1       1       6   .abs_section_20
     _T1SC0                                      25       1       1       0   .abs_section_25
     _T1SC1                                      28       1       1       0   .abs_section_28
     _T2SC                                       2B       1       1       0   .abs_section_2b
     _T2SC0                                      30       1       1       0   .abs_section_30
     _T2SC1                                      33       1       1       0   .abs_section_33
     _TBCR                                       51       1       1       0   .abs_section_51
     _ADR0                                       59       2       2       0   .abs_section_59
     _BRK                                      FE0C       2       2       0   .abs_section_fe0c
     _PMS                                        38       2       2       0   .abs_section_38
     _T1CNT                                      21       2       2       0   .abs_section_21
     _T1CH0                                      26       2       2       0   .abs_section_26
     _T1CH1                                      29       2       2       0   .abs_section_29
     _T1MOD                                      23       2       2       1   .abs_section_23
     _T2CNT                                      2C       2       2       0   .abs_section_2c
     _T2CH0                                      31       2       2       0   .abs_section_31
     _T2CH1                                      34       2       2       0   .abs_section_34
     _T2MOD                                      2E       2       2       0   .abs_section_2e
MODULE:                 -- RTSHC08.C.o (ansii.lib) --
- PROCEDURES:
     _Jump_Table_Header_Offset                  A51      24      36       1   .text       
- VARIABLES:
MODULE:                 -- lcd.c.o --
- PROCEDURES:
     LCDSend                                    A75       5       5       6   .text       
     LCDInit                                    A7A      DF     223       6   .text       
     LCDPrintNext                               B59      46      70       2   .text       
     LCDPrint                                   B9F      23      35       2   .text       
     LCDTimeBase                                BC2      1A      26       1   .text       
     LCDStatus                                  BDC       4       4       1   .text       
     LCDCursor                                  BE0      39      57       1   .text       
- VARIABLES:
     LCDInternalStatus                          100       1       1      11   .bss        
     Local_LCDStatusInit.1                      101       1       1       3   .bss        
     timerLCD                                   107       1       1       8   .common     
     howmany                                    108       1       1       3   .common     
     nextchr                                    109       2       2       5   .common     

*********************************************************************************************
MODULE STATISTIC
  Name                                      Data   Code  Const
---------------------------------------------------------------------------------------------
  main.c.o                                     5    314     32
  Start08.c.o                                  0    166      0
  MC68HC908AP64.C.o                           90      0      0
  RTSHC08.C.o (ansii.lib)                      0     36      0
  lcd.c.o                                      6    420      0
  other                                       64     19      2

*********************************************************************************************
SECTION USE IN OBJECT-ALLOCATION SECTION
---------------------------------------------------------------------------------------------
SECTION: ".text"
  main TimerInit timeOverFlowInterrupt _Jump_Table_Header_Offset LCDSend 
  LCDInit LCDPrintNext LCDPrint LCDTimeBase LCDStatus LCDCursor 
SECTION: ".bss"
  LCDInternalStatus Local_LCDStatusInit.1 
SECTION: ".init"
  loadByte Init _Startup 
SECTION: ".rodata1"
  STRING.Line.one.1 STRING.Line.two.2 STRING.Cycles.3 STRING.x64..4 
SECTION: ".abs_section_fff0"
  _Vector_7 
SECTION: ".common"
  current_function_flag cycles cycles_100 cycles_10000 temp timerLCD howmany 
  nextchr 
SECTION: ".abs_section_5e"
  _ADASCR 
SECTION: ".abs_section_58"
  _ADICLK 
SECTION: ".abs_section_5b"
  _ADR1L 
SECTION: ".abs_section_5c"
  _ADR2L 
SECTION: ".abs_section_5d"
  _ADR3L 
SECTION: ".abs_section_57"
  _ADSCR 
SECTION: ".abs_section_fe0e"
  _BRKSCR 
SECTION: ".abs_section_1f"
  _CONFIG1 
SECTION: ".abs_section_1d"
  _CONFIG2 
SECTION: ".abs_section_ffff"
  _COPCTL 
SECTION: ".abs_section_4"
  _DDRA 
SECTION: ".abs_section_5"
  _DDRB 
SECTION: ".abs_section_6"
  _DDRC 
SECTION: ".abs_section_7"
  _DDRD 
SECTION: ".abs_section_fe08"
  _FLCR 
SECTION: ".abs_section_fe04"
  _INT1 
SECTION: ".abs_section_fe05"
  _INT2 
SECTION: ".abs_section_fe06"
  _INT3 
SECTION: ".abs_section_1e"
  _INTSCR1 
SECTION: ".abs_section_1c"
  _INTSCR2 
SECTION: ".abs_section_46"
  _IRSCI_SCBR 
SECTION: ".abs_section_40"
  _IRSCI_SCC1 
SECTION: ".abs_section_41"
  _IRSCI_SCC2 
SECTION: ".abs_section_42"
  _IRSCI_SCC3 
SECTION: ".abs_section_45"
  _IRSCI_SCDR 
SECTION: ".abs_section_47"
  _IRSCI_SCIRCR 
SECTION: ".abs_section_43"
  _IRSCI_SCS1 
SECTION: ".abs_section_44"
  _IRSCI_SCS2 
SECTION: ".abs_section_1b"
  _KBIER 
SECTION: ".abs_section_1a"
  _KBSCR 
SECTION: ".abs_section_c"
  _LEDA 
SECTION: ".abs_section_fe0f"
  _LVISR 
SECTION: ".abs_section_48"
  _MMADR 
SECTION: ".abs_section_49"
  _MMCR1 
SECTION: ".abs_section_4a"
  _MMCR2 
SECTION: ".abs_section_4e"
  _MMCRDR 
SECTION: ".abs_section_4d"
  _MMDRR 
SECTION: ".abs_section_4c"
  _MMDTR 
SECTION: ".abs_section_4f"
  _MMFDR 
SECTION: ".abs_section_4b"
  _MMSR 
SECTION: ".abs_section_37"
  _PBWC 
SECTION: ".abs_section_36"
  _PCTL 
SECTION: ".abs_section_3b"
  _PMDS 
SECTION: ".abs_section_3a"
  _PMRS 
SECTION: ".abs_section_0"
  _PTA 
SECTION: ".abs_section_1"
  _PTB 
SECTION: ".abs_section_2"
  _PTC 
SECTION: ".abs_section_3"
  _PTD 
SECTION: ".abs_section_fe03"
  _SBFCR 
SECTION: ".abs_section_fe00"
  _SBSR 
SECTION: ".abs_section_19"
  _SCI_SCBR 
SECTION: ".abs_section_13"
  _SCI_SCC1 
SECTION: ".abs_section_14"
  _SCI_SCC2 
SECTION: ".abs_section_15"
  _SCI_SCC3 
SECTION: ".abs_section_18"
  _SCI_SCDR 
SECTION: ".abs_section_16"
  _SCI_SCS1 
SECTION: ".abs_section_17"
  _SCI_SCS2 
SECTION: ".abs_section_10"
  _SPCR 
SECTION: ".abs_section_12"
  _SPDR 
SECTION: ".abs_section_11"
  _SPSCR 
SECTION: ".abs_section_fe01"
  _SRSR 
SECTION: ".abs_section_20"
  _T1SC 
SECTION: ".abs_section_25"
  _T1SC0 
SECTION: ".abs_section_28"
  _T1SC1 
SECTION: ".abs_section_2b"
  _T2SC 
SECTION: ".abs_section_30"
  _T2SC0 
SECTION: ".abs_section_33"
  _T2SC1 
SECTION: ".abs_section_51"
  _TBCR 
SECTION: ".abs_section_59"
  _ADR0 
SECTION: ".abs_section_fe0c"
  _BRK 
SECTION: ".abs_section_38"
  _PMS 
SECTION: ".abs_section_21"
  _T1CNT 
SECTION: ".abs_section_26"
  _T1CH0 
SECTION: ".abs_section_29"
  _T1CH1 
SECTION: ".abs_section_23"
  _T1MOD 
SECTION: ".abs_section_2c"
  _T2CNT 
SECTION: ".abs_section_31"
  _T2CH0 
SECTION: ".abs_section_34"
  _T2CH1 
SECTION: ".abs_section_2e"
  _T2MOD 

*********************************************************************************************
OBJECT LIST SORTED BY ADDRESS
     Name                                      Addr   hSize   dSize     Ref    Section   RLIB
---------------------------------------------------------------------------------------------
     _PTA                                         0       1       1      26   .abs_section_0
     _PTB                                         1       1       1       0   .abs_section_1
     _PTC                                         2       1       1       0   .abs_section_2
     _PTD                                         3       1       1       6   .abs_section_3
     _DDRA                                        4       1       1       2   .abs_section_4
     _DDRB                                        5       1       1       0   .abs_section_5
     _DDRC                                        6       1       1       0   .abs_section_6
     _DDRD                                        7       1       1       2   .abs_section_7
     _LEDA                                        C       1       1       0   .abs_section_c
     _SPCR                                       10       1       1       0   .abs_section_10
     _SPSCR                                      11       1       1       0   .abs_section_11
     _SPDR                                       12       1       1       0   .abs_section_12
     _SCI_SCC1                                   13       1       1       0   .abs_section_13
     _SCI_SCC2                                   14       1       1       0   .abs_section_14
     _SCI_SCC3                                   15       1       1       0   .abs_section_15
     _SCI_SCS1                                   16       1       1       0   .abs_section_16
     _SCI_SCS2                                   17       1       1       0   .abs_section_17
     _SCI_SCDR                                   18       1       1       0   .abs_section_18
     _SCI_SCBR                                   19       1       1       0   .abs_section_19
     _KBSCR                                      1A       1       1       0   .abs_section_1a
     _KBIER                                      1B       1       1       0   .abs_section_1b
     _INTSCR2                                    1C       1       1       0   .abs_section_1c
     _CONFIG2                                    1D       1       1       2   .abs_section_1d
     _INTSCR1                                    1E       1       1       0   .abs_section_1e
     _CONFIG1                                    1F       1       1       2   .abs_section_1f
     _T1SC                                       20       1       1       6   .abs_section_20
     _T1CNT                                      21       2       2       0   .abs_section_21
     _T1MOD                                      23       2       2       1   .abs_section_23
     _T1SC0                                      25       1       1       0   .abs_section_25
     _T1CH0                                      26       2       2       0   .abs_section_26
     _T1SC1                                      28       1       1       0   .abs_section_28
     _T1CH1                                      29       2       2       0   .abs_section_29
     _T2SC                                       2B       1       1       0   .abs_section_2b
     _T2CNT                                      2C       2       2       0   .abs_section_2c
     _T2MOD                                      2E       2       2       0   .abs_section_2e
     _T2SC0                                      30       1       1       0   .abs_section_30
     _T2CH0                                      31       2       2       0   .abs_section_31
     _T2SC1                                      33       1       1       0   .abs_section_33
     _T2CH1                                      34       2       2       0   .abs_section_34
     _PCTL                                       36       1       1       0   .abs_section_36
     _PBWC                                       37       1       1       0   .abs_section_37
     _PMS                                        38       2       2       0   .abs_section_38
     _PMRS                                       3A       1       1       0   .abs_section_3a
     _PMDS                                       3B       1       1       0   .abs_section_3b
     _IRSCI_SCC1                                 40       1       1       0   .abs_section_40
     _IRSCI_SCC2                                 41       1       1       0   .abs_section_41
     _IRSCI_SCC3                                 42       1       1       0   .abs_section_42
     _IRSCI_SCS1                                 43       1       1       0   .abs_section_43
     _IRSCI_SCS2                                 44       1       1       0   .abs_section_44
     _IRSCI_SCDR                                 45       1       1       0   .abs_section_45
     _IRSCI_SCBR                                 46       1       1       0   .abs_section_46
     _IRSCI_SCIRCR                               47       1       1       0   .abs_section_47
     _MMADR                                      48       1       1       0   .abs_section_48
     _MMCR1                                      49       1       1       0   .abs_section_49
     _MMCR2                                      4A       1       1       0   .abs_section_4a
     _MMSR                                       4B       1       1       0   .abs_section_4b
     _MMDTR                                      4C       1       1       0   .abs_section_4c
     _MMDRR                                      4D       1       1       0   .abs_section_4d
     _MMCRDR                                     4E       1       1       0   .abs_section_4e
     _MMFDR                                      4F       1       1       0   .abs_section_4f
     _TBCR                                       51       1       1       0   .abs_section_51
     _ADSCR                                      57       1       1       0   .abs_section_57
     _ADICLK                                     58       1       1       0   .abs_section_58
     _ADR0                                       59       2       2       0   .abs_section_59
     _ADR1L                                      5B       1       1       0   .abs_section_5b
     _ADR2L                                      5C       1       1       0   .abs_section_5c
     _ADR3L                                      5D       1       1       0   .abs_section_5d
     _ADASCR                                     5E       1       1       0   .abs_section_5e
     LCDInternalStatus                          100       1       1      11   .bss        
     Local_LCDStatusInit.1                      101       1       1       3   .bss        
     current_function_flag                      102       1       1      11   .common     
     cycles                                     103       1       1       4   .common     
     cycles_100                                 104       1       1       6   .common     
     cycles_10000                               105       1       1       2   .common     
     temp                                       106       1       1       5   .common     
     timerLCD                                   107       1       1       8   .common     
     howmany                                    108       1       1       3   .common     
     nextchr                                    109       2       2       5   .common     
     loadByte                                   860      17      23       5   .init       
     Init                                       877      75     117       1   .init       
     _Startup                                   8EC      1A      26       0   .init       
     main                                       917     11C     284       3   .text       
     TimerInit                                  A33      10      16       1   .text       
     timeOverFlowInterrupt                      A43       E      14       1   .text       
     _Jump_Table_Header_Offset                  A51      24      36       1   .text       
     LCDSend                                    A75       5       5       6   .text       
     LCDInit                                    A7A      DF     223       6   .text       
     LCDPrintNext                               B59      46      70       2   .text       
     LCDPrint                                   B9F      23      35       2   .text       
     LCDTimeBase                                BC2      1A      26       1   .text       
     LCDStatus                                  BDC       4       4       1   .text       
     LCDCursor                                  BE0      39      57       1   .text       
     STRING.Line.one.1                          C19       9       9       1   .rodata1    
     STRING.Line.two.2                          C22       9       9       1   .rodata1    
     STRING.Cycles.3                            C2B       7       7       1   .rodata1    
     STRING.x64..4                              C32       5       5       1   .rodata1    
     _SBSR                                     FE00       1       1       0   .abs_section_fe00
     _SRSR                                     FE01       1       1       0   .abs_section_fe01
     _SBFCR                                    FE03       1       1       0   .abs_section_fe03
     _INT1                                     FE04       1       1       0   .abs_section_fe04
     _INT2                                     FE05       1       1       0   .abs_section_fe05
     _INT3                                     FE06       1       1       0   .abs_section_fe06
     _FLCR                                     FE08       1       1       0   .abs_section_fe08
     _BRK                                      FE0C       2       2       0   .abs_section_fe0c
     _BRKSCR                                   FE0E       1       1       0   .abs_section_fe0e
     _LVISR                                    FE0F       1       1       0   .abs_section_fe0f
     _Vector_7                                 FFF0       2       2       0   .abs_section_fff0
     _COPCTL                                   FFFF       1       1       0   .abs_section_ffff

*********************************************************************************************
UNUSED-OBJECTS SECTION
---------------------------------------------------------------------------------------------
NOT USED PROCEDURES
RTSHC08.C.o (ansii.lib):
  _PUSH_ARGS_L _PUSH_ARGS_D _ENTER_UNARY_L _ENTER_UNARY_L64 _ENTER_UNARY_L64_4 
  _ENTER_BINARY_L _ENTER_BINARY_L_RC _ENTER_BINARY_L_LC _ENTER_BINARY_L64 
  _ENTER_BINARY_L64_LC _ENTER_BINARY_L64_RC _IDIVMOD _SPLITSIGN 
  _LADD_k_is_k_plus_j _k_is_k_plus_j_l _k_is_k_plus_j_i _LSUB_k_is_k_minus_j 
  _LAND_k_is_k_and_j _LOR_k_is_k_or_j _LXOR_k_is_k_xor_j _LMUL_k_is_k_mul_j 
  _LDIVMOD _NEG_L_HX _ABS_L_HX _SPLITSIGN_L _LMODU_k_is_k_mod_j 
  _LDIVU_k_is_k_div_j _LMODS_k_is_k_mod_j _LDIVS_k_is_k_div_j _LCMP_k_rel_j 
  _BMULS _BDIVS _BMODS _IMUL _IDIVS _IDIVU _IMODS _IMODU _IDIVU_8 _IMODU_8 
  _IASR _ILSR _ILSL _ICMP _LINC _LDEC _LNEG _LNOT _LADD _LADD_RC _LSUB _LSUB_LC 
  _LSUB_RC _LAND _LAND_RC _LOR _LOR_RC _LXOR _LXOR_RC _LMUL _LMUL_RC _LDIVS 
  _LDIVS_LC _LDIVS_RC _LDIVU _LDIVU_LC _LDIVU_RC _LMODS _LMODS_LC _LMODS_RC 
  _LMODU _LMODU_LC _LMODU_RC _LASR _LLSR _LLSL _LCMP _LCMP_RC _COPY _COPY_L 
  _POP32 _POP64 _STORE32 _STORE64 _SEXT8_32 _SEXT16_32 _CALL _Jump_Table_Addr 
  _Jump_Table_Offset _Jump_Table_Header_Addr _Search_Table_16_Addr 
  _Search_Table_16_Offset _Search_Table_8_Addr _Search_Table_8_Offset _PUSH_CC 
  _POP_CC 
lcd.c.o:
  LCDClear LCD2L 
NOT USED VARIABLES
RTSHC08.C.o (ansii.lib):
  _PowOfTwo_8 _PowOfTwo_16 _PowOfTwo_32 errno 

*********************************************************************************************
COPYDOWN SECTION
---------------------------------------------------------------------------------------------
------- ROM-ADDRESS: 0xC37 ---- SIZE       2 ---
Filling bytes inserted
 0000

*********************************************************************************************
OBJECT-DEPENDENCIES SECTION
---------------------------------------------------------------------------------------------
Init                      USES _startupData loadByte 
_Startup                  USES _startupData __SEG_END_SSTACK Init 
main                      USES _CONFIG1 _CONFIG2 TimerInit LCDInit main 
                                timerLCD LCDTimeBase LCDStatus current_function_flag 
                                STRING.Line.one.1 STRING.Line.two.2 STRING.Cycles.3 LCDCursor 
                                STRING.x64..4 cycles_100 temp LCDPrint cycles cycles_10000 
TimerInit                 USES _T1SC _T1MOD 
timeOverFlowInterrupt     USES _T1SC timerLCD 
LCDSend                   USES _PTD 
LCDInit                   USES LCDInternalStatus _DDRD _PTD _DDRA LCDInit _PTA 
                                Local_LCDStatusInit.1 timerLCD _Jump_Table_Header_Offset LCDSend 
LCDPrintNext              USES howmany _PTD nextchr timerLCD LCDInternalStatus 
                                _PTA LCDSend 
LCDPrint                  USES LCDInternalStatus howmany nextchr LCDPrintNext 
LCDTimeBase               USES LCDInternalStatus LCDInit LCDPrintNext 
LCDStatus                 USES LCDInternalStatus 
LCDCursor                 USES LCDInternalStatus _PTD _PTA timerLCD LCDSend 
_Vector_7                 USES timeOverFlowInterrupt 

*********************************************************************************************
DEPENDENCY TREE
*********************************************************************************************
 main and _Startup Group
 | 
 +- main                
 |  | 
 |  +- TimerInit           
 |  |    
 |  +- LCDInit             
 |  |  | 
 |  |  +- _Jump_Table_Header_Offset
 |  |  |    
 |  |  +- LCDSend             
 |  |       
 |  +- LCDTimeBase         
 |  |  | 
 |  |  +- LCDInit              (see above)
 |  |  |  
 |  |  +- LCDPrintNext        
 |  |     | 
 |  |     +- LCDSend              (see above)
 |  |        
 |  +- LCDStatus           
 |  |    
 |  +- LCDCursor           
 |  |  | 
 |  |  +- LCDSend              (see above)
 |  |     
 |  +- LCDPrint            
 |     | 
 |     +- LCDPrintNext         (see above)
 |        
 +- _Startup            
    | 
    +- Init                
       | 
       +- loadByte            
            
 _Vector_7           
 | 
 +- timeOverFlowInterrupt
      
*********************************************************************************************
STATISTIC SECTION
---------------------------------------------------------------------------------------------

ExeFile:
--------
Number of blocks to be downloaded: 7
Total size of all blocks to be downloaded: 989

