
PROGRAM "D:\Profiles\A6150C\Desktop\eztrada\LCD driver\LCD driver\bin\P&E_FCS.abs"

*********************************************************************************************
TARGET SECTION
---------------------------------------------------------------------------------------------
Processor   : Motorola HC08
Memory Model: SMALL
File Format : ELF (no debug info)
Linker      : SmartLinker V-5.0.21, Apr 11 2003

*********************************************************************************************
FILE SECTION
---------------------------------------------------------------------------------------------
main.c.o                                Model: SMALL,         Lang: ANSI-C
Start08.c.o                             Model: SMALL,         Lang: ANSI-C
MC68HC908AP64.C.o                       Model: SMALL,         Lang: ANSI-C
RTSHC08.C.o (ansii.lib)                 Model: SMALL,         Lang: ANSI-C
lcd.c.o                                 Model: SMALL,         Lang: ANSI-C

*********************************************************************************************
STARTUP SECTION
---------------------------------------------------------------------------------------------
Entry point: 0x8EC (_Startup)
_startupData is allocated at 0x906 and uses 9 Bytes
extern struct _tagStartup {
  unsigned flags          0
  _PFunc   main           0x917    (main)
  unsigned nofZeroOut     1
  _Range   pZeroOut       0x100     8
  _Copy    *toCopyDownBeg 0xB61
} _startupData;

*********************************************************************************************
SECTION-ALLOCATION SECTION
Section Name                    Size  Type     From       To       Segment
---------------------------------------------------------------------------------------------
.text                            574     R      0x917      0xB54   ROM
.abs_section_fff0                  2     R     0xFFF0     0xFFF1   .absSeg0
.abs_section_0                     1   N/I        0x0        0x0   .absSeg1
.abs_section_1                     1   N/I        0x1        0x1   .absSeg2
.abs_section_2                     1   N/I        0x2        0x2   .absSeg3
.abs_section_3                     1   N/I        0x3        0x3   .absSeg4
.abs_section_4                     1   N/I        0x4        0x4   .absSeg5
.abs_section_5                     1   N/I        0x5        0x5   .absSeg6
.abs_section_6                     1   N/I        0x6        0x6   .absSeg7
.abs_section_7                     1   N/I        0x7        0x7   .absSeg8
.abs_section_c                     1   N/I        0xC        0xC   .absSeg9
.abs_section_10                    1   N/I       0x10       0x10   .absSeg10
.abs_section_11                    1   N/I       0x11       0x11   .absSeg11
.abs_section_12                    1   N/I       0x12       0x12   .absSeg12
.abs_section_13                    1   N/I       0x13       0x13   .absSeg13
.abs_section_14                    1   N/I       0x14       0x14   .absSeg14
.abs_section_15                    1   N/I       0x15       0x15   .absSeg15
.abs_section_16                    1   N/I       0x16       0x16   .absSeg16
.abs_section_17                    1   N/I       0x17       0x17   .absSeg17
.abs_section_18                    1   N/I       0x18       0x18   .absSeg18
.abs_section_19                    1   N/I       0x19       0x19   .absSeg19
.abs_section_1a                    1   N/I       0x1A       0x1A   .absSeg20
.abs_section_1b                    1   N/I       0x1B       0x1B   .absSeg21
.abs_section_1c                    1   N/I       0x1C       0x1C   .absSeg22
.abs_section_1d                    1   N/I       0x1D       0x1D   .absSeg23
.abs_section_1e                    1   N/I       0x1E       0x1E   .absSeg24
.abs_section_1f                    1   N/I       0x1F       0x1F   .absSeg25
.abs_section_20                    1   N/I       0x20       0x20   .absSeg26
.abs_section_21                    2   N/I       0x21       0x22   .absSeg94
.abs_section_22                    1   N/I       0x22       0x22   .absSeg28
.abs_section_23                    2   N/I       0x23       0x24   .absSeg97
.abs_section_24                    1   N/I       0x24       0x24   .absSeg30
.abs_section_25                    1   N/I       0x25       0x25   .absSeg31
.abs_section_26                    2   N/I       0x26       0x27   .absSeg95
.abs_section_27                    1   N/I       0x27       0x27   .absSeg33
.abs_section_28                    1   N/I       0x28       0x28   .absSeg34
.abs_section_29                    2   N/I       0x29       0x2A   .absSeg96
.abs_section_2a                    1   N/I       0x2A       0x2A   .absSeg36
.abs_section_2b                    1   N/I       0x2B       0x2B   .absSeg37
.abs_section_2c                    2   N/I       0x2C       0x2D   .absSeg98
.abs_section_2d                    1   N/I       0x2D       0x2D   .absSeg39
.abs_section_2e                    2   N/I       0x2E       0x2F   .absSeg101
.abs_section_2f                    1   N/I       0x2F       0x2F   .absSeg41
.abs_section_30                    1   N/I       0x30       0x30   .absSeg42
.abs_section_31                    2   N/I       0x31       0x32   .absSeg99
.abs_section_32                    1   N/I       0x32       0x32   .absSeg44
.abs_section_33                    1   N/I       0x33       0x33   .absSeg45
.abs_section_34                    2   N/I       0x34       0x35   .absSeg100
.abs_section_35                    1   N/I       0x35       0x35   .absSeg47
.abs_section_36                    1   N/I       0x36       0x36   .absSeg48
.abs_section_37                    1   N/I       0x37       0x37   .absSeg49
.abs_section_38                    2   N/I       0x38       0x39   .absSeg102
.abs_section_39                    1   N/I       0x39       0x39   .absSeg51
.abs_section_3a                    1   N/I       0x3A       0x3A   .absSeg52
.abs_section_3b                    1   N/I       0x3B       0x3B   .absSeg53
.abs_section_40                    1   N/I       0x40       0x40   .absSeg54
.abs_section_41                    1   N/I       0x41       0x41   .absSeg55
.abs_section_42                    1   N/I       0x42       0x42   .absSeg56
.abs_section_43                    1   N/I       0x43       0x43   .absSeg57
.abs_section_44                    1   N/I       0x44       0x44   .absSeg58
.abs_section_45                    1   N/I       0x45       0x45   .absSeg59
.abs_section_46                    1   N/I       0x46       0x46   .absSeg60
.abs_section_47                    1   N/I       0x47       0x47   .absSeg61
.abs_section_48                    1   N/I       0x48       0x48   .absSeg62
.abs_section_49                    1   N/I       0x49       0x49   .absSeg63
.abs_section_4a                    1   N/I       0x4A       0x4A   .absSeg64
.abs_section_4b                    1   N/I       0x4B       0x4B   .absSeg65
.abs_section_4c                    1   N/I       0x4C       0x4C   .absSeg66
.abs_section_4d                    1   N/I       0x4D       0x4D   .absSeg67
.abs_section_4e                    1   N/I       0x4E       0x4E   .absSeg68
.abs_section_4f                    1   N/I       0x4F       0x4F   .absSeg69
.abs_section_51                    1   N/I       0x51       0x51   .absSeg70
.abs_section_57                    1   N/I       0x57       0x57   .absSeg71
.abs_section_58                    1   N/I       0x58       0x58   .absSeg72
.abs_section_59                    2   N/I       0x59       0x5A   .absSeg103
.abs_section_5a                    1   N/I       0x5A       0x5A   .absSeg74
.abs_section_5b                    1   N/I       0x5B       0x5B   .absSeg75
.abs_section_5c                    1   N/I       0x5C       0x5C   .absSeg76
.abs_section_5d                    1   N/I       0x5D       0x5D   .absSeg77
.abs_section_5e                    1   N/I       0x5E       0x5E   .absSeg78
.abs_section_fe00                  1   N/I     0xFE00     0xFE00   .absSeg79
.abs_section_fe01                  1   N/I     0xFE01     0xFE01   .absSeg80
.abs_section_fe02                  1   N/I     0xFE02     0xFE02   .absSeg81
.abs_section_fe03                  1   N/I     0xFE03     0xFE03   .absSeg82
.abs_section_fe04                  1   N/I     0xFE04     0xFE04   .absSeg83
.abs_section_fe05                  1   N/I     0xFE05     0xFE05   .absSeg84
.abs_section_fe06                  1   N/I     0xFE06     0xFE06   .absSeg85
.abs_section_fe08                  1   N/I     0xFE08     0xFE08   .absSeg86
.abs_section_fe09                  1   N/I     0xFE09     0xFE09   .absSeg87
.abs_section_fe0c                  2   N/I     0xFE0C     0xFE0D   .absSeg104
.abs_section_fe0d                  1   N/I     0xFE0D     0xFE0D   .absSeg89
.abs_section_fe0e                  1   N/I     0xFE0E     0xFE0E   .absSeg90
.abs_section_fe0f                  1   N/I     0xFE0F     0xFE0F   .absSeg91
.abs_section_ffcf                  1   N/I     0xFFCF     0xFFCF   .absSeg92
.abs_section_ffff                  1   N/I     0xFFFF     0xFFFF   .absSeg93
.bss                               4   R/W      0x100      0x103   RAM
.rodata1                          12     R      0xB55      0xB60   ROM
.startData                        17     R      0x906      0x916   ROM
.init                            166     R      0x860      0x905   ROM
.common                            4   R/W      0x104      0x107   RAM
.stack                            80   R/W      0x108      0x157   RAM
.copy                              2     R      0xB61      0xB62   ROM
.vectSeg105_vect                   2     R     0xFFFE     0xFFFF   .vectSeg105


ROM size:      307 (dec:      775)
RAM size:       C0 (dec:      192)

*********************************************************************************************
VECTOR-ALLOCATION SECTION
    Address     InitValue   InitFunction
---------------------------------------------------------------------------------------------
     0xFFFE         0x8EC   _Startup

*********************************************************************************************
OBJECT-ALLOCATION SECTION
     Name               Module                 Addr   hSize   dSize     Ref    Section     RLIB
---------------------------------------------------------------------------------------------
MODULE:                 -- main.c.o --
- PROCEDURES:
     main                                       917      45      69       0   .text       
     Timer_init                                 95C      10      16       1   .text       
     timeOverFlowInterrupt                      96C       E      14       1   .text       
- VARIABLES:
     STRING.Hello.World.1                       B55       C      12       1   .rodata1    
     ready_flag                                 100       1       1       1   .bss        
     current_function_flag                      101       1       1       3   .bss        
     _Vector_7                                 FFF0       2       2       0   .abs_section_fff0
MODULE:                 -- Start08.c.o --
- PROCEDURES:
     loadByte                                   860      17      23       5   .init       
     Init                                       877      75     117       1   .init       
     _Startup                                   8EC      1A      26       0   .init       
- VARIABLES:
     _startupData                               906       9       9       9   .startData  
- LABELS:
     __SEG_END_SSTACK                           158       0       0       1               
MODULE:                 -- MC68HC908AP64.C.o --
- PROCEDURES:
- VARIABLES:
     _PTA                                         0       1       1      28   .abs_section_0
     _PTB                                         1       1       1       0   .abs_section_1
     _PTC                                         2       1       1       3   .abs_section_2
     _PTD                                         3       1       1       0   .abs_section_3
     _DDRA                                        4       1       1       3   .abs_section_4
     _DDRB                                        5       1       1       0   .abs_section_5
     _DDRC                                        6       1       1       1   .abs_section_6
     _DDRD                                        7       1       1       0   .abs_section_7
     _LEDA                                        C       1       1       0   .abs_section_c
     _SPCR                                       10       1       1       0   .abs_section_10
     _SPSCR                                      11       1       1       0   .abs_section_11
     _SPDR                                       12       1       1       0   .abs_section_12
     _SCC1                                       13       1       1       0   .abs_section_13
     _SCC2                                       14       1       1       0   .abs_section_14
     _SCC3                                       15       1       1       0   .abs_section_15
     _SCS1                                       16       1       1       0   .abs_section_16
     _SCS2                                       17       1       1       0   .abs_section_17
     _SCDR                                       18       1       1       0   .abs_section_18
     _SCBR                                       19       1       1       0   .abs_section_19
     _KBSCR                                      1A       1       1       0   .abs_section_1a
     _KBIER                                      1B       1       1       0   .abs_section_1b
     _INTSCR2                                    1C       1       1       0   .abs_section_1c
     _CONFIG2                                    1D       1       1       2   .abs_section_1d
     _INTSCR1                                    1E       1       1       0   .abs_section_1e
     _CONFIG1                                    1F       1       1       2   .abs_section_1f
     _T1SC                                       20       1       1       6   .abs_section_20
     _T1CNTH                                     21       1       1       0   .abs_section_21
     _T1CNTL                                     22       1       1       0   .abs_section_22
     _T1MODH                                     23       1       1       0   .abs_section_23
     _T1MODL                                     24       1       1       0   .abs_section_24
     _T1SC0                                      25       1       1       0   .abs_section_25
     _T1CH0H                                     26       1       1       0   .abs_section_26
     _T1CH0L                                     27       1       1       0   .abs_section_27
     _T1SC1                                      28       1       1       0   .abs_section_28
     _T1CH1H                                     29       1       1       0   .abs_section_29
     _T1CH1L                                     2A       1       1       0   .abs_section_2a
     _T2SC                                       2B       1       1       0   .abs_section_2b
     _T2CNTH                                     2C       1       1       0   .abs_section_2c
     _T2CNTL                                     2D       1       1       0   .abs_section_2d
     _T2MODH                                     2E       1       1       0   .abs_section_2e
     _T2MODL                                     2F       1       1       0   .abs_section_2f
     _T2SC0                                      30       1       1       0   .abs_section_30
     _T2CH0H                                     31       1       1       0   .abs_section_31
     _T2CH0L                                     32       1       1       0   .abs_section_32
     _T2SC1                                      33       1       1       0   .abs_section_33
     _T2CH1H                                     34       1       1       0   .abs_section_34
     _T2CH1L                                     35       1       1       0   .abs_section_35
     _PCTL                                       36       1       1       0   .abs_section_36
     _PBWC                                       37       1       1       0   .abs_section_37
     _PMSH                                       38       1       1       0   .abs_section_38
     _PMSL                                       39       1       1       0   .abs_section_39
     _PMRS                                       3A       1       1       0   .abs_section_3a
     _PMDS                                       3B       1       1       0   .abs_section_3b
     _IRSCI_SCC1                                 40       1       1       0   .abs_section_40
     _IRSCI_SCC2                                 41       1       1       0   .abs_section_41
     _IRSCI_SCC3                                 42       1       1       0   .abs_section_42
     _IRSCI_SCS1                                 43       1       1       0   .abs_section_43
     _IRSCI_SCS2                                 44       1       1       0   .abs_section_44
     _IRSCI_SCDR                                 45       1       1       0   .abs_section_45
     _IRSCI_SCBR                                 46       1       1       0   .abs_section_46
     _IRSCI_SCIRCR                               47       1       1       0   .abs_section_47
     _MMADR                                      48       1       1       0   .abs_section_48
     _MMCR1                                      49       1       1       0   .abs_section_49
     _MMCR2                                      4A       1       1       0   .abs_section_4a
     _MMSR                                       4B       1       1       0   .abs_section_4b
     _MMDTR                                      4C       1       1       0   .abs_section_4c
     _MMDRR                                      4D       1       1       0   .abs_section_4d
     _MMCRDR                                     4E       1       1       0   .abs_section_4e
     _MMFDR                                      4F       1       1       0   .abs_section_4f
     _TBCR                                       51       1       1       0   .abs_section_51
     _ADSCR                                      57       1       1       0   .abs_section_57
     _ADICLK                                     58       1       1       0   .abs_section_58
     _ADRH0                                      59       1       1       0   .abs_section_59
     _ADRL0                                      5A       1       1       0   .abs_section_5a
     _ADRL1                                      5B       1       1       0   .abs_section_5b
     _ADRL2                                      5C       1       1       0   .abs_section_5c
     _ADRL3                                      5D       1       1       0   .abs_section_5d
     _ADASCR                                     5E       1       1       0   .abs_section_5e
     _SBSR                                     FE00       1       1       0   .abs_section_fe00
     _SRSR                                     FE01       1       1       0   .abs_section_fe01
     _SUBAR                                    FE02       1       1       0   .abs_section_fe02
     _SBFCR                                    FE03       1       1       0   .abs_section_fe03
     _INT1                                     FE04       1       1       0   .abs_section_fe04
     _INT2                                     FE05       1       1       0   .abs_section_fe05
     _INT3                                     FE06       1       1       0   .abs_section_fe06
     _FLCR                                     FE08       1       1       0   .abs_section_fe08
     _FLBPR                                    FE09       1       1       0   .abs_section_fe09
     _BRKH                                     FE0C       1       1       0   .abs_section_fe0c
     _BRKL                                     FE0D       1       1       0   .abs_section_fe0d
     _BRKSCR                                   FE0E       1       1       0   .abs_section_fe0e
     _LVISR                                    FE0F       1       1       0   .abs_section_fe0f
     _MOR                                      FFCF       1       1       0   .abs_section_ffcf
     _COPCTL                                   FFFF       1       1       0   .abs_section_ffff
     _T1CNT                                      21       2       2       0   .abs_section_21
     _T1CH0                                      26       2       2       0   .abs_section_26
     _T1CH1                                      29       2       2       0   .abs_section_29
     _T1MOD                                      23       2       2       1   .abs_section_23
     _T2CNT                                      2C       2       2       0   .abs_section_2c
     _T2CH0                                      31       2       2       0   .abs_section_31
     _T2CH1                                      34       2       2       0   .abs_section_34
     _T2MOD                                      2E       2       2       0   .abs_section_2e
     _PMS                                        38       2       2       0   .abs_section_38
     _ADR                                        59       2       2       0   .abs_section_59
     _BRK                                      FE0C       2       2       0   .abs_section_fe0c
MODULE:                 -- RTSHC08.C.o (ansii.lib) --
- PROCEDURES:
     _Jump_Table_Header_Offset                  97A      24      36       1   .text       
- VARIABLES:
MODULE:                 -- lcd.c.o --
- PROCEDURES:
     LCD_Send                                   99E       5       5       8   .text       
     LCD_Init                                   9A3      D7     215       5   .text       
     LCD_PrintNext                              A7A      53      83       2   .text       
     LCD_Print                                  ACD      23      35       1   .text       
     LCD_TimeBase                               AF0      1B      27       1   .text       
     LCD_Status                                 B0B       4       4       1   .text       
     LCD_Cursor                                 B0F      46      70       1   .text       
- VARIABLES:
     LCDInternalStatus                          102       1       1      13   .bss        
     Local_LCDStatusInit.1                      103       1       1       3   .bss        
     timerLCD                                   104       1       1       8   .common     
     howmany                                    105       1       1       3   .common     
     nextchr                                    106       2       2       5   .common     

*********************************************************************************************
SECTION USE IN OBJECT-ALLOCATION SECTION
---------------------------------------------------------------------------------------------
SECTION: ".text"
  main Timer_init timeOverFlowInterrupt _Jump_Table_Header_Offset LCD_Send 
  LCD_Init LCD_PrintNext LCD_Print LCD_TimeBase LCD_Status LCD_Cursor 
SECTION: ".bss"
  ready_flag current_function_flag LCDInternalStatus Local_LCDStatusInit.1 
SECTION: ".init"
  loadByte Init _Startup 
SECTION: ".rodata1"
  STRING.Hello.World.1 
SECTION: ".abs_section_fff0"
  _Vector_7 
SECTION: ".abs_section_0"
  _PTA 
SECTION: ".abs_section_1"
  _PTB 
SECTION: ".abs_section_2"
  _PTC 
SECTION: ".abs_section_3"
  _PTD 
SECTION: ".abs_section_4"
  _DDRA 
SECTION: ".abs_section_5"
  _DDRB 
SECTION: ".abs_section_6"
  _DDRC 
SECTION: ".abs_section_7"
  _DDRD 
SECTION: ".abs_section_c"
  _LEDA 
SECTION: ".abs_section_10"
  _SPCR 
SECTION: ".abs_section_11"
  _SPSCR 
SECTION: ".abs_section_12"
  _SPDR 
SECTION: ".abs_section_13"
  _SCC1 
SECTION: ".abs_section_14"
  _SCC2 
SECTION: ".abs_section_15"
  _SCC3 
SECTION: ".abs_section_16"
  _SCS1 
SECTION: ".abs_section_17"
  _SCS2 
SECTION: ".abs_section_18"
  _SCDR 
SECTION: ".abs_section_19"
  _SCBR 
SECTION: ".abs_section_1a"
  _KBSCR 
SECTION: ".abs_section_1b"
  _KBIER 
SECTION: ".abs_section_1c"
  _INTSCR2 
SECTION: ".abs_section_1d"
  _CONFIG2 
SECTION: ".abs_section_1e"
  _INTSCR1 
SECTION: ".abs_section_1f"
  _CONFIG1 
SECTION: ".abs_section_20"
  _T1SC 
SECTION: ".abs_section_21"
  _T1CNT _T1CNTH 
SECTION: ".abs_section_22"
  _T1CNTL 
SECTION: ".abs_section_23"
  _T1MOD _T1MODH 
SECTION: ".abs_section_24"
  _T1MODL 
SECTION: ".abs_section_25"
  _T1SC0 
SECTION: ".abs_section_26"
  _T1CH0 _T1CH0H 
SECTION: ".abs_section_27"
  _T1CH0L 
SECTION: ".abs_section_28"
  _T1SC1 
SECTION: ".abs_section_29"
  _T1CH1 _T1CH1H 
SECTION: ".abs_section_2a"
  _T1CH1L 
SECTION: ".abs_section_2b"
  _T2SC 
SECTION: ".abs_section_2c"
  _T2CNT _T2CNTH 
SECTION: ".abs_section_2d"
  _T2CNTL 
SECTION: ".abs_section_2e"
  _T2MOD _T2MODH 
SECTION: ".abs_section_2f"
  _T2MODL 
SECTION: ".abs_section_30"
  _T2SC0 
SECTION: ".abs_section_31"
  _T2CH0 _T2CH0H 
SECTION: ".abs_section_32"
  _T2CH0L 
SECTION: ".abs_section_33"
  _T2SC1 
SECTION: ".abs_section_34"
  _T2CH1 _T2CH1H 
SECTION: ".abs_section_35"
  _T2CH1L 
SECTION: ".abs_section_36"
  _PCTL 
SECTION: ".abs_section_37"
  _PBWC 
SECTION: ".abs_section_38"
  _PMS _PMSH 
SECTION: ".abs_section_39"
  _PMSL 
SECTION: ".abs_section_3a"
  _PMRS 
SECTION: ".abs_section_3b"
  _PMDS 
SECTION: ".abs_section_40"
  _IRSCI_SCC1 
SECTION: ".abs_section_41"
  _IRSCI_SCC2 
SECTION: ".abs_section_42"
  _IRSCI_SCC3 
SECTION: ".abs_section_43"
  _IRSCI_SCS1 
SECTION: ".abs_section_44"
  _IRSCI_SCS2 
SECTION: ".abs_section_45"
  _IRSCI_SCDR 
SECTION: ".abs_section_46"
  _IRSCI_SCBR 
SECTION: ".abs_section_47"
  _IRSCI_SCIRCR 
SECTION: ".abs_section_48"
  _MMADR 
SECTION: ".abs_section_49"
  _MMCR1 
SECTION: ".abs_section_4a"
  _MMCR2 
SECTION: ".abs_section_4b"
  _MMSR 
SECTION: ".abs_section_4c"
  _MMDTR 
SECTION: ".abs_section_4d"
  _MMDRR 
SECTION: ".abs_section_4e"
  _MMCRDR 
SECTION: ".abs_section_4f"
  _MMFDR 
SECTION: ".abs_section_51"
  _TBCR 
SECTION: ".abs_section_57"
  _ADSCR 
SECTION: ".abs_section_58"
  _ADICLK 
SECTION: ".abs_section_59"
  _ADR _ADRH0 
SECTION: ".abs_section_5a"
  _ADRL0 
SECTION: ".abs_section_5b"
  _ADRL1 
SECTION: ".abs_section_5c"
  _ADRL2 
SECTION: ".abs_section_5d"
  _ADRL3 
SECTION: ".abs_section_5e"
  _ADASCR 
SECTION: ".abs_section_fe00"
  _SBSR 
SECTION: ".abs_section_fe01"
  _SRSR 
SECTION: ".abs_section_fe02"
  _SUBAR 
SECTION: ".abs_section_fe03"
  _SBFCR 
SECTION: ".abs_section_fe04"
  _INT1 
SECTION: ".abs_section_fe05"
  _INT2 
SECTION: ".abs_section_fe06"
  _INT3 
SECTION: ".abs_section_fe08"
  _FLCR 
SECTION: ".abs_section_fe09"
  _FLBPR 
SECTION: ".abs_section_fe0c"
  _BRK _BRKH 
SECTION: ".abs_section_fe0d"
  _BRKL 
SECTION: ".abs_section_fe0e"
  _BRKSCR 
SECTION: ".abs_section_fe0f"
  _LVISR 
SECTION: ".abs_section_ffcf"
  _MOR 
SECTION: ".abs_section_ffff"
  _COPCTL 
SECTION: ".common"
  timerLCD howmany nextchr 

*********************************************************************************************
UNUSED-OBJECTS SECTION
---------------------------------------------------------------------------------------------
NOT USED PROCEDURES
RTSHC08.C.o (ansii.lib):
  _PUSH_ARGS_L _PUSH_ARGS_D _ENTER_UNARY_L _ENTER_UNARY_L64 _ENTER_UNARY_L64_4 
  _ENTER_BINARY_L _ENTER_BINARY_L_RC _ENTER_BINARY_L_LC _ENTER_BINARY_L64 
  _ENTER_BINARY_L64_LC _ENTER_BINARY_L64_RC _IDIVMOD _SPLITSIGN 
  _LADD_k_is_k_plus_j _k_is_k_plus_j_l _k_is_k_plus_j_i _LSUB_k_is_k_minus_j 
  _LAND_k_is_k_and_j _LOR_k_is_k_or_j _LXOR_k_is_k_xor_j _LMUL_k_is_k_mul_j 
  _LDIVMOD _NEG_L_HX _ABS_L_HX _SPLITSIGN_L _LMODU_k_is_k_mod_j 
  _LDIVU_k_is_k_div_j _LMODS_k_is_k_mod_j _LDIVS_k_is_k_div_j _LCMP_k_rel_j 
  _BMULS _BDIVS _BMODS _IMUL _IDIVS _IDIVU _IMODS _IMODU _IDIVU_8 _IMODU_8 
  _IASR _ILSR _ILSL _ICMP _LINC _LDEC _LNEG _LNOT _LADD _LADD_RC _LSUB _LSUB_LC 
  _LSUB_RC _LAND _LAND_RC _LOR _LOR_RC _LXOR _LXOR_RC _LMUL _LMUL_RC _LDIVS 
  _LDIVS_LC _LDIVS_RC _LDIVU _LDIVU_LC _LDIVU_RC _LMODS _LMODS_LC _LMODS_RC 
  _LMODU _LMODU_LC _LMODU_RC _LASR _LLSR _LLSL _LCMP _LCMP_RC _COPY _COPY_L 
  _POP32 _POP64 _STORE32 _STORE64 _SEXT8_32 _SEXT16_32 _CALL _Jump_Table_Addr 
  _Jump_Table_Offset _Jump_Table_Header_Addr _Search_Table_16_Addr 
  _Search_Table_16_Offset _Search_Table_8_Addr _Search_Table_8_Offset _PUSH_CC 
  _POP_CC 
lcd.c.o:
  LCD_Clear LCD_2L 
NOT USED VARIABLES
RTSHC08.C.o (ansii.lib):
  _PowOfTwo_8 _PowOfTwo_16 _PowOfTwo_32 errno 
lcd.c.o:
  columns 

*********************************************************************************************
COPYDOWN SECTION
---------------------------------------------------------------------------------------------
------- ROM-ADDRESS: 0xB61 ---- SIZE       2 ---
Filling bytes inserted
 0000

*********************************************************************************************
OBJECT-DEPENDENCIES SECTION
---------------------------------------------------------------------------------------------
Init                      USES _startupData loadByte 
_Startup                  USES _startupData __SEG_END_SSTACK Init 
main                      USES _CONFIG1 _CONFIG2 Timer_init LCD_Init timerLCD 
                                LCD_TimeBase LCD_Status ready_flag current_function_flag 
                                LCD_Cursor STRING.Hello.World.1 LCD_Print 
Timer_init                USES _T1SC _T1MOD 
timeOverFlowInterrupt     USES _T1SC timerLCD 
LCD_Send                  USES _PTA 
LCD_Init                  USES LCDInternalStatus _DDRA _PTA _DDRC _PTC 
                                LCD_Init Local_LCDStatusInit.1 timerLCD 
                                _Jump_Table_Header_Offset LCD_Send 
LCD_PrintNext             USES howmany _PTA _PTC LCD_Send nextchr timerLCD 
                                LCDInternalStatus 
LCD_Print                 USES LCDInternalStatus howmany nextchr LCD_PrintNext 
LCD_TimeBase              USES LCDInternalStatus LCD_Init LCD_PrintNext 
LCD_Status                USES LCDInternalStatus 
LCD_Cursor                USES LCDInternalStatus _PTA _PTC LCD_Send timerLCD 
_Vector_7                 USES timeOverFlowInterrupt 

*********************************************************************************************
DEPENDENCY TREE
*********************************************************************************************
 main and _Startup Group
 | 
 +- main                
 |  | 
 |  +- Timer_init          
 |  |    
 |  +- LCD_Init            
 |  |  | 
 |  |  +- _Jump_Table_Header_Offset
 |  |  |    
 |  |  +- LCD_Send            
 |  |       
 |  +- LCD_TimeBase        
 |  |  | 
 |  |  +- LCD_Init             (see above)
 |  |  |  
 |  |  +- LCD_PrintNext       
 |  |     | 
 |  |     +- LCD_Send             (see above)
 |  |        
 |  +- LCD_Status          
 |  |    
 |  +- LCD_Cursor          
 |  |  | 
 |  |  +- LCD_Send             (see above)
 |  |     
 |  +- LCD_Print           
 |     | 
 |     +- LCD_PrintNext        (see above)
 |        
 +- _Startup            
    | 
    +- Init                
       | 
       +- loadByte            
            
 _Vector_7           
 | 
 +- timeOverFlowInterrupt
      
*********************************************************************************************
STATISTIC SECTION
---------------------------------------------------------------------------------------------

ExeFile:
--------
Number of blocks to be downloaded: 6
Total size of all blocks to be downloaded: 775

