******************************************************************************
                  TI ARM Linker PC v5.0.4                      
******************************************************************************
>> Linked Mon Mar 16 16:28:58 2015

OUTPUT FILE NAME:   <018_LCD_8bits.out>
ENTRY POINT SYMBOL: "_c_int00"  address: 000008e1


MEMORY CONFIGURATION

         name            origin    length      used     unused   attr    fill
----------------------  --------  ---------  --------  --------  ----  --------
  FLASH                 00000000   00040000  00000a9c  0003f564  R  X
  SRAM                  20000000   00008000  00000214  00007dec  RW X


SEGMENT ALLOCATION MAP

run origin  load origin   length   init length attrs members
----------  ----------- ---------- ----------- ----- -------
00000000    00000000    00000aa0   00000aa0    r-x
  00000000    00000000    0000026c   0000026c    r-- .intvecs
  0000026c    0000026c    00000810   00000810    r-x .text
  00000a80    00000a80    00000020   00000020    r-- .cinit
20000000    20000000    00000200   00000000    rw-
  20000000    20000000    00000200   00000000    rw- .stack
20000200    20000200    00000014   00000014    rw-
  20000200    20000200    00000014   00000014    rw- .data


SECTION ALLOCATION MAP

 output                                  attributes/
section   page    origin      length       input sections
--------  ----  ----------  ----------   ----------------
.intvecs   0    00000000    0000026c     
                  00000000    0000026c     startup_ccs.obj (.intvecs)

.init_array 
*          0    00000000    00000000     UNINITIALIZED

.text      0    0000026c    00000810     
                  0000026c    000002c4     main.obj (.text)
                  00000530    00000130     driverlib.lib : gpio.obj (.text:GPIOPadConfigSet)
                  00000660    000000f0                   : sysctl.obj (.text:SysCtlClockSet)
                  00000750    0000009c     rtsv7M4_T_le_v4SPD16_eabi.lib : memcpy_t2.obj (.text)
                  000007ec    00000094                                   : auto_init.obj (.text)
                  00000880    0000005e                                   : copy_decompress_rle.obj (.text)
                  000008de    00000002     --HOLE-- [fill = 0]
                  000008e0    00000048                                   : boot.obj (.text)
                  00000928    00000044                                   : cpy_tbl.obj (.text)
                  0000096c    00000040                                   : exit.obj (.text)
                  000009ac    00000034     driverlib.lib : sysctl.obj (.text:SysCtlPeripheralEnable)
                  000009e0    0000002a                   : gpio.obj (.text:GPIODirModeSet)
                  00000a0a    00000018                   : gpio.obj (.text:GPIOPinTypeGPIOOutput)
                  00000a22    00000002     --HOLE-- [fill = 0]
                  00000a24    00000018     rtsv7M4_T_le_v4SPD16_eabi.lib : args_main.obj (.text)
                  00000a3c    00000014                                   : _lock.obj (.text)
                  00000a50    0000000e                                   : copy_decompress_none.obj (.text:decompress:none)
                  00000a5e    0000000c     startup_ccs.obj (.text)
                  00000a6a    00000006     driverlib.lib : gpio.obj (.text:GPIOPinWrite)
                  00000a70    00000006                   : sysctl.obj (.text:SysCtlDelay)
                  00000a76    00000006     rtsv7M4_T_le_v4SPD16_eabi.lib : copy_decompress_rle.obj (.text:decompress:rle24)

.cinit     0    00000a80    00000020     
                  00000a80    0000000f     (.cinit..data.load) [load image, compression = rle]
                  00000a8f    00000001     --HOLE-- [fill = 0]
                  00000a90    00000008     (__TI_handler_table)
                  00000a98    00000008     (__TI_cinit_table)

.stack     0    20000000    00000200     UNINITIALIZED
                  20000000    00000200     --HOLE--

.data      0    20000200    00000014     
                  20000200    00000008     rtsv7M4_T_le_v4SPD16_eabi.lib : _lock.obj (.data)
                  20000208    00000008                                   : exit.obj (.data)
                  20000210    00000004                                   : stkdepth_vars.obj (.data)


LINKER GENERATED COPY TABLES

__TI_cinit_table @ 00000a98 records: 1, size/record: 8, table size: 8
	.data: load addr=00000a80, load size=0000000f bytes, run addr=20000200, run size=00000014 bytes, compression=rle


LINKER GENERATED HANDLER TABLE

__TI_handler_table @ 00000a90 records: 2, size/record: 4, table size: 8
	index: 0, handler: __TI_decompress_rle24
	index: 1, handler: __TI_decompress_none


GLOBAL SYMBOLS: SORTED ALPHABETICALLY BY Name 

address    name
--------   ----
0000096d   C$$EXIT
000009e1   GPIODirModeSet
00000531   GPIOPadConfigSet
00000a0b   GPIOPinTypeGPIOOutput
00000a6b   GPIOPinWrite
00000a5f   ResetISR
UNDEFED    SHT$$INIT_ARRAY$$Base
UNDEFED    SHT$$INIT_ARRAY$$Limit
00000661   SysCtlClockSet
00000a71   SysCtlDelay
000009ad   SysCtlPeripheralEnable
20000200   __STACK_END
00000200   __STACK_SIZE
20000200   __STACK_TOP
00000a98   __TI_CINIT_Base
00000aa0   __TI_CINIT_Limit
00000a90   __TI_Handler_Table_Base
00000a98   __TI_Handler_Table_Limit
00000001   __TI_args_main
000007ed   __TI_auto_init
00000a51   __TI_decompress_none
00000a77   __TI_decompress_rle24
00000000   __TI_static_base__
00000751   __aeabi_memcpy
00000751   __aeabi_memcpy4
00000751   __aeabi_memcpy8
ffffffff   __binit__
ffffffff   __c_args__
20000000   __stack
00000a25   _args_main
000008e1   _c_int00
20000208   _cleanup_ptr
2000020c   _dtors_ptr
20000200   _lock
00000a4b   _nop
00000a43   _register_lock
00000a3d   _register_unlock
20000204   _unlock
00000971   abort
ffffffff   binit
00000929   copy_in
00000979   exit
00000000   g_pfnVectors
0000026d   main
20000210   main_func_sp
00000751   memcpy


GLOBAL SYMBOLS: SORTED BY Symbol Address 

address    name
--------   ----
00000000   __TI_static_base__
00000000   g_pfnVectors
00000001   __TI_args_main
00000200   __STACK_SIZE
0000026d   main
00000531   GPIOPadConfigSet
00000661   SysCtlClockSet
00000751   __aeabi_memcpy
00000751   __aeabi_memcpy4
00000751   __aeabi_memcpy8
00000751   memcpy
000007ed   __TI_auto_init
000008e1   _c_int00
00000929   copy_in
0000096d   C$$EXIT
00000971   abort
00000979   exit
000009ad   SysCtlPeripheralEnable
000009e1   GPIODirModeSet
00000a0b   GPIOPinTypeGPIOOutput
00000a25   _args_main
00000a3d   _register_unlock
00000a43   _register_lock
00000a4b   _nop
00000a51   __TI_decompress_none
00000a5f   ResetISR
00000a6b   GPIOPinWrite
00000a71   SysCtlDelay
00000a77   __TI_decompress_rle24
00000a90   __TI_Handler_Table_Base
00000a98   __TI_CINIT_Base
00000a98   __TI_Handler_Table_Limit
00000aa0   __TI_CINIT_Limit
20000000   __stack
20000200   __STACK_END
20000200   __STACK_TOP
20000200   _lock
20000204   _unlock
20000208   _cleanup_ptr
2000020c   _dtors_ptr
20000210   main_func_sp
ffffffff   __binit__
ffffffff   __c_args__
ffffffff   binit
UNDEFED    SHT$$INIT_ARRAY$$Base
UNDEFED    SHT$$INIT_ARRAY$$Limit

[46 symbols]
