******************************************************************************
                  TI ARM Linker PC v5.0.4                      
******************************************************************************
>> Linked Tue Mar 03 01:43:04 2015

OUTPUT FILE NAME:   <blinky.out>
ENTRY POINT SYMBOL: "_c_int00"  address: 00000455


MEMORY CONFIGURATION

         name            origin    length      used     unused   attr    fill
----------------------  --------  ---------  --------  --------  ----  --------
  FLASH                 00000000   00040000  0000058a  0003fa76  R  X
  SRAM                  20000000   00008000  00000114  00007eec  RW X


SEGMENT ALLOCATION MAP

run origin  load origin   length   init length attrs members
----------  ----------- ---------- ----------- ----- -------
00000000    00000000    00000590   00000590    r-x
  00000000    00000000    0000026c   0000026c    r-- .intvecs
  0000026c    0000026c    000002fe   000002fe    r-x .text
  00000570    00000570    00000020   00000020    r-- .cinit
20000000    20000000    00000100   00000000    rw-
  20000000    20000000    00000100   00000000    rw- .stack
20000100    20000100    00000014   00000014    rw-
  20000100    20000100    00000014   00000014    rw- .data


SECTION ALLOCATION MAP

 output                                  attributes/
section   page    origin      length       input sections
--------  ----  ----------  ----------   ----------------
.intvecs   0    00000000    0000026c     
                  00000000    0000026c     startup_ccs.obj (.intvecs)

.init_array 
*          0    00000000    00000000     UNINITIALIZED

.text      0    0000026c    000002fe     
                  0000026c    0000009c     rtsv7M4_T_le_v4SPD16_eabi.lib : memcpy_t2.obj (.text)
                  00000308    00000094                                   : auto_init.obj (.text)
                  0000039c    0000005e                                   : copy_decompress_rle.obj (.text)
                  000003fa    00000002     startup_ccs.obj (.text:FaultISR)
                  000003fc    00000058     blinky.obj (.text:main)
                  00000454    00000048     rtsv7M4_T_le_v4SPD16_eabi.lib : boot.obj (.text)
                  0000049c    00000044                                   : cpy_tbl.obj (.text)
                  000004e0    00000040                                   : exit.obj (.text)
                  00000520    00000018                                   : args_main.obj (.text)
                  00000538    00000014                                   : _lock.obj (.text)
                  0000054c    0000000e                                   : copy_decompress_none.obj (.text:decompress:none)
                  0000055a    00000006     startup_ccs.obj (.text:ResetISR)
                  00000560    00000006     rtsv7M4_T_le_v4SPD16_eabi.lib : copy_decompress_rle.obj (.text:decompress:rle24)
                  00000566    00000002     startup_ccs.obj (.text:IntDefaultHandler)
                  00000568    00000002     startup_ccs.obj (.text:NmiSR)

.cinit     0    00000570    00000020     
                  00000570    0000000f     (.cinit..data.load) [load image, compression = rle]
                  0000057f    00000001     --HOLE-- [fill = 0]
                  00000580    00000008     (__TI_handler_table)
                  00000588    00000008     (__TI_cinit_table)

.stack     0    20000000    00000100     UNINITIALIZED
                  20000000    00000100     --HOLE--

.data      0    20000100    00000014     
                  20000100    00000008     rtsv7M4_T_le_v4SPD16_eabi.lib : _lock.obj (.data)
                  20000108    00000008                                   : exit.obj (.data)
                  20000110    00000004                                   : stkdepth_vars.obj (.data)


LINKER GENERATED COPY TABLES

__TI_cinit_table @ 00000588 records: 1, size/record: 8, table size: 8
	.data: load addr=00000570, load size=0000000f bytes, run addr=20000100, run size=00000014 bytes, compression=rle


LINKER GENERATED HANDLER TABLE

__TI_handler_table @ 00000580 records: 2, size/record: 4, table size: 8
	index: 0, handler: __TI_decompress_rle24
	index: 1, handler: __TI_decompress_none


GLOBAL SYMBOLS: SORTED ALPHABETICALLY BY Name 

address    name
--------   ----
000004e1   C$$EXIT
0000055b   ResetISR
UNDEFED    SHT$$INIT_ARRAY$$Base
UNDEFED    SHT$$INIT_ARRAY$$Limit
20000100   __STACK_END
00000100   __STACK_SIZE
20000100   __STACK_TOP
00000588   __TI_CINIT_Base
00000590   __TI_CINIT_Limit
00000580   __TI_Handler_Table_Base
00000588   __TI_Handler_Table_Limit
00000001   __TI_args_main
00000309   __TI_auto_init
0000054d   __TI_decompress_none
00000561   __TI_decompress_rle24
00000000   __TI_static_base__
0000026d   __aeabi_memcpy
0000026d   __aeabi_memcpy4
0000026d   __aeabi_memcpy8
ffffffff   __binit__
ffffffff   __c_args__
20000000   __stack
00000521   _args_main
00000455   _c_int00
20000108   _cleanup_ptr
2000010c   _dtors_ptr
20000100   _lock
00000547   _nop
0000053f   _register_lock
00000539   _register_unlock
20000104   _unlock
000004e5   abort
ffffffff   binit
0000049d   copy_in
000004ed   exit
00000000   g_pfnVectors
000003fd   main
20000110   main_func_sp
0000026d   memcpy


GLOBAL SYMBOLS: SORTED BY Symbol Address 

address    name
--------   ----
00000000   __TI_static_base__
00000000   g_pfnVectors
00000001   __TI_args_main
00000100   __STACK_SIZE
0000026d   __aeabi_memcpy
0000026d   __aeabi_memcpy4
0000026d   __aeabi_memcpy8
0000026d   memcpy
00000309   __TI_auto_init
000003fd   main
00000455   _c_int00
0000049d   copy_in
000004e1   C$$EXIT
000004e5   abort
000004ed   exit
00000521   _args_main
00000539   _register_unlock
0000053f   _register_lock
00000547   _nop
0000054d   __TI_decompress_none
0000055b   ResetISR
00000561   __TI_decompress_rle24
00000580   __TI_Handler_Table_Base
00000588   __TI_CINIT_Base
00000588   __TI_Handler_Table_Limit
00000590   __TI_CINIT_Limit
20000000   __stack
20000100   __STACK_END
20000100   __STACK_TOP
20000100   _lock
20000104   _unlock
20000108   _cleanup_ptr
2000010c   _dtors_ptr
20000110   main_func_sp
ffffffff   __binit__
ffffffff   __c_args__
ffffffff   binit
UNDEFED    SHT$$INIT_ARRAY$$Base
UNDEFED    SHT$$INIT_ARRAY$$Limit

[39 symbols]
