
parpadeo.asm           Assembled with CASM08Z  01/01/2013  19:56:01  PAGE 1



 0000                   1  RAM_INI              EQU     $0080
 0000                   2  FLASH_INI    EQU     $EE00
 0000                   3  VECTORES     EQU     $FFDE
 0000                   4  col_1           EQU     0       ;PTB0
 0000                   5  col_2           EQU     1       ;PTB1
 0000                   6  col_3           EQU     0       ;PTA0
 0000                   7  col_4           EQU     1       ;PTA1
 0000                   8  col_5           EQU     2       ;PTB2
 0000                   9  col_6           EQU     3       ;PTB3
 0000                  10  col_7           EQU     3       ;PTA3
 0000                  11  col_8           EQU     4       ;PTB4
 0000                  12  col_9                EQU     5       ;PTB5
 0000                  13  fil_1           EQU     5       ;PTA5
 0000                  14  fil_2           EQU     6       ;PTB6
 0000                  15  fil_3           EQU     7       ;PTB7
                       16  
                       17  
 0000                  18  $base                10t
 0000                  19  $Include        'QTQY_registers.inc'
                       20  ;***************************************************
                                                    ***************************
                       21  ;                    QTQY_REGISTERS.INC - ARCHIVO 
                                                                        INCLUDE
                       22  ; Contiene las Definiciones de los Registros del 
                                                       MC68HC908QTA/QYA/8/4/2/1
                       23  ;
                       24  ;                    SyHDe - Soft y Hard Desarrollos
                       25  ;***************************************************
                                                    ***************************
                       26  
                       27  ;***************************************************
                                                    ***************************
                       28  ;---------------REGISTROS DE PUERTOS ENT/SAL--------
                                                    ---------------------------
                       29  ;---------------PUERTO A----------------------------
                                                    ---------------------------
 0000                  30  PTA  EQU     $0000   ; Port A Data register
 0000                  31  PORTA        EQU     $0000   ; "
 0000                  32  DDRA EQU     $0004   ; Port A Data Direction 
                                                                       Register
 0000                  33  PTAPUE  EQU  $000B   ; Port A Pull Ups Enable
                       34  
                       35  ;---------------PUERTO B----------------------------
                                                    ---------------------------
 0000                  36  PTB  EQU     $0001   ; Port B Data register
 0000                  37  PORTB        EQU     $0001   ; "
 0000                  38  DDRB EQU     $0005   ; Port B Data Direction 
                                                                       Register
 0000                  39  PTBPUE  EQU  $000C   ; Port B Pull Ups Enable
                       40  
                       41  ;***************************************************
                                                    ***************************
                       42  ;---------------REGISTROS DEL MODULO KEYBOARD-------
                                                    ---------------------------
 0000                  43  KBSCR        EQU     $001A   ; Keyboard Status & 
                                                               Control register
 0000                  44  keyf equ     3       ;
 0000                  45  ackk equ     2       ;


parpadeo.asm           Assembled with CASM08Z  01/01/2013  19:56:01  PAGE 2



 0000                  46  imaskk       equ     1       ;
 0000                  47  modek        equ     0       ;
                       48  
 0000                  49  KBIER        EQU     $001B   ; Keyboard interrupt 
                                                                enable register
                       50  
                       51  ;***************************************************
                                                    ***************************
                       52  ;---------------REGISTROS DE INTERRUPCION EXTERNA 
                                                  1----------------------------
 0000                  53  INTSCR       EQU     $001D   ; IRQ Status & Control 
                                                                       Register
 0000                  54  irqf equ     3       ;
 0000                  55  ack  equ     2       ;
 0000                  56  imask        equ     1       ;
 0000                  57  mode equ     0       ;
                       58  
                       59  ;***************************************************
                                                    ***************************
                       60  ;---------------REGISTROS DE CONFIGURACION----------
                                                    ---------------------------
 0000                  61  CONFIG1      EQU     $001F   ; Configuration 
                                                                     Register 1
                       62  
 0000                  63  CONFIG2      EQU     $001E   ; Configuration 
                                                                     Register 2
                       64  
                       65  ;***************************************************
                                                    ***************************
                       66  ;---------------REGISTROS DEL TIMER ----------------
                                                    ---------------------------
 0000                  67  TSC  EQU     $0020   ; Timer Status & Control 
                                                                       Register
 0000                  68  tof  equ     7       ;
 0000                  69  toie equ     6       ;
 0000                  70  tstop        equ     5       ;
 0000                  71  trst equ     4       ;
                       72  
 0000                  73  TCNTH        EQU     $0021   ; Timer Counter 
                                                                  Register High
 0000                  74  TCNTL        EQU     $0022   ; Timer Counter 
                                                                   Register Low
 0000                  75  TMODH        EQU     $0023   ; Timer Counter Modulo 
                                                                  Register High
 0000                  76  TMODL        EQU     $0024   ; Timer Counter Modulo 
                                                                   Register Low
                       77  
 0000                  78  TSC0 EQU     $0025   ; Timer Channel 0 Status & 
                                                               Control Register
 0000                  79  ch0f equ     7
 0000                  80  ch0ie        equ     6       ;
 0000                  81  ms0b equ     5       ;
 0000                  82  ms0a equ     4       ;
 0000                  83  els0b        equ     3       ;
 0000                  84  els0a        equ     2       ;
 0000                  85  tov0 equ     1       ;
 0000                  86  ch0max       equ     0       ;
                       87  


parpadeo.asm           Assembled with CASM08Z  01/01/2013  19:56:01  PAGE 3



 0000                  88  TCH0H        EQU     $0026   ; Timer Channel 0 
                                                                  Register High
 0000                  89  TCH0L        EQU     $0027   ; Timer Channel 0 
                                                                   Register Low
                       90  
 0000                  91  TSC1 EQU     $0028   ; Timer Channel 1 Status & 
                                                               Control Register
 0000                  92  ch1f equ     7
 0000                  93  ch1ie        equ     6       ;
 0000                  94  ms1b equ     5       ;
 0000                  95  ms1a equ     4       ;
 0000                  96  els1b        equ     3       ;
 0000                  97  els1a        equ     2       ;
 0000                  98  tov1 equ     1       ;
 0000                  99  ch1max       equ     0       ;
                      100  
 0000                 101  TCH1H        EQU     $0029   ; Timer Channel 1 
                                                                  Register High
 0000                 102  TCH1L        EQU     $002A   ; Timer Channel 1 
                                                                   Register Low
                      103  
                      104  ;***************************************************
                                                    ***************************
                      105  ;---------------REGISTROS DEL OSCILADOR-------------
                                                    ---------------------------
 0000                 106  OSCSC        EQU     $0036   ;Oscillator Status and 
                                                               Control Register
 0000                 107  ecgst        equ     0       ;Read Only!!!!
 0000                 108  ecgon        equ     1       ;
 0000                 109  ecfs0        equ     2       ;
 0000                 110  ecfs1        equ     3       ;
 0000                 111  icfs0        equ     4       ;
 0000                 112  icfs1        equ     5       ;
 0000                 113  oscopt0      equ     6       ;
 0000                 114  oscopt1      equ     7       ;
                      115  
 0000                 116  OSCTRIM      EQU     $0038   ;Oscillator Trim 
                                                                       Register
                      117  
 0000                 118  OSCSTAT EQU  $0036   ;Oscillator Status and Control 
                                                         (No Vers A Solo QY/QT)
                      119  
                      120  ;***************************************************
                                                    ***************************
                      121  ;---------------REGISTROS DEL ADC-------------------
                                                    ---------------------------
 0000                 122  ADSCR        EQU     $003C   ; ADC Status & Control 
                                                                       Register
 0000                 123  coco equ     7       ;
 0000                 124  aien equ     6       ;
 0000                 125  adco equ     5       ;
                      126  
 0000                 127  ADRH EQU     $003D   ; ADC10 Data Register High
 0000                 128  ADRL EQU     $003E   ; ADC10 Data Register Low
 0000                 129  ADICLK       EQU     $003F   ; ADC10 Clock Control 
                                                                       Register
                      130  
                      131  ;***************************************************


parpadeo.asm           Assembled with CASM08Z  01/01/2013  19:56:01  PAGE 4



                                                    ***************************
                      132  ;---------------REGISTROS DEL MODULO SIM------------
                                                    ---------------------------
 0000                 133  BSR  EQU     $FE00   ; Break Status Register
 0000                 134  sbsw equ     1       ; break wait bit
                      135  
 0000                 136  SRSR EQU     $FE01   ; SIM Reset Status Register
 0000                 137  por  equ     7       ;
 0000                 138  pin  equ     6       ;
 0000                 139  cop  equ     5       ;
 0000                 140  ilop equ     4       ;
 0000                 141  ilad equ     3       ;
 0000                 142  modrst       equ     2       ;
 0000                 143  lvi  equ     1       ;
                      144  
 0000                 145  BRKAR        EQU     $FE02   ; Break Auxiliary 
                                                                       Register
 0000                 146  bdcop        equ     0
                      147  
 0000                 148  BFCR EQU     $FE03   ; Break Flag Control Register
 0000                 149  bcfe equ     7       ;
                      150  
 0000                 151  INT1 EQU     $FE04   ; Interrupt Status Register 1
                      152  
 0000                 153  INT2 EQU     $FE05   ; Interrupt Status Register 2
                      154  
 0000                 155  INT3 EQU     $FE06   ; Interrupt Status Register 3
                      156  
                      157  ;***************************************************
                                                    ***************************
                      158  ;---------------REGISTROS DE LA MEMORIA FLASH-------
                                                    ---------------------------
 0000                 159  FLCR EQU     $FE08   ; FLASH Control Register
                      160  
 0000                 161  FLBPR        EQU     $FFBE   ; FLASH Block Protect
                      162  
                      163  ;***************************************************
                                                    ***************************
                      164  ;---------------REGISTROS DEL MODULO BREAK----------
                                                     --------------------------
 0000                 165  BRKH EQU     $FE09   ; Break address Hig Register
                      166  
 0000                 167  BRKL EQU     $FE0A   ; Break Address Low Register
                      168  
 0000                 169  BRKSCR       EQU     $FE0B   ; Break Status & 
                                                               Control Register
                      170  
                      171  ;***************************************************
                                                    ***************************
                      172  ;---------------REGISTROS DEL MODULO LVI------------
                                                    ---------------------------
 0000                 173  LVISR        EQU     $FE0C   ; LVI Status Register
                      174  
                      175  ;***************************************************
                                                    ***************************
                      176  ;---------------REGISTROS DEL MODULO OSCILLATOR-----
                                                    ---------------------------
 0000                 177  IOSCTRM EQU  $FFC0   ; Internal Oscillator Trim 


parpadeo.asm           Assembled with CASM08Z  01/01/2013  19:56:01  PAGE 5



                                                  (Factory Prog Value Optional)
                      178  
                      179  ;***************************************************
                                                    ***************************
                      180  ;---------------REGISTROS DEL MODULO COP WATCHDOG---
                                                    ---------------------------
 0000                 181  COPCTL       EQU     $FFFF   ; COP Control Register
                      182  
                      183  ;***************************************************
                                                    ***************************
                      184  ;***************************************************
                                                    ***************************
                      185  ; RUTINAS DE MANEJO DE LA MEMORIA FLASH SITUADAS EN 
                                                    LA ROM MONITOR (HC908QTQYx)
                      186  ;***************************************************
                                                    ***************************
                      187  
 0000                 188  PRGRNGE              EQU     $2809   ;Programa un 
                                                  rango de direcciones de Flash
 0000                 189  ERARNGE              EQU     $2806   ;Borra una 
                                                        pagina de Memoria Flash
 0000                 190  GETBYTE              EQU     $2800   ;Recibe un 
                                              Byte en Modo Monitordesde el Port
 0000                 191  RDVRRNG              EQU     $2803   ;Usa un Rango 
                                               de la Flash y lo envia x el Port
 0000                 192  DELNUS               EQU     $280C   ;Rutina de 
                                                  Demora (usa parametros[A][X])
                      193  
                      194  ;***************************************************
                                                    ***************************
                      195  ;       SyHDe - Soft y Hard Desarrollos, 2000  - 
                                                          Derechos Reservados -
                      196  ; Ud.uede usar este archivo gratuitamente mientras 
                                                     incluya este pie de pagina
                      197  ;***************************************************
                                                    ***************************
                      198  
                      199  
                      200  
                      201  
 EE00                 202       org     FLASH_INI
                      203  start:
 EE00 [01] 9C         204          rsp
 EE01 [01] 4F         205       clra
 EE02 [01] 8C         206       clrh
 EE03 [01] 5F         207       clrx
 EE04 [02] 9B         208       sei
                      209  
 EE05 [04] 6E801E     210          mov     #%10000000,CONFIG2
 EE08 [04] 6E0D1F     211          mov     #%00001101,CONFIG1
 EE0B [01] 9D         212          nop
 EE0C [01] 9D         213          nop
 EE0D [01] 9D         214          nop
                      215  
 EE0E [04] 6E2036     216          mov     #%00100000,OSCSC
 EE11 [04] 6E8138     217          mov     #$81,OSCTRIM
                      218  
 EE14 [05] CDEE53     219          jsr     demora_qy


parpadeo.asm           Assembled with CASM08Z  01/01/2013  19:56:01  PAGE 6



 EE17 [05] CDEE53     220          jsr     demora_qy
 EE1A [05] CDEE53     221          jsr     demora_qy
 EE1D [05] CDEE53     222          jsr     demora_qy
 EE20 [05] CDEE53     223          jsr     demora_qy
 EE23 [05] CDEE53     224          jsr     demora_qy
                      225  
 EE26 [04] 6EFF01     226          mov     #%11111111,PORTB
 EE29 [04] 6EFF05     227          mov     #%11111111,DDRB
 EE2C [04] 6EFF01     228          mov     #%11111111,PORTB
 EE2F [01] 9D         229          nop
 EE30 [01] 9D         230          nop
                      231  
                      232  
 EE31 [04] 6EFF00     233          mov     #%11111111,PORTA
 EE34 [04] 6EFF04     234          mov     #%11111111,DDRA
 EE37 [04] 6EFF00     235          mov     #%11111111,PORTA
 EE3A [01] 9D         236          nop
 EE3B [01] 9D         237          nop
                      238  
                      239  
                      240  
                      241  
                      242  iniciar:
                      243  
                      244  
 EE3C [05] CDEECC     245          jsr     cruz_1_1000ms
 EE3F [05] CDEE62     246          jsr     demora_1000ms
                      247  
 EE42 [03] 20F8       248          bra     iniciar
                      249  
                      250  
                      251  retardo_qy:
 EE44 [02] AE1B       252          ldx     #$1B
                      253  retardo_2:
 EE46 [02] A61B       254          lda     #$1B
                      255  retardo_1:
 EE48 [01] 4A         256          deca
 EE49 [02] A100       257          cmp     #$00
 EE4B [03] 26FB       258          bne     retardo_1
 EE4D [01] 5A         259          decx
 EE4E [02] A300       260          cpx     #$00
 EE50 [03] 26F4       261          bne     retardo_2
 EE52 [04] 81         262          rts
                      263  
                      264  demora_qy:
 EE53 [02] AEFF       265          ldx     #$FF
                      266  dem_2:
 EE55 [02] A6FF       267          lda     #$FF
                      268  dem_1:
 EE57 [01] 4A         269          deca
 EE58 [02] A100       270          cmp     #$00
 EE5A [03] 26FB       271          bne     dem_1
 EE5C [01] 5A         272          decx
 EE5D [02] A300       273          cpx     #$00
 EE5F [03] 26F4       274          bne     dem_2
 EE61 [04] 81         275          rts
                      276  
                      277  demora_1000ms:


parpadeo.asm           Assembled with CASM08Z  01/01/2013  19:56:01  PAGE 7



 EE62 [05] CDEE53     278       jsr     demora_qy
 EE65 [05] CDEE53     279       jsr     demora_qy
 EE68 [05] CDEE53     280       jsr     demora_qy
 EE6B [05] CDEE53     281       jsr     demora_qy
 EE6E [05] CDEE53     282       jsr     demora_qy
 EE71 [05] CDEE53     283       jsr     demora_qy
                      284  demora_500ms:
 EE74 [05] CDEE53     285       jsr     demora_qy
 EE77 [05] CDEE53     286       jsr     demora_qy
                      287  demora_320ms:
 EE7A [05] CDEE53     288       jsr     demora_qy
                      289  demora_240ms:
 EE7D [05] CDEE53     290       jsr     demora_qy
                      291  demora_rapida:
 EE80 [05] CDEE53     292       jsr     demora_qy
 EE83 [05] CDEE53     293       jsr     demora_qy
 EE86 [04] 81         294       rts
                      295  
                      296  cruz_1:
 EE87 [04] 1101       297               bclr    col_1,PORTB
 EE89 [04] 1301       298          bclr col_2,PORTB
 EE8B [04] 1100       299          bclr col_3,PORTA
 EE8D [04] 1300       300          bclr col_4,PORTA
 EE8F [04] 1501       301          bclr col_5,PORTB
 EE91 [04] 1701       302          bclr col_6,PORTB
 EE93 [04] 1700       303          bclr col_7,PORTA
 EE95 [04] 1901       304          bclr col_8,PORTB
 EE97 [04] 1B01       305          bclr col_9,PORTB
 EE99 [04] 1B00       306          bclr fil_1,PORTA
 EE9B [04] 1D01       307          bclr fil_2,PORTB
 EE9D [04] 1F01       308          bclr fil_3,PORTB
 EE9F [05] CDEE44     309          jsr     retardo_qy
                      310  
 EEA2 [04] 1200       311          bset    col_4,PORTA
 EEA4 [04] 1A00       312          bset    fil_1,PORTA
 EEA6 [04] 1C01       313          bset    fil_2,PORTB
 EEA8 [04] 1E01       314          bset    fil_3,PORTB
 EEAA [05] CDEE44     315          jsr     retardo_qy
                      316  
 EEAD [04] 1300       317          bclr    col_4,PORTA
 EEAF [04] 1201       318          bset    col_2,PORTB
 EEB1 [04] 1401       319          bset    col_5,PORTB
 EEB3 [04] 1801       320          bset    col_8,PORTB
 EEB5 [05] CDEE44     321          jsr     retardo_qy
                      322  
 EEB8 [04] 1301       323          bclr    col_2,PORTB
 EEBA [04] 1501       324          bclr    col_5,PORTB
 EEBC [04] 1901       325          bclr    col_8,PORTB
 EEBE [04] 1601       326          bset    col_6,PORTB
 EEC0 [05] CDEE44     327          jsr     retardo_qy
                      328  
 EEC3 [04] 1701       329          bclr    col_6,PORTB
 EEC5 [04] 1B00       330          bclr    fil_1,PORTA
 EEC7 [04] 1D01       331          bclr    fil_2,PORTB
 EEC9 [04] 1F01       332          bclr    fil_3,PORTB
 EECB [04] 81         333          rts
                      334  
                      335  cruz_1_1000ms:


parpadeo.asm           Assembled with CASM08Z  01/01/2013  19:56:01  PAGE 8



 EECC [05] CDEE87     336          jsr   cruz_1
 EECF [05] CDEE87     337          jsr   cruz_1
 EED2 [05] CDEE87     338          jsr   cruz_1
 EED5 [05] CDEE87     339          jsr   cruz_1
 EED8 [05] CDEE87     340          jsr   cruz_1
 EEDB [05] CDEE87     341          jsr   cruz_1
 EEDE [05] CDEE87     342          jsr   cruz_1
 EEE1 [05] CDEE87     343          jsr   cruz_1
 EEE4 [05] CDEE87     344          jsr   cruz_1
 EEE7 [05] CDEE87     345          jsr   cruz_1
 EEEA [05] CDEE87     346          jsr   cruz_1
 EEED [05] CDEE87     347          jsr   cruz_1
 EEF0 [05] CDEE87     348          jsr   cruz_1
 EEF3 [05] CDEE87     349          jsr   cruz_1
 EEF6 [05] CDEE87     350          jsr   cruz_1
 EEF9 [05] CDEE87     351          jsr   cruz_1
 EEFC [05] CDEE87     352          jsr   cruz_1
 EEFF [05] CDEE87     353          jsr   cruz_1
 EF02 [05] CDEE87     354          jsr   cruz_1
 EF05 [05] CDEE87     355          jsr   cruz_1
 EF08 [05] CDEE87     356          jsr   cruz_1
 EF0B [05] CDEE87     357          jsr   cruz_1
 EF0E [05] CDEE87     358          jsr   cruz_1
 EF11 [05] CDEE87     359          jsr   cruz_1
 EF14 [05] CDEE87     360          jsr   cruz_1
 EF17 [05] CDEE87     361          jsr   cruz_1
 EF1A [05] CDEE87     362          jsr   cruz_1
 EF1D [05] CDEE87     363          jsr   cruz_1
 EF20 [05] CDEE87     364          jsr   cruz_1
 EF23 [05] CDEE87     365          jsr   cruz_1
 EF26 [05] CDEE87     366          jsr   cruz_1
 EF29 [05] CDEE87     367          jsr   cruz_1
 EF2C [05] CDEE87     368          jsr   cruz_1
 EF2F [05] CDEE87     369          jsr   cruz_1
 EF32 [05] CDEE87     370          jsr   cruz_1
 EF35 [05] CDEE87     371          jsr   cruz_1
 EF38 [05] CDEE87     372          jsr   cruz_1
 EF3B [05] CDEE87     373          jsr   cruz_1
 EF3E [05] CDEE87     374          jsr   cruz_1
 EF41 [05] CDEE87     375          jsr   cruz_1
 EF44 [05] CDEE87     376          jsr   cruz_1
 EF47 [05] CDEE87     377          jsr   cruz_1
 EF4A [05] CDEE87     378          jsr   cruz_1
 EF4D [05] CDEE87     379          jsr   cruz_1
 EF50 [05] CDEE87     380          jsr   cruz_1
 EF53 [05] CDEE87     381          jsr   cruz_1
 EF56 [05] CDEE87     382          jsr   cruz_1
 EF59 [05] CDEE87     383          jsr   cruz_1
 EF5C [05] CDEE87     384          jsr   cruz_1
 EF5F [05] CDEE87     385          jsr   cruz_1
 EF62 [05] CDEE87     386          jsr   cruz_1
 EF65 [05] CDEE87     387          jsr   cruz_1
 EF68 [05] CDEE87     388          jsr   cruz_1
 EF6B [05] CDEE87     389          jsr   cruz_1
 EF6E [05] CDEE87     390          jsr   cruz_1
 EF71 [05] CDEE87     391          jsr   cruz_1
 EF74 [05] CDEE87     392          jsr   cruz_1
 EF77 [05] CDEE87     393          jsr   cruz_1


parpadeo.asm           Assembled with CASM08Z  01/01/2013  19:56:01  PAGE 9



 EF7A [05] CDEE87     394          jsr   cruz_1
 EF7D [05] CDEE87     395          jsr   cruz_1
 EF80 [05] CDEE87     396          jsr   cruz_1
 EF83 [05] CDEE87     397          jsr   cruz_1
 EF86 [05] CDEE87     398          jsr   cruz_1
 EF89 [05] CDEE87     399          jsr   cruz_1
 EF8C [05] CDEE87     400          jsr   cruz_1
 EF8F [05] CDEE87     401          jsr   cruz_1
 EF92 [05] CDEE87     402          jsr   cruz_1
 EF95 [05] CDEE87     403          jsr   cruz_1
 EF98 [05] CDEE87     404          jsr   cruz_1
 EF9B [05] CDEE87     405          jsr   cruz_1
 EF9E [05] CDEE87     406          jsr   cruz_1
 EFA1 [05] CDEE87     407          jsr   cruz_1
 EFA4 [05] CDEE87     408          jsr   cruz_1
 EFA7 [05] CDEE87     409          jsr   cruz_1
 EFAA [05] CDEE87     410          jsr   cruz_1
 EFAD [05] CDEE87     411          jsr   cruz_1
 EFB0 [05] CDEE87     412          jsr   cruz_1
 EFB3 [05] CDEE87     413          jsr   cruz_1
 EFB6 [05] CDEE87     414          jsr   cruz_1
 EFB9 [05] CDEE87     415          jsr   cruz_1
 EFBC [05] CDEE87     416          jsr   cruz_1
 EFBF [05] CDEE87     417          jsr   cruz_1
 EFC2 [05] CDEE87     418          jsr   cruz_1
 EFC5 [05] CDEE87     419          jsr   cruz_1
 EFC8 [05] CDEE87     420          jsr   cruz_1
 EFCB [05] CDEE87     421          jsr   cruz_1
 EFCE [05] CDEE87     422          jsr   cruz_1
 EFD1 [05] CDEE87     423          jsr   cruz_1
 EFD4 [05] CDEE87     424          jsr   cruz_1
 EFD7 [05] CDEE87     425          jsr   cruz_1
 EFDA [05] CDEE87     426          jsr   cruz_1
 EFDD [05] CDEE87     427          jsr   cruz_1
 EFE0 [05] CDEE87     428          jsr   cruz_1
 EFE3 [05] CDEE87     429          jsr   cruz_1
 EFE6 [05] CDEE87     430          jsr   cruz_1
 EFE9 [05] CDEE87     431          jsr   cruz_1
 EFEC [05] CDEE87     432          jsr   cruz_1
 EFEF [05] CDEE87     433          jsr   cruz_1
 EFF2 [05] CDEE87     434          jsr   cruz_1
 EFF5 [05] CDEE87     435          jsr   cruz_1
 EFF8 [05] CDEE87     436          jsr   cruz_1
 EFFB [05] CDEE87     437          jsr   cruz_1
 EFFE [05] CDEE87     438          jsr   cruz_1
 F001 [05] CDEE87     439          jsr   cruz_1
 F004 [05] CDEE87     440          jsr   cruz_1
 F007 [05] CDEE87     441          jsr   cruz_1
 F00A [05] CDEE87     442          jsr   cruz_1
 F00D [05] CDEE87     443          jsr   cruz_1
 F010 [05] CDEE87     444          jsr   cruz_1
 F013 [05] CDEE87     445          jsr   cruz_1
 F016 [05] CDEE87     446          jsr   cruz_1
 F019 [05] CDEE87     447          jsr   cruz_1
 F01C [05] CDEE87     448          jsr   cruz_1
 F01F [05] CDEE87     449          jsr   cruz_1
 F022 [05] CDEE87     450          jsr   cruz_1
 F025 [05] CDEE87     451          jsr   cruz_1


parpadeo.asm           Assembled with CASM08Z  01/01/2013  19:56:01  PAGE 10



 F028 [05] CDEE87     452          jsr   cruz_1
 F02B [05] CDEE87     453          jsr   cruz_1
 F02E [05] CDEE87     454          jsr   cruz_1
 F031 [05] CDEE87     455          jsr   cruz_1
 F034 [04] 81         456          rts
                      457  
                      458  
                      459  
                      460  adc_isr:
 F035 [01] 9D         461          nop
 F036 [07] 80         462       rti
                      463  
                      464  
                      465  keyb_isr:
 F037 [01] 9D         466          nop
 F038 [07] 80         467          rti
                      468  
                      469  
                      470  tim1_ov_isr:
 F039 [01] 9D         471       nop
 F03A [07] 80         472          rti
                      473  
                      474  tim1_1_isr:
 F03B [01] 9D         475          nop
 F03C [07] 80         476       rti
                      477  
                      478  tim1_0_isr:
 F03D [01] 9D         479          nop
 F03E [07] 80         480       rti
                      481  
                      482  
                      483  irq_isr:
 F03F [01] 9D         484       nop
 F040 [07] 80         485       rti
                      486  
                      487  swi_isr:
 F041 [01] 9D         488          nop
 F042 [07] 80         489          rti
                      490  
                      491  
                      492  dummy_isr:
 F043 [01] 9D         493          nop
 F044 [07] 80         494          rti
                      495  
                      496  
 FFDE                 497       org     VECTORES
 FFDE      F035       498       fdb     adc_isr         ; ADC Vector
 FFE0      F037       499       fdb     keyb_isr        ; KEYBOARD Vector
                      500  
 FFF2                 501       org     $FFF2
 FFF2      F039       502       fdb     tim1_ov_isr     ; TIM1 Overflow Vector
 FFF4      F03B       503       fdb     tim1_1_isr      ; TIM1 Channel 1 Vector
 FFF6      F03D       504       fdb     tim1_0_isr      ; TIM1 Channel 0 Vector
                      505  
 FFFA                 506       org     $FFFA
 FFFA      F03F       507       fdb     irq_isr         ; IRQ1  Vector
 FFFC      F041       508       fdb     swi_isr         ; SWI Vector
 FFFE      EE00       509       fdb     Start           ; Reset


parpadeo.asm           Assembled with CASM08Z  01/01/2013  19:56:01  PAGE 11



                      510  
                      511  end
                      512   

 Symbol Table 

ACK              0002
ACKK             0002
ADCO             0005
ADC_ISR          F035
ADICLK           003F
ADRH             003D
ADRL             003E
ADSCR            003C
AIEN             0006
BCFE             0007
BDCOP            0000
BFCR             FE03
BRKAR            FE02
BRKH             FE09
BRKL             FE0A
BRKSCR           FE0B
BSR              FE00
CH0F             0007
CH0IE            0006
CH0MAX           0000
CH1F             0007
CH1IE            0006
CH1MAX           0000
COCO             0007
COL_1            0000
COL_2            0001
COL_3            0000
COL_4            0001
COL_5            0002
COL_6            0003
COL_7            0003
COL_8            0004
COL_9            0005
CONFIG1          001F
CONFIG2          001E
COP              0005
COPCTL           FFFF
CRUZ_1           EE87
CRUZ_1_1000MS    EECC
DDRA             0004
DDRB             0005
DELNUS           280C
DEMORA_1000MS    EE62
DEMORA_240MS     EE7D
DEMORA_320MS     EE7A
DEMORA_500MS     EE74
DEMORA_QY        EE53
DEMORA_RAPIDA    EE80
DEM_1            EE57
DEM_2            EE55
DUMMY_ISR        F043
ECFS0            0002


parpadeo.asm           Assembled with CASM08Z  01/01/2013  19:56:01  PAGE 12



ECFS1            0003
ECGON            0001
ECGST            0000
ELS0A            0002
ELS0B            0003
ELS1A            0002
ELS1B            0003
END              0000
ERARNGE          2806
FIL_1            0005
FIL_2            0006
FIL_3            0007
FLASH_INI        EE00
FLBPR            FFBE
FLCR             FE08
GETBYTE          2800
ICFS0            0004
ICFS1            0005
ILAD             0003
ILOP             0004
IMASK            0001
IMASKK           0001
INICIAR          EE3C
INT1             FE04
INT2             FE05
INT3             FE06
INTSCR           001D
IOSCTRM          FFC0
IRQF             0003
IRQ_ISR          F03F
KBIER            001B
KBSCR            001A
KEYB_ISR         F037
KEYF             0003
LVI              0001
LVISR            FE0C
MODE             0000
MODEK            0000
MODRST           0002
MS0A             0004
MS0B             0005
MS1A             0004
MS1B             0005
OSCOPT0          0006
OSCOPT1          0007
OSCSC            0036
OSCSTAT          0036
OSCTRIM          0038
PIN              0006
POR              0007
PORTA            0000
PORTB            0001
PRGRNGE          2809
PTA              0000
PTAPUE           000B
PTB              0001
PTBPUE           000C
RAM_INI          0080


parpadeo.asm           Assembled with CASM08Z  01/01/2013  19:56:01  PAGE 13



RDVRRNG          2803
RETARDO_1        EE48
RETARDO_2        EE46
RETARDO_QY       EE44
SBSW             0001
SRSR             FE01
START            EE00
SWI_ISR          F041
TCH0H            0026
TCH0L            0027
TCH1H            0029
TCH1L            002A
TCNTH            0021
TCNTL            0022
TIM1_0_ISR       F03D
TIM1_1_ISR       F03B
TIM1_OV_ISR      F039
TMODH            0023
TMODL            0024
TOF              0007
TOIE             0006
TOV0             0001
TOV1             0001
TRST             0004
TSC              0020
TSC0             0025
TSC1             0028
TSTOP            0005
VECTORES         FFDE
