******************************************************************************
                  TI ARM Linker PC v5.0.4                      
******************************************************************************
>> Linked Thu Mar 12 02:03:56 2015

OUTPUT FILE NAME:   <014_lab6_Hibernacion.out>
ENTRY POINT SYMBOL: "_c_int00"  address: 0000080d


MEMORY CONFIGURATION

         name            origin    length      used     unused   attr    fill
----------------------  --------  ---------  --------  --------  ----  --------
  FLASH                 00000000   00040000  00000ad4  0003f52c  R  X
  SRAM                  20000000   00008000  00000214  00007dec  RW X


SEGMENT ALLOCATION MAP

run origin  load origin   length   init length attrs members
----------  ----------- ---------- ----------- ----- -------
00000000    00000000    00000ad8   00000ad8    r-x
  00000000    00000000    0000026c   0000026c    r-- .intvecs
  0000026c    0000026c    000007dc   000007dc    r-x .text
  00000a48    00000a48    0000006c   0000006c    r-- .const
  00000ab8    00000ab8    00000020   00000020    r-- .cinit
20000000    20000000    00000200   00000000    rw-
  20000000    20000000    00000200   00000000    rw- .stack
20000200    20000200    00000014   00000014    rw-
  20000200    20000200    00000014   00000014    rw- .data


SECTION ALLOCATION MAP

 output                                  attributes/
section   page    origin      length       input sections
--------  ----  ----------  ----------   ----------------
.intvecs   0    00000000    0000026c     
                  00000000    0000026c     startup_ccs.obj (.intvecs)

.init_array 
*          0    00000000    00000000     UNINITIALIZED

.text      0    0000026c    000007dc     
                  0000026c    00000130     driverlib.lib : gpio.obj (.text:GPIOPadConfigSet)
                  0000039c    00000118                   : sysctl.obj (.text:SysCtlClockGet)
                  000004b4    000000f0                   : sysctl.obj (.text:SysCtlClockSet)
                  000005a4    0000009c     rtsv7M4_T_le_v4SPD16_eabi.lib : memcpy_t2.obj (.text)
                  00000640    00000094                                   : auto_init.obj (.text)
                  000006d4    00000074     main.obj (.text)
                  00000748    00000064     driverlib.lib : hibernate.obj (.text:HibernateWakeSet)
                  000007ac    0000005e     rtsv7M4_T_le_v4SPD16_eabi.lib : copy_decompress_rle.obj (.text)
                  0000080a    00000002     --HOLE-- [fill = 0]
                  0000080c    00000048                                   : boot.obj (.text)
                  00000854    00000044                                   : cpy_tbl.obj (.text)
                  00000898    00000040                                   : exit.obj (.text)
                  000008d8    00000034     driverlib.lib : sysctl.obj (.text:SysCtlPeripheralEnable)
                  0000090c    0000002c                   : hibernate.obj (.text:HibernateRTCSet)
                  00000938    0000002a                   : gpio.obj (.text:GPIODirModeSet)
                  00000962    00000018                   : gpio.obj (.text:GPIOPinTypeGPIOOutput)
                  0000097a    00000002     --HOLE-- [fill = 0]
                  0000097c    00000018                   : hibernate.obj (.text:HibernateGPIORetentionEnable)
                  00000994    00000018     rtsv7M4_T_le_v4SPD16_eabi.lib : args_main.obj (.text)
                  000009ac    00000014     driverlib.lib : hibernate.obj (.text:HibernateEnableExpClk)
                  000009c0    00000014                   : hibernate.obj (.text:HibernateRTCEnable)
                  000009d4    00000014                   : hibernate.obj (.text:HibernateRequest)
                  000009e8    00000014     rtsv7M4_T_le_v4SPD16_eabi.lib : _lock.obj (.text)
                  000009fc    00000010     driverlib.lib : hibernate.obj (.text:HibernateRTCMatchSet)
                  00000a0c    00000010                   : hibernate.obj (.text:_HibernateWriteComplete)
                  00000a1c    0000000e     rtsv7M4_T_le_v4SPD16_eabi.lib : copy_decompress_none.obj (.text:decompress:none)
                  00000a2a    0000000c     startup_ccs.obj (.text)
                  00000a36    00000006     driverlib.lib : gpio.obj (.text:GPIOPinWrite)
                  00000a3c    00000006                   : sysctl.obj (.text:SysCtlDelay)
                  00000a42    00000006     rtsv7M4_T_le_v4SPD16_eabi.lib : copy_decompress_rle.obj (.text:decompress:rle24)

.const     0    00000a48    0000006c     
                  00000a48    0000006c     driverlib.lib : sysctl.obj (.const:g_pui32Xtals)

.cinit     0    00000ab8    00000020     
                  00000ab8    0000000f     (.cinit..data.load) [load image, compression = rle]
                  00000ac7    00000001     --HOLE-- [fill = 0]
                  00000ac8    00000008     (__TI_handler_table)
                  00000ad0    00000008     (__TI_cinit_table)

.stack     0    20000000    00000200     UNINITIALIZED
                  20000000    00000200     --HOLE--

.data      0    20000200    00000014     
                  20000200    00000008     rtsv7M4_T_le_v4SPD16_eabi.lib : _lock.obj (.data)
                  20000208    00000008                                   : exit.obj (.data)
                  20000210    00000004                                   : stkdepth_vars.obj (.data)


LINKER GENERATED COPY TABLES

__TI_cinit_table @ 00000ad0 records: 1, size/record: 8, table size: 8
	.data: load addr=00000ab8, load size=0000000f bytes, run addr=20000200, run size=00000014 bytes, compression=rle


LINKER GENERATED HANDLER TABLE

__TI_handler_table @ 00000ac8 records: 2, size/record: 4, table size: 8
	index: 0, handler: __TI_decompress_rle24
	index: 1, handler: __TI_decompress_none


GLOBAL SYMBOLS: SORTED ALPHABETICALLY BY Name 

address    name
--------   ----
00000899   C$$EXIT
00000939   GPIODirModeSet
0000026d   GPIOPadConfigSet
00000963   GPIOPinTypeGPIOOutput
00000a37   GPIOPinWrite
000009ad   HibernateEnableExpClk
0000097d   HibernateGPIORetentionEnable
000009c1   HibernateRTCEnable
000009fd   HibernateRTCMatchSet
0000090d   HibernateRTCSet
000009d5   HibernateRequest
00000749   HibernateWakeSet
00000a2b   ResetISR
UNDEFED    SHT$$INIT_ARRAY$$Base
UNDEFED    SHT$$INIT_ARRAY$$Limit
0000039d   SysCtlClockGet
000004b5   SysCtlClockSet
00000a3d   SysCtlDelay
000008d9   SysCtlPeripheralEnable
20000200   __STACK_END
00000200   __STACK_SIZE
20000200   __STACK_TOP
00000ad0   __TI_CINIT_Base
00000ad8   __TI_CINIT_Limit
00000ac8   __TI_Handler_Table_Base
00000ad0   __TI_Handler_Table_Limit
00000001   __TI_args_main
00000641   __TI_auto_init
00000a1d   __TI_decompress_none
00000a43   __TI_decompress_rle24
00000000   __TI_static_base__
000005a5   __aeabi_memcpy
000005a5   __aeabi_memcpy4
000005a5   __aeabi_memcpy8
ffffffff   __binit__
ffffffff   __c_args__
20000000   __stack
00000995   _args_main
0000080d   _c_int00
20000208   _cleanup_ptr
2000020c   _dtors_ptr
20000200   _lock
000009f7   _nop
000009ef   _register_lock
000009e9   _register_unlock
20000204   _unlock
0000089d   abort
ffffffff   binit
00000855   copy_in
000008a5   exit
00000000   g_pfnVectors
000006d5   main
20000210   main_func_sp
000005a5   memcpy


GLOBAL SYMBOLS: SORTED BY Symbol Address 

address    name
--------   ----
00000000   __TI_static_base__
00000000   g_pfnVectors
00000001   __TI_args_main
00000200   __STACK_SIZE
0000026d   GPIOPadConfigSet
0000039d   SysCtlClockGet
000004b5   SysCtlClockSet
000005a5   __aeabi_memcpy
000005a5   __aeabi_memcpy4
000005a5   __aeabi_memcpy8
000005a5   memcpy
00000641   __TI_auto_init
000006d5   main
00000749   HibernateWakeSet
0000080d   _c_int00
00000855   copy_in
00000899   C$$EXIT
0000089d   abort
000008a5   exit
000008d9   SysCtlPeripheralEnable
0000090d   HibernateRTCSet
00000939   GPIODirModeSet
00000963   GPIOPinTypeGPIOOutput
0000097d   HibernateGPIORetentionEnable
00000995   _args_main
000009ad   HibernateEnableExpClk
000009c1   HibernateRTCEnable
000009d5   HibernateRequest
000009e9   _register_unlock
000009ef   _register_lock
000009f7   _nop
000009fd   HibernateRTCMatchSet
00000a1d   __TI_decompress_none
00000a2b   ResetISR
00000a37   GPIOPinWrite
00000a3d   SysCtlDelay
00000a43   __TI_decompress_rle24
00000ac8   __TI_Handler_Table_Base
00000ad0   __TI_CINIT_Base
00000ad0   __TI_Handler_Table_Limit
00000ad8   __TI_CINIT_Limit
20000000   __stack
20000200   __STACK_END
20000200   __STACK_TOP
20000200   _lock
20000204   _unlock
20000208   _cleanup_ptr
2000020c   _dtors_ptr
20000210   main_func_sp
ffffffff   __binit__
ffffffff   __c_args__
ffffffff   binit
UNDEFED    SHT$$INIT_ARRAY$$Base
UNDEFED    SHT$$INIT_ARRAY$$Limit

[54 symbols]
