******************************************************************************
                  TI ARM Linker PC v5.0.4                      
******************************************************************************
>> Linked Thu Mar 12 17:30:04 2015

OUTPUT FILE NAME:   <015_lab9_Punto flotante.out>
ENTRY POINT SYMBOL: "_c_int00"  address: 000009a5


MEMORY CONFIGURATION

         name            origin    length      used     unused   attr    fill
----------------------  --------  ---------  --------  --------  ----  --------
  FLASH                 00000000   00040000  00000cc0  0003f340  R  X
  SRAM                  20000000   00008000  000004cc  00007b34  RW X


SEGMENT ALLOCATION MAP

run origin  load origin   length   init length attrs members
----------  ----------- ---------- ----------- ----- -------
00000000    00000000    00000cc0   00000cc0    r-x
  00000000    00000000    0000026c   0000026c    r-- .intvecs
  0000026c    0000026c    000009cc   000009cc    r-x .text
  00000c38    00000c38    00000028   00000028    r-- .const
  00000c60    00000c60    00000060   00000060    r-- .cinit
20000000    20000000    00000390   00000000    rw-
  20000000    20000000    00000200   00000000    rw- .stack
  20000200    20000200    00000190   00000000    rw- .bss
20000390    20000390    0000013c   0000013c    rw-
  20000390    20000390    0000013c   0000013c    rw- .data


SECTION ALLOCATION MAP

 output                                  attributes/
section   page    origin      length       input sections
--------  ----  ----------  ----------   ----------------
.intvecs   0    00000000    0000026c     
                  00000000    0000026c     startup_ccs.obj (.intvecs)

.init_array 
*          0    00000000    00000000     UNINITIALIZED

.text      0    0000026c    000009cc     
                  0000026c    00000174     rtsv7M4_T_le_v4SPD16_eabi.lib : xfsin.obj (.text)
                  000003e0    00000124                                   : fmodf.obj (.text)
                  00000504    000000f0     driverlib.lib : sysctl.obj (.text:SysCtlClockSet)
                  000005f4    000000c0     rtsv7M4_T_le_v4SPD16_eabi.lib : xfdscale.obj (.text)
                  000006b4    0000009c                                   : memcpy_t2.obj (.text)
                  00000750    00000094                                   : auto_init.obj (.text)
                  000007e4    0000007e                                   : fd_cmp_t2.obj (.text)
                  00000862    0000007c                                   : xfdnorm.obj (.text)
                  000008de    00000002     --HOLE-- [fill = 0]
                  000008e0    00000064     main.obj (.text)
                  00000944    0000005e     rtsv7M4_T_le_v4SPD16_eabi.lib : copy_decompress_rle.obj (.text)
                  000009a2    00000002     --HOLE-- [fill = 0]
                  000009a4    00000048                                   : boot.obj (.text)
                  000009ec    00000044                                   : cpy_tbl.obj (.text)
                  00000a30    00000040                                   : exit.obj (.text)
                  00000a70    00000040                                   : signal.obj (.text)
                  00000ab0    00000038                                   : fs_tod_t2.obj (.text)
                  00000ae8    00000034                                   : xfdtest.obj (.text)
                  00000b1c    00000030                                   : feraiseexcept.obj (.text)
                  00000b4c    00000030                                   : xferaise.obj (.text)
                  00000b7c    0000002e                                   : raise.obj (.text)
                  00000baa    00000002     --HOLE-- [fill = 0]
                  00000bac    00000018                                   : args_main.obj (.text)
                  00000bc4    00000014                                   : _lock.obj (.text)
                  00000bd8    00000012                                   : copy_zero_init.obj (.text:decompress:ZI)
                  00000bea    00000002     --HOLE-- [fill = 0]
                  00000bec    00000010     driverlib.lib : fpu.obj (.text:FPUEnable)
                  00000bfc    00000010                   : fpu.obj (.text:FPULazyStackingEnable)
                  00000c0c    0000000e     rtsv7M4_T_le_v4SPD16_eabi.lib : copy_decompress_none.obj (.text:decompress:none)
                  00000c1a    0000000c     startup_ccs.obj (.text)
                  00000c26    00000006     driverlib.lib : sysctl.obj (.text:SysCtlDelay)
                  00000c2c    00000006     rtsv7M4_T_le_v4SPD16_eabi.lib : copy_decompress_rle.obj (.text:decompress:rle24)
                  00000c32    00000006                                   : sinf.obj (.text)

.const     0    00000c38    00000028     
                  00000c38    00000028     rtsv7M4_T_le_v4SPD16_eabi.lib : xfsin.obj (.const)

.cinit     0    00000c60    00000060     
                  00000c60    00000038     (.cinit..data.load) [load image, compression = rle]
                  00000c98    0000000c     (__TI_handler_table)
                  00000ca4    00000004     --HOLE-- [fill = 0]
                  00000ca8    00000008     (.cinit..bss.load) [load image, compression = zero_init]
                  00000cb0    00000010     (__TI_cinit_table)

.stack     0    20000000    00000200     UNINITIALIZED
                  20000000    00000200     --HOLE--

.bss       0    20000200    00000190     UNINITIALIZED
                  20000200    00000190     main.obj (.bss:gSeriesData)

.data      0    20000390    0000013c     
                  20000390    000000b0     rtsv7M4_T_le_v4SPD16_eabi.lib : signal.obj (.data:sigtable)
                  20000440    00000068                                   : xfvalues.obj (.data)
                  200004a8    00000008                                   : _lock.obj (.data)
                  200004b0    00000008                                   : exit.obj (.data)
                  200004b8    00000008                                   : feraiseexcept.obj (.data)
                  200004c0    00000004     main.obj (.data)
                  200004c4    00000004     rtsv7M4_T_le_v4SPD16_eabi.lib : errno.obj (.data)
                  200004c8    00000004                                   : stkdepth_vars.obj (.data)


LINKER GENERATED COPY TABLES

__TI_cinit_table @ 00000cb0 records: 2, size/record: 8, table size: 16
	.data: load addr=00000c60, load size=00000038 bytes, run addr=20000390, run size=0000013c bytes, compression=rle
	.bss: load addr=00000ca8, load size=00000008 bytes, run addr=20000200, run size=00000190 bytes, compression=zero_init


LINKER GENERATED HANDLER TABLE

__TI_handler_table @ 00000c98 records: 3, size/record: 4, table size: 12
	index: 0, handler: __TI_decompress_rle24
	index: 1, handler: __TI_decompress_none
	index: 2, handler: __TI_zero_init


GLOBAL SYMBOLS: SORTED ALPHABETICALLY BY Name 

address    name
--------   ----
00000a31   C$$EXIT
00000bed   FPUEnable
00000bfd   FPULazyStackingEnable
00000c1b   ResetISR
UNDEFED    SHT$$INIT_ARRAY$$Base
UNDEFED    SHT$$INIT_ARRAY$$Limit
00000505   SysCtlClockSet
00000c27   SysCtlDelay
200004c4   _Errno
20000440   _FDenorm
00000863   _FDnorm
000005f5   _FDscale
00000ae9   _FDtest
20000450   _FEps
20000460   _FInf
20000470   _FNan
20000490   _FRteps
0000026d   _FSin
20000480   _FSnan
200004a0   _FXbig
200004a4   _FZero
200004b8   _Fenv
00000b4d   _Feraise
200004bc   _Tls_setup__Fenv
20000200   __STACK_END
00000200   __STACK_SIZE
20000200   __STACK_TOP
00000cb0   __TI_CINIT_Base
00000cc0   __TI_CINIT_Limit
00000c98   __TI_Handler_Table_Base
00000ca4   __TI_Handler_Table_Limit
00000001   __TI_args_main
00000751   __TI_auto_init
00000c0d   __TI_decompress_none
00000c2d   __TI_decompress_rle24
00000000   __TI_static_base__
00000bd9   __TI_zero_init
000007e5   __aeabi_cdcmpeq
000007e5   __aeabi_cdcmple
00000ab1   __aeabi_f2d
000006b5   __aeabi_memcpy
000006b5   __aeabi_memcpy4
000006b5   __aeabi_memcpy8
ffffffff   __binit__
ffffffff   __c_args__
20000000   __stack
00000bad   _args_main
000009a5   _c_int00
200004b0   _cleanup_ptr
200004b4   _dtors_ptr
200004a8   _lock
00000bd3   _nop
00000bcb   _register_lock
00000bc5   _register_unlock
200004ac   _unlock
00000a35   abort
ffffffff   binit
000009ed   copy_in
00000a3d   exit
00000b1d   feraiseexcept
000003e1   fmodf
20000200   gSeriesData
00000000   g_pfnVectors
200004c0   i32DataCount
000008e1   main
200004c8   main_func_sp
000006b5   memcpy
00000b7d   raise
00000a71   signal
00000c33   sinf


GLOBAL SYMBOLS: SORTED BY Symbol Address 

address    name
--------   ----
00000000   __TI_static_base__
00000000   g_pfnVectors
00000001   __TI_args_main
00000200   __STACK_SIZE
0000026d   _FSin
000003e1   fmodf
00000505   SysCtlClockSet
000005f5   _FDscale
000006b5   __aeabi_memcpy
000006b5   __aeabi_memcpy4
000006b5   __aeabi_memcpy8
000006b5   memcpy
00000751   __TI_auto_init
000007e5   __aeabi_cdcmpeq
000007e5   __aeabi_cdcmple
00000863   _FDnorm
000008e1   main
000009a5   _c_int00
000009ed   copy_in
00000a31   C$$EXIT
00000a35   abort
00000a3d   exit
00000a71   signal
00000ab1   __aeabi_f2d
00000ae9   _FDtest
00000b1d   feraiseexcept
00000b4d   _Feraise
00000b7d   raise
00000bad   _args_main
00000bc5   _register_unlock
00000bcb   _register_lock
00000bd3   _nop
00000bd9   __TI_zero_init
00000bed   FPUEnable
00000bfd   FPULazyStackingEnable
00000c0d   __TI_decompress_none
00000c1b   ResetISR
00000c27   SysCtlDelay
00000c2d   __TI_decompress_rle24
00000c33   sinf
00000c98   __TI_Handler_Table_Base
00000ca4   __TI_Handler_Table_Limit
00000cb0   __TI_CINIT_Base
00000cc0   __TI_CINIT_Limit
20000000   __stack
20000200   __STACK_END
20000200   __STACK_TOP
20000200   gSeriesData
20000440   _FDenorm
20000450   _FEps
20000460   _FInf
20000470   _FNan
20000480   _FSnan
20000490   _FRteps
200004a0   _FXbig
200004a4   _FZero
200004a8   _lock
200004ac   _unlock
200004b0   _cleanup_ptr
200004b4   _dtors_ptr
200004b8   _Fenv
200004bc   _Tls_setup__Fenv
200004c0   i32DataCount
200004c4   _Errno
200004c8   main_func_sp
ffffffff   __binit__
ffffffff   __c_args__
ffffffff   binit
UNDEFED    SHT$$INIT_ARRAY$$Base
UNDEFED    SHT$$INIT_ARRAY$$Limit

[70 symbols]
