******************************************************************************
                  TI ARM Linker PC v5.0.4                      
******************************************************************************
>> Linked Wed Apr 01 18:59:53 2015

OUTPUT FILE NAME:   <026_LCD1602_SysTick.out>
ENTRY POINT SYMBOL: "_c_int00"  address: 00000c29


MEMORY CONFIGURATION

         name            origin    length      used     unused   attr    fill
----------------------  --------  ---------  --------  --------  ----  --------
  FLASH                 00000000   00040000  00000ece  0003f132  R  X
  SRAM                  20000000   00008000  0000021c  00007de4  RW X


SEGMENT ALLOCATION MAP

run origin  load origin   length   init length attrs members
----------  ----------- ---------- ----------- ----- -------
00000000    00000000    00000ed0   00000ed0    r-x
  00000000    00000000    0000026c   0000026c    r-- .intvecs
  0000026c    0000026c    00000bba   00000bba    r-x .text
  00000e28    00000e28    00000070   00000070    r-- .const
  00000e98    00000e98    00000038   00000038    r-- .cinit
20000000    20000000    00000200   00000000    rw-
  20000000    20000000    00000200   00000000    rw- .stack
20000200    20000200    0000001c   00000014    rw-
  20000200    20000200    00000014   00000014    rw- .data
  20000214    20000214    00000008   00000000    rw- .bss


SECTION ALLOCATION MAP

 output                                  attributes/
section   page    origin      length       input sections
--------  ----  ----------  ----------   ----------------
.intvecs   0    00000000    0000026c     
                  00000000    0000026c     startup_ccs.obj (.intvecs)

.init_array 
*          0    00000000    00000000     UNINITIALIZED

.text      0    0000026c    00000bba     
                  0000026c    00000224     main.obj (.text)
                  00000490    00000210     lcd_1602_lm4f.obj (.text)
                  000006a0    00000130     driverlib.lib : gpio.obj (.text:GPIOPadConfigSet)
                  000007d0    000000f8     pll.obj (.text)
                  000008c8    0000009c     rtsv7M4_T_le_v4SPD16_eabi.lib : memcpy_t2.obj (.text)
                  00000964    0000009c     systick.obj (.text)
                  00000a00    00000094     rtsv7M4_T_le_v4SPD16_eabi.lib : auto_init.obj (.text)
                  00000a94    00000080     KeyPad.obj (.text)
                  00000b14    00000060     driverlib.lib : interrupt.obj (.text:IntEnable)
                  00000b74    0000005e     rtsv7M4_T_le_v4SPD16_eabi.lib : copy_decompress_rle.obj (.text)
                  00000bd2    00000056     driverlib.lib : gpio.obj (.text:GPIOIntTypeSet)
                  00000c28    00000048     rtsv7M4_T_le_v4SPD16_eabi.lib : boot.obj (.text)
                  00000c70    00000044                                   : cpy_tbl.obj (.text)
                  00000cb4    00000040                                   : exit.obj (.text)
                  00000cf4    00000034     driverlib.lib : sysctl.obj (.text:SysCtlPeripheralEnable)
                  00000d28    0000002a                   : gpio.obj (.text:GPIODirModeSet)
                  00000d52    00000018                   : gpio.obj (.text:GPIOPinTypeGPIOOutput)
                  00000d6a    00000002     --HOLE-- [fill = 0]
                  00000d6c    00000018     rtsv7M4_T_le_v4SPD16_eabi.lib : args_main.obj (.text)
                  00000d84    00000014                                   : _lock.obj (.text)
                  00000d98    00000012     driverlib.lib : gpio.obj (.text:GPIOPinTypeGPIOInput)
                  00000daa    00000012     rtsv7M4_T_le_v4SPD16_eabi.lib : copy_zero_init.obj (.text:decompress:ZI)
                  00000dbc    0000000e                                   : copy_decompress_none.obj (.text:decompress:none)
                  00000dca    0000000c     driverlib.lib : cpu.obj (.text:CPUcpsid)
                  00000dd6    0000000c                   : cpu.obj (.text:CPUcpsie)
                  00000de2    0000000c                   : gpio.obj (.text:GPIOIntEnable)
                  00000dee    0000000c     startup_ccs.obj (.text)
                  00000dfa    0000000a     driverlib.lib : interrupt.obj (.text:IntMasterDisable)
                  00000e04    0000000a                   : interrupt.obj (.text:IntMasterEnable)
                  00000e0e    00000006                   : gpio.obj (.text:GPIOIntClear)
                  00000e14    00000006                   : gpio.obj (.text:GPIOPinRead)
                  00000e1a    00000006                   : gpio.obj (.text:GPIOPinWrite)
                  00000e20    00000006     rtsv7M4_T_le_v4SPD16_eabi.lib : copy_decompress_rle.obj (.text:decompress:rle24)

.const     0    00000e28    00000070     
                  00000e28    00000070     driverlib.lib : interrupt.obj (.const)

.cinit     0    00000e98    00000038     
                  00000e98    0000000f     (.cinit..data.load) [load image, compression = rle]
                  00000ea7    00000001     --HOLE-- [fill = 0]
                  00000ea8    0000000c     (__TI_handler_table)
                  00000eb4    00000004     --HOLE-- [fill = 0]
                  00000eb8    00000008     (.cinit..bss.load) [load image, compression = zero_init]
                  00000ec0    00000010     (__TI_cinit_table)

.stack     0    20000000    00000200     UNINITIALIZED
                  20000000    00000200     --HOLE--

.data      0    20000200    00000014     
                  20000200    00000008     rtsv7M4_T_le_v4SPD16_eabi.lib : _lock.obj (.data)
                  20000208    00000008                                   : exit.obj (.data)
                  20000210    00000004                                   : stkdepth_vars.obj (.data)

.bss       0    20000214    00000008     UNINITIALIZED
                  20000214    00000008     main.obj (.bss)


LINKER GENERATED COPY TABLES

__TI_cinit_table @ 00000ec0 records: 2, size/record: 8, table size: 16
	.data: load addr=00000e98, load size=0000000f bytes, run addr=20000200, run size=00000014 bytes, compression=rle
	.bss: load addr=00000eb8, load size=00000008 bytes, run addr=20000214, run size=00000008 bytes, compression=zero_init


LINKER GENERATED HANDLER TABLE

__TI_handler_table @ 00000ea8 records: 3, size/record: 4, table size: 12
	index: 0, handler: __TI_decompress_rle24
	index: 1, handler: __TI_decompress_none
	index: 2, handler: __TI_zero_init


GLOBAL SYMBOLS: SORTED ALPHABETICALLY BY Name 

address    name
--------   ----
00000cb5   C$$EXIT
00000dcb   CPUcpsid
00000dd7   CPUcpsie
00000d29   GPIODirModeSet
00000e0f   GPIOIntClear
00000de3   GPIOIntEnable
00000bd3   GPIOIntTypeSet
000006a1   GPIOPadConfigSet
00000e15   GPIOPinRead
00000d99   GPIOPinTypeGPIOInput
00000d53   GPIOPinTypeGPIOOutput
00000e1b   GPIOPinWrite
00000b15   IntEnable
00000dfb   IntMasterDisable
00000e05   IntMasterEnable
00000def   ResetISR
UNDEFED    SHT$$INIT_ARRAY$$Base
UNDEFED    SHT$$INIT_ARRAY$$Limit
00000cf5   SysCtlPeripheralEnable
20000200   __STACK_END
00000200   __STACK_SIZE
20000200   __STACK_TOP
00000ec0   __TI_CINIT_Base
00000ed0   __TI_CINIT_Limit
00000ea8   __TI_Handler_Table_Base
00000eb4   __TI_Handler_Table_Limit
00000001   __TI_args_main
00000a01   __TI_auto_init
00000dbd   __TI_decompress_none
00000e21   __TI_decompress_rle24
00000000   __TI_static_base__
00000dab   __TI_zero_init
000008c9   __aeabi_memcpy
000008c9   __aeabi_memcpy4
000008c9   __aeabi_memcpy8
ffffffff   __binit__
ffffffff   __c_args__
20000000   __stack
00000d6d   _args_main
00000c29   _c_int00
20000208   _cleanup_ptr
2000020c   _dtors_ptr
20000200   _lock
00000d93   _nop
00000d8b   _register_lock
00000d85   _register_unlock
20000204   _unlock
00000cb9   abort
ffffffff   binit
00000c71   copy_in
20000214   cpu_freq
000009cd   delay_ms
000009a7   delay_us
00000cc1   exit
00000000   g_pfnVectors
0000087f   get_cpu_freq
00000571   lcd_goto
000005bb   lcd_init
000004eb   lcd_komut
00000491   lcd_putch
00000555   lcd_puts
00000545   lcd_temizle
0000041b   main
20000210   main_func_sp
000008c9   memcpy
000007d1   pll_init
0000026d   scan_key
0000084f   set_cpu_freq
00000a95   setup
00000981   systick_delay
00000965   systick_init


GLOBAL SYMBOLS: SORTED BY Symbol Address 

address    name
--------   ----
00000000   __TI_static_base__
00000000   g_pfnVectors
00000001   __TI_args_main
00000200   __STACK_SIZE
0000026d   scan_key
0000041b   main
00000491   lcd_putch
000004eb   lcd_komut
00000545   lcd_temizle
00000555   lcd_puts
00000571   lcd_goto
000005bb   lcd_init
000006a1   GPIOPadConfigSet
000007d1   pll_init
0000084f   set_cpu_freq
0000087f   get_cpu_freq
000008c9   __aeabi_memcpy
000008c9   __aeabi_memcpy4
000008c9   __aeabi_memcpy8
000008c9   memcpy
00000965   systick_init
00000981   systick_delay
000009a7   delay_us
000009cd   delay_ms
00000a01   __TI_auto_init
00000a95   setup
00000b15   IntEnable
00000bd3   GPIOIntTypeSet
00000c29   _c_int00
00000c71   copy_in
00000cb5   C$$EXIT
00000cb9   abort
00000cc1   exit
00000cf5   SysCtlPeripheralEnable
00000d29   GPIODirModeSet
00000d53   GPIOPinTypeGPIOOutput
00000d6d   _args_main
00000d85   _register_unlock
00000d8b   _register_lock
00000d93   _nop
00000d99   GPIOPinTypeGPIOInput
00000dab   __TI_zero_init
00000dbd   __TI_decompress_none
00000dcb   CPUcpsid
00000dd7   CPUcpsie
00000de3   GPIOIntEnable
00000def   ResetISR
00000dfb   IntMasterDisable
00000e05   IntMasterEnable
00000e0f   GPIOIntClear
00000e15   GPIOPinRead
00000e1b   GPIOPinWrite
00000e21   __TI_decompress_rle24
00000ea8   __TI_Handler_Table_Base
00000eb4   __TI_Handler_Table_Limit
00000ec0   __TI_CINIT_Base
00000ed0   __TI_CINIT_Limit
20000000   __stack
20000200   __STACK_END
20000200   __STACK_TOP
20000200   _lock
20000204   _unlock
20000208   _cleanup_ptr
2000020c   _dtors_ptr
20000210   main_func_sp
20000214   cpu_freq
ffffffff   __binit__
ffffffff   __c_args__
ffffffff   binit
UNDEFED    SHT$$INIT_ARRAY$$Base
UNDEFED    SHT$$INIT_ARRAY$$Limit

[71 symbols]
