******************************************************************************
                  TI ARM Linker PC v5.0.4                      
******************************************************************************
>> Linked Tue Mar 03 01:44:03 2015

OUTPUT FILE NAME:   <gpio_jtag.out>
ENTRY POINT SYMBOL: "_c_int00"  address: 00000b45


MEMORY CONFIGURATION

         name            origin    length      used     unused   attr    fill
----------------------  --------  ---------  --------  --------  ----  --------
  FLASH                 00000000   00040000  00000df0  0003f210  R  X
  SRAM                  20000000   00008000  00000123  00007edd  RW X


SEGMENT ALLOCATION MAP

run origin  load origin   length   init length attrs members
----------  ----------- ---------- ----------- ----- -------
00000000    00000000    00000df8   00000df8    r-x
  00000000    00000000    0000026c   0000026c    r-- .intvecs
  0000026c    0000026c    00000ab2   00000ab2    r-x .text
  00000d20    00000d20    0000009a   0000009a    r-- .const
  00000dc0    00000dc0    00000038   00000038    r-- .cinit
20000000    20000000    00000100   00000000    rw-
  20000000    20000000    00000100   00000000    rw- .stack
20000100    20000100    00000024   0000001f    rw-
  20000100    20000100    0000001f   0000001f    rw- .data
  20000120    20000120    00000004   00000000    rw- .bss


SECTION ALLOCATION MAP

 output                                  attributes/
section   page    origin      length       input sections
--------  ----  ----------  ----------   ----------------
.intvecs   0    00000000    0000026c     
                  00000000    0000026c     startup_ccs.obj (.intvecs)

.init_array 
*          0    00000000    00000000     UNINITIALIZED

.text      0    0000026c    00000ab2     
                  0000026c    000001ea     uartstdio.obj (.text:UARTvprintf)
                  00000456    00000002     startup_ccs.obj (.text:FaultISR)
                  00000458    00000118     driverlib.lib : sysctl.obj (.text:SysCtlClockGet)
                  00000570    00000110     gpio_jtag.obj (.text:SysTickIntHandler)
                  00000680    000000d4     gpio_jtag.obj (.text:main)
                  00000754    0000009c     rtsv7M4_T_le_v4SPD16_eabi.lib : memcpy_t2.obj (.text)
                  000007f0    00000098     uartstdio.obj (.text:UARTgets)
                  00000888    00000094     rtsv7M4_T_le_v4SPD16_eabi.lib : auto_init.obj (.text)
                  0000091c    0000006c     buttons.obj (.text:ButtonsPoll)
                  00000988    00000060     buttons.obj (.text:ButtonsInit)
                  000009e8    0000005e     rtsv7M4_T_le_v4SPD16_eabi.lib : copy_decompress_rle.obj (.text)
                  00000a46    00000002     startup_ccs.obj (.text:IntDefaultHandler)
                  00000a48    0000005c     gpio_jtag.obj (.text:ConfigureUART)
                  00000aa4    00000058     uartstdio.obj (.text:UARTStdioConfig)
                  00000afc    00000048     uartstdio.obj (.text:UARTwrite)
                  00000b44    00000048     rtsv7M4_T_le_v4SPD16_eabi.lib : boot.obj (.text)
                  00000b8c    00000044                                   : cpy_tbl.obj (.text)
                  00000bd0    00000042                                   : u_divt2.obj (.text)
                  00000c12    00000002     startup_ccs.obj (.text:NmiSR)
                  00000c14    00000040     rtsv7M4_T_le_v4SPD16_eabi.lib : exit.obj (.text)
                  00000c54    0000001a     uartstdio.obj (.text:UARTprintf)
                  00000c6e    00000002     --HOLE-- [fill = 0]
                  00000c70    00000018     rtsv7M4_T_le_v4SPD16_eabi.lib : args_main.obj (.text)
                  00000c88    00000014     driverlib.lib : systick.obj (.text:SysTickEnable)
                  00000c9c    00000014                   : systick.obj (.text:SysTickIntEnable)
                  00000cb0    00000014     rtsv7M4_T_le_v4SPD16_eabi.lib : _lock.obj (.text)
                  00000cc4    00000012                                   : copy_zero_init.obj (.text:decompress:ZI)
                  00000cd6    00000002     --HOLE-- [fill = 0]
                  00000cd8    00000010     driverlib.lib : systick.obj (.text:SysTickPeriodSet)
                  00000ce8    0000000e     rtsv7M4_T_le_v4SPD16_eabi.lib : copy_decompress_none.obj (.text:decompress:none)
                  00000cf6    0000000c     driverlib.lib : cpu.obj (.text:CPUcpsie)
                  00000d02    0000000a                   : interrupt.obj (.text:IntMasterEnable)
                  00000d0c    00000006     startup_ccs.obj (.text:ResetISR)
                  00000d12    00000006     driverlib.lib : uart.obj (.text:UARTClockSourceSet)
                  00000d18    00000006     rtsv7M4_T_le_v4SPD16_eabi.lib : copy_decompress_rle.obj (.text:decompress:rle24)

.const     0    00000d20    0000009a     
                  00000d20    0000006c     driverlib.lib : sysctl.obj (.const:g_pui32Xtals)
                  00000d8c    0000001c     uartstdio.obj (.const)
                  00000da8    00000012     uartstdio.obj (.const:.string)

.cinit     0    00000dc0    00000038     
                  00000dc0    00000012     (.cinit..data.load) [load image, compression = rle]
                  00000dd2    00000002     --HOLE-- [fill = 0]
                  00000dd4    0000000c     (__TI_handler_table)
                  00000de0    00000008     (.cinit..bss.load) [load image, compression = zero_init]
                  00000de8    00000010     (__TI_cinit_table)

.stack     0    20000000    00000100     UNINITIALIZED
                  20000000    00000100     --HOLE--

.data      0    20000100    0000001f     
                  20000100    00000008     rtsv7M4_T_le_v4SPD16_eabi.lib : _lock.obj (.data)
                  20000108    00000008                                   : exit.obj (.data)
                  20000110    00000005     uartstdio.obj (.data)
                  20000115    00000003     --HOLE--
                  20000118    00000004     rtsv7M4_T_le_v4SPD16_eabi.lib : stkdepth_vars.obj (.data)
                  2000011c    00000003     buttons.obj (.data)

.bss       0    20000120    00000004     UNINITIALIZED
                  20000120    00000004     gpio_jtag.obj (.bss)


LINKER GENERATED COPY TABLES

__TI_cinit_table @ 00000de8 records: 2, size/record: 8, table size: 16
	.data: load addr=00000dc0, load size=00000012 bytes, run addr=20000100, run size=0000001f bytes, compression=rle
	.bss: load addr=00000de0, load size=00000008 bytes, run addr=20000120, run size=00000004 bytes, compression=zero_init


LINKER GENERATED HANDLER TABLE

__TI_handler_table @ 00000dd4 records: 3, size/record: 4, table size: 12
	index: 0, handler: __TI_decompress_rle24
	index: 1, handler: __TI_decompress_none
	index: 2, handler: __TI_zero_init


GLOBAL SYMBOLS: SORTED ALPHABETICALLY BY Name 

address    name
--------   ----
00000989   ButtonsInit
0000091d   ButtonsPoll
00000c15   C$$EXIT
00000cf7   CPUcpsie
00000a49   ConfigureUART
00000d03   IntMasterEnable
00000d0d   ResetISR
UNDEFED    SHT$$INIT_ARRAY$$Base
UNDEFED    SHT$$INIT_ARRAY$$Limit
00000459   SysCtlClockGet
00000c89   SysTickEnable
00000c9d   SysTickIntEnable
00000571   SysTickIntHandler
00000cd9   SysTickPeriodSet
00000d13   UARTClockSourceSet
00000aa5   UARTStdioConfig
000007f1   UARTgets
00000c55   UARTprintf
0000026d   UARTvprintf
00000afd   UARTwrite
20000100   __STACK_END
00000100   __STACK_SIZE
20000100   __STACK_TOP
00000de8   __TI_CINIT_Base
00000df8   __TI_CINIT_Limit
00000dd4   __TI_Handler_Table_Base
00000de0   __TI_Handler_Table_Limit
00000001   __TI_args_main
00000889   __TI_auto_init
00000ce9   __TI_decompress_none
00000d19   __TI_decompress_rle24
00000000   __TI_static_base__
00000cc5   __TI_zero_init
00000755   __aeabi_memcpy
00000755   __aeabi_memcpy4
00000755   __aeabi_memcpy8
00000bd1   __aeabi_uidivmod
ffffffff   __binit__
ffffffff   __c_args__
20000000   __stack
00000c71   _args_main
00000b45   _c_int00
20000108   _cleanup_ptr
2000010c   _dtors_ptr
20000100   _lock
00000cbf   _nop
00000cb7   _register_lock
00000cb1   _register_unlock
20000104   _unlock
00000c19   abort
ffffffff   binit
00000b8d   copy_in
00000c21   exit
00000000   g_pfnVectors
20000120   g_ui32Mode
00000681   main
20000118   main_func_sp
00000755   memcpy


GLOBAL SYMBOLS: SORTED BY Symbol Address 

address    name
--------   ----
00000000   __TI_static_base__
00000000   g_pfnVectors
00000001   __TI_args_main
00000100   __STACK_SIZE
0000026d   UARTvprintf
00000459   SysCtlClockGet
00000571   SysTickIntHandler
00000681   main
00000755   __aeabi_memcpy
00000755   __aeabi_memcpy4
00000755   __aeabi_memcpy8
00000755   memcpy
000007f1   UARTgets
00000889   __TI_auto_init
0000091d   ButtonsPoll
00000989   ButtonsInit
00000a49   ConfigureUART
00000aa5   UARTStdioConfig
00000afd   UARTwrite
00000b45   _c_int00
00000b8d   copy_in
00000bd1   __aeabi_uidivmod
00000c15   C$$EXIT
00000c19   abort
00000c21   exit
00000c55   UARTprintf
00000c71   _args_main
00000c89   SysTickEnable
00000c9d   SysTickIntEnable
00000cb1   _register_unlock
00000cb7   _register_lock
00000cbf   _nop
00000cc5   __TI_zero_init
00000cd9   SysTickPeriodSet
00000ce9   __TI_decompress_none
00000cf7   CPUcpsie
00000d03   IntMasterEnable
00000d0d   ResetISR
00000d13   UARTClockSourceSet
00000d19   __TI_decompress_rle24
00000dd4   __TI_Handler_Table_Base
00000de0   __TI_Handler_Table_Limit
00000de8   __TI_CINIT_Base
00000df8   __TI_CINIT_Limit
20000000   __stack
20000100   __STACK_END
20000100   __STACK_TOP
20000100   _lock
20000104   _unlock
20000108   _cleanup_ptr
2000010c   _dtors_ptr
20000118   main_func_sp
20000120   g_ui32Mode
ffffffff   __binit__
ffffffff   __c_args__
ffffffff   binit
UNDEFED    SHT$$INIT_ARRAY$$Base
UNDEFED    SHT$$INIT_ARRAY$$Limit

[58 symbols]
