******************************************************************************
                  TI ARM Linker PC v5.0.4                      
******************************************************************************
>> Linked Mon Mar 23 22:31:13 2015

OUTPUT FILE NAME:   <021_LCD_UART.out>
ENTRY POINT SYMBOL: "_c_int00"  address: 00000bc1


MEMORY CONFIGURATION

         name            origin    length      used     unused   attr    fill
----------------------  --------  ---------  --------  --------  ----  --------
  FLASH                 00000000   00040000  00000fc0  0003f040  R  X
  SRAM                  20000000   00008000  00000214  00007dec  RW X


SEGMENT ALLOCATION MAP

run origin  load origin   length   init length attrs members
----------  ----------- ---------- ----------- ----- -------
00000000    00000000    00000fc0   00000fc0    r-x
  00000000    00000000    0000026c   0000026c    r-- .intvecs
  0000026c    0000026c    00000bc8   00000bc8    r-x .text
  00000e34    00000e34    0000016c   0000016c    r-- .const
  00000fa0    00000fa0    00000020   00000020    r-- .cinit
20000000    20000000    00000200   00000000    rw-
  20000000    20000000    00000200   00000000    rw- .stack
20000200    20000200    00000014   00000014    rw-
  20000200    20000200    00000014   00000014    rw- .data


SECTION ALLOCATION MAP

 output                                  attributes/
section   page    origin      length       input sections
--------  ----  ----------  ----------   ----------------
.intvecs   0    00000000    0000026c     
                  00000000    0000026c     startup_ccs.obj (.intvecs)

.init_array 
*          0    00000000    00000000     UNINITIALIZED

.text      0    0000026c    00000bc8     
                  0000026c    000002c8     Lcd.obj (.text)
                  00000534    00000130     driverlib.lib : gpio.obj (.text:GPIOPadConfigSet)
                  00000664    0000011c     main.obj (.text)
                  00000780    00000118     driverlib.lib : sysctl.obj (.text:SysCtlClockGet)
                  00000898    000000f0                   : sysctl.obj (.text:SysCtlClockSet)
                  00000988    0000009c     rtsv7M4_T_le_v4SPD16_eabi.lib : memcpy_t2.obj (.text)
                  00000a24    00000094                                   : auto_init.obj (.text)
                  00000ab8    00000060     driverlib.lib : interrupt.obj (.text:IntEnable)
                  00000b18    0000005e     rtsv7M4_T_le_v4SPD16_eabi.lib : copy_decompress_rle.obj (.text)
                  00000b76    00000002     --HOLE-- [fill = 0]
                  00000b78    00000048     driverlib.lib : gpio.obj (.text:GPIOPinConfigure)
                  00000bc0    00000048     rtsv7M4_T_le_v4SPD16_eabi.lib : boot.obj (.text)
                  00000c08    00000044                                   : cpy_tbl.obj (.text)
                  00000c4c    00000040     driverlib.lib : uart.obj (.text:UARTConfigSetExpClk)
                  00000c8c    00000040     rtsv7M4_T_le_v4SPD16_eabi.lib : exit.obj (.text)
                  00000ccc    00000034     driverlib.lib : sysctl.obj (.text:SysCtlPeripheralEnable)
                  00000d00    0000002a                   : gpio.obj (.text:GPIODirModeSet)
                  00000d2a    00000002     --HOLE-- [fill = 0]
                  00000d2c    0000001c                   : uart.obj (.text:UARTDisable)
                  00000d48    00000018                   : gpio.obj (.text:GPIOPinTypeGPIOOutput)
                  00000d60    00000018     rtsv7M4_T_le_v4SPD16_eabi.lib : args_main.obj (.text)
                  00000d78    00000014     driverlib.lib : uart.obj (.text:UARTEnable)
                  00000d8c    00000014     rtsv7M4_T_le_v4SPD16_eabi.lib : _lock.obj (.text)
                  00000da0    00000012     driverlib.lib : gpio.obj (.text:GPIOPinTypeUART)
                  00000db2    0000000e                   : uart.obj (.text:UARTCharGetNonBlocking)
                  00000dc0    0000000e     rtsv7M4_T_le_v4SPD16_eabi.lib : copy_decompress_none.obj (.text:decompress:none)
                  00000dce    0000000c     driverlib.lib : cpu.obj (.text:CPUcpsie)
                  00000dda    0000000c                   : uart.obj (.text:UARTCharsAvail)
                  00000de6    0000000c     startup_ccs.obj (.text)
                  00000df2    0000000a     driverlib.lib : interrupt.obj (.text:IntMasterEnable)
                  00000dfc    0000000a                   : uart.obj (.text:UARTFIFOEnable)
                  00000e06    0000000a                   : uart.obj (.text:UARTIntStatus)
                  00000e10    00000008                   : uart.obj (.text:UARTIntEnable)
                  00000e18    00000006                   : gpio.obj (.text:GPIOPinWrite)
                  00000e1e    00000006                   : sysctl.obj (.text:SysCtlDelay)
                  00000e24    00000006                   : uart.obj (.text:UARTFIFOLevelSet)
                  00000e2a    00000006     rtsv7M4_T_le_v4SPD16_eabi.lib : copy_decompress_rle.obj (.text:decompress:rle24)
                  00000e30    00000004     driverlib.lib : uart.obj (.text:UARTIntClear)

.const     0    00000e34    0000016c     
                  00000e34    00000090     driverlib.lib : gpio.obj (.const:g_pui32GPIOBaseAddrs)
                  00000ec4    00000070                   : interrupt.obj (.const)
                  00000f34    0000006c                   : sysctl.obj (.const:g_pui32Xtals)

.cinit     0    00000fa0    00000020     
                  00000fa0    0000000f     (.cinit..data.load) [load image, compression = rle]
                  00000faf    00000001     --HOLE-- [fill = 0]
                  00000fb0    00000008     (__TI_handler_table)
                  00000fb8    00000008     (__TI_cinit_table)

.stack     0    20000000    00000200     UNINITIALIZED
                  20000000    00000200     --HOLE--

.data      0    20000200    00000014     
                  20000200    00000008     rtsv7M4_T_le_v4SPD16_eabi.lib : _lock.obj (.data)
                  20000208    00000008                                   : exit.obj (.data)
                  20000210    00000004                                   : stkdepth_vars.obj (.data)


LINKER GENERATED COPY TABLES

__TI_cinit_table @ 00000fb8 records: 1, size/record: 8, table size: 8
	.data: load addr=00000fa0, load size=0000000f bytes, run addr=20000200, run size=00000014 bytes, compression=rle


LINKER GENERATED HANDLER TABLE

__TI_handler_table @ 00000fb0 records: 2, size/record: 4, table size: 8
	index: 0, handler: __TI_decompress_rle24
	index: 1, handler: __TI_decompress_none


GLOBAL SYMBOLS: SORTED ALPHABETICALLY BY Name 

address    name
--------   ----
00000c8d   C$$EXIT
00000dcf   CPUcpsie
00000d01   GPIODirModeSet
00000535   GPIOPadConfigSet
00000b79   GPIOPinConfigure
00000d49   GPIOPinTypeGPIOOutput
00000da1   GPIOPinTypeUART
00000e19   GPIOPinWrite
00000ab9   IntEnable
00000df3   IntMasterEnable
00000473   Lcd_Goto
000003ef   Lcd_Putch
00000369   Lcd_comando
000004ff   Lcd_desactivar
0000026d   Lcd_init
0000050f   Lcd_mensajes
00000de7   ResetISR
UNDEFED    SHT$$INIT_ARRAY$$Base
UNDEFED    SHT$$INIT_ARRAY$$Limit
00000781   SysCtlClockGet
00000899   SysCtlClockSet
00000e1f   SysCtlDelay
00000ccd   SysCtlPeripheralEnable
00000db3   UARTCharGetNonBlocking
00000ddb   UARTCharsAvail
00000c4d   UARTConfigSetExpClk
00000d2d   UARTDisable
00000d79   UARTEnable
00000dfd   UARTFIFOEnable
00000e25   UARTFIFOLevelSet
00000e31   UARTIntClear
00000e11   UARTIntEnable
00000665   UARTIntHandler
00000e07   UARTIntStatus
20000200   __STACK_END
00000200   __STACK_SIZE
20000200   __STACK_TOP
00000fb8   __TI_CINIT_Base
00000fc0   __TI_CINIT_Limit
00000fb0   __TI_Handler_Table_Base
00000fb8   __TI_Handler_Table_Limit
00000001   __TI_args_main
00000a25   __TI_auto_init
00000dc1   __TI_decompress_none
00000e2b   __TI_decompress_rle24
00000000   __TI_static_base__
00000989   __aeabi_memcpy
00000989   __aeabi_memcpy4
00000989   __aeabi_memcpy8
ffffffff   __binit__
ffffffff   __c_args__
20000000   __stack
00000d61   _args_main
00000bc1   _c_int00
20000208   _cleanup_ptr
2000020c   _dtors_ptr
20000200   _lock
00000d9b   _nop
00000d93   _register_lock
00000d8d   _register_unlock
20000204   _unlock
00000c91   abort
ffffffff   binit
00000c09   copy_in
00000c99   exit
00000000   g_pfnVectors
000006bd   main
20000210   main_func_sp
00000989   memcpy


GLOBAL SYMBOLS: SORTED BY Symbol Address 

address    name
--------   ----
00000000   __TI_static_base__
00000000   g_pfnVectors
00000001   __TI_args_main
00000200   __STACK_SIZE
0000026d   Lcd_init
00000369   Lcd_comando
000003ef   Lcd_Putch
00000473   Lcd_Goto
000004ff   Lcd_desactivar
0000050f   Lcd_mensajes
00000535   GPIOPadConfigSet
00000665   UARTIntHandler
000006bd   main
00000781   SysCtlClockGet
00000899   SysCtlClockSet
00000989   __aeabi_memcpy
00000989   __aeabi_memcpy4
00000989   __aeabi_memcpy8
00000989   memcpy
00000a25   __TI_auto_init
00000ab9   IntEnable
00000b79   GPIOPinConfigure
00000bc1   _c_int00
00000c09   copy_in
00000c4d   UARTConfigSetExpClk
00000c8d   C$$EXIT
00000c91   abort
00000c99   exit
00000ccd   SysCtlPeripheralEnable
00000d01   GPIODirModeSet
00000d2d   UARTDisable
00000d49   GPIOPinTypeGPIOOutput
00000d61   _args_main
00000d79   UARTEnable
00000d8d   _register_unlock
00000d93   _register_lock
00000d9b   _nop
00000da1   GPIOPinTypeUART
00000db3   UARTCharGetNonBlocking
00000dc1   __TI_decompress_none
00000dcf   CPUcpsie
00000ddb   UARTCharsAvail
00000de7   ResetISR
00000df3   IntMasterEnable
00000dfd   UARTFIFOEnable
00000e07   UARTIntStatus
00000e11   UARTIntEnable
00000e19   GPIOPinWrite
00000e1f   SysCtlDelay
00000e25   UARTFIFOLevelSet
00000e2b   __TI_decompress_rle24
00000e31   UARTIntClear
00000fb0   __TI_Handler_Table_Base
00000fb8   __TI_CINIT_Base
00000fb8   __TI_Handler_Table_Limit
00000fc0   __TI_CINIT_Limit
20000000   __stack
20000200   __STACK_END
20000200   __STACK_TOP
20000200   _lock
20000204   _unlock
20000208   _cleanup_ptr
2000020c   _dtors_ptr
20000210   main_func_sp
ffffffff   __binit__
ffffffff   __c_args__
ffffffff   binit
UNDEFED    SHT$$INIT_ARRAY$$Base
UNDEFED    SHT$$INIT_ARRAY$$Limit

[69 symbols]
