<?xml version="1.0"?>
<link_info>
   <banner>TI ARM Linker PC v5.0.4</banner>
   <copyright>Copyright (c) 1996-2013 Texas Instruments Incorporated</copyright>
   <link_time>0x55c9894a</link_time>
   <output_file>029_LCD_UART_MENSAJES.out</output_file>
   <entry_point>
      <name>_c_int00</name>
      <address>0xfa1</address>
   </entry_point>
   <input_file_list>
      <input_file id="fl-2">
         <path>.\</path>
         <kind>object</kind>
         <file>systick.obj</file>
         <name>systick.obj</name>
      </input_file>
      <input_file id="fl-3">
         <path>.\</path>
         <kind>object</kind>
         <file>startup_ccs.obj</file>
         <name>startup_ccs.obj</name>
      </input_file>
      <input_file id="fl-4">
         <path>.\</path>
         <kind>object</kind>
         <file>main.obj</file>
         <name>main.obj</name>
      </input_file>
      <input_file id="fl-5">
         <path>.\</path>
         <kind>object</kind>
         <file>USART.obj</file>
         <name>USART.obj</name>
      </input_file>
      <input_file id="fl-6">
         <path>.\</path>
         <kind>object</kind>
         <file>Lcd.obj</file>
         <name>Lcd.obj</name>
      </input_file>
      <input_file id="fl-134">
         <path>C:\ti\ccsv5\tools\compiler\arm_5.0.4\lib\</path>
         <kind>archive</kind>
         <file>rtsv7M4_T_le_v4SPD16_eabi.lib</file>
         <name>boot.obj</name>
      </input_file>
      <input_file id="fl-135">
         <path>C:\ti\ccsv5\tools\compiler\arm_5.0.4\lib\</path>
         <kind>archive</kind>
         <file>rtsv7M4_T_le_v4SPD16_eabi.lib</file>
         <name>copy_decompress_none.obj</name>
      </input_file>
      <input_file id="fl-136">
         <path>C:\ti\ccsv5\tools\compiler\arm_5.0.4\lib\</path>
         <kind>archive</kind>
         <file>rtsv7M4_T_le_v4SPD16_eabi.lib</file>
         <name>copy_decompress_rle.obj</name>
      </input_file>
      <input_file id="fl-137">
         <path>C:\ti\ccsv5\tools\compiler\arm_5.0.4\lib\</path>
         <kind>archive</kind>
         <file>rtsv7M4_T_le_v4SPD16_eabi.lib</file>
         <name>copy_zero_init.obj</name>
      </input_file>
      <input_file id="fl-138">
         <path>C:\ti\ccsv5\tools\compiler\arm_5.0.4\lib\</path>
         <kind>archive</kind>
         <file>rtsv7M4_T_le_v4SPD16_eabi.lib</file>
         <name>exit.obj</name>
      </input_file>
      <input_file id="fl-139">
         <path>C:\ti\ccsv5\tools\compiler\arm_5.0.4\lib\</path>
         <kind>archive</kind>
         <file>rtsv7M4_T_le_v4SPD16_eabi.lib</file>
         <name>memcpy_t2.obj</name>
      </input_file>
      <input_file id="fl-13a">
         <path>C:\ti\ccsv5\tools\compiler\arm_5.0.4\lib\</path>
         <kind>archive</kind>
         <file>rtsv7M4_T_le_v4SPD16_eabi.lib</file>
         <name>stkdepth_vars.obj</name>
      </input_file>
      <input_file id="fl-13b">
         <path>C:\ti\ccsv5\tools\compiler\arm_5.0.4\lib\</path>
         <kind>archive</kind>
         <file>rtsv7M4_T_le_v4SPD16_eabi.lib</file>
         <name>_lock.obj</name>
      </input_file>
      <input_file id="fl-13c">
         <path>C:\ti\ccsv5\tools\compiler\arm_5.0.4\lib\</path>
         <kind>archive</kind>
         <file>rtsv7M4_T_le_v4SPD16_eabi.lib</file>
         <name>args_main.obj</name>
      </input_file>
      <input_file id="fl-13d">
         <path>C:\ti\ccsv5\tools\compiler\arm_5.0.4\lib\</path>
         <kind>archive</kind>
         <file>rtsv7M4_T_le_v4SPD16_eabi.lib</file>
         <name>auto_init.obj</name>
      </input_file>
      <input_file id="fl-13e">
         <path>C:\ti\ccsv5\tools\compiler\arm_5.0.4\lib\</path>
         <kind>archive</kind>
         <file>rtsv7M4_T_le_v4SPD16_eabi.lib</file>
         <name>cpy_tbl.obj</name>
      </input_file>
      <input_file id="fl-13f">
         <path>C:\ti\TivaWare_C_Series-2.1.0.12573\driverlib\ccs\Debug\</path>
         <kind>archive</kind>
         <file>driverlib.lib</file>
         <name>uart.obj</name>
      </input_file>
      <input_file id="fl-140">
         <path>C:\ti\TivaWare_C_Series-2.1.0.12573\driverlib\ccs\Debug\</path>
         <kind>archive</kind>
         <file>driverlib.lib</file>
         <name>sysctl.obj</name>
      </input_file>
      <input_file id="fl-141">
         <path>C:\ti\TivaWare_C_Series-2.1.0.12573\driverlib\ccs\Debug\</path>
         <kind>archive</kind>
         <file>driverlib.lib</file>
         <name>interrupt.obj</name>
      </input_file>
      <input_file id="fl-142">
         <path>C:\ti\TivaWare_C_Series-2.1.0.12573\driverlib\ccs\Debug\</path>
         <kind>archive</kind>
         <file>driverlib.lib</file>
         <name>gpio.obj</name>
      </input_file>
      <input_file id="fl-143">
         <path>C:\ti\TivaWare_C_Series-2.1.0.12573\driverlib\ccs\Debug\</path>
         <kind>archive</kind>
         <file>driverlib.lib</file>
         <name>cpu.obj</name>
      </input_file>
   </input_file_list>
   <object_component_list>
      <object_component id="oc-e">
         <name>.intvecs</name>
         <load_address>0x0</load_address>
         <run_address>0x0</run_address>
         <size>0x26c</size>
         <input_file_ref idref="fl-3"/>
      </object_component>
      <object_component id="oc-9a">
         <name>.text</name>
         <load_address>0x26c</load_address>
         <run_address>0x26c</run_address>
         <size>0x5be</size>
         <input_file_ref idref="fl-6"/>
      </object_component>
      <object_component id="oc-26">
         <name>.text</name>
         <load_address>0x82c</load_address>
         <run_address>0x82c</run_address>
         <size>0x168</size>
         <input_file_ref idref="fl-5"/>
      </object_component>
      <object_component id="oc-fc">
         <name>.text:GPIOPadConfigSet</name>
         <load_address>0x994</load_address>
         <run_address>0x994</run_address>
         <size>0x130</size>
         <input_file_ref idref="fl-142"/>
      </object_component>
      <object_component id="oc-68">
         <name>.text:SysCtlClockGet</name>
         <load_address>0xac4</load_address>
         <run_address>0xac4</run_address>
         <size>0x118</size>
         <input_file_ref idref="fl-140"/>
      </object_component>
      <object_component id="oc-13a">
         <name>.text:SysCtlClockSet</name>
         <load_address>0xbdc</load_address>
         <run_address>0xbdc</run_address>
         <size>0xf0</size>
         <input_file_ref idref="fl-140"/>
      </object_component>
      <object_component id="oc-3d">
         <name>.text</name>
         <load_address>0xccc</load_address>
         <run_address>0xccc</run_address>
         <size>0x9c</size>
         <input_file_ref idref="fl-139"/>
      </object_component>
      <object_component id="oc-12b">
         <name>.text</name>
         <load_address>0xd68</load_address>
         <run_address>0xd68</run_address>
         <size>0x9c</size>
         <input_file_ref idref="fl-2"/>
      </object_component>
      <object_component id="oc-2e">
         <name>.text</name>
         <load_address>0xe04</load_address>
         <run_address>0xe04</run_address>
         <size>0x94</size>
         <input_file_ref idref="fl-13d"/>
      </object_component>
      <object_component id="oc-81">
         <name>.text:IntEnable</name>
         <load_address>0xe98</load_address>
         <run_address>0xe98</run_address>
         <size>0x60</size>
         <input_file_ref idref="fl-141"/>
      </object_component>
      <object_component id="oc-4d">
         <name>.text</name>
         <load_address>0xef8</load_address>
         <run_address>0xef8</run_address>
         <size>0x5e</size>
         <input_file_ref idref="fl-136"/>
      </object_component>
      <object_component id="oc-5e">
         <name>.text:GPIOPinConfigure</name>
         <load_address>0xf58</load_address>
         <run_address>0xf58</run_address>
         <size>0x48</size>
         <input_file_ref idref="fl-142"/>
      </object_component>
      <object_component id="oc-10">
         <name>.text</name>
         <load_address>0xfa0</load_address>
         <run_address>0xfa0</run_address>
         <size>0x48</size>
         <input_file_ref idref="fl-134"/>
      </object_component>
      <object_component id="oc-b6">
         <name>.text</name>
         <load_address>0xfe8</load_address>
         <run_address>0xfe8</run_address>
         <size>0x44</size>
         <input_file_ref idref="fl-13e"/>
      </object_component>
      <object_component id="oc-6d">
         <name>.text:UARTConfigSetExpClk</name>
         <load_address>0x102c</load_address>
         <run_address>0x102c</run_address>
         <size>0x40</size>
         <input_file_ref idref="fl-13f"/>
      </object_component>
      <object_component id="oc-36">
         <name>.text</name>
         <load_address>0x106c</load_address>
         <run_address>0x106c</run_address>
         <size>0x40</size>
         <input_file_ref idref="fl-138"/>
      </object_component>
      <object_component id="oc-59">
         <name>.text:SysCtlPeripheralEnable</name>
         <load_address>0x10ac</load_address>
         <run_address>0x10ac</run_address>
         <size>0x34</size>
         <input_file_ref idref="fl-140"/>
      </object_component>
      <object_component id="oc-bb">
         <name>.text</name>
         <load_address>0x10e0</load_address>
         <run_address>0x10e0</run_address>
         <size>0x30</size>
         <input_file_ref idref="fl-4"/>
      </object_component>
      <object_component id="oc-f7">
         <name>.text:GPIODirModeSet</name>
         <load_address>0x1110</load_address>
         <run_address>0x1110</run_address>
         <size>0x2a</size>
         <input_file_ref idref="fl-142"/>
      </object_component>
      <object_component id="oc-105">
         <name>.text:UARTDisable</name>
         <load_address>0x113c</load_address>
         <run_address>0x113c</run_address>
         <size>0x1c</size>
         <input_file_ref idref="fl-13f"/>
      </object_component>
      <object_component id="oc-126">
         <name>.text:GPIOPinTypeGPIOOutput</name>
         <load_address>0x1158</load_address>
         <run_address>0x1158</run_address>
         <size>0x18</size>
         <input_file_ref idref="fl-142"/>
      </object_component>
      <object_component id="oc-32">
         <name>.text</name>
         <load_address>0x1170</load_address>
         <run_address>0x1170</run_address>
         <size>0x18</size>
         <input_file_ref idref="fl-13c"/>
      </object_component>
      <object_component id="oc-10a">
         <name>.text:UARTEnable</name>
         <load_address>0x1188</load_address>
         <run_address>0x1188</run_address>
         <size>0x14</size>
         <input_file_ref idref="fl-13f"/>
      </object_component>
      <object_component id="oc-140">
         <name>.text</name>
         <load_address>0x119c</load_address>
         <run_address>0x119c</run_address>
         <size>0x14</size>
         <input_file_ref idref="fl-13b"/>
      </object_component>
      <object_component id="oc-63">
         <name>.text:GPIOPinTypeUART</name>
         <load_address>0x11b0</load_address>
         <run_address>0x11b0</run_address>
         <size>0x12</size>
         <input_file_ref idref="fl-142"/>
      </object_component>
      <object_component id="oc-95">
         <name>.text:UARTCharGetNonBlocking</name>
         <load_address>0x11c2</load_address>
         <run_address>0x11c2</run_address>
         <size>0xe</size>
         <input_file_ref idref="fl-13f"/>
      </object_component>
      <object_component id="oc-14">
         <name>.text:decompress:none</name>
         <load_address>0x11d0</load_address>
         <run_address>0x11d0</run_address>
         <size>0xe</size>
         <input_file_ref idref="fl-135"/>
      </object_component>
      <object_component id="oc-113">
         <name>.text:CPUcpsie</name>
         <load_address>0x11de</load_address>
         <run_address>0x11de</run_address>
         <size>0xc</size>
         <input_file_ref idref="fl-143"/>
      </object_component>
      <object_component id="oc-9f">
         <name>.text:UARTCharsAvail</name>
         <load_address>0x11ea</load_address>
         <run_address>0x11ea</run_address>
         <size>0xc</size>
         <input_file_ref idref="fl-13f"/>
      </object_component>
      <object_component id="oc-21">
         <name>.text</name>
         <load_address>0x11f6</load_address>
         <run_address>0x11f6</run_address>
         <size>0xc</size>
         <input_file_ref idref="fl-3"/>
      </object_component>
      <object_component id="oc-7c">
         <name>.text:IntMasterEnable</name>
         <load_address>0x1202</load_address>
         <run_address>0x1202</run_address>
         <size>0xa</size>
         <input_file_ref idref="fl-141"/>
      </object_component>
      <object_component id="oc-77">
         <name>.text:UARTFIFOEnable</name>
         <load_address>0x120c</load_address>
         <run_address>0x120c</run_address>
         <size>0xa</size>
         <input_file_ref idref="fl-13f"/>
      </object_component>
      <object_component id="oc-8b">
         <name>.text:UARTIntStatus</name>
         <load_address>0x1216</load_address>
         <run_address>0x1216</run_address>
         <size>0xa</size>
         <input_file_ref idref="fl-13f"/>
      </object_component>
      <object_component id="oc-86">
         <name>.text:UARTIntEnable</name>
         <load_address>0x1220</load_address>
         <run_address>0x1220</run_address>
         <size>0x8</size>
         <input_file_ref idref="fl-13f"/>
      </object_component>
      <object_component id="oc-130">
         <name>.text:GPIOPinWrite</name>
         <load_address>0x1228</load_address>
         <run_address>0x1228</run_address>
         <size>0x6</size>
         <input_file_ref idref="fl-142"/>
      </object_component>
      <object_component id="oc-173">
         <name>.text:SysCtlDelay</name>
         <load_address>0x122e</load_address>
         <run_address>0x122e</run_address>
         <size>0x6</size>
         <input_file_ref idref="fl-140"/>
      </object_component>
      <object_component id="oc-72">
         <name>.text:UARTFIFOLevelSet</name>
         <load_address>0x1234</load_address>
         <run_address>0x1234</run_address>
         <size>0x6</size>
         <input_file_ref idref="fl-13f"/>
      </object_component>
      <object_component id="oc-1c">
         <name>.text:decompress:rle24</name>
         <load_address>0x123a</load_address>
         <run_address>0x123a</run_address>
         <size>0x6</size>
         <input_file_ref idref="fl-136"/>
      </object_component>
      <object_component id="oc-90">
         <name>.text:UARTIntClear</name>
         <load_address>0x1240</load_address>
         <run_address>0x1240</run_address>
         <size>0x4</size>
         <input_file_ref idref="fl-13f"/>
      </object_component>
      <object_component id="oc-f3">
         <name>.const:g_pui32GPIOBaseAddrs</name>
         <load_address>0x1244</load_address>
         <run_address>0x1244</run_address>
         <size>0x90</size>
         <input_file_ref idref="fl-142"/>
      </object_component>
      <object_component id="oc-11e">
         <name>.const</name>
         <load_address>0x12d4</load_address>
         <run_address>0x12d4</run_address>
         <size>0x70</size>
         <input_file_ref idref="fl-141"/>
      </object_component>
      <object_component id="oc-102">
         <name>.const:g_pui32Xtals</name>
         <load_address>0x1344</load_address>
         <run_address>0x1344</run_address>
         <size>0x6c</size>
         <input_file_ref idref="fl-140"/>
      </object_component>
      <object_component id="oc-198">
         <name>.cinit..data.load</name>
         <load_address>0x13b0</load_address>
         <run_address>0x13b0</run_address>
         <size>0xf</size>
      </object_component>
      <object_component id="oc-196">
         <name>__TI_handler_table</name>
         <load_address>0x13c0</load_address>
         <run_address>0x13c0</run_address>
         <size>0x8</size>
      </object_component>
      <object_component id="oc-197">
         <name>__TI_cinit_table</name>
         <load_address>0x13c8</load_address>
         <run_address>0x13c8</run_address>
         <size>0x8</size>
      </object_component>
      <object_component id="oc-3a">
         <name>.data</name>
         <load_address>0x20000210</load_address>
         <run_address>0x20000210</run_address>
         <size>0x4</size>
         <input_file_ref idref="fl-13a"/>
      </object_component>
      <object_component id="oc-c6">
         <name>.data</name>
         <load_address>0x20000200</load_address>
         <run_address>0x20000200</run_address>
         <size>0x8</size>
         <input_file_ref idref="fl-13b"/>
      </object_component>
      <object_component id="oc-c8">
         <name>.data</name>
         <load_address>0x20000208</load_address>
         <run_address>0x20000208</run_address>
         <size>0x8</size>
         <input_file_ref idref="fl-138"/>
      </object_component>
      <object_component id="oc-20">
         <name>.stack</name>
         <uninitialized>true</uninitialized>
         <run_address>0x20000000</run_address>
         <size>0x0</size>
         <input_file_ref idref="fl-134"/>
      </object_component>
      <object_component id="oc-199">
         <name>.stack</name>
         <uninitialized>true</uninitialized>
         <run_address>0x20000000</run_address>
         <size>0x0</size>
      </object_component>
      <object_component id="oc-f">
         <name>.debug_info</name>
         <load_address>0x0</load_address>
         <run_address>0x0</run_address>
         <size>0xf5</size>
         <input_file_ref idref="fl-3"/>
      </object_component>
      <object_component id="oc-11">
         <name>.debug_info</name>
         <load_address>0xf5</load_address>
         <run_address>0xf5</run_address>
         <size>0xf4</size>
         <input_file_ref idref="fl-134"/>
      </object_component>
      <object_component id="oc-15">
         <name>.debug_info</name>
         <load_address>0x1e9</load_address>
         <run_address>0x1e9</run_address>
         <size>0x159</size>
         <input_file_ref idref="fl-135"/>
      </object_component>
      <object_component id="oc-1d">
         <name>.debug_info</name>
         <load_address>0x342</load_address>
         <run_address>0x342</run_address>
         <size>0x16a</size>
         <input_file_ref idref="fl-136"/>
      </object_component>
      <object_component id="oc-22">
         <name>.debug_info</name>
         <load_address>0x4ac</load_address>
         <run_address>0x4ac</run_address>
         <size>0x354</size>
         <input_file_ref idref="fl-3"/>
      </object_component>
      <object_component id="oc-27">
         <name>.debug_info</name>
         <load_address>0x800</load_address>
         <run_address>0x800</run_address>
         <size>0x583</size>
         <input_file_ref idref="fl-5"/>
      </object_component>
      <object_component id="oc-2d">
         <name>.debug_info</name>
         <load_address>0xd83</load_address>
         <run_address>0xd83</run_address>
         <size>0x134</size>
         <input_file_ref idref="fl-3"/>
      </object_component>
      <object_component id="oc-2f">
         <name>.debug_info</name>
         <load_address>0xeb7</load_address>
         <run_address>0xeb7</run_address>
         <size>0x13f</size>
         <input_file_ref idref="fl-13d"/>
      </object_component>
      <object_component id="oc-33">
         <name>.debug_info</name>
         <load_address>0xff6</load_address>
         <run_address>0xff6</run_address>
         <size>0xfe</size>
         <input_file_ref idref="fl-13c"/>
      </object_component>
      <object_component id="oc-37">
         <name>.debug_info</name>
         <load_address>0x10f4</load_address>
         <run_address>0x10f4</run_address>
         <size>0x205</size>
         <input_file_ref idref="fl-138"/>
      </object_component>
      <object_component id="oc-3b">
         <name>.debug_info</name>
         <load_address>0x12f9</load_address>
         <run_address>0x12f9</run_address>
         <size>0xbe</size>
         <input_file_ref idref="fl-13a"/>
      </object_component>
      <object_component id="oc-3e">
         <name>.debug_info</name>
         <load_address>0x13b7</load_address>
         <run_address>0x13b7</run_address>
         <size>0xcd</size>
         <input_file_ref idref="fl-139"/>
      </object_component>
      <object_component id="oc-42">
         <name>.debug_info</name>
         <load_address>0x1484</load_address>
         <run_address>0x1484</run_address>
         <size>0x46</size>
         <input_file_ref idref="fl-135"/>
      </object_component>
      <object_component id="oc-4e">
         <name>.debug_info</name>
         <load_address>0x14ca</load_address>
         <run_address>0x14ca</run_address>
         <size>0x318</size>
         <input_file_ref idref="fl-136"/>
      </object_component>
      <object_component id="oc-52">
         <name>.debug_info</name>
         <load_address>0x17e2</load_address>
         <run_address>0x17e2</run_address>
         <size>0xb2</size>
         <input_file_ref idref="fl-136"/>
      </object_component>
      <object_component id="oc-53">
         <name>.debug_info</name>
         <load_address>0x1894</load_address>
         <run_address>0x1894</run_address>
         <size>0x39</size>
         <input_file_ref idref="fl-136"/>
      </object_component>
      <object_component id="oc-5a">
         <name>.debug_info</name>
         <load_address>0x18cd</load_address>
         <run_address>0x18cd</run_address>
         <size>0x1e9</size>
         <input_file_ref idref="fl-140"/>
      </object_component>
      <object_component id="oc-5f">
         <name>.debug_info</name>
         <load_address>0x1ab6</load_address>
         <run_address>0x1ab6</run_address>
         <size>0x1ec</size>
         <input_file_ref idref="fl-142"/>
      </object_component>
      <object_component id="oc-64">
         <name>.debug_info</name>
         <load_address>0x1ca2</load_address>
         <run_address>0x1ca2</run_address>
         <size>0x1e7</size>
         <input_file_ref idref="fl-142"/>
      </object_component>
      <object_component id="oc-69">
         <name>.debug_info</name>
         <load_address>0x1e89</load_address>
         <run_address>0x1e89</run_address>
         <size>0x221</size>
         <input_file_ref idref="fl-140"/>
      </object_component>
      <object_component id="oc-6e">
         <name>.debug_info</name>
         <load_address>0x20aa</load_address>
         <run_address>0x20aa</run_address>
         <size>0x292</size>
         <input_file_ref idref="fl-13f"/>
      </object_component>
      <object_component id="oc-73">
         <name>.debug_info</name>
         <load_address>0x233c</load_address>
         <run_address>0x233c</run_address>
         <size>0x23b</size>
         <input_file_ref idref="fl-13f"/>
      </object_component>
      <object_component id="oc-78">
         <name>.debug_info</name>
         <load_address>0x2577</load_address>
         <run_address>0x2577</run_address>
         <size>0x1bb</size>
         <input_file_ref idref="fl-13f"/>
      </object_component>
      <object_component id="oc-7d">
         <name>.debug_info</name>
         <load_address>0x2732</load_address>
         <run_address>0x2732</run_address>
         <size>0x1aa</size>
         <input_file_ref idref="fl-141"/>
      </object_component>
      <object_component id="oc-82">
         <name>.debug_info</name>
         <load_address>0x28dc</load_address>
         <run_address>0x28dc</run_address>
         <size>0x1d4</size>
         <input_file_ref idref="fl-141"/>
      </object_component>
      <object_component id="oc-87">
         <name>.debug_info</name>
         <load_address>0x2ab0</load_address>
         <run_address>0x2ab0</run_address>
         <size>0x1fb</size>
         <input_file_ref idref="fl-13f"/>
      </object_component>
      <object_component id="oc-8c">
         <name>.debug_info</name>
         <load_address>0x2cab</load_address>
         <run_address>0x2cab</run_address>
         <size>0x1eb</size>
         <input_file_ref idref="fl-13f"/>
      </object_component>
      <object_component id="oc-91">
         <name>.debug_info</name>
         <load_address>0x2e96</load_address>
         <run_address>0x2e96</run_address>
         <size>0x1f9</size>
         <input_file_ref idref="fl-13f"/>
      </object_component>
      <object_component id="oc-96">
         <name>.debug_info</name>
         <load_address>0x308f</load_address>
         <run_address>0x308f</run_address>
         <size>0x1cf</size>
         <input_file_ref idref="fl-13f"/>
      </object_component>
      <object_component id="oc-9b">
         <name>.debug_info</name>
         <load_address>0x325e</load_address>
         <run_address>0x325e</run_address>
         <size>0x98a</size>
         <input_file_ref idref="fl-6"/>
      </object_component>
      <object_component id="oc-a0">
         <name>.debug_info</name>
         <load_address>0x3be8</load_address>
         <run_address>0x3be8</run_address>
         <size>0x1bf</size>
         <input_file_ref idref="fl-13f"/>
      </object_component>
      <object_component id="oc-a5">
         <name>.debug_info</name>
         <load_address>0x3da7</load_address>
         <run_address>0x3da7</run_address>
         <size>0x18b</size>
         <input_file_ref idref="fl-2"/>
      </object_component>
      <object_component id="oc-aa">
         <name>.debug_info</name>
         <load_address>0x3f32</load_address>
         <run_address>0x3f32</run_address>
         <size>0x90</size>
         <input_file_ref idref="fl-2"/>
      </object_component>
      <object_component id="oc-b1">
         <name>.debug_info</name>
         <load_address>0x3fc2</load_address>
         <run_address>0x3fc2</run_address>
         <size>0x89</size>
         <input_file_ref idref="fl-3"/>
      </object_component>
      <object_component id="oc-b7">
         <name>.debug_info</name>
         <load_address>0x404b</load_address>
         <run_address>0x404b</run_address>
         <size>0x191</size>
         <input_file_ref idref="fl-13e"/>
      </object_component>
      <object_component id="oc-bc">
         <name>.debug_info</name>
         <load_address>0x41dc</load_address>
         <run_address>0x41dc</run_address>
         <size>0x1e6</size>
         <input_file_ref idref="fl-4"/>
      </object_component>
      <object_component id="oc-c1">
         <name>.debug_info</name>
         <load_address>0x43c2</load_address>
         <run_address>0x43c2</run_address>
         <size>0x90</size>
         <input_file_ref idref="fl-13c"/>
      </object_component>
      <object_component id="oc-c7">
         <name>.debug_info</name>
         <load_address>0x4452</load_address>
         <run_address>0x4452</run_address>
         <size>0xc8</size>
         <input_file_ref idref="fl-13b"/>
      </object_component>
      <object_component id="oc-c9">
         <name>.debug_info</name>
         <load_address>0x451a</load_address>
         <run_address>0x451a</run_address>
         <size>0xdb</size>
         <input_file_ref idref="fl-138"/>
      </object_component>
      <object_component id="oc-cb">
         <name>.debug_info</name>
         <load_address>0x45f5</load_address>
         <run_address>0x45f5</run_address>
         <size>0x89</size>
         <input_file_ref idref="fl-135"/>
      </object_component>
      <object_component id="oc-d2">
         <name>.debug_info</name>
         <load_address>0x467e</load_address>
         <run_address>0x467e</run_address>
         <size>0x83</size>
         <input_file_ref idref="fl-13a"/>
      </object_component>
      <object_component id="oc-d8">
         <name>.debug_info</name>
         <load_address>0x4701</load_address>
         <run_address>0x4701</run_address>
         <size>0x46</size>
         <input_file_ref idref="fl-135"/>
      </object_component>
      <object_component id="oc-dd">
         <name>.debug_info</name>
         <load_address>0x4747</load_address>
         <run_address>0x4747</run_address>
         <size>0xe8</size>
         <input_file_ref idref="fl-135"/>
      </object_component>
      <object_component id="oc-de">
         <name>.debug_info</name>
         <load_address>0x482f</load_address>
         <run_address>0x482f</run_address>
         <size>0x2c</size>
         <input_file_ref idref="fl-136"/>
      </object_component>
      <object_component id="oc-e5">
         <name>.debug_info</name>
         <load_address>0x485b</load_address>
         <run_address>0x485b</run_address>
         <size>0x84</size>
         <input_file_ref idref="fl-136"/>
      </object_component>
      <object_component id="oc-ed">
         <name>.debug_info</name>
         <load_address>0x48df</load_address>
         <run_address>0x48df</run_address>
         <size>0x18b</size>
         <input_file_ref idref="fl-13f"/>
      </object_component>
      <object_component id="oc-f2">
         <name>.debug_info</name>
         <load_address>0x4a6a</load_address>
         <run_address>0x4a6a</run_address>
         <size>0x22a</size>
         <input_file_ref idref="fl-140"/>
      </object_component>
      <object_component id="oc-f4">
         <name>.debug_info</name>
         <load_address>0x4c94</load_address>
         <run_address>0x4c94</run_address>
         <size>0x111</size>
         <input_file_ref idref="fl-142"/>
      </object_component>
      <object_component id="oc-f6">
         <name>.debug_info</name>
         <load_address>0x4da5</load_address>
         <run_address>0x4da5</run_address>
         <size>0x1db</size>
         <input_file_ref idref="fl-142"/>
      </object_component>
      <object_component id="oc-f8">
         <name>.debug_info</name>
         <load_address>0x4f80</load_address>
         <run_address>0x4f80</run_address>
         <size>0x21f</size>
         <input_file_ref idref="fl-142"/>
      </object_component>
      <object_component id="oc-fd">
         <name>.debug_info</name>
         <load_address>0x519f</load_address>
         <run_address>0x519f</run_address>
         <size>0x322</size>
         <input_file_ref idref="fl-142"/>
      </object_component>
      <object_component id="oc-103">
         <name>.debug_info</name>
         <load_address>0x54c1</load_address>
         <run_address>0x54c1</run_address>
         <size>0x103</size>
         <input_file_ref idref="fl-140"/>
      </object_component>
      <object_component id="oc-106">
         <name>.debug_info</name>
         <load_address>0x55c4</load_address>
         <run_address>0x55c4</run_address>
         <size>0x243</size>
         <input_file_ref idref="fl-13f"/>
      </object_component>
      <object_component id="oc-10b">
         <name>.debug_info</name>
         <load_address>0x5807</load_address>
         <run_address>0x5807</run_address>
         <size>0x1b3</size>
         <input_file_ref idref="fl-13f"/>
      </object_component>
      <object_component id="oc-110">
         <name>.debug_info</name>
         <load_address>0x59ba</load_address>
         <run_address>0x59ba</run_address>
         <size>0x1d2</size>
         <input_file_ref idref="fl-13f"/>
      </object_component>
      <object_component id="oc-114">
         <name>.debug_info</name>
         <load_address>0x5b8c</load_address>
         <run_address>0x5b8c</run_address>
         <size>0x17e</size>
         <input_file_ref idref="fl-143"/>
      </object_component>
      <object_component id="oc-119">
         <name>.debug_info</name>
         <load_address>0x5d0a</load_address>
         <run_address>0x5d0a</run_address>
         <size>0x90</size>
         <input_file_ref idref="fl-13f"/>
      </object_component>
      <object_component id="oc-11f">
         <name>.debug_info</name>
         <load_address>0x5d9a</load_address>
         <run_address>0x5d9a</run_address>
         <size>0x1c6</size>
         <input_file_ref idref="fl-141"/>
      </object_component>
      <object_component id="oc-121">
         <name>.debug_info</name>
         <load_address>0x5f60</load_address>
         <run_address>0x5f60</run_address>
         <size>0x1be</size>
         <input_file_ref idref="fl-141"/>
      </object_component>
      <object_component id="oc-127">
         <name>.debug_info</name>
         <load_address>0x611e</load_address>
         <run_address>0x611e</run_address>
         <size>0x1f3</size>
         <input_file_ref idref="fl-142"/>
      </object_component>
      <object_component id="oc-12c">
         <name>.debug_info</name>
         <load_address>0x6311</load_address>
         <run_address>0x6311</run_address>
         <size>0x42f</size>
         <input_file_ref idref="fl-2"/>
      </object_component>
      <object_component id="oc-131">
         <name>.debug_info</name>
         <load_address>0x6740</load_address>
         <run_address>0x6740</run_address>
         <size>0x20f</size>
         <input_file_ref idref="fl-142"/>
      </object_component>
      <object_component id="oc-136">
         <name>.debug_info</name>
         <load_address>0x694f</load_address>
         <run_address>0x694f</run_address>
         <size>0x1ac</size>
         <input_file_ref idref="fl-6"/>
      </object_component>
      <object_component id="oc-139">
         <name>.debug_info</name>
         <load_address>0x6afb</load_address>
         <run_address>0x6afb</run_address>
         <size>0x143</size>
         <input_file_ref idref="fl-13e"/>
      </object_component>
      <object_component id="oc-13b">
         <name>.debug_info</name>
         <load_address>0x6c3e</load_address>
         <run_address>0x6c3e</run_address>
         <size>0x37b</size>
         <input_file_ref idref="fl-140"/>
      </object_component>
      <object_component id="oc-141">
         <name>.debug_info</name>
         <load_address>0x6fb9</load_address>
         <run_address>0x6fb9</run_address>
         <size>0x1ba</size>
         <input_file_ref idref="fl-13b"/>
      </object_component>
      <object_component id="oc-146">
         <name>.debug_info</name>
         <load_address>0x7173</load_address>
         <run_address>0x7173</run_address>
         <size>0xd4</size>
         <input_file_ref idref="fl-13b"/>
      </object_component>
      <object_component id="oc-149">
         <name>.debug_info</name>
         <load_address>0x7247</load_address>
         <run_address>0x7247</run_address>
         <size>0x131</size>
         <input_file_ref idref="fl-138"/>
      </object_component>
      <object_component id="oc-150">
         <name>.debug_info</name>
         <load_address>0x7378</load_address>
         <run_address>0x7378</run_address>
         <size>0x5f</size>
         <input_file_ref idref="fl-140"/>
      </object_component>
      <object_component id="oc-168">
         <name>.debug_info</name>
         <load_address>0x73d7</load_address>
         <run_address>0x73d7</run_address>
         <size>0xd3</size>
         <input_file_ref idref="fl-2"/>
      </object_component>
      <object_component id="oc-16e">
         <name>.debug_info</name>
         <load_address>0x74aa</load_address>
         <run_address>0x74aa</run_address>
         <size>0xcd</size>
         <input_file_ref idref="fl-13e"/>
      </object_component>
      <object_component id="oc-19a">
         <name>.debug_info</name>
         <load_address>0x7577</load_address>
         <run_address>0x7577</run_address>
         <size>0xbc</size>
      </object_component>
      <object_component id="oc-12">
         <name>.debug_line</name>
         <load_address>0x0</load_address>
         <run_address>0x0</run_address>
         <size>0x4f</size>
         <input_file_ref idref="fl-134"/>
      </object_component>
      <object_component id="oc-16">
         <name>.debug_line</name>
         <load_address>0x4f</load_address>
         <run_address>0x4f</run_address>
         <size>0x4d</size>
         <input_file_ref idref="fl-135"/>
      </object_component>
      <object_component id="oc-1e">
         <name>.debug_line</name>
         <load_address>0x9c</load_address>
         <run_address>0x9c</run_address>
         <size>0x4c</size>
         <input_file_ref idref="fl-136"/>
      </object_component>
      <object_component id="oc-23">
         <name>.debug_line</name>
         <load_address>0xe8</load_address>
         <run_address>0xe8</run_address>
         <size>0x94</size>
         <input_file_ref idref="fl-3"/>
      </object_component>
      <object_component id="oc-28">
         <name>.debug_line</name>
         <load_address>0x17c</load_address>
         <run_address>0x17c</run_address>
         <size>0xc3</size>
         <input_file_ref idref="fl-5"/>
      </object_component>
      <object_component id="oc-2c">
         <name>.debug_line</name>
         <load_address>0x23f</load_address>
         <run_address>0x23f</run_address>
         <size>0x34</size>
         <input_file_ref idref="fl-3"/>
      </object_component>
      <object_component id="oc-30">
         <name>.debug_line</name>
         <load_address>0x273</load_address>
         <run_address>0x273</run_address>
         <size>0x87</size>
         <input_file_ref idref="fl-13d"/>
      </object_component>
      <object_component id="oc-34">
         <name>.debug_line</name>
         <load_address>0x2fa</load_address>
         <run_address>0x2fa</run_address>
         <size>0x42</size>
         <input_file_ref idref="fl-13c"/>
      </object_component>
      <object_component id="oc-38">
         <name>.debug_line</name>
         <load_address>0x33c</load_address>
         <run_address>0x33c</run_address>
         <size>0x71</size>
         <input_file_ref idref="fl-138"/>
      </object_component>
      <object_component id="oc-3f">
         <name>.debug_line</name>
         <load_address>0x3ad</load_address>
         <run_address>0x3ad</run_address>
         <size>0x88</size>
         <input_file_ref idref="fl-139"/>
      </object_component>
      <object_component id="oc-44">
         <name>.debug_line</name>
         <load_address>0x435</load_address>
         <run_address>0x435</run_address>
         <size>0x3a</size>
         <input_file_ref idref="fl-135"/>
      </object_component>
      <object_component id="oc-4f">
         <name>.debug_line</name>
         <load_address>0x46f</load_address>
         <run_address>0x46f</run_address>
         <size>0x58</size>
         <input_file_ref idref="fl-136"/>
      </object_component>
      <object_component id="oc-55">
         <name>.debug_line</name>
         <load_address>0x4c7</load_address>
         <run_address>0x4c7</run_address>
         <size>0x39</size>
         <input_file_ref idref="fl-136"/>
      </object_component>
      <object_component id="oc-5b">
         <name>.debug_line</name>
         <load_address>0x500</load_address>
         <run_address>0x500</run_address>
         <size>0x6f</size>
         <input_file_ref idref="fl-140"/>
      </object_component>
      <object_component id="oc-60">
         <name>.debug_line</name>
         <load_address>0x56f</load_address>
         <run_address>0x56f</run_address>
         <size>0x82</size>
         <input_file_ref idref="fl-142"/>
      </object_component>
      <object_component id="oc-65">
         <name>.debug_line</name>
         <load_address>0x5f1</load_address>
         <run_address>0x5f1</run_address>
         <size>0x6e</size>
         <input_file_ref idref="fl-142"/>
      </object_component>
      <object_component id="oc-6a">
         <name>.debug_line</name>
         <load_address>0x65f</load_address>
         <run_address>0x65f</run_address>
         <size>0xf3</size>
         <input_file_ref idref="fl-140"/>
      </object_component>
      <object_component id="oc-6f">
         <name>.debug_line</name>
         <load_address>0x752</load_address>
         <run_address>0x752</run_address>
         <size>0x7f</size>
         <input_file_ref idref="fl-13f"/>
      </object_component>
      <object_component id="oc-74">
         <name>.debug_line</name>
         <load_address>0x7d1</load_address>
         <run_address>0x7d1</run_address>
         <size>0x6d</size>
         <input_file_ref idref="fl-13f"/>
      </object_component>
      <object_component id="oc-79">
         <name>.debug_line</name>
         <load_address>0x83e</load_address>
         <run_address>0x83e</run_address>
         <size>0x6d</size>
         <input_file_ref idref="fl-13f"/>
      </object_component>
      <object_component id="oc-7e">
         <name>.debug_line</name>
         <load_address>0x8ab</load_address>
         <run_address>0x8ab</run_address>
         <size>0x72</size>
         <input_file_ref idref="fl-141"/>
      </object_component>
      <object_component id="oc-83">
         <name>.debug_line</name>
         <load_address>0x91d</load_address>
         <run_address>0x91d</run_address>
         <size>0x9b</size>
         <input_file_ref idref="fl-141"/>
      </object_component>
      <object_component id="oc-88">
         <name>.debug_line</name>
         <load_address>0x9b8</load_address>
         <run_address>0x9b8</run_address>
         <size>0x6d</size>
         <input_file_ref idref="fl-13f"/>
      </object_component>
      <object_component id="oc-8d">
         <name>.debug_line</name>
         <load_address>0xa25</load_address>
         <run_address>0xa25</run_address>
         <size>0x6d</size>
         <input_file_ref idref="fl-13f"/>
      </object_component>
      <object_component id="oc-92">
         <name>.debug_line</name>
         <load_address>0xa92</load_address>
         <run_address>0xa92</run_address>
         <size>0x6d</size>
         <input_file_ref idref="fl-13f"/>
      </object_component>
      <object_component id="oc-97">
         <name>.debug_line</name>
         <load_address>0xaff</load_address>
         <run_address>0xaff</run_address>
         <size>0x6d</size>
         <input_file_ref idref="fl-13f"/>
      </object_component>
      <object_component id="oc-9c">
         <name>.debug_line</name>
         <load_address>0xb6c</load_address>
         <run_address>0xb6c</run_address>
         <size>0x1ad</size>
         <input_file_ref idref="fl-6"/>
      </object_component>
      <object_component id="oc-a1">
         <name>.debug_line</name>
         <load_address>0xd19</load_address>
         <run_address>0xd19</run_address>
         <size>0x6d</size>
         <input_file_ref idref="fl-13f"/>
      </object_component>
      <object_component id="oc-a7">
         <name>.debug_line</name>
         <load_address>0xd86</load_address>
         <run_address>0xd86</run_address>
         <size>0x59</size>
         <input_file_ref idref="fl-2"/>
      </object_component>
      <object_component id="oc-ac">
         <name>.debug_line</name>
         <load_address>0xddf</load_address>
         <run_address>0xddf</run_address>
         <size>0x20</size>
         <input_file_ref idref="fl-2"/>
      </object_component>
      <object_component id="oc-b0">
         <name>.debug_line</name>
         <load_address>0xdff</load_address>
         <run_address>0xdff</run_address>
         <size>0x34</size>
         <input_file_ref idref="fl-3"/>
      </object_component>
      <object_component id="oc-b3">
         <name>.debug_line</name>
         <load_address>0xe33</load_address>
         <run_address>0xe33</run_address>
         <size>0x20</size>
         <input_file_ref idref="fl-3"/>
      </object_component>
      <object_component id="oc-b8">
         <name>.debug_line</name>
         <load_address>0xe53</load_address>
         <run_address>0xe53</run_address>
         <size>0x43</size>
         <input_file_ref idref="fl-13e"/>
      </object_component>
      <object_component id="oc-bd">
         <name>.debug_line</name>
         <load_address>0xe96</load_address>
         <run_address>0xe96</run_address>
         <size>0x47</size>
         <input_file_ref idref="fl-4"/>
      </object_component>
      <object_component id="oc-c3">
         <name>.debug_line</name>
         <load_address>0xedd</load_address>
         <run_address>0xedd</run_address>
         <size>0x20</size>
         <input_file_ref idref="fl-13c"/>
      </object_component>
      <object_component id="oc-cd">
         <name>.debug_line</name>
         <load_address>0xefd</load_address>
         <run_address>0xefd</run_address>
         <size>0x20</size>
         <input_file_ref idref="fl-135"/>
      </object_component>
      <object_component id="oc-d1">
         <name>.debug_line</name>
         <load_address>0xf1d</load_address>
         <run_address>0xf1d</run_address>
         <size>0x33</size>
         <input_file_ref idref="fl-13a"/>
      </object_component>
      <object_component id="oc-d4">
         <name>.debug_line</name>
         <load_address>0xf50</load_address>
         <run_address>0xf50</run_address>
         <size>0x20</size>
         <input_file_ref idref="fl-13a"/>
      </object_component>
      <object_component id="oc-da">
         <name>.debug_line</name>
         <load_address>0xf70</load_address>
         <run_address>0xf70</run_address>
         <size>0x44</size>
         <input_file_ref idref="fl-135"/>
      </object_component>
      <object_component id="oc-e0">
         <name>.debug_line</name>
         <load_address>0xfb4</load_address>
         <run_address>0xfb4</run_address>
         <size>0x44</size>
         <input_file_ref idref="fl-136"/>
      </object_component>
      <object_component id="oc-e7">
         <name>.debug_line</name>
         <load_address>0xff8</load_address>
         <run_address>0xff8</run_address>
         <size>0x20</size>
         <input_file_ref idref="fl-136"/>
      </object_component>
      <object_component id="oc-eb">
         <name>.debug_line</name>
         <load_address>0x1018</load_address>
         <run_address>0x1018</run_address>
         <size>0x20</size>
         <input_file_ref idref="fl-136"/>
      </object_component>
      <object_component id="oc-ef">
         <name>.debug_line</name>
         <load_address>0x1038</load_address>
         <run_address>0x1038</run_address>
         <size>0x59</size>
         <input_file_ref idref="fl-13f"/>
      </object_component>
      <object_component id="oc-f9">
         <name>.debug_line</name>
         <load_address>0x1091</load_address>
         <run_address>0x1091</run_address>
         <size>0x70</size>
         <input_file_ref idref="fl-142"/>
      </object_component>
      <object_component id="oc-fe">
         <name>.debug_line</name>
         <load_address>0x1101</load_address>
         <run_address>0x1101</run_address>
         <size>0xb1</size>
         <input_file_ref idref="fl-142"/>
      </object_component>
      <object_component id="oc-107">
         <name>.debug_line</name>
         <load_address>0x11b2</load_address>
         <run_address>0x11b2</run_address>
         <size>0x6f</size>
         <input_file_ref idref="fl-13f"/>
      </object_component>
      <object_component id="oc-10c">
         <name>.debug_line</name>
         <load_address>0x1221</load_address>
         <run_address>0x1221</run_address>
         <size>0x6e</size>
         <input_file_ref idref="fl-13f"/>
      </object_component>
      <object_component id="oc-115">
         <name>.debug_line</name>
         <load_address>0x128f</load_address>
         <run_address>0x128f</run_address>
         <size>0x6c</size>
         <input_file_ref idref="fl-143"/>
      </object_component>
      <object_component id="oc-11b">
         <name>.debug_line</name>
         <load_address>0x12fb</load_address>
         <run_address>0x12fb</run_address>
         <size>0x20</size>
         <input_file_ref idref="fl-13f"/>
      </object_component>
      <object_component id="oc-128">
         <name>.debug_line</name>
         <load_address>0x131b</load_address>
         <run_address>0x131b</run_address>
         <size>0x74</size>
         <input_file_ref idref="fl-142"/>
      </object_component>
      <object_component id="oc-12d">
         <name>.debug_line</name>
         <load_address>0x138f</load_address>
         <run_address>0x138f</run_address>
         <size>0xb2</size>
         <input_file_ref idref="fl-2"/>
      </object_component>
      <object_component id="oc-132">
         <name>.debug_line</name>
         <load_address>0x1441</load_address>
         <run_address>0x1441</run_address>
         <size>0x6d</size>
         <input_file_ref idref="fl-142"/>
      </object_component>
      <object_component id="oc-13c">
         <name>.debug_line</name>
         <load_address>0x14ae</load_address>
         <run_address>0x14ae</run_address>
         <size>0xbb</size>
         <input_file_ref idref="fl-140"/>
      </object_component>
      <object_component id="oc-142">
         <name>.debug_line</name>
         <load_address>0x1569</load_address>
         <run_address>0x1569</run_address>
         <size>0x60</size>
         <input_file_ref idref="fl-13b"/>
      </object_component>
      <object_component id="oc-145">
         <name>.debug_line</name>
         <load_address>0x15c9</load_address>
         <run_address>0x15c9</run_address>
         <size>0x2b</size>
         <input_file_ref idref="fl-13b"/>
      </object_component>
      <object_component id="oc-148">
         <name>.debug_line</name>
         <load_address>0x15f4</load_address>
         <run_address>0x15f4</run_address>
         <size>0x2a</size>
         <input_file_ref idref="fl-138"/>
      </object_component>
      <object_component id="oc-14b">
         <name>.debug_line</name>
         <load_address>0x161e</load_address>
         <run_address>0x161e</run_address>
         <size>0x20</size>
         <input_file_ref idref="fl-135"/>
      </object_component>
      <object_component id="oc-14f">
         <name>.debug_line</name>
         <load_address>0x163e</load_address>
         <run_address>0x163e</run_address>
         <size>0xce</size>
         <input_file_ref idref="fl-140"/>
      </object_component>
      <object_component id="oc-152">
         <name>.debug_line</name>
         <load_address>0x170c</load_address>
         <run_address>0x170c</run_address>
         <size>0x5a</size>
         <input_file_ref idref="fl-140"/>
      </object_component>
      <object_component id="oc-156">
         <name>.debug_line</name>
         <load_address>0x1766</load_address>
         <run_address>0x1766</run_address>
         <size>0x58</size>
         <input_file_ref idref="fl-142"/>
      </object_component>
      <object_component id="oc-158">
         <name>.debug_line</name>
         <load_address>0x17be</load_address>
         <run_address>0x17be</run_address>
         <size>0x5d</size>
         <input_file_ref idref="fl-142"/>
      </object_component>
      <object_component id="oc-15c">
         <name>.debug_line</name>
         <load_address>0x181b</load_address>
         <run_address>0x181b</run_address>
         <size>0x5a</size>
         <input_file_ref idref="fl-140"/>
      </object_component>
      <object_component id="oc-160">
         <name>.debug_line</name>
         <load_address>0x1875</load_address>
         <run_address>0x1875</run_address>
         <size>0x5d</size>
         <input_file_ref idref="fl-13f"/>
      </object_component>
      <object_component id="oc-163">
         <name>.debug_line</name>
         <load_address>0x18d2</load_address>
         <run_address>0x18d2</run_address>
         <size>0x5d</size>
         <input_file_ref idref="fl-141"/>
      </object_component>
      <object_component id="oc-165">
         <name>.debug_line</name>
         <load_address>0x192f</load_address>
         <run_address>0x192f</run_address>
         <size>0x57</size>
         <input_file_ref idref="fl-141"/>
      </object_component>
      <object_component id="oc-16b">
         <name>.debug_line</name>
         <load_address>0x1986</load_address>
         <run_address>0x1986</run_address>
         <size>0xa2</size>
         <input_file_ref idref="fl-6"/>
      </object_component>
      <object_component id="oc-16d">
         <name>.debug_line</name>
         <load_address>0x1a28</load_address>
         <run_address>0x1a28</run_address>
         <size>0x51</size>
         <input_file_ref idref="fl-13e"/>
      </object_component>
      <object_component id="oc-170">
         <name>.debug_line</name>
         <load_address>0x1a79</load_address>
         <run_address>0x1a79</run_address>
         <size>0x45</size>
         <input_file_ref idref="fl-13e"/>
      </object_component>
      <object_component id="oc-177">
         <name>.debug_line</name>
         <load_address>0x1abe</load_address>
         <run_address>0x1abe</run_address>
         <size>0x20</size>
         <input_file_ref idref="fl-13b"/>
      </object_component>
      <object_component id="oc-179">
         <name>.debug_line</name>
         <load_address>0x1ade</load_address>
         <run_address>0x1ade</run_address>
         <size>0x43</size>
         <input_file_ref idref="fl-138"/>
      </object_component>
      <object_component id="oc-17b">
         <name>.debug_line</name>
         <load_address>0x1b21</load_address>
         <run_address>0x1b21</run_address>
         <size>0x20</size>
         <input_file_ref idref="fl-2"/>
      </object_component>
      <object_component id="oc-13">
         <name>.debug_aranges</name>
         <load_address>0x0</load_address>
         <run_address>0x0</run_address>
         <size>0x20</size>
         <input_file_ref idref="fl-134"/>
      </object_component>
      <object_component id="oc-17">
         <name>.debug_aranges</name>
         <load_address>0x20</load_address>
         <run_address>0x20</run_address>
         <size>0x20</size>
         <input_file_ref idref="fl-135"/>
      </object_component>
      <object_component id="oc-1f">
         <name>.debug_aranges</name>
         <load_address>0x40</load_address>
         <run_address>0x40</run_address>
         <size>0x20</size>
         <input_file_ref idref="fl-136"/>
      </object_component>
      <object_component id="oc-25">
         <name>.debug_aranges</name>
         <load_address>0x60</load_address>
         <run_address>0x60</run_address>
         <size>0x38</size>
         <input_file_ref idref="fl-3"/>
      </object_component>
      <object_component id="oc-2a">
         <name>.debug_aranges</name>
         <load_address>0x98</load_address>
         <run_address>0x98</run_address>
         <size>0x28</size>
         <input_file_ref idref="fl-5"/>
      </object_component>
      <object_component id="oc-31">
         <name>.debug_aranges</name>
         <load_address>0xc0</load_address>
         <run_address>0xc0</run_address>
         <size>0x28</size>
         <input_file_ref idref="fl-13d"/>
      </object_component>
      <object_component id="oc-35">
         <name>.debug_aranges</name>
         <load_address>0xe8</load_address>
         <run_address>0xe8</run_address>
         <size>0x20</size>
         <input_file_ref idref="fl-13c"/>
      </object_component>
      <object_component id="oc-39">
         <name>.debug_aranges</name>
         <load_address>0x108</load_address>
         <run_address>0x108</run_address>
         <size>0x30</size>
         <input_file_ref idref="fl-138"/>
      </object_component>
      <object_component id="oc-40">
         <name>.debug_aranges</name>
         <load_address>0x138</load_address>
         <run_address>0x138</run_address>
         <size>0x20</size>
         <input_file_ref idref="fl-139"/>
      </object_component>
      <object_component id="oc-50">
         <name>.debug_aranges</name>
         <load_address>0x158</load_address>
         <run_address>0x158</run_address>
         <size>0x20</size>
         <input_file_ref idref="fl-136"/>
      </object_component>
      <object_component id="oc-5d">
         <name>.debug_aranges</name>
         <load_address>0x178</load_address>
         <run_address>0x178</run_address>
         <size>0x20</size>
         <input_file_ref idref="fl-140"/>
      </object_component>
      <object_component id="oc-62">
         <name>.debug_aranges</name>
         <load_address>0x198</load_address>
         <run_address>0x198</run_address>
         <size>0x20</size>
         <input_file_ref idref="fl-142"/>
      </object_component>
      <object_component id="oc-67">
         <name>.debug_aranges</name>
         <load_address>0x1b8</load_address>
         <run_address>0x1b8</run_address>
         <size>0x20</size>
         <input_file_ref idref="fl-142"/>
      </object_component>
      <object_component id="oc-6c">
         <name>.debug_aranges</name>
         <load_address>0x1d8</load_address>
         <run_address>0x1d8</run_address>
         <size>0x20</size>
         <input_file_ref idref="fl-140"/>
      </object_component>
      <object_component id="oc-71">
         <name>.debug_aranges</name>
         <load_address>0x1f8</load_address>
         <run_address>0x1f8</run_address>
         <size>0x20</size>
         <input_file_ref idref="fl-13f"/>
      </object_component>
      <object_component id="oc-76">
         <name>.debug_aranges</name>
         <load_address>0x218</load_address>
         <run_address>0x218</run_address>
         <size>0x20</size>
         <input_file_ref idref="fl-13f"/>
      </object_component>
      <object_component id="oc-7b">
         <name>.debug_aranges</name>
         <load_address>0x238</load_address>
         <run_address>0x238</run_address>
         <size>0x20</size>
         <input_file_ref idref="fl-13f"/>
      </object_component>
      <object_component id="oc-80">
         <name>.debug_aranges</name>
         <load_address>0x258</load_address>
         <run_address>0x258</run_address>
         <size>0x20</size>
         <input_file_ref idref="fl-141"/>
      </object_component>
      <object_component id="oc-85">
         <name>.debug_aranges</name>
         <load_address>0x278</load_address>
         <run_address>0x278</run_address>
         <size>0x20</size>
         <input_file_ref idref="fl-141"/>
      </object_component>
      <object_component id="oc-8a">
         <name>.debug_aranges</name>
         <load_address>0x298</load_address>
         <run_address>0x298</run_address>
         <size>0x20</size>
         <input_file_ref idref="fl-13f"/>
      </object_component>
      <object_component id="oc-8f">
         <name>.debug_aranges</name>
         <load_address>0x2b8</load_address>
         <run_address>0x2b8</run_address>
         <size>0x20</size>
         <input_file_ref idref="fl-13f"/>
      </object_component>
      <object_component id="oc-94">
         <name>.debug_aranges</name>
         <load_address>0x2d8</load_address>
         <run_address>0x2d8</run_address>
         <size>0x20</size>
         <input_file_ref idref="fl-13f"/>
      </object_component>
      <object_component id="oc-99">
         <name>.debug_aranges</name>
         <load_address>0x2f8</load_address>
         <run_address>0x2f8</run_address>
         <size>0x20</size>
         <input_file_ref idref="fl-13f"/>
      </object_component>
      <object_component id="oc-9e">
         <name>.debug_aranges</name>
         <load_address>0x318</load_address>
         <run_address>0x318</run_address>
         <size>0x50</size>
         <input_file_ref idref="fl-6"/>
      </object_component>
      <object_component id="oc-a3">
         <name>.debug_aranges</name>
         <load_address>0x368</load_address>
         <run_address>0x368</run_address>
         <size>0x20</size>
         <input_file_ref idref="fl-13f"/>
      </object_component>
      <object_component id="oc-b9">
         <name>.debug_aranges</name>
         <load_address>0x388</load_address>
         <run_address>0x388</run_address>
         <size>0x20</size>
         <input_file_ref idref="fl-13e"/>
      </object_component>
      <object_component id="oc-bf">
         <name>.debug_aranges</name>
         <load_address>0x3a8</load_address>
         <run_address>0x3a8</run_address>
         <size>0x20</size>
         <input_file_ref idref="fl-4"/>
      </object_component>
      <object_component id="oc-fb">
         <name>.debug_aranges</name>
         <load_address>0x3c8</load_address>
         <run_address>0x3c8</run_address>
         <size>0x20</size>
         <input_file_ref idref="fl-142"/>
      </object_component>
      <object_component id="oc-100">
         <name>.debug_aranges</name>
         <load_address>0x3e8</load_address>
         <run_address>0x3e8</run_address>
         <size>0x20</size>
         <input_file_ref idref="fl-142"/>
      </object_component>
      <object_component id="oc-109">
         <name>.debug_aranges</name>
         <load_address>0x408</load_address>
         <run_address>0x408</run_address>
         <size>0x20</size>
         <input_file_ref idref="fl-13f"/>
      </object_component>
      <object_component id="oc-10e">
         <name>.debug_aranges</name>
         <load_address>0x428</load_address>
         <run_address>0x428</run_address>
         <size>0x20</size>
         <input_file_ref idref="fl-13f"/>
      </object_component>
      <object_component id="oc-117">
         <name>.debug_aranges</name>
         <load_address>0x448</load_address>
         <run_address>0x448</run_address>
         <size>0x20</size>
         <input_file_ref idref="fl-143"/>
      </object_component>
      <object_component id="oc-12a">
         <name>.debug_aranges</name>
         <load_address>0x468</load_address>
         <run_address>0x468</run_address>
         <size>0x20</size>
         <input_file_ref idref="fl-142"/>
      </object_component>
      <object_component id="oc-12f">
         <name>.debug_aranges</name>
         <load_address>0x488</load_address>
         <run_address>0x488</run_address>
         <size>0x38</size>
         <input_file_ref idref="fl-2"/>
      </object_component>
      <object_component id="oc-134">
         <name>.debug_aranges</name>
         <load_address>0x4c0</load_address>
         <run_address>0x4c0</run_address>
         <size>0x20</size>
         <input_file_ref idref="fl-142"/>
      </object_component>
      <object_component id="oc-13e">
         <name>.debug_aranges</name>
         <load_address>0x4e0</load_address>
         <run_address>0x4e0</run_address>
         <size>0x20</size>
         <input_file_ref idref="fl-140"/>
      </object_component>
      <object_component id="oc-143">
         <name>.debug_aranges</name>
         <load_address>0x500</load_address>
         <run_address>0x500</run_address>
         <size>0x30</size>
         <input_file_ref idref="fl-13b"/>
      </object_component>
      <object_component id="oc-24">
         <name>.debug_frame</name>
         <load_address>0x0</load_address>
         <run_address>0x0</run_address>
         <size>0xb2</size>
         <input_file_ref idref="fl-3"/>
      </object_component>
      <object_component id="oc-29">
         <name>.debug_frame</name>
         <load_address>0xb2</load_address>
         <run_address>0xb2</run_address>
         <size>0xa5</size>
         <input_file_ref idref="fl-5"/>
      </object_component>
      <object_component id="oc-5c">
         <name>.debug_frame</name>
         <load_address>0x157</load_address>
         <run_address>0x157</run_address>
         <size>0x7f</size>
         <input_file_ref idref="fl-140"/>
      </object_component>
      <object_component id="oc-61">
         <name>.debug_frame</name>
         <load_address>0x1d6</load_address>
         <run_address>0x1d6</run_address>
         <size>0x87</size>
         <input_file_ref idref="fl-142"/>
      </object_component>
      <object_component id="oc-66">
         <name>.debug_frame</name>
         <load_address>0x25d</load_address>
         <run_address>0x25d</run_address>
         <size>0x87</size>
         <input_file_ref idref="fl-142"/>
      </object_component>
      <object_component id="oc-6b">
         <name>.debug_frame</name>
         <load_address>0x2e4</load_address>
         <run_address>0x2e4</run_address>
         <size>0x90</size>
         <input_file_ref idref="fl-140"/>
      </object_component>
      <object_component id="oc-70">
         <name>.debug_frame</name>
         <load_address>0x374</load_address>
         <run_address>0x374</run_address>
         <size>0x8b</size>
         <input_file_ref idref="fl-13f"/>
      </object_component>
      <object_component id="oc-75">
         <name>.debug_frame</name>
         <load_address>0x3ff</load_address>
         <run_address>0x3ff</run_address>
         <size>0x7f</size>
         <input_file_ref idref="fl-13f"/>
      </object_component>
      <object_component id="oc-7a">
         <name>.debug_frame</name>
         <load_address>0x47e</load_address>
         <run_address>0x47e</run_address>
         <size>0x7f</size>
         <input_file_ref idref="fl-13f"/>
      </object_component>
      <object_component id="oc-7f">
         <name>.debug_frame</name>
         <load_address>0x4fd</load_address>
         <run_address>0x4fd</run_address>
         <size>0x87</size>
         <input_file_ref idref="fl-141"/>
      </object_component>
      <object_component id="oc-84">
         <name>.debug_frame</name>
         <load_address>0x584</load_address>
         <run_address>0x584</run_address>
         <size>0x7f</size>
         <input_file_ref idref="fl-141"/>
      </object_component>
      <object_component id="oc-89">
         <name>.debug_frame</name>
         <load_address>0x603</load_address>
         <run_address>0x603</run_address>
         <size>0x7f</size>
         <input_file_ref idref="fl-13f"/>
      </object_component>
      <object_component id="oc-8e">
         <name>.debug_frame</name>
         <load_address>0x682</load_address>
         <run_address>0x682</run_address>
         <size>0x7f</size>
         <input_file_ref idref="fl-13f"/>
      </object_component>
      <object_component id="oc-93">
         <name>.debug_frame</name>
         <load_address>0x701</load_address>
         <run_address>0x701</run_address>
         <size>0x7f</size>
         <input_file_ref idref="fl-13f"/>
      </object_component>
      <object_component id="oc-98">
         <name>.debug_frame</name>
         <load_address>0x780</load_address>
         <run_address>0x780</run_address>
         <size>0x7f</size>
         <input_file_ref idref="fl-13f"/>
      </object_component>
      <object_component id="oc-9d">
         <name>.debug_frame</name>
         <load_address>0x7ff</load_address>
         <run_address>0x7ff</run_address>
         <size>0x122</size>
         <input_file_ref idref="fl-6"/>
      </object_component>
      <object_component id="oc-a2">
         <name>.debug_frame</name>
         <load_address>0x921</load_address>
         <run_address>0x921</run_address>
         <size>0x7f</size>
         <input_file_ref idref="fl-13f"/>
      </object_component>
      <object_component id="oc-be">
         <name>.debug_frame</name>
         <load_address>0x9a0</load_address>
         <run_address>0x9a0</run_address>
         <size>0x86</size>
         <input_file_ref idref="fl-4"/>
      </object_component>
      <object_component id="oc-fa">
         <name>.debug_frame</name>
         <load_address>0xa26</load_address>
         <run_address>0xa26</run_address>
         <size>0x7f</size>
         <input_file_ref idref="fl-142"/>
      </object_component>
      <object_component id="oc-ff">
         <name>.debug_frame</name>
         <load_address>0xaa5</load_address>
         <run_address>0xaa5</run_address>
         <size>0x90</size>
         <input_file_ref idref="fl-142"/>
      </object_component>
      <object_component id="oc-108">
         <name>.debug_frame</name>
         <load_address>0xb35</load_address>
         <run_address>0xb35</run_address>
         <size>0x7f</size>
         <input_file_ref idref="fl-13f"/>
      </object_component>
      <object_component id="oc-10d">
         <name>.debug_frame</name>
         <load_address>0xbb4</load_address>
         <run_address>0xbb4</run_address>
         <size>0x7f</size>
         <input_file_ref idref="fl-13f"/>
      </object_component>
      <object_component id="oc-116">
         <name>.debug_frame</name>
         <load_address>0xc33</load_address>
         <run_address>0xc33</run_address>
         <size>0x7f</size>
         <input_file_ref idref="fl-143"/>
      </object_component>
      <object_component id="oc-129">
         <name>.debug_frame</name>
         <load_address>0xcb2</load_address>
         <run_address>0xcb2</run_address>
         <size>0x8b</size>
         <input_file_ref idref="fl-142"/>
      </object_component>
      <object_component id="oc-12e">
         <name>.debug_frame</name>
         <load_address>0xd3d</load_address>
         <run_address>0xd3d</run_address>
         <size>0xd0</size>
         <input_file_ref idref="fl-2"/>
      </object_component>
      <object_component id="oc-133">
         <name>.debug_frame</name>
         <load_address>0xe0d</load_address>
         <run_address>0xe0d</run_address>
         <size>0x7f</size>
         <input_file_ref idref="fl-142"/>
      </object_component>
      <object_component id="oc-13d">
         <name>.debug_frame</name>
         <load_address>0xe8c</load_address>
         <run_address>0xe8c</run_address>
         <size>0x8c</size>
         <input_file_ref idref="fl-140"/>
      </object_component>
      <object_component id="oc-2b">
         <name>.debug_abbrev</name>
         <load_address>0x0</load_address>
         <run_address>0x0</run_address>
         <size>0x29</size>
         <input_file_ref idref="fl-3"/>
      </object_component>
      <object_component id="oc-3c">
         <name>.debug_abbrev</name>
         <load_address>0x29</load_address>
         <run_address>0x29</run_address>
         <size>0x40</size>
         <input_file_ref idref="fl-134"/>
      </object_component>
      <object_component id="oc-41">
         <name>.debug_abbrev</name>
         <load_address>0x69</load_address>
         <run_address>0x69</run_address>
         <size>0x6b</size>
         <input_file_ref idref="fl-135"/>
      </object_component>
      <object_component id="oc-43">
         <name>.debug_abbrev</name>
         <load_address>0xd4</load_address>
         <run_address>0xd4</run_address>
         <size>0x24</size>
         <input_file_ref idref="fl-135"/>
      </object_component>
      <object_component id="oc-51">
         <name>.debug_abbrev</name>
         <load_address>0xf8</load_address>
         <run_address>0xf8</run_address>
         <size>0x6b</size>
         <input_file_ref idref="fl-136"/>
      </object_component>
      <object_component id="oc-54">
         <name>.debug_abbrev</name>
         <load_address>0x163</load_address>
         <run_address>0x163</run_address>
         <size>0x24</size>
         <input_file_ref idref="fl-136"/>
      </object_component>
      <object_component id="oc-58">
         <name>.debug_abbrev</name>
         <load_address>0x187</load_address>
         <run_address>0x187</run_address>
         <size>0xc5</size>
         <input_file_ref idref="fl-3"/>
      </object_component>
      <object_component id="oc-a4">
         <name>.debug_abbrev</name>
         <load_address>0x24c</load_address>
         <run_address>0x24c</run_address>
         <size>0x8b</size>
         <input_file_ref idref="fl-5"/>
      </object_component>
      <object_component id="oc-a6">
         <name>.debug_abbrev</name>
         <load_address>0x2d7</load_address>
         <run_address>0x2d7</run_address>
         <size>0x35</size>
         <input_file_ref idref="fl-2"/>
      </object_component>
      <object_component id="oc-ab">
         <name>.debug_abbrev</name>
         <load_address>0x30c</load_address>
         <run_address>0x30c</run_address>
         <size>0x23</size>
         <input_file_ref idref="fl-2"/>
      </object_component>
      <object_component id="oc-af">
         <name>.debug_abbrev</name>
         <load_address>0x32f</load_address>
         <run_address>0x32f</run_address>
         <size>0x71</size>
         <input_file_ref idref="fl-3"/>
      </object_component>
      <object_component id="oc-b2">
         <name>.debug_abbrev</name>
         <load_address>0x3a0</load_address>
         <run_address>0x3a0</run_address>
         <size>0x23</size>
         <input_file_ref idref="fl-3"/>
      </object_component>
      <object_component id="oc-ba">
         <name>.debug_abbrev</name>
         <load_address>0x3c3</load_address>
         <run_address>0x3c3</run_address>
         <size>0x86</size>
         <input_file_ref idref="fl-13d"/>
      </object_component>
      <object_component id="oc-c0">
         <name>.debug_abbrev</name>
         <load_address>0x449</load_address>
         <run_address>0x449</run_address>
         <size>0x5f</size>
         <input_file_ref idref="fl-13c"/>
      </object_component>
      <object_component id="oc-c2">
         <name>.debug_abbrev</name>
         <load_address>0x4a8</load_address>
         <run_address>0x4a8</run_address>
         <size>0x23</size>
         <input_file_ref idref="fl-13c"/>
      </object_component>
      <object_component id="oc-ca">
         <name>.debug_abbrev</name>
         <load_address>0x4cb</load_address>
         <run_address>0x4cb</run_address>
         <size>0xd5</size>
         <input_file_ref idref="fl-138"/>
      </object_component>
      <object_component id="oc-cc">
         <name>.debug_abbrev</name>
         <load_address>0x5a0</load_address>
         <run_address>0x5a0</run_address>
         <size>0x23</size>
         <input_file_ref idref="fl-135"/>
      </object_component>
      <object_component id="oc-d0">
         <name>.debug_abbrev</name>
         <load_address>0x5c3</load_address>
         <run_address>0x5c3</run_address>
         <size>0x27</size>
         <input_file_ref idref="fl-13a"/>
      </object_component>
      <object_component id="oc-d3">
         <name>.debug_abbrev</name>
         <load_address>0x5ea</load_address>
         <run_address>0x5ea</run_address>
         <size>0x1a</size>
         <input_file_ref idref="fl-13a"/>
      </object_component>
      <object_component id="oc-d7">
         <name>.debug_abbrev</name>
         <load_address>0x604</load_address>
         <run_address>0x604</run_address>
         <size>0x40</size>
         <input_file_ref idref="fl-139"/>
      </object_component>
      <object_component id="oc-d9">
         <name>.debug_abbrev</name>
         <load_address>0x644</load_address>
         <run_address>0x644</run_address>
         <size>0x24</size>
         <input_file_ref idref="fl-135"/>
      </object_component>
      <object_component id="oc-df">
         <name>.debug_abbrev</name>
         <load_address>0x668</load_address>
         <run_address>0x668</run_address>
         <size>0x24</size>
         <input_file_ref idref="fl-136"/>
      </object_component>
      <object_component id="oc-e4">
         <name>.debug_abbrev</name>
         <load_address>0x68c</load_address>
         <run_address>0x68c</run_address>
         <size>0x83</size>
         <input_file_ref idref="fl-136"/>
      </object_component>
      <object_component id="oc-e6">
         <name>.debug_abbrev</name>
         <load_address>0x70f</load_address>
         <run_address>0x70f</run_address>
         <size>0x1c</size>
         <input_file_ref idref="fl-136"/>
      </object_component>
      <object_component id="oc-ea">
         <name>.debug_abbrev</name>
         <load_address>0x72b</load_address>
         <run_address>0x72b</run_address>
         <size>0x2c</size>
         <input_file_ref idref="fl-136"/>
      </object_component>
      <object_component id="oc-ec">
         <name>.debug_abbrev</name>
         <load_address>0x757</load_address>
         <run_address>0x757</run_address>
         <size>0x6c</size>
         <input_file_ref idref="fl-140"/>
      </object_component>
      <object_component id="oc-ee">
         <name>.debug_abbrev</name>
         <load_address>0x7c3</load_address>
         <run_address>0x7c3</run_address>
         <size>0x35</size>
         <input_file_ref idref="fl-13f"/>
      </object_component>
      <object_component id="oc-f5">
         <name>.debug_abbrev</name>
         <load_address>0x7f8</load_address>
         <run_address>0x7f8</run_address>
         <size>0x6c</size>
         <input_file_ref idref="fl-142"/>
      </object_component>
      <object_component id="oc-101">
         <name>.debug_abbrev</name>
         <load_address>0x864</load_address>
         <run_address>0x864</run_address>
         <size>0x6c</size>
         <input_file_ref idref="fl-142"/>
      </object_component>
      <object_component id="oc-104">
         <name>.debug_abbrev</name>
         <load_address>0x8d0</load_address>
         <run_address>0x8d0</run_address>
         <size>0x60</size>
         <input_file_ref idref="fl-140"/>
      </object_component>
      <object_component id="oc-10f">
         <name>.debug_abbrev</name>
         <load_address>0x930</load_address>
         <run_address>0x930</run_address>
         <size>0x7a</size>
         <input_file_ref idref="fl-13f"/>
      </object_component>
      <object_component id="oc-111">
         <name>.debug_abbrev</name>
         <load_address>0x9aa</load_address>
         <run_address>0x9aa</run_address>
         <size>0x6c</size>
         <input_file_ref idref="fl-13f"/>
      </object_component>
      <object_component id="oc-112">
         <name>.debug_abbrev</name>
         <load_address>0xa16</load_address>
         <run_address>0xa16</run_address>
         <size>0x6c</size>
         <input_file_ref idref="fl-13f"/>
      </object_component>
      <object_component id="oc-118">
         <name>.debug_abbrev</name>
         <load_address>0xa82</load_address>
         <run_address>0xa82</run_address>
         <size>0x60</size>
         <input_file_ref idref="fl-141"/>
      </object_component>
      <object_component id="oc-11a">
         <name>.debug_abbrev</name>
         <load_address>0xae2</load_address>
         <run_address>0xae2</run_address>
         <size>0x23</size>
         <input_file_ref idref="fl-13f"/>
      </object_component>
      <object_component id="oc-120">
         <name>.debug_abbrev</name>
         <load_address>0xb05</load_address>
         <run_address>0xb05</run_address>
         <size>0x6c</size>
         <input_file_ref idref="fl-141"/>
      </object_component>
      <object_component id="oc-122">
         <name>.debug_abbrev</name>
         <load_address>0xb71</load_address>
         <run_address>0xb71</run_address>
         <size>0x6c</size>
         <input_file_ref idref="fl-13f"/>
      </object_component>
      <object_component id="oc-123">
         <name>.debug_abbrev</name>
         <load_address>0xbdd</load_address>
         <run_address>0xbdd</run_address>
         <size>0x6e</size>
         <input_file_ref idref="fl-13f"/>
      </object_component>
      <object_component id="oc-124">
         <name>.debug_abbrev</name>
         <load_address>0xc4b</load_address>
         <run_address>0xc4b</run_address>
         <size>0x6c</size>
         <input_file_ref idref="fl-13f"/>
      </object_component>
      <object_component id="oc-125">
         <name>.debug_abbrev</name>
         <load_address>0xcb7</load_address>
         <run_address>0xcb7</run_address>
         <size>0x6e</size>
         <input_file_ref idref="fl-13f"/>
      </object_component>
      <object_component id="oc-135">
[...]
            <object_component_ref idref="oc-cc"/>
            <object_component_ref idref="oc-d0"/>
            <object_component_ref idref="oc-d3"/>
            <object_component_ref idref="oc-d7"/>
            <object_component_ref idref="oc-d9"/>
            <object_component_ref idref="oc-df"/>
            <object_component_ref idref="oc-e4"/>
            <object_component_ref idref="oc-e6"/>
            <object_component_ref idref="oc-ea"/>
            <object_component_ref idref="oc-ec"/>
            <object_component_ref idref="oc-ee"/>
            <object_component_ref idref="oc-f5"/>
            <object_component_ref idref="oc-101"/>
            <object_component_ref idref="oc-104"/>
            <object_component_ref idref="oc-10f"/>
            <object_component_ref idref="oc-111"/>
            <object_component_ref idref="oc-112"/>
            <object_component_ref idref="oc-118"/>
            <object_component_ref idref="oc-11a"/>
            <object_component_ref idref="oc-120"/>
            <object_component_ref idref="oc-122"/>
            <object_component_ref idref="oc-123"/>
            <object_component_ref idref="oc-124"/>
            <object_component_ref idref="oc-125"/>
            <object_component_ref idref="oc-135"/>
            <object_component_ref idref="oc-137"/>
            <object_component_ref idref="oc-138"/>
            <object_component_ref idref="oc-13f"/>
            <object_component_ref idref="oc-144"/>
            <object_component_ref idref="oc-147"/>
            <object_component_ref idref="oc-14a"/>
            <object_component_ref idref="oc-14e"/>
            <object_component_ref idref="oc-151"/>
            <object_component_ref idref="oc-155"/>
            <object_component_ref idref="oc-157"/>
            <object_component_ref idref="oc-159"/>
            <object_component_ref idref="oc-15a"/>
            <object_component_ref idref="oc-15b"/>
            <object_component_ref idref="oc-15d"/>
            <object_component_ref idref="oc-15e"/>
            <object_component_ref idref="oc-15f"/>
            <object_component_ref idref="oc-161"/>
            <object_component_ref idref="oc-162"/>
            <object_component_ref idref="oc-164"/>
            <object_component_ref idref="oc-166"/>
            <object_component_ref idref="oc-167"/>
            <object_component_ref idref="oc-169"/>
            <object_component_ref idref="oc-16a"/>
            <object_component_ref idref="oc-16c"/>
            <object_component_ref idref="oc-16f"/>
            <object_component_ref idref="oc-174"/>
            <object_component_ref idref="oc-175"/>
            <object_component_ref idref="oc-176"/>
            <object_component_ref idref="oc-178"/>
            <object_component_ref idref="oc-17a"/>
            <object_component_ref idref="oc-19b"/>
         </contents>
      </logical_group>
      <logical_group id="lg-192">
         <name>.debug_str</name>
         <load_address>0x0</load_address>
         <run_address>0x0</run_address>
         <size>0x10a4</size>
         <contents>
            <object_component_ref idref="oc-45"/>
            <object_component_ref idref="oc-56"/>
            <object_component_ref idref="oc-a8"/>
            <object_component_ref idref="oc-ad"/>
            <object_component_ref idref="oc-b4"/>
            <object_component_ref idref="oc-c4"/>
            <object_component_ref idref="oc-ce"/>
            <object_component_ref idref="oc-d5"/>
            <object_component_ref idref="oc-db"/>
            <object_component_ref idref="oc-e1"/>
            <object_component_ref idref="oc-e8"/>
            <object_component_ref idref="oc-f0"/>
            <object_component_ref idref="oc-11c"/>
            <object_component_ref idref="oc-153"/>
            <object_component_ref idref="oc-171"/>
         </contents>
      </logical_group>
      <logical_group id="lg-194">
         <name>.debug_pubtypes</name>
         <load_address>0x0</load_address>
         <run_address>0x0</run_address>
         <size>0xb74</size>
         <contents>
            <object_component_ref idref="oc-46"/>
            <object_component_ref idref="oc-57"/>
            <object_component_ref idref="oc-a9"/>
            <object_component_ref idref="oc-ae"/>
            <object_component_ref idref="oc-b5"/>
            <object_component_ref idref="oc-c5"/>
            <object_component_ref idref="oc-cf"/>
            <object_component_ref idref="oc-d6"/>
            <object_component_ref idref="oc-dc"/>
            <object_component_ref idref="oc-e2"/>
            <object_component_ref idref="oc-e9"/>
            <object_component_ref idref="oc-f1"/>
            <object_component_ref idref="oc-11d"/>
            <object_component_ref idref="oc-154"/>
            <object_component_ref idref="oc-172"/>
         </contents>
      </logical_group>
      <load_segment id="lg-1a0">
         <name>SEGMENT_0</name>
         <load_address>0x0</load_address>
         <run_address>0x0</run_address>
         <size>0x13d0</size>
         <flags>0x5</flags>
         <contents>
            <logical_group_ref idref="lg-3"/>
            <logical_group_ref idref="lg-4"/>
            <logical_group_ref idref="lg-5"/>
            <logical_group_ref idref="lg-6"/>
         </contents>
      </load_segment>
      <load_segment id="lg-1a1">
         <name>SEGMENT_1</name>
         <run_address>0x20000000</run_address>
         <size>0x200</size>
         <flags>0x6</flags>
         <contents>
            <logical_group_ref idref="lg-d"/>
         </contents>
      </load_segment>
      <load_segment id="lg-1a2">
         <name>SEGMENT_2</name>
         <load_address>0x20000200</load_address>
         <run_address>0x20000200</run_address>
         <size>0x14</size>
         <flags>0x6</flags>
         <contents>
            <logical_group_ref idref="lg-a"/>
         </contents>
      </load_segment>
   </logical_group_list>
   <placement_map>
      <memory_area>
         <name>FLASH</name>
         <page_id>0x0</page_id>
         <origin>0x0</origin>
         <length>0x40000</length>
         <used_space>0x13d0</used_space>
         <unused_space>0x3ec30</unused_space>
         <attributes>RX</attributes>
         <usage_details>
            <allocated_space>
               <start_address>0x0</start_address>
               <size>0x26c</size>
               <logical_group_ref idref="lg-3"/>
            </allocated_space>
            <allocated_space>
               <start_address>0x26c</start_address>
               <size>0xfd8</size>
               <logical_group_ref idref="lg-4"/>
            </allocated_space>
            <allocated_space>
               <start_address>0x1244</start_address>
               <size>0x16c</size>
               <logical_group_ref idref="lg-5"/>
            </allocated_space>
            <allocated_space>
               <start_address>0x13b0</start_address>
               <size>0x20</size>
               <logical_group_ref idref="lg-6"/>
            </allocated_space>
            <available_space>
               <start_address>0x13d0</start_address>
               <size>0x3ec30</size>
            </available_space>
         </usage_details>
      </memory_area>
      <memory_area>
         <name>SRAM</name>
         <page_id>0x0</page_id>
         <origin>0x20000000</origin>
         <length>0x8000</length>
         <used_space>0x214</used_space>
         <unused_space>0x7dec</unused_space>
         <attributes>RWX</attributes>
         <usage_details>
            <allocated_space>
               <start_address>0x20000000</start_address>
               <size>0x200</size>
               <logical_group_ref idref="lg-d"/>
            </allocated_space>
            <allocated_space>
               <start_address>0x20000200</start_address>
               <size>0x14</size>
               <logical_group_ref idref="lg-a"/>
            </allocated_space>
            <available_space>
               <start_address>0x20000214</start_address>
               <size>0x7dec</size>
            </available_space>
         </usage_details>
      </memory_area>
   </placement_map>
   <cptbl_list>
      <cptbl>
         <name>__TI_cinit_table</name>
         <cprec>
            <name>.data</name>
            <load_address>0x13b0</load_address>
            <load_size>0xf</load_size>
            <run_address>0x20000200</run_address>
            <run_size>0x14</run_size>
            <compression>rle</compression>
         </cprec>
      </cptbl>
   </cptbl_list>
   <handler_table>
      <handler_table_name>__TI_handler_table</handler_table_name>
      <handler>
         <index>0x0</index>
         <name>__TI_decompress_rle24</name>
      </handler>
      <handler>
         <index>0x1</index>
         <name>__TI_decompress_none</name>
      </handler>
   </handler_table>
   <symbol_table>
      <symbol id="sm-1">
         <name>__STACK_TOP</name>
         <value>0x20000200</value>
      </symbol>
      <symbol id="sm-2">
         <name>__TI_CINIT_Base</name>
         <value>0x13c8</value>
      </symbol>
      <symbol id="sm-3">
         <name>__TI_CINIT_Limit</name>
         <value>0x13d0</value>
      </symbol>
      <symbol id="sm-4">
         <name>__TI_Handler_Table_Base</name>
         <value>0x13c0</value>
      </symbol>
      <symbol id="sm-5">
         <name>__TI_Handler_Table_Limit</name>
         <value>0x13c8</value>
      </symbol>
      <symbol id="sm-6">
         <name>binit</name>
         <value>0xffffffff</value>
      </symbol>
      <symbol id="sm-7">
         <name>__binit__</name>
         <value>0xffffffff</value>
      </symbol>
      <symbol id="sm-8">
         <name>__STACK_SIZE</name>
         <value>0x200</value>
      </symbol>
      <symbol id="sm-9">
         <name>__STACK_END</name>
         <value>0x20000200</value>
      </symbol>
      <symbol id="sm-a">
         <name>__c_args__</name>
         <value>0xffffffff</value>
      </symbol>
      <symbol id="sm-44">
         <name>systick_init</name>
         <value>0xd69</value>
         <object_component_ref idref="oc-12b"/>
      </symbol>
      <symbol id="sm-45">
         <name>delay_us</name>
         <value>0xdab</value>
         <object_component_ref idref="oc-12b"/>
      </symbol>
      <symbol id="sm-46">
         <name>systick_delay</name>
         <value>0xd85</value>
         <object_component_ref idref="oc-12b"/>
      </symbol>
      <symbol id="sm-47">
         <name>delay_ms</name>
         <value>0xdd1</value>
         <object_component_ref idref="oc-12b"/>
      </symbol>
      <symbol id="sm-6c">
         <name>ResetISR</name>
         <value>0x11f7</value>
         <object_component_ref idref="oc-21"/>
      </symbol>
      <symbol id="sm-6d">
         <name>g_pfnVectors</name>
         <value>0x0</value>
         <object_component_ref idref="oc-e"/>
      </symbol>
      <symbol id="sm-7d">
         <name>main</name>
         <value>0x10e1</value>
         <object_component_ref idref="oc-bb"/>
      </symbol>
      <symbol id="sm-cb">
         <name>UARTIntHandler</name>
         <value>0x889</value>
         <object_component_ref idref="oc-26"/>
      </symbol>
      <symbol id="sm-cc">
         <name>UartInit</name>
         <value>0x82d</value>
         <object_component_ref idref="oc-26"/>
      </symbol>
      <symbol id="sm-116">
         <name>Lcd_init</name>
         <value>0x26d</value>
         <object_component_ref idref="oc-9a"/>
      </symbol>
      <symbol id="sm-117">
         <name>mensajes</name>
         <value>0x535</value>
         <object_component_ref idref="oc-9a"/>
      </symbol>
      <symbol id="sm-118">
         <name>Lcd_Putch</name>
         <value>0x3ef</value>
         <object_component_ref idref="oc-9a"/>
      </symbol>
      <symbol id="sm-119">
         <name>Lcd_desactivar</name>
         <value>0x4ff</value>
         <object_component_ref idref="oc-9a"/>
      </symbol>
      <symbol id="sm-11a">
         <name>Lcd_Goto</name>
         <value>0x473</value>
         <object_component_ref idref="oc-9a"/>
      </symbol>
      <symbol id="sm-11b">
         <name>Lcd_comando</name>
         <value>0x369</value>
         <object_component_ref idref="oc-9a"/>
      </symbol>
      <symbol id="sm-11c">
         <name>Lcd_mensajes</name>
         <value>0x50f</value>
         <object_component_ref idref="oc-9a"/>
      </symbol>
      <symbol id="sm-12b">
         <name>_c_int00</name>
         <value>0xfa1</value>
         <object_component_ref idref="oc-10"/>
      </symbol>
      <symbol id="sm-12c">
         <name>__stack</name>
         <value>0x20000000</value>
         <object_component_ref idref="oc-20"/>
      </symbol>
      <symbol id="sm-146">
         <name>__TI_decompress_none</name>
         <value>0x11d1</value>
         <object_component_ref idref="oc-14"/>
      </symbol>
      <symbol id="sm-170">
         <name>__TI_decompress_rle24</name>
         <value>0x123b</value>
         <object_component_ref idref="oc-1c"/>
      </symbol>
      <symbol id="sm-18c">
         <name>C$$EXIT</name>
         <value>0x106d</value>
         <object_component_ref idref="oc-36"/>
      </symbol>
      <symbol id="sm-18d">
         <name>_dtors_ptr</name>
         <value>0x2000020c</value>
         <object_component_ref idref="oc-c8"/>
      </symbol>
      <symbol id="sm-18e">
         <name>abort</name>
         <value>0x1071</value>
         <object_component_ref idref="oc-36"/>
      </symbol>
      <symbol id="sm-18f">
         <name>_cleanup_ptr</name>
         <value>0x20000208</value>
         <object_component_ref idref="oc-c8"/>
      </symbol>
      <symbol id="sm-190">
         <name>exit</name>
         <value>0x1079</value>
         <object_component_ref idref="oc-36"/>
      </symbol>
      <symbol id="sm-1a5">
         <name>memcpy</name>
         <value>0xccd</value>
         <object_component_ref idref="oc-3d"/>
      </symbol>
      <symbol id="sm-1a6">
         <name>__aeabi_memcpy</name>
         <value>0xccd</value>
         <object_component_ref idref="oc-3d"/>
      </symbol>
      <symbol id="sm-1a7">
         <name>__aeabi_memcpy8</name>
         <value>0xccd</value>
         <object_component_ref idref="oc-3d"/>
      </symbol>
      <symbol id="sm-1a8">
         <name>__aeabi_memcpy4</name>
         <value>0xccd</value>
         <object_component_ref idref="oc-3d"/>
      </symbol>
      <symbol id="sm-1b4">
         <name>main_func_sp</name>
         <value>0x20000210</value>
         <object_component_ref idref="oc-3a"/>
      </symbol>
      <symbol id="sm-1c9">
         <name>_nop</name>
         <value>0x11ab</value>
         <object_component_ref idref="oc-140"/>
      </symbol>
      <symbol id="sm-1ca">
         <name>_lock</name>
         <value>0x20000200</value>
         <object_component_ref idref="oc-c6"/>
      </symbol>
      <symbol id="sm-1cb">
         <name>_unlock</name>
         <value>0x20000204</value>
         <object_component_ref idref="oc-c6"/>
      </symbol>
      <symbol id="sm-1cc">
         <name>_register_lock</name>
         <value>0x11a3</value>
         <object_component_ref idref="oc-140"/>
      </symbol>
      <symbol id="sm-1cd">
         <name>_register_unlock</name>
         <value>0x119d</value>
         <object_component_ref idref="oc-140"/>
      </symbol>
      <symbol id="sm-1dc">
         <name>_args_main</name>
         <value>0x1171</value>
         <object_component_ref idref="oc-32"/>
      </symbol>
      <symbol id="sm-1f6">
         <name>__TI_auto_init</name>
         <value>0xe05</value>
         <object_component_ref idref="oc-2e"/>
      </symbol>
      <symbol id="sm-20d">
         <name>copy_in</name>
         <value>0xfe9</value>
         <object_component_ref idref="oc-b6"/>
      </symbol>
      <symbol id="sm-268">
         <name>UARTConfigSetExpClk</name>
         <value>0x102d</value>
         <object_component_ref idref="oc-6d"/>
      </symbol>
      <symbol id="sm-269">
         <name>UARTDisable</name>
         <value>0x113d</value>
         <object_component_ref idref="oc-105"/>
      </symbol>
      <symbol id="sm-26a">
         <name>UARTIntEnable</name>
         <value>0x1221</value>
         <object_component_ref idref="oc-86"/>
      </symbol>
      <symbol id="sm-26b">
         <name>UARTCharsAvail</name>
         <value>0x11eb</value>
         <object_component_ref idref="oc-9f"/>
      </symbol>
      <symbol id="sm-26c">
         <name>UARTCharGetNonBlocking</name>
         <value>0x11c3</value>
         <object_component_ref idref="oc-95"/>
      </symbol>
      <symbol id="sm-26d">
         <name>UARTEnable</name>
         <value>0x1189</value>
         <object_component_ref idref="oc-10a"/>
      </symbol>
      <symbol id="sm-26e">
         <name>UARTFIFOEnable</name>
         <value>0x120d</value>
         <object_component_ref idref="oc-77"/>
      </symbol>
      <symbol id="sm-26f">
         <name>UARTIntClear</name>
         <value>0x1241</value>
         <object_component_ref idref="oc-90"/>
      </symbol>
      <symbol id="sm-270">
         <name>UARTIntStatus</name>
         <value>0x1217</value>
         <object_component_ref idref="oc-8b"/>
      </symbol>
      <symbol id="sm-271">
         <name>UARTFIFOLevelSet</name>
         <value>0x1235</value>
         <object_component_ref idref="oc-72"/>
      </symbol>
      <symbol id="sm-2c8">
         <name>SysCtlClockSet</name>
         <value>0xbdd</value>
         <object_component_ref idref="oc-13a"/>
      </symbol>
      <symbol id="sm-2c9">
         <name>SysCtlDelay</name>
         <value>0x122f</value>
         <object_component_ref idref="oc-173"/>
      </symbol>
      <symbol id="sm-2ca">
         <name>SysCtlPeripheralEnable</name>
         <value>0x10ad</value>
         <object_component_ref idref="oc-59"/>
      </symbol>
      <symbol id="sm-2cb">
         <name>SysCtlClockGet</name>
         <value>0xac5</value>
         <object_component_ref idref="oc-68"/>
      </symbol>
      <symbol id="sm-2f6">
         <name>IntEnable</name>
         <value>0xe99</value>
         <object_component_ref idref="oc-81"/>
      </symbol>
      <symbol id="sm-2f7">
         <name>IntMasterEnable</name>
         <value>0x1203</value>
         <object_component_ref idref="oc-7c"/>
      </symbol>
      <symbol id="sm-338">
         <name>GPIOPinConfigure</name>
         <value>0xf59</value>
         <object_component_ref idref="oc-5e"/>
      </symbol>
      <symbol id="sm-339">
         <name>GPIOPinTypeUART</name>
         <value>0x11b1</value>
         <object_component_ref idref="oc-63"/>
      </symbol>
      <symbol id="sm-33a">
         <name>GPIOPinTypeGPIOOutput</name>
         <value>0x1159</value>
         <object_component_ref idref="oc-126"/>
      </symbol>
      <symbol id="sm-33b">
         <name>GPIODirModeSet</name>
         <value>0x1111</value>
         <object_component_ref idref="oc-f7"/>
      </symbol>
      <symbol id="sm-33c">
         <name>GPIOPinWrite</name>
         <value>0x1229</value>
         <object_component_ref idref="oc-130"/>
      </symbol>
      <symbol id="sm-33d">
         <name>GPIOPadConfigSet</name>
         <value>0x995</value>
         <object_component_ref idref="oc-fc"/>
      </symbol>
      <symbol id="sm-346">
         <name>CPUcpsie</name>
         <value>0x11df</value>
         <object_component_ref idref="oc-113"/>
      </symbol>
      <symbol id="sm-347">
         <name>__TI_static_base__</name>
         <value>0x0</value>
      </symbol>
      <symbol id="sm-348">
         <name>__TI_args_main</name>
         <value>0x1</value>
      </symbol>
      <symbol id="sm-349">
         <name>SHT$$INIT_ARRAY$$Limit</name>
         <value>0x0</value>
      </symbol>
      <symbol id="sm-34a">
         <name>SHT$$INIT_ARRAY$$Base</name>
         <value>0x0</value>
      </symbol>
   </symbol_table>
</link_info>
