******************************************************************************
                  TI ARM Linker PC v5.0.4                      
******************************************************************************
>> Linked Fri Apr 03 19:32:08 2015

OUTPUT FILE NAME:   <Copy of 021_LCD_UART.out>
ENTRY POINT SYMBOL: "_c_int00"  address: 00000fa1


MEMORY CONFIGURATION

         name            origin    length      used     unused   attr    fill
----------------------  --------  ---------  --------  --------  ----  --------
  FLASH                 00000000   00040000  000013d0  0003ec30  R  X
  SRAM                  20000000   00008000  00000214  00007dec  RW X


SEGMENT ALLOCATION MAP

run origin  load origin   length   init length attrs members
----------  ----------- ---------- ----------- ----- -------
00000000    00000000    000013d0   000013d0    r-x
  00000000    00000000    0000026c   0000026c    r-- .intvecs
  0000026c    0000026c    00000fd8   00000fd8    r-x .text
  00001244    00001244    0000016c   0000016c    r-- .const
  000013b0    000013b0    00000020   00000020    r-- .cinit
20000000    20000000    00000200   00000000    rw-
  20000000    20000000    00000200   00000000    rw- .stack
20000200    20000200    00000014   00000014    rw-
  20000200    20000200    00000014   00000014    rw- .data


SECTION ALLOCATION MAP

 output                                  attributes/
section   page    origin      length       input sections
--------  ----  ----------  ----------   ----------------
.intvecs   0    00000000    0000026c     
                  00000000    0000026c     startup_ccs.obj (.intvecs)

.init_array 
*          0    00000000    00000000     UNINITIALIZED

.text      0    0000026c    00000fd8     
                  0000026c    000005be     Lcd.obj (.text)
                  0000082a    00000002     --HOLE-- [fill = 0]
                  0000082c    00000168     USART.obj (.text)
                  00000994    00000130     driverlib.lib : gpio.obj (.text:GPIOPadConfigSet)
                  00000ac4    00000118                   : sysctl.obj (.text:SysCtlClockGet)
                  00000bdc    000000f0                   : sysctl.obj (.text:SysCtlClockSet)
                  00000ccc    0000009c     rtsv7M4_T_le_v4SPD16_eabi.lib : memcpy_t2.obj (.text)
                  00000d68    0000009c     systick.obj (.text)
                  00000e04    00000094     rtsv7M4_T_le_v4SPD16_eabi.lib : auto_init.obj (.text)
                  00000e98    00000060     driverlib.lib : interrupt.obj (.text:IntEnable)
                  00000ef8    0000005e     rtsv7M4_T_le_v4SPD16_eabi.lib : copy_decompress_rle.obj (.text)
                  00000f56    00000002     --HOLE-- [fill = 0]
                  00000f58    00000048     driverlib.lib : gpio.obj (.text:GPIOPinConfigure)
                  00000fa0    00000048     rtsv7M4_T_le_v4SPD16_eabi.lib : boot.obj (.text)
                  00000fe8    00000044                                   : cpy_tbl.obj (.text)
                  0000102c    00000040     driverlib.lib : uart.obj (.text:UARTConfigSetExpClk)
                  0000106c    00000040     rtsv7M4_T_le_v4SPD16_eabi.lib : exit.obj (.text)
                  000010ac    00000034     driverlib.lib : sysctl.obj (.text:SysCtlPeripheralEnable)
                  000010e0    00000030     main.obj (.text)
                  00001110    0000002a     driverlib.lib : gpio.obj (.text:GPIODirModeSet)
                  0000113a    00000002     --HOLE-- [fill = 0]
                  0000113c    0000001c                   : uart.obj (.text:UARTDisable)
                  00001158    00000018                   : gpio.obj (.text:GPIOPinTypeGPIOOutput)
                  00001170    00000018     rtsv7M4_T_le_v4SPD16_eabi.lib : args_main.obj (.text)
                  00001188    00000014     driverlib.lib : uart.obj (.text:UARTEnable)
                  0000119c    00000014     rtsv7M4_T_le_v4SPD16_eabi.lib : _lock.obj (.text)
                  000011b0    00000012     driverlib.lib : gpio.obj (.text:GPIOPinTypeUART)
                  000011c2    0000000e                   : uart.obj (.text:UARTCharGetNonBlocking)
                  000011d0    0000000e     rtsv7M4_T_le_v4SPD16_eabi.lib : copy_decompress_none.obj (.text:decompress:none)
                  000011de    0000000c     driverlib.lib : cpu.obj (.text:CPUcpsie)
                  000011ea    0000000c                   : uart.obj (.text:UARTCharsAvail)
                  000011f6    0000000c     startup_ccs.obj (.text)
                  00001202    0000000a     driverlib.lib : interrupt.obj (.text:IntMasterEnable)
                  0000120c    0000000a                   : uart.obj (.text:UARTFIFOEnable)
                  00001216    0000000a                   : uart.obj (.text:UARTIntStatus)
                  00001220    00000008                   : uart.obj (.text:UARTIntEnable)
                  00001228    00000006                   : gpio.obj (.text:GPIOPinWrite)
                  0000122e    00000006                   : sysctl.obj (.text:SysCtlDelay)
                  00001234    00000006                   : uart.obj (.text:UARTFIFOLevelSet)
                  0000123a    00000006     rtsv7M4_T_le_v4SPD16_eabi.lib : copy_decompress_rle.obj (.text:decompress:rle24)
                  00001240    00000004     driverlib.lib : uart.obj (.text:UARTIntClear)

.const     0    00001244    0000016c     
                  00001244    00000090     driverlib.lib : gpio.obj (.const:g_pui32GPIOBaseAddrs)
                  000012d4    00000070                   : interrupt.obj (.const)
                  00001344    0000006c                   : sysctl.obj (.const:g_pui32Xtals)

.cinit     0    000013b0    00000020     
                  000013b0    0000000f     (.cinit..data.load) [load image, compression = rle]
                  000013bf    00000001     --HOLE-- [fill = 0]
                  000013c0    00000008     (__TI_handler_table)
                  000013c8    00000008     (__TI_cinit_table)

.stack     0    20000000    00000200     UNINITIALIZED
                  20000000    00000200     --HOLE--

.data      0    20000200    00000014     
                  20000200    00000008     rtsv7M4_T_le_v4SPD16_eabi.lib : _lock.obj (.data)
                  20000208    00000008                                   : exit.obj (.data)
                  20000210    00000004                                   : stkdepth_vars.obj (.data)


LINKER GENERATED COPY TABLES

__TI_cinit_table @ 000013c8 records: 1, size/record: 8, table size: 8
	.data: load addr=000013b0, load size=0000000f bytes, run addr=20000200, run size=00000014 bytes, compression=rle


LINKER GENERATED HANDLER TABLE

__TI_handler_table @ 000013c0 records: 2, size/record: 4, table size: 8
	index: 0, handler: __TI_decompress_rle24
	index: 1, handler: __TI_decompress_none


GLOBAL SYMBOLS: SORTED ALPHABETICALLY BY Name 

address    name
--------   ----
0000106d   C$$EXIT
000011df   CPUcpsie
00001111   GPIODirModeSet
00000995   GPIOPadConfigSet
00000f59   GPIOPinConfigure
00001159   GPIOPinTypeGPIOOutput
000011b1   GPIOPinTypeUART
00001229   GPIOPinWrite
00000e99   IntEnable
00001203   IntMasterEnable
00000473   Lcd_Goto
000003ef   Lcd_Putch
00000369   Lcd_comando
000004ff   Lcd_desactivar
0000026d   Lcd_init
0000050f   Lcd_mensajes
000011f7   ResetISR
UNDEFED    SHT$$INIT_ARRAY$$Base
UNDEFED    SHT$$INIT_ARRAY$$Limit
00000ac5   SysCtlClockGet
00000bdd   SysCtlClockSet
0000122f   SysCtlDelay
000010ad   SysCtlPeripheralEnable
000011c3   UARTCharGetNonBlocking
000011eb   UARTCharsAvail
0000102d   UARTConfigSetExpClk
0000113d   UARTDisable
00001189   UARTEnable
0000120d   UARTFIFOEnable
00001235   UARTFIFOLevelSet
00001241   UARTIntClear
00001221   UARTIntEnable
00000889   UARTIntHandler
00001217   UARTIntStatus
0000082d   UartInit
20000200   __STACK_END
00000200   __STACK_SIZE
20000200   __STACK_TOP
000013c8   __TI_CINIT_Base
000013d0   __TI_CINIT_Limit
000013c0   __TI_Handler_Table_Base
000013c8   __TI_Handler_Table_Limit
00000001   __TI_args_main
00000e05   __TI_auto_init
000011d1   __TI_decompress_none
0000123b   __TI_decompress_rle24
00000000   __TI_static_base__
00000ccd   __aeabi_memcpy
00000ccd   __aeabi_memcpy4
00000ccd   __aeabi_memcpy8
ffffffff   __binit__
ffffffff   __c_args__
20000000   __stack
00001171   _args_main
00000fa1   _c_int00
20000208   _cleanup_ptr
2000020c   _dtors_ptr
20000200   _lock
000011ab   _nop
000011a3   _register_lock
0000119d   _register_unlock
20000204   _unlock
00001071   abort
ffffffff   binit
00000fe9   copy_in
00000dd1   delay_ms
00000dab   delay_us
00001079   exit
00000000   g_pfnVectors
000010e1   main
20000210   main_func_sp
00000ccd   memcpy
00000535   mensajes
00000d85   systick_delay
00000d69   systick_init


GLOBAL SYMBOLS: SORTED BY Symbol Address 

address    name
--------   ----
00000000   __TI_static_base__
00000000   g_pfnVectors
00000001   __TI_args_main
00000200   __STACK_SIZE
0000026d   Lcd_init
00000369   Lcd_comando
000003ef   Lcd_Putch
00000473   Lcd_Goto
000004ff   Lcd_desactivar
0000050f   Lcd_mensajes
00000535   mensajes
0000082d   UartInit
00000889   UARTIntHandler
00000995   GPIOPadConfigSet
00000ac5   SysCtlClockGet
00000bdd   SysCtlClockSet
00000ccd   __aeabi_memcpy
00000ccd   __aeabi_memcpy4
00000ccd   __aeabi_memcpy8
00000ccd   memcpy
00000d69   systick_init
00000d85   systick_delay
00000dab   delay_us
00000dd1   delay_ms
00000e05   __TI_auto_init
00000e99   IntEnable
00000f59   GPIOPinConfigure
00000fa1   _c_int00
00000fe9   copy_in
0000102d   UARTConfigSetExpClk
0000106d   C$$EXIT
00001071   abort
00001079   exit
000010ad   SysCtlPeripheralEnable
000010e1   main
00001111   GPIODirModeSet
0000113d   UARTDisable
00001159   GPIOPinTypeGPIOOutput
00001171   _args_main
00001189   UARTEnable
0000119d   _register_unlock
000011a3   _register_lock
000011ab   _nop
000011b1   GPIOPinTypeUART
000011c3   UARTCharGetNonBlocking
000011d1   __TI_decompress_none
000011df   CPUcpsie
000011eb   UARTCharsAvail
000011f7   ResetISR
00001203   IntMasterEnable
0000120d   UARTFIFOEnable
00001217   UARTIntStatus
00001221   UARTIntEnable
00001229   GPIOPinWrite
0000122f   SysCtlDelay
00001235   UARTFIFOLevelSet
0000123b   __TI_decompress_rle24
00001241   UARTIntClear
000013c0   __TI_Handler_Table_Base
000013c8   __TI_CINIT_Base
000013c8   __TI_Handler_Table_Limit
000013d0   __TI_CINIT_Limit
20000000   __stack
20000200   __STACK_END
20000200   __STACK_TOP
20000200   _lock
20000204   _unlock
20000208   _cleanup_ptr
2000020c   _dtors_ptr
20000210   main_func_sp
ffffffff   __binit__
ffffffff   __c_args__
ffffffff   binit
UNDEFED    SHT$$INIT_ARRAY$$Base
UNDEFED    SHT$$INIT_ARRAY$$Limit

[75 symbols]
