******************************************************************************
                  TI ARM Linker PC v5.0.4                      
******************************************************************************
>> Linked Tue Mar 03 02:20:38 2015

OUTPUT FILE NAME:   <002_segundo proyecto.out>
ENTRY POINT SYMBOL: "_c_int00"  address: 000003fd


MEMORY CONFIGURATION

         name            origin    length      used     unused   attr    fill
----------------------  --------  ---------  --------  --------  ----  --------
  FLASH                 00000000   00040000  0000056c  0003fa94  R  X
  SRAM                  20000000   00008000  00000214  00007dec  RW X


SEGMENT ALLOCATION MAP

run origin  load origin   length   init length attrs members
----------  ----------- ---------- ----------- ----- -------
00000000    00000000    00000570   00000570    r-x
  00000000    00000000    0000026c   0000026c    r-- .intvecs
  0000026c    0000026c    000002e0   000002e0    r-x .text
  00000550    00000550    00000020   00000020    r-- .cinit
20000000    20000000    00000200   00000000    rw-
  20000000    20000000    00000200   00000000    rw- .stack
20000200    20000200    00000014   00000014    rw-
  20000200    20000200    00000014   00000014    rw- .data


SECTION ALLOCATION MAP

 output                                  attributes/
section   page    origin      length       input sections
--------  ----  ----------  ----------   ----------------
.intvecs   0    00000000    0000026c     
                  00000000    0000026c     startup_ccs.obj (.intvecs)

.init_array 
*          0    00000000    00000000     UNINITIALIZED

.text      0    0000026c    000002e0     
                  0000026c    0000009c     rtsv7M4_T_le_v4SPD16_eabi.lib : memcpy_t2.obj (.text)
                  00000308    00000094                                   : auto_init.obj (.text)
                  0000039c    0000005e                                   : copy_decompress_rle.obj (.text)
                  000003fa    00000002     --HOLE-- [fill = 0]
                  000003fc    00000048                                   : boot.obj (.text)
                  00000444    00000044                                   : cpy_tbl.obj (.text)
                  00000488    00000040                                   : exit.obj (.text)
                  000004c8    00000038     main.obj (.text)
                  00000500    00000018     rtsv7M4_T_le_v4SPD16_eabi.lib : args_main.obj (.text)
                  00000518    00000014                                   : _lock.obj (.text)
                  0000052c    0000000e                                   : copy_decompress_none.obj (.text:decompress:none)
                  0000053a    0000000c     startup_ccs.obj (.text)
                  00000546    00000006     rtsv7M4_T_le_v4SPD16_eabi.lib : copy_decompress_rle.obj (.text:decompress:rle24)

.cinit     0    00000550    00000020     
                  00000550    0000000f     (.cinit..data.load) [load image, compression = rle]
                  0000055f    00000001     --HOLE-- [fill = 0]
                  00000560    00000008     (__TI_handler_table)
                  00000568    00000008     (__TI_cinit_table)

.stack     0    20000000    00000200     UNINITIALIZED
                  20000000    00000200     --HOLE--

.data      0    20000200    00000014     
                  20000200    00000008     rtsv7M4_T_le_v4SPD16_eabi.lib : _lock.obj (.data)
                  20000208    00000008                                   : exit.obj (.data)
                  20000210    00000004                                   : stkdepth_vars.obj (.data)


LINKER GENERATED COPY TABLES

__TI_cinit_table @ 00000568 records: 1, size/record: 8, table size: 8
	.data: load addr=00000550, load size=0000000f bytes, run addr=20000200, run size=00000014 bytes, compression=rle


LINKER GENERATED HANDLER TABLE

__TI_handler_table @ 00000560 records: 2, size/record: 4, table size: 8
	index: 0, handler: __TI_decompress_rle24
	index: 1, handler: __TI_decompress_none


GLOBAL SYMBOLS: SORTED ALPHABETICALLY BY Name 

address    name
--------   ----
00000489   C$$EXIT
0000053b   ResetISR
UNDEFED    SHT$$INIT_ARRAY$$Base
UNDEFED    SHT$$INIT_ARRAY$$Limit
20000200   __STACK_END
00000200   __STACK_SIZE
20000200   __STACK_TOP
00000568   __TI_CINIT_Base
00000570   __TI_CINIT_Limit
00000560   __TI_Handler_Table_Base
00000568   __TI_Handler_Table_Limit
00000001   __TI_args_main
00000309   __TI_auto_init
0000052d   __TI_decompress_none
00000547   __TI_decompress_rle24
00000000   __TI_static_base__
0000026d   __aeabi_memcpy
0000026d   __aeabi_memcpy4
0000026d   __aeabi_memcpy8
ffffffff   __binit__
ffffffff   __c_args__
20000000   __stack
00000501   _args_main
000003fd   _c_int00
20000208   _cleanup_ptr
2000020c   _dtors_ptr
20000200   _lock
00000527   _nop
0000051f   _register_lock
00000519   _register_unlock
20000204   _unlock
0000048d   abort
ffffffff   binit
00000445   copy_in
00000495   exit
00000000   g_pfnVectors
000004c9   main
20000210   main_func_sp
0000026d   memcpy


GLOBAL SYMBOLS: SORTED BY Symbol Address 

address    name
--------   ----
00000000   __TI_static_base__
00000000   g_pfnVectors
00000001   __TI_args_main
00000200   __STACK_SIZE
0000026d   __aeabi_memcpy
0000026d   __aeabi_memcpy4
0000026d   __aeabi_memcpy8
0000026d   memcpy
00000309   __TI_auto_init
000003fd   _c_int00
00000445   copy_in
00000489   C$$EXIT
0000048d   abort
00000495   exit
000004c9   main
00000501   _args_main
00000519   _register_unlock
0000051f   _register_lock
00000527   _nop
0000052d   __TI_decompress_none
0000053b   ResetISR
00000547   __TI_decompress_rle24
00000560   __TI_Handler_Table_Base
00000568   __TI_CINIT_Base
00000568   __TI_Handler_Table_Limit
00000570   __TI_CINIT_Limit
20000000   __stack
20000200   __STACK_END
20000200   __STACK_TOP
20000200   _lock
20000204   _unlock
20000208   _cleanup_ptr
2000020c   _dtors_ptr
20000210   main_func_sp
ffffffff   __binit__
ffffffff   __c_args__
ffffffff   binit
UNDEFED    SHT$$INIT_ARRAY$$Base
UNDEFED    SHT$$INIT_ARRAY$$Limit

[39 symbols]
