******************************************************************************
                  TI ARM Linker PC v5.0.4                      
******************************************************************************
>> Linked Tue Mar 03 01:46:46 2015

OUTPUT FILE NAME:   <hello.out>
ENTRY POINT SYMBOL: "_c_int00"  address: 00000915


MEMORY CONFIGURATION

         name            origin    length      used     unused   attr    fill
----------------------  --------  ---------  --------  --------  ----  --------
  FLASH                 00000000   00040000  00000b52  0003f4ae  R  X
  SRAM                  20000000   00008000  0000021c  00007de4  RW X


SEGMENT ALLOCATION MAP

run origin  load origin   length   init length attrs members
----------  ----------- ---------- ----------- ----- -------
00000000    00000000    00000b58   00000b58    r-x
  00000000    00000000    0000026c   0000026c    r-- .intvecs
  0000026c    0000026c    0000082c   0000082c    r-x .text
  00000a98    00000a98    0000009a   0000009a    r-- .const
  00000b38    00000b38    00000020   00000020    r-- .cinit
20000000    20000000    00000200   00000000    rw-
  20000000    20000000    00000200   00000000    rw- .stack
20000200    20000200    0000001c   0000001c    rw-
  20000200    20000200    0000001c   0000001c    rw- .data


SECTION ALLOCATION MAP

 output                                  attributes/
section   page    origin      length       input sections
--------  ----  ----------  ----------   ----------------
.intvecs   0    00000000    0000026c     
                  00000000    0000026c     startup_ccs.obj (.intvecs)

.init_array 
*          0    00000000    00000000     UNINITIALIZED

.text      0    0000026c    0000082c     
                  0000026c    000001ea     uartstdio.obj (.text:UARTvprintf)
                  00000456    00000002     startup_ccs.obj (.text:FaultISR)
                  00000458    00000118     driverlib.lib : sysctl.obj (.text:SysCtlClockGet)
                  00000570    0000009c     rtsv7M4_T_le_v4SPD16_eabi.lib : memcpy_t2.obj (.text)
                  0000060c    00000098     uartstdio.obj (.text:UARTgets)
                  000006a4    00000094     rtsv7M4_T_le_v4SPD16_eabi.lib : auto_init.obj (.text)
                  00000738    00000080     hello.obj (.text:main)
                  000007b8    0000005e     rtsv7M4_T_le_v4SPD16_eabi.lib : copy_decompress_rle.obj (.text)
                  00000816    00000002     startup_ccs.obj (.text:IntDefaultHandler)
                  00000818    0000005c     hello.obj (.text:ConfigureUART)
                  00000874    00000058     uartstdio.obj (.text:UARTStdioConfig)
                  000008cc    00000048     uartstdio.obj (.text:UARTwrite)
                  00000914    00000048     rtsv7M4_T_le_v4SPD16_eabi.lib : boot.obj (.text)
                  0000095c    00000044                                   : cpy_tbl.obj (.text)
                  000009a0    00000042                                   : u_divt2.obj (.text)
                  000009e2    00000002     startup_ccs.obj (.text:NmiSR)
                  000009e4    00000040     rtsv7M4_T_le_v4SPD16_eabi.lib : exit.obj (.text)
                  00000a24    0000001a     uartstdio.obj (.text:UARTprintf)
                  00000a3e    00000002     --HOLE-- [fill = 0]
                  00000a40    00000018     rtsv7M4_T_le_v4SPD16_eabi.lib : args_main.obj (.text)
                  00000a58    00000014                                   : _lock.obj (.text)
                  00000a6c    0000000e                                   : copy_decompress_none.obj (.text:decompress:none)
                  00000a7a    00000006     driverlib.lib : gpio.obj (.text:GPIOPinWrite)
                  00000a80    00000006     startup_ccs.obj (.text:ResetISR)
                  00000a86    00000006     driverlib.lib : sysctl.obj (.text:SysCtlDelay)
                  00000a8c    00000006                   : uart.obj (.text:UARTClockSourceSet)
                  00000a92    00000006     rtsv7M4_T_le_v4SPD16_eabi.lib : copy_decompress_rle.obj (.text:decompress:rle24)

.const     0    00000a98    0000009a     
                  00000a98    0000006c     driverlib.lib : sysctl.obj (.const:g_pui32Xtals)
                  00000b04    0000001c     uartstdio.obj (.const)
                  00000b20    00000012     uartstdio.obj (.const:.string)

.cinit     0    00000b38    00000020     
                  00000b38    0000000f     (.cinit..data.load) [load image, compression = rle]
                  00000b47    00000001     --HOLE-- [fill = 0]
                  00000b48    00000008     (__TI_handler_table)
                  00000b50    00000008     (__TI_cinit_table)

.stack     0    20000000    00000200     UNINITIALIZED
                  20000000    00000200     --HOLE--

.data      0    20000200    0000001c     
                  20000200    00000008     rtsv7M4_T_le_v4SPD16_eabi.lib : _lock.obj (.data)
                  20000208    00000008                                   : exit.obj (.data)
                  20000210    00000005     uartstdio.obj (.data)
                  20000215    00000003     --HOLE--
                  20000218    00000004     rtsv7M4_T_le_v4SPD16_eabi.lib : stkdepth_vars.obj (.data)


LINKER GENERATED COPY TABLES

__TI_cinit_table @ 00000b50 records: 1, size/record: 8, table size: 8
	.data: load addr=00000b38, load size=0000000f bytes, run addr=20000200, run size=0000001c bytes, compression=rle


LINKER GENERATED HANDLER TABLE

__TI_handler_table @ 00000b48 records: 2, size/record: 4, table size: 8
	index: 0, handler: __TI_decompress_rle24
	index: 1, handler: __TI_decompress_none


GLOBAL SYMBOLS: SORTED ALPHABETICALLY BY Name 

address    name
--------   ----
000009e5   C$$EXIT
00000819   ConfigureUART
00000a7b   GPIOPinWrite
00000a81   ResetISR
UNDEFED    SHT$$INIT_ARRAY$$Base
UNDEFED    SHT$$INIT_ARRAY$$Limit
00000459   SysCtlClockGet
00000a87   SysCtlDelay
00000a8d   UARTClockSourceSet
00000875   UARTStdioConfig
0000060d   UARTgets
00000a25   UARTprintf
0000026d   UARTvprintf
000008cd   UARTwrite
20000200   __STACK_END
00000200   __STACK_SIZE
20000200   __STACK_TOP
00000b50   __TI_CINIT_Base
00000b58   __TI_CINIT_Limit
00000b48   __TI_Handler_Table_Base
00000b50   __TI_Handler_Table_Limit
00000001   __TI_args_main
000006a5   __TI_auto_init
00000a6d   __TI_decompress_none
00000a93   __TI_decompress_rle24
00000000   __TI_static_base__
00000571   __aeabi_memcpy
00000571   __aeabi_memcpy4
00000571   __aeabi_memcpy8
000009a1   __aeabi_uidivmod
ffffffff   __binit__
ffffffff   __c_args__
20000000   __stack
00000a41   _args_main
00000915   _c_int00
20000208   _cleanup_ptr
2000020c   _dtors_ptr
20000200   _lock
00000a67   _nop
00000a5f   _register_lock
00000a59   _register_unlock
20000204   _unlock
000009e9   abort
ffffffff   binit
0000095d   copy_in
000009f1   exit
00000000   g_pfnVectors
00000739   main
20000218   main_func_sp
00000571   memcpy


GLOBAL SYMBOLS: SORTED BY Symbol Address 

address    name
--------   ----
00000000   __TI_static_base__
00000000   g_pfnVectors
00000001   __TI_args_main
00000200   __STACK_SIZE
0000026d   UARTvprintf
00000459   SysCtlClockGet
00000571   __aeabi_memcpy
00000571   __aeabi_memcpy4
00000571   __aeabi_memcpy8
00000571   memcpy
0000060d   UARTgets
000006a5   __TI_auto_init
00000739   main
00000819   ConfigureUART
00000875   UARTStdioConfig
000008cd   UARTwrite
00000915   _c_int00
0000095d   copy_in
000009a1   __aeabi_uidivmod
000009e5   C$$EXIT
000009e9   abort
000009f1   exit
00000a25   UARTprintf
00000a41   _args_main
00000a59   _register_unlock
00000a5f   _register_lock
00000a67   _nop
00000a6d   __TI_decompress_none
00000a7b   GPIOPinWrite
00000a81   ResetISR
00000a87   SysCtlDelay
00000a8d   UARTClockSourceSet
00000a93   __TI_decompress_rle24
00000b48   __TI_Handler_Table_Base
00000b50   __TI_CINIT_Base
00000b50   __TI_Handler_Table_Limit
00000b58   __TI_CINIT_Limit
20000000   __stack
20000200   __STACK_END
20000200   __STACK_TOP
20000200   _lock
20000204   _unlock
20000208   _cleanup_ptr
2000020c   _dtors_ptr
20000218   main_func_sp
ffffffff   __binit__
ffffffff   __c_args__
ffffffff   binit
UNDEFED    SHT$$INIT_ARRAY$$Base
UNDEFED    SHT$$INIT_ARRAY$$Limit

[50 symbols]
