******************************************************************************
                  TI ARM Linker PC v5.0.4                      
******************************************************************************
>> Linked Tue Mar 03 01:47:16 2015

OUTPUT FILE NAME:   <timers.out>
ENTRY POINT SYMBOL: "_c_int00"  address: 0000098d


MEMORY CONFIGURATION

         name            origin    length      used     unused   attr    fill
----------------------  --------  ---------  --------  --------  ----  --------
  FLASH                 00000000   00040000  00000b82  0003f47e  R  X
  SRAM                  20000000   00008000  00000120  00007ee0  RW X


SEGMENT ALLOCATION MAP

run origin  load origin   length   init length attrs members
----------  ----------- ---------- ----------- ----- -------
00000000    00000000    00000b88   00000b88    r-x
  00000000    00000000    0000026c   0000026c    r-- .intvecs
  0000026c    0000026c    000008b0   000008b0    r-x .text
  00000b1c    00000b1c    0000002e   0000002e    r-- .const
  00000b50    00000b50    00000038   00000038    r-- .cinit
20000000    20000000    00000100   00000000    rw-
  20000000    20000000    00000100   00000000    rw- .stack
20000100    20000100    00000020   0000001c    rw-
  20000100    20000100    0000001c   0000001c    rw- .data
  2000011c    2000011c    00000004   00000000    rw- .bss


SECTION ALLOCATION MAP

 output                                  attributes/
section   page    origin      length       input sections
--------  ----  ----------  ----------   ----------------
.intvecs   0    00000000    0000026c     
                  00000000    0000026c     startup_ccs.obj (.intvecs)

.init_array 
*          0    00000000    00000000     UNINITIALIZED

.text      0    0000026c    000008b0     
                  0000026c    000001ea     uartstdio.obj (.text:UARTvprintf)
                  00000456    00000002     startup_ccs.obj (.text:FaultISR)
                  00000458    00000104     timers.obj (.text:main)
                  0000055c    0000009c     rtsv7M4_T_le_v4SPD16_eabi.lib : memcpy_t2.obj (.text)
                  000005f8    00000098     uartstdio.obj (.text:UARTgets)
                  00000690    00000094     rtsv7M4_T_le_v4SPD16_eabi.lib : auto_init.obj (.text)
                  00000724    00000088     timers.obj (.text:Timer0IntHandler)
                  000007ac    00000084     timers.obj (.text:Timer1IntHandler)
                  00000830    0000005e     rtsv7M4_T_le_v4SPD16_eabi.lib : copy_decompress_rle.obj (.text)
                  0000088e    00000002     startup_ccs.obj (.text:IntDefaultHandler)
                  00000890    0000005c     timers.obj (.text:ConfigureUART)
                  000008ec    00000058     uartstdio.obj (.text:UARTStdioConfig)
                  00000944    00000048     uartstdio.obj (.text:UARTwrite)
                  0000098c    00000048     rtsv7M4_T_le_v4SPD16_eabi.lib : boot.obj (.text)
                  000009d4    00000044                                   : cpy_tbl.obj (.text)
                  00000a18    00000042                                   : u_divt2.obj (.text)
                  00000a5a    00000002     startup_ccs.obj (.text:NmiSR)
                  00000a5c    00000040     rtsv7M4_T_le_v4SPD16_eabi.lib : exit.obj (.text)
                  00000a9c    0000001a     uartstdio.obj (.text:UARTprintf)
                  00000ab6    00000002     --HOLE-- [fill = 0]
                  00000ab8    00000018     rtsv7M4_T_le_v4SPD16_eabi.lib : args_main.obj (.text)
                  00000ad0    00000014                                   : _lock.obj (.text)
                  00000ae4    00000012                                   : copy_zero_init.obj (.text:decompress:ZI)
                  00000af6    0000000e                                   : copy_decompress_none.obj (.text:decompress:none)
                  00000b04    00000006     driverlib.lib : gpio.obj (.text:GPIOPinWrite)
                  00000b0a    00000006     startup_ccs.obj (.text:ResetISR)
                  00000b10    00000006     driverlib.lib : uart.obj (.text:UARTClockSourceSet)
                  00000b16    00000006     rtsv7M4_T_le_v4SPD16_eabi.lib : copy_decompress_rle.obj (.text:decompress:rle24)

.const     0    00000b1c    0000002e     
                  00000b1c    0000001c     uartstdio.obj (.const)
                  00000b38    00000012     uartstdio.obj (.const:.string)

.cinit     0    00000b50    00000038     
                  00000b50    0000000f     (.cinit..data.load) [load image, compression = rle]
                  00000b5f    00000001     --HOLE-- [fill = 0]
                  00000b60    0000000c     (__TI_handler_table)
                  00000b6c    00000004     --HOLE-- [fill = 0]
                  00000b70    00000008     (.cinit..bss.load) [load image, compression = zero_init]
                  00000b78    00000010     (__TI_cinit_table)

.stack     0    20000000    00000100     UNINITIALIZED
                  20000000    00000100     --HOLE--

.data      0    20000100    0000001c     
                  20000100    00000008     rtsv7M4_T_le_v4SPD16_eabi.lib : _lock.obj (.data)
                  20000108    00000008                                   : exit.obj (.data)
                  20000110    00000005     uartstdio.obj (.data)
                  20000115    00000003     --HOLE--
                  20000118    00000004     rtsv7M4_T_le_v4SPD16_eabi.lib : stkdepth_vars.obj (.data)

.bss       0    2000011c    00000004     UNINITIALIZED
                  2000011c    00000004     timers.obj (.bss)


LINKER GENERATED COPY TABLES

__TI_cinit_table @ 00000b78 records: 2, size/record: 8, table size: 16
	.data: load addr=00000b50, load size=0000000f bytes, run addr=20000100, run size=0000001c bytes, compression=rle
	.bss: load addr=00000b70, load size=00000008 bytes, run addr=2000011c, run size=00000004 bytes, compression=zero_init


LINKER GENERATED HANDLER TABLE

__TI_handler_table @ 00000b60 records: 3, size/record: 4, table size: 12
	index: 0, handler: __TI_decompress_rle24
	index: 1, handler: __TI_decompress_none
	index: 2, handler: __TI_zero_init


GLOBAL SYMBOLS: SORTED ALPHABETICALLY BY Name 

address    name
--------   ----
00000a5d   C$$EXIT
00000891   ConfigureUART
00000b05   GPIOPinWrite
00000b0b   ResetISR
UNDEFED    SHT$$INIT_ARRAY$$Base
UNDEFED    SHT$$INIT_ARRAY$$Limit
00000725   Timer0IntHandler
000007ad   Timer1IntHandler
00000b11   UARTClockSourceSet
000008ed   UARTStdioConfig
000005f9   UARTgets
00000a9d   UARTprintf
0000026d   UARTvprintf
00000945   UARTwrite
20000100   __STACK_END
00000100   __STACK_SIZE
20000100   __STACK_TOP
00000b78   __TI_CINIT_Base
00000b88   __TI_CINIT_Limit
00000b60   __TI_Handler_Table_Base
00000b6c   __TI_Handler_Table_Limit
00000001   __TI_args_main
00000691   __TI_auto_init
00000af7   __TI_decompress_none
00000b17   __TI_decompress_rle24
00000000   __TI_static_base__
00000ae5   __TI_zero_init
0000055d   __aeabi_memcpy
0000055d   __aeabi_memcpy4
0000055d   __aeabi_memcpy8
00000a19   __aeabi_uidivmod
ffffffff   __binit__
ffffffff   __c_args__
20000000   __stack
00000ab9   _args_main
0000098d   _c_int00
20000108   _cleanup_ptr
2000010c   _dtors_ptr
20000100   _lock
00000adf   _nop
00000ad7   _register_lock
00000ad1   _register_unlock
20000104   _unlock
00000a61   abort
ffffffff   binit
000009d5   copy_in
00000a69   exit
00000000   g_pfnVectors
2000011c   g_ui32Flags
00000459   main
20000118   main_func_sp
0000055d   memcpy


GLOBAL SYMBOLS: SORTED BY Symbol Address 

address    name
--------   ----
00000000   __TI_static_base__
00000000   g_pfnVectors
00000001   __TI_args_main
00000100   __STACK_SIZE
0000026d   UARTvprintf
00000459   main
0000055d   __aeabi_memcpy
0000055d   __aeabi_memcpy4
0000055d   __aeabi_memcpy8
0000055d   memcpy
000005f9   UARTgets
00000691   __TI_auto_init
00000725   Timer0IntHandler
000007ad   Timer1IntHandler
00000891   ConfigureUART
000008ed   UARTStdioConfig
00000945   UARTwrite
0000098d   _c_int00
000009d5   copy_in
00000a19   __aeabi_uidivmod
00000a5d   C$$EXIT
00000a61   abort
00000a69   exit
00000a9d   UARTprintf
00000ab9   _args_main
00000ad1   _register_unlock
00000ad7   _register_lock
00000adf   _nop
00000ae5   __TI_zero_init
00000af7   __TI_decompress_none
00000b05   GPIOPinWrite
00000b0b   ResetISR
00000b11   UARTClockSourceSet
00000b17   __TI_decompress_rle24
00000b60   __TI_Handler_Table_Base
00000b6c   __TI_Handler_Table_Limit
00000b78   __TI_CINIT_Base
00000b88   __TI_CINIT_Limit
20000000   __stack
20000100   __STACK_END
20000100   __STACK_TOP
20000100   _lock
20000104   _unlock
20000108   _cleanup_ptr
2000010c   _dtors_ptr
20000118   main_func_sp
2000011c   g_ui32Flags
ffffffff   __binit__
ffffffff   __c_args__
ffffffff   binit
UNDEFED    SHT$$INIT_ARRAY$$Base
UNDEFED    SHT$$INIT_ARRAY$$Limit

[52 symbols]
