
LCD PARA DIPSWITCH.asm   Assembled with CASM08Z  10/04/2014  09:37:38 p.m.  
                                                                         PAGE 1



 0000                   1  RAM_START  EQU  $0080
 0000                   2  ROM_START  EQU  $EE00
 0000                   3  VECTORS    EQU  $FFDE
 0000                   4  E          EQU   5
 0000                   5  RS         EQU   4
 0000                   6  IN_1       EQU   0
 0000                   7  IN_2       EQU   1
 0000                   8  IN_3       EQU   2
 0000                   9  IN_4       EQU   3
                       10  
 0000                  11  $BASE 10T
 0000                  12  $include   'QTQY_Registers.inc'
                       13  ;***************************************************
                                                    ***************************
                       14  ;                    QTQY_REGISTERS.INC - ARCHIVO 
                                                                        INCLUDE
                       15  ; Contiene las Definiciones de los Registros del 
                                                       MC68HC908QTA/QYA/8/4/2/1
                       16  ;
                       17  ;                    SyHDe - Soft y Hard Desarrollos
                       18  ;***************************************************
                                                    ***************************
                       19  
                       20  ;***************************************************
                                                    ***************************
                       21  ;---------------REGISTROS DE PUERTOS ENT/SAL--------
                                                    ---------------------------
                       22  ;---------------PUERTO A----------------------------
                                                    ---------------------------
 0000                  23  PTA  EQU     $0000   ; Port A Data register
 0000                  24  PORTA        EQU     $0000   ; "
 0000                  25  DDRA EQU     $0004   ; Port A Data Direction 
                                                                       Register
 0000                  26  PTAPUE  EQU  $000B   ; Port A Pull Ups Enable
                       27  
                       28  ;---------------PUERTO B----------------------------
                                                    ---------------------------
 0000                  29  PTB  EQU     $0001   ; Port B Data register
 0000                  30  PORTB        EQU     $0001   ; "
 0000                  31  DDRB EQU     $0005   ; Port B Data Direction 
                                                                       Register
 0000                  32  PTBPUE  EQU  $000C   ; Port B Pull Ups Enable
                       33  
                       34  ;***************************************************
                                                    ***************************
                       35  ;---------------REGISTROS DEL MODULO KEYBOARD-------
                                                    ---------------------------
 0000                  36  KBSCR        EQU     $001A   ; Keyboard Status & 
                                                               Control register
 0000                  37  keyf equ     3       ;
 0000                  38  ackk equ     2       ;
 0000                  39  imaskk       equ     1       ;
 0000                  40  modek        equ     0       ;
                       41  
 0000                  42  KBIER        EQU     $001B   ; Keyboard interrupt 
                                                                enable register
                       43  


LCD PARA DIPSWITCH.asm   Assembled with CASM08Z  10/04/2014  09:37:38 p.m.  PAGE 2



                       44  ;***************************************************
                                                    ***************************
                       45  ;---------------REGISTROS DE INTERRUPCION EXTERNA 
                                                  1----------------------------
 0000                  46  INTSCR       EQU     $001D   ; IRQ Status & Control 
                                                                       Register
 0000                  47  irqf equ     3       ;
 0000                  48  ack  equ     2       ;
 0000                  49  imask        equ     1       ;
 0000                  50  mode equ     0       ;
                       51  
                       52  ;***************************************************
                                                    ***************************
                       53  ;---------------REGISTROS DE CONFIGURACION----------
                                                    ---------------------------
 0000                  54  CONFIG1      EQU     $001F   ; Configuration 
                                                                     Register 1
                       55  
 0000                  56  CONFIG2      EQU     $001E   ; Configuration 
                                                                     Register 2
                       57  
                       58  ;***************************************************
                                                    ***************************
                       59  ;---------------REGISTROS DEL TIMER ----------------
                                                    ---------------------------
 0000                  60  TSC  EQU     $0020   ; Timer Status & Control 
                                                                       Register
 0000                  61  tof  equ     7       ;
 0000                  62  toie equ     6       ;
 0000                  63  tstop        equ     5       ;
 0000                  64  trst equ     4       ;
                       65  
 0000                  66  TCNTH        EQU     $0021   ; Timer Counter 
                                                                  Register High
 0000                  67  TCNTL        EQU     $0022   ; Timer Counter 
                                                                   Register Low
 0000                  68  TMODH        EQU     $0023   ; Timer Counter Modulo 
                                                                  Register High
 0000                  69  TMODL        EQU     $0024   ; Timer Counter Modulo 
                                                                   Register Low
                       70  
 0000                  71  TSC0 EQU     $0025   ; Timer Channel 0 Status & 
                                                               Control Register
 0000                  72  ch0f equ     7
 0000                  73  ch0ie        equ     6       ;
 0000                  74  ms0b equ     5       ;
 0000                  75  ms0a equ     4       ;
 0000                  76  els0b        equ     3       ;
 0000                  77  els0a        equ     2       ;
 0000                  78  tov0 equ     1       ;
 0000                  79  ch0max       equ     0       ;
                       80  
 0000                  81  TCH0H        EQU     $0026   ; Timer Channel 0 
                                                                  Register High
 0000                  82  TCH0L        EQU     $0027   ; Timer Channel 0 
                                                                   Register Low
                       83  
 0000                  84  TSC1 EQU     $0028   ; Timer Channel 1 Status & 


LCD PARA DIPSWITCH.asm   Assembled with CASM08Z  10/04/2014  09:37:38 p.m.  PAGE 3



                                                               Control Register
 0000                  85  ch1f equ     7
 0000                  86  ch1ie        equ     6       ;
 0000                  87  ms1b equ     5       ;
 0000                  88  ms1a equ     4       ;
 0000                  89  els1b        equ     3       ;
 0000                  90  els1a        equ     2       ;
 0000                  91  tov1 equ     1       ;
 0000                  92  ch1max       equ     0       ;
                       93  
 0000                  94  TCH1H        EQU     $0029   ; Timer Channel 1 
                                                                  Register High
 0000                  95  TCH1L        EQU     $002A   ; Timer Channel 1 
                                                                   Register Low
                       96  
                       97  ;***************************************************
                                                    ***************************
                       98  ;---------------REGISTROS DEL OSCILADOR-------------
                                                    ---------------------------
 0000                  99  OSCSC        EQU     $0036   ;Oscillator Status and 
                                                               Control Register
 0000                 100  ecgst        equ     0       ;Read Only!!!!
 0000                 101  ecgon        equ     1       ;
 0000                 102  ecfs0        equ     2       ;
 0000                 103  ecfs1        equ     3       ;
 0000                 104  icfs0        equ     4       ;
 0000                 105  icfs1        equ     5       ;
 0000                 106  oscopt0      equ     6       ;
 0000                 107  oscopt1      equ     7       ;
                      108  
 0000                 109  OSCTRIM      EQU     $0038   ;Oscillator Trim 
                                                                       Register
                      110  
 0000                 111  OSCSTAT EQU  $0036   ;Oscillator Status and Control 
                                                         (No Vers A Solo QY/QT)
                      112  
                      113  ;***************************************************
                                                    ***************************
                      114  ;---------------REGISTROS DEL ADC-------------------
                                                    ---------------------------
 0000                 115  ADSCR        EQU     $003C   ; ADC Status & Control 
                                                                       Register
 0000                 116  coco equ     7       ;
 0000                 117  aien equ     6       ;
 0000                 118  adco equ     5       ;
                      119  
 0000                 120  ADRH EQU     $003D   ; ADC10 Data Register High
 0000                 121  ADRL EQU     $003E   ; ADC10 Data Register Low
 0000                 122  ADICLK       EQU     $003F   ; ADC10 Clock Control 
                                                                       Register
                      123  
                      124  ;***************************************************
                                                    ***************************
                      125  ;---------------REGISTROS DEL MODULO SIM------------
                                                    ---------------------------
 0000                 126  BSR  EQU     $FE00   ; Break Status Register
 0000                 127  sbsw equ     1       ; break wait bit
                      128  


LCD PARA DIPSWITCH.asm   Assembled with CASM08Z  10/04/2014  09:37:38 p.m.  PAGE 4



 0000                 129  SRSR EQU     $FE01   ; SIM Reset Status Register
 0000                 130  por  equ     7       ;
 0000                 131  pin  equ     6       ;
 0000                 132  cop  equ     5       ;
 0000                 133  ilop equ     4       ;
 0000                 134  ilad equ     3       ;
 0000                 135  modrst       equ     2       ;
 0000                 136  lvi  equ     1       ;
                      137  
 0000                 138  BRKAR        EQU     $FE02   ; Break Auxiliary 
                                                                       Register
 0000                 139  bdcop        equ     0
                      140  
 0000                 141  BFCR EQU     $FE03   ; Break Flag Control Register
 0000                 142  bcfe equ     7       ;
                      143  
 0000                 144  INT1 EQU     $FE04   ; Interrupt Status Register 1
                      145  
 0000                 146  INT2 EQU     $FE05   ; Interrupt Status Register 2
                      147  
 0000                 148  INT3 EQU     $FE06   ; Interrupt Status Register 3
                      149  
                      150  ;***************************************************
                                                    ***************************
                      151  ;---------------REGISTROS DE LA MEMORIA FLASH-------
                                                    ---------------------------
 0000                 152  FLCR EQU     $FE08   ; FLASH Control Register
                      153  
 0000                 154  FLBPR        EQU     $FFBE   ; FLASH Block Protect
                      155  
                      156  ;***************************************************
                                                    ***************************
                      157  ;---------------REGISTROS DEL MODULO BREAK----------
                                                     --------------------------
 0000                 158  BRKH EQU     $FE09   ; Break address Hig Register
                      159  
 0000                 160  BRKL EQU     $FE0A   ; Break Address Low Register
                      161  
 0000                 162  BRKSCR       EQU     $FE0B   ; Break Status & 
                                                               Control Register
                      163  
                      164  ;***************************************************
                                                    ***************************
                      165  ;---------------REGISTROS DEL MODULO LVI------------
                                                    ---------------------------
 0000                 166  LVISR        EQU     $FE0C   ; LVI Status Register
                      167  
                      168  ;***************************************************
                                                    ***************************
                      169  ;---------------REGISTROS DEL MODULO OSCILLATOR-----
                                                    ---------------------------
 0000                 170  IOSCTRM EQU  $FFC0   ; Internal Oscillator Trim 
                                                  (Factory Prog Value Optional)
                      171  
                      172  ;***************************************************
                                                    ***************************
                      173  ;---------------REGISTROS DEL MODULO COP WATCHDOG---
                                                    ---------------------------


LCD PARA DIPSWITCH.asm   Assembled with CASM08Z  10/04/2014  09:37:38 p.m.  PAGE 5



 0000                 174  COPCTL       EQU     $FFFF   ; COP Control Register
                      175  
                      176  ;***************************************************
                                                    ***************************
                      177  ;***************************************************
                                                    ***************************
                      178  ; RUTINAS DE MANEJO DE LA MEMORIA FLASH SITUADAS EN 
                                                    LA ROM MONITOR (HC908QTQYx)
                      179  ;***************************************************
                                                    ***************************
                      180  
 0000                 181  PRGRNGE              EQU     $2809   ;Programa un 
                                                  rango de direcciones de Flash
 0000                 182  ERARNGE              EQU     $2806   ;Borra una 
                                                        pagina de Memoria Flash
 0000                 183  GETBYTE              EQU     $2800   ;Recibe un 
                                              Byte en Modo Monitordesde el Port
 0000                 184  RDVRRNG              EQU     $2803   ;Usa un Rango 
                                               de la Flash y lo envia x el Port
 0000                 185  DELNUS               EQU     $280C   ;Rutina de 
                                                  Demora (usa parametros[A][X])
                      186  
                      187  ;***************************************************
                                                    ***************************
                      188  ;       SyHDe - Soft y Hard Desarrollos, 2000  - 
                                                          Derechos Reservados -
                      189  ; Ud.uede usar este archivo gratuitamente mientras 
                                                     incluya este pie de pagina
                      190  ;***************************************************
                                                    ***************************
                      191  
                      192  
                      193  ***********VARIABLES DE RAM**********
 0080                 194             ORG  RAM_START
 0080                 195  CHAR       RMB  1
                      196  ****************************************************
                             **************************************************
                                                           ********************
 EE00                 197             ORG  ROM_START
                      198  START:
 EE00 [03] 3F36       199             CLR  OSCSC        ; Oscilador interno a 
                                                                          4 MHz
 EE02 [01] 9C         200             RSP          ;INICIALIZACION DEL 
                                                               MICROCONTROLADOR
 EE03 [01] 4F         201             CLRA
 EE04 [01] 8C         202             CLRH
 EE05 [01] 5F         203             CLRX
 EE06 [01] 98         204             CLC
                      205  
 EE07 [04] 6E091F     206             MOV  #%00001001,CONFIG1   ;PROGRAMACION 
                                                                 DE LOS CONFIGS
 EE0A [01] 9D         207             NOP
 EE0B [01] 9D         208             NOP
 EE0C [04] 6E801E     209             MOV  #%10000000,CONFIG2
 EE0F [01] 9D         210             NOP
 EE10 [01] 9D         211             NOP
                      212  
 EE11 [04] 6EFF05     213             MOV  #$FF,DDRB             ;PUERTO B 


LCD PARA DIPSWITCH.asm   Assembled with CASM08Z  10/04/2014  09:37:38 p.m.  PAGE 6



                                                               TODO COMO SALIDA
 EE14 [04] 6E3004     214             MOV  #%00110000,DDRA       ;PTA5, PTA4 Y 
                              PTA3 SON SALIIDAS. PTA2, PTA1 Y PTA0 SON ENTRADAS
                      215  
                      216  
 EE17 [03] 3F00       217             CLR  PTA
 EE19 [03] 3F01       218             CLR  PTB
 EE1B [05] CDEEED     219             JSR  RETARDO
                      220  
                      221  
                      222  ****************************************************
                             **************************************************
                                                           ********************
                      223  INICIO_LCD:                           ;PREPARA AL 
                                                    MODULO LCD PARA MODO 8 BITS
 EE1E [02] A628       224             LDA  #%00101000
 EE20 [05] CDEE49     225             JSR  ESCRIBE_IR
 EE23 [02] A60E       226             LDA  #%00001110
 EE25 [05] CDEE49     227             JSR  ESCRIBE_IR
 EE28 [02] A601       228             LDA  #%00000001
 EE2A [05] CDEE49     229             JSR  ESCRIBE_IR
 EE2D [02] A606       230             LDA  #%00000110
 EE2F [05] CDEE49     231             JSR  ESCRIBE_IR
 EE32 [02] A640       232             LDA  #%01000000
 EE34 [05] CDEE49     233             JSR  ESCRIBE_IR
                      234  ****************************************************
                             **************************************************
                                                           ********************
                      235  SALUDO:
                      236             ;LDA  #$01                 ;CLEAR DISPLAY
                      237             ;JSR  ESCRIBE_IR
 EE37 [02] A60C       238             LDA  #$0C                 ;DISPLAY ON
 EE39 [05] CDEE49     239             JSR  ESCRIBE_IR
                      240  
 EE3C [02] A680       241             LDA  #%10000000           ;SET DDRAM 
                                     $00. Va a la posicion 0 de la primera fila
 EE3E [05] CDEE99     242             JSR  LAMPARA_1
 EE41 [05] CDEEED     243             JSR  RETARDO
 EE44 [05] CDEEED     244             JSR  RETARDO
 EE47 [03] 20EE       245             bra  SALUDO
                      246  ****************************************************
                             **************************************************
                                                           ********************
                      247  ESCRIBE_IR:                  ;SUBRUTINA QUE SIRVE 
                                      PARA MANDARLE INSTRUCCIONES AL MODULO LCD
 EE49 [04] 1900       248             BCLR  RS,PTA
 EE4B [04] 1A00       249             BSET  E,PTA
 EE4D [03] B780       250             STA   CHAR
 EE4F [02] A4F0       251             AND   #$F0
 EE51 [03] B701       252             STA   PTB
 EE53 [05] CDEF01     253             JSR   DEMORA100
 EE56 [04] 1B00       254             BCLR  E,PTA
 EE58 [03] 3F01       255             CLR   PTB
 EE5A [05] CDEF01     256             JSR   DEMORA100
 EE5D [04] 1A00       257             BSET  E,PTA
 EE5F [03] B680       258             LDA   CHAR
 EE61 [03] 62         259             NSA
 EE62 [02] A4F0       260             AND   #$F0


LCD PARA DIPSWITCH.asm   Assembled with CASM08Z  10/04/2014  09:37:38 p.m.  PAGE 7



 EE64 [03] B701       261             STA   PTB
 EE66 [05] CDEF01     262             JSR   DEMORA100
 EE69 [04] 1B00       263             BCLR  E,PTA
 EE6B [05] CDEF01     264             JSR   DEMORA100
 EE6E [03] 3F01       265             CLR   PORTB
                      266             ;BCLR  RS,PTA;
 EE70 [04] 81         267             RTS
                      268  ****************************************************
                             **************************************************
                                                           ********************
                      269  ESCRIBE_DR:                  ;SUBRUTINA QUE SIRVE 
                                 PARA MANDARLE DATOS (CARACTERES) AL MODULO LCD
 EE71 [04] 1800       270             BSET  RS,PTA
 EE73 [04] 1A00       271             BSET  E,PTA
 EE75 [03] B780       272             STA   CHAR
 EE77 [02] A4F0       273             AND   #$F0
 EE79 [03] B701       274             STA   PTB
 EE7B [05] CDEF01     275             JSR   DEMORA100
 EE7E [04] 1B00       276             BCLR  E,PTA
 EE80 [03] 3F01       277             CLR   PTB
 EE82 [05] CDEF01     278             JSR   DEMORA100
 EE85 [04] 1A00       279             BSET  E,PTA
 EE87 [03] B680       280             LDA   CHAR
 EE89 [03] 62         281             NSA
 EE8A [02] A4F0       282             AND   #$F0
 EE8C [03] B701       283             STA   PORTB
 EE8E [05] CDEF01     284             JSR   DEMORA100
 EE91 [04] 1B00       285             BCLR  E,PTA
 EE93 [05] CDEF01     286             JSR   DEMORA100
 EE96 [03] 3F01       287             CLR   PORTB
                      288             ;BCLR  RS,PTA;
 EE98 [04] 81         289             RTS
                      290  ****************************************************
                             **************************************************
                                                           ********************
                      291  LAMPARA_1
 EE99 [05] CDEE49     292             JSR  ESCRIBE_IR
 EE9C [02] AE12       293             LDX  #$12
 EE9E [04] D6EF07     294             LDA  TABLA,X   ;------------;L
 EEA1 [05] CDEE71     295             JSR  ESCRIBE_DR
                      296  
 EEA4 [02] AE14       297             LDX  #$14
 EEA6 [04] D6EF07     298             LDA  TABLA,X   ;------------;a
 EEA9 [05] CDEE71     299             JSR  ESCRIBE_DR
                      300  
 EEAC [02] AE2D       301             LDX  #$2D
 EEAE [04] D6EF07     302             LDA  TABLA,X   ;------------;m
 EEB1 [05] CDEE71     303             JSR  ESCRIBE_DR
                      304  
 EEB4 [02] AE1B       305             LDX  #$1B
 EEB6 [04] D6EF07     306             LDA  TABLA,X   ;------------;p
 EEB9 [05] CDEE71     307             JSR  ESCRIBE_DR
                      308  
 EEBC [02] AE14       309             LDX  #$14
 EEBE [04] D6EF07     310             LDA  TABLA,X   ;------------;a
 EEC1 [05] CDEE71     311             JSR  ESCRIBE_DR
                      312  
 EEC4 [02] AE1C       313             LDX  #$1C


LCD PARA DIPSWITCH.asm   Assembled with CASM08Z  10/04/2014  09:37:38 p.m.  PAGE 8



 EEC6 [04] D6EF07     314             LDA  TABLA,X   ;------------;r
 EEC9 [05] CDEE71     315             JSR  ESCRIBE_DR
                      316  
 EECC [02] AE14       317             LDX  #$14
 EECE [04] D6EF07     318             LDA  TABLA,X   ;------------;a
 EED1 [05] CDEE71     319             JSR  ESCRIBE_DR
                      320  
 EED4 [02] AE24       321             LDX  #$24
 EED6 [04] D6EF07     322             LDA  TABLA,X   ;------------;espacio
 EED9 [05] CDEE71     323             JSR  ESCRIBE_DR
                      324  
 EEDC [02] AE01       325             LDX  #$01
 EEDE [04] D6EF07     326             LDA  TABLA,X   ;------------;nro 1
 EEE1 [05] CDEE71     327             JSR  ESCRIBE_DR
                      328  
 EEE4 [02] AE27       329             LDX  #$27
 EEE6 [04] D6EF07     330             LDA  TABLA,X   ;------------;dos puntos
 EEE9 [05] CDEE71     331             JSR  ESCRIBE_DR             ;termina 
                             siempre con este salto, sino borra la ultima letra
 EEEC [04] 81         332             RTS
                      333  
                      334  
                      335  
                      336  
                      337  RETARDO
 EEED [02] 8B         338          PSHH
 EEEE [02] 89         339          PSHX
 EEEF [02] A6FF       340          LDA     #$FF
                      341  DELAY
 EEF1 [03] 4500EF     342          LDHX    #$00EF
                      343  LOOP1
 EEF4 [02] AFFF       344          AIX     #-1
 EEF6 [03] 650000     345          CPHX    #0
 EEF9 [03] 26F9       346          BNE     LOOP1
 EEFB [01] 4A         347          DECA
 EEFC [03] 26F3       348          BNE     DELAY
 EEFE [02] 88         349          PULX
 EEFF [02] 8A         350          PULH
 EF00 [04] 81         351          RTS
                      352  ****************************************************
                             **************************************************
                                                           ********************
                      353  DEMORA100:                      ;RUTINA QUE GENERA 
                                                           UNA DEMORA DE APROX.
 EF01 [02] A696       354          LDA  #$96
                      355  RESTA3:
 EF03 [01] 4A         356          DECA
 EF04 [03] 26FD       357          BNE  RESTA3
 EF06 [04] 81         358          RTS
                      359  ****************************************************
                             **************************************************
                                                           ********************
                      360  TABLA:                                ;TABLA EN 
                                  DONDE SE DEFINEN LOS CARACTERES QUE SE USARAN
 EF07      30         361             DB  %00110000;0 X = $00
 EF08      31         362             DB  %00110001;1 X = $01
 EF09      32         363             DB  %00110010;2 X = $02
 EF0A      33         364             DB  %00110011;3 X = $03


LCD PARA DIPSWITCH.asm   Assembled with CASM08Z  10/04/2014  09:37:38 p.m.  PAGE 9



 EF0B      34         365             DB  %00110100;4 X = $04
 EF0C      35         366             DB  %00110101;5 X = $05
 EF0D      36         367             DB  %00110110;6 X = $06
 EF0E      37         368             DB  %00110111;7 X = $07
 EF0F      38         369             DB  %00111000;8 X = $08
 EF10      39         370             DB  %00111001;9 X = $09
 EF11      50         371             DB  %01010000;P X = $0A
 EF12      52         372             DB  %01010010;R X = $0B
 EF13      54         373             DB  %01010100;T X = $0C
 EF14      55         374             DB  %01010101;U X = $0D
 EF15      43         375             DB  %01000011;C X = $0E
 EF16      45         376             DB  %01000101;E X = $0F
 EF17      46         377             DB  %01000110;F X = $10
 EF18      48         378             DB  %01001000;H X = $11
 EF19      4C         379             DB  %01001100;L X = $12
 EF1A      4E         380             DB  %01001110;N X = $13
 EF1B      61         381             DB  %01100001;a X = $14
 EF1C      63         382             DB  %01100011;c X = $15
 EF1D      67         383             DB  %01100111;g X = $16
 EF1E      69         384             DB  %01101001;i X = $17
 EF1F      6A         385             DB  %01101010;j X = $18
 EF20      6C         386             DB  %01101100;l X = $19
 EF21      6F         387             DB  %01101111;o X = $1A
 EF22      70         388             DB  %01110000;p X = $1B
 EF23      72         389             DB  %01110010;r X = $1C
 EF24      73         390             DB  %01110011;s X = $1D
 EF25      75         391             DB  %01110101;u X = $1E
 EF26      2E         392             DB  %00101110;punto X = $1F
 EF27      2C         393             DB  %00101100;coma X = $20
 EF28      3F         394             DB  %00111111;pregunta X = $21
 EF29      3D         395             DB  %00111101;igual X = $22
 EF2A      00         396             DB  %00000000; mu X=$23
 EF2B      20         397             DB  %00100000;ESPACIO X=$24
 EF2C      01         398             DB  %00000001; Yaz X=$25
 EF2D      65         399             DB  %01100101;e  X = $26
 EF2E      3A         400             DB  %00111010;dos puntos X = $27
 EF2F      6E         401             DB  %01101110;n  X = $28
 EF30      42         402             DB  %01000010;B  X = $29
 EF31      64         403             DB  %01100100;d  X = $2A
 EF32      4A         404             DB  %01001010;J  X = $2B
 EF33      76         405             DB  %01110110;v  X = $2C
 EF34      6D         406             DB  %01101101;m  X = $2D
 EF35      41         407             DB  %01000001;A  X = $2E
                      408  ****************************************************
                             **************************************************
                                                           ********************
                      409  BOBO                       ;Rutina para los 
                                vectores no utilizados. Se pone "por las dudas"
 EF36 [01] 9D         410             NOP
 EF37 [07] 80         411             RTI
                      412  *************************************TABLA DE 
                             VECTORES******************************************
                                                      *************************
                      413  
 FFDE                 414             ORG  VECTORS
                      415  
 FFDE      EF36       416             DW   BOBO  ;FFDE-FFDF
 FFE0      EF36       417             DW   BOBO  ;FFE0-FFE1


LCD PARA DIPSWITCH.asm   Assembled with CASM08Z  10/04/2014  09:37:38 p.m.  PAGE 10



 FFE2      EF36       418             DW   BOBO  ;FFE2-FFE3
 FFE4      EF36       419             DW   BOBO  ;FFE4-FFE5
 FFE6      EF36       420             DW   BOBO  ;FFE6-FFE7
 FFE8      EF36       421             DW   BOBO  ;FFE8-FFE9
 FFEA      EF36       422             DW   BOBO  ;FFEA-FFEB
 FFEC      EF36       423             DW   BOBO  ;FFEC-FFED
 FFEE      EF36       424             DW   BOBO  ;FFEE-FFEF
 FFF0      EF36       425             DW   BOBO  ;FFF0-FFF1
 FFF2      EF36       426             DW   BOBO  ;FFF2-FFF3
 FFF4      EF36       427             DW   BOBO  ;FFF4-FFF5
 FFF6      EF36       428             DW   BOBO  ;FFF6-FFF7
 FFF8      EF36       429             DW   BOBO  ;FFFF8-FFF9
 FFFA      EF36       430             DW   BOBO  ;FFFA-FFFB
 FFFC      EF36       431             DW   BOBO  ;FFFC-FFFD
 FFFE      EE00       432             DW   START ;FFFE-FFFF
                      433  ****************************************************
                             **************************************************
                                                           ********************
                      434  END
                      435  ****************************************************
                             **************************************************
                                                           ********************
                      436  
                      437  
                      438  
                      439  
                      440  
                      441  
                      442  
                      443  
                      444  
                      445  
                      446  
                      447  
                      448  
                      449  
                      450  
                      451   

 Symbol Table 

ACK              0002
ACKK             0002
ADCO             0005
ADICLK           003F
ADRH             003D
ADRL             003E
ADSCR            003C
AIEN             0006
BCFE             0007
BDCOP            0000
BFCR             FE03
BOBO             EF36
BRKAR            FE02
BRKH             FE09
BRKL             FE0A
BRKSCR           FE0B
BSR              FE00


LCD PARA DIPSWITCH.asm   Assembled with CASM08Z  10/04/2014  09:37:38 p.m.  PAGE 11



CH0F             0007
CH0IE            0006
CH0MAX           0000
CH1F             0007
CH1IE            0006
CH1MAX           0000
CHAR             0080
COCO             0007
CONFIG1          001F
CONFIG2          001E
COP              0005
COPCTL           FFFF
DDRA             0004
DDRB             0005
DELAY            EEF1
DELNUS           280C
DEMORA100        EF01
E                0005
ECFS0            0002
ECFS1            0003
ECGON            0001
ECGST            0000
ELS0A            0002
ELS0B            0003
ELS1A            0002
ELS1B            0003
END              0000
ERARNGE          2806
ESCRIBE_DR       EE71
ESCRIBE_IR       EE49
FLBPR            FFBE
FLCR             FE08
GETBYTE          2800
ICFS0            0004
ICFS1            0005
ILAD             0003
ILOP             0004
IMASK            0001
IMASKK           0001
INICIO_LCD       EE1E
INT1             FE04
INT2             FE05
INT3             FE06
INTSCR           001D
IN_1             0000
IN_2             0001
IN_3             0002
IN_4             0003
IOSCTRM          FFC0
IRQF             0003
KBIER            001B
KBSCR            001A
KEYF             0003
LAMPARA_1        EE99
LOOP1            EEF4
LVI              0001
LVISR            FE0C
MODE             0000


LCD PARA DIPSWITCH.asm   Assembled with CASM08Z  10/04/2014  09:37:38 p.m.  PAGE 12



MODEK            0000
MODRST           0002
MS0A             0004
MS0B             0005
MS1A             0004
MS1B             0005
OSCOPT0          0006
OSCOPT1          0007
OSCSC            0036
OSCSTAT          0036
OSCTRIM          0038
PIN              0006
POR              0007
PORTA            0000
PORTB            0001
PRGRNGE          2809
PTA              0000
PTAPUE           000B
PTB              0001
PTBPUE           000C
RAM_START        0080
RDVRRNG          2803
RESTA3           EF03
RETARDO          EEED
ROM_START        EE00
RS               0004
SALUDO           EE37
SBSW             0001
SRSR             FE01
START            EE00
TABLA            EF07
TCH0H            0026
TCH0L            0027
TCH1H            0029
TCH1L            002A
TCNTH            0021
TCNTL            0022
TMODH            0023
TMODL            0024
TOF              0007
TOIE             0006
TOV0             0001
TOV1             0001
TRST             0004
TSC              0020
TSC0             0025
TSC1             0028
TSTOP            0005
VECTORS          FFDE
