******************************************************************************
                  TI ARM Linker PC v5.0.4                      
******************************************************************************
>> Linked Mon Mar 02 17:56:00 2015

OUTPUT FILE NAME:   <primer proyecto.out>
ENTRY POINT SYMBOL: "_c_int00"  address: 0000066d


MEMORY CONFIGURATION

         name            origin    length      used     unused   attr    fill
----------------------  --------  ---------  --------  --------  ----  --------
  FLASH                 00000000   00040000  00000828  0003f7d8  R  X
  SRAM                  20000000   00008000  00000214  00007dec  RW X


SEGMENT ALLOCATION MAP

run origin  load origin   length   init length attrs members
----------  ----------- ---------- ----------- ----- -------
00000000    00000000    00000828   00000828    r-x
  00000000    00000000    0000026c   0000026c    r-- .intvecs
  0000026c    0000026c    0000059c   0000059c    r-x .text
  00000808    00000808    00000020   00000020    r-- .cinit
20000000    20000000    00000200   00000000    rw-
  20000000    20000000    00000200   00000000    rw- .stack
20000200    20000200    00000014   00000014    rw-
  20000200    20000200    00000014   00000014    rw- .data


SECTION ALLOCATION MAP

 output                                  attributes/
section   page    origin      length       input sections
--------  ----  ----------  ----------   ----------------
.intvecs   0    00000000    0000026c     
                  00000000    0000026c     startup_ccs.obj (.intvecs)

.init_array 
*          0    00000000    00000000     UNINITIALIZED

.text      0    0000026c    0000059c     
                  0000026c    00000130     driverlib.lib : gpio.obj (.text:GPIOPadConfigSet)
                  0000039c    000000f0                   : sysctl.obj (.text:SysCtlClockSet)
                  0000048c    0000009c     rtsv7M4_T_le_v4SPD16_eabi.lib : memcpy_t2.obj (.text)
                  00000528    00000094                                   : auto_init.obj (.text)
                  000005bc    0000005e                                   : copy_decompress_rle.obj (.text)
                  0000061a    00000002     --HOLE-- [fill = 0]
                  0000061c    00000050     main.obj (.text)
                  0000066c    00000048     rtsv7M4_T_le_v4SPD16_eabi.lib : boot.obj (.text)
                  000006b4    00000044                                   : cpy_tbl.obj (.text)
                  000006f8    00000040                                   : exit.obj (.text)
                  00000738    00000034     driverlib.lib : sysctl.obj (.text:SysCtlPeripheralEnable)
                  0000076c    0000002a                   : gpio.obj (.text:GPIODirModeSet)
                  00000796    00000018                   : gpio.obj (.text:GPIOPinTypeGPIOOutput)
                  000007ae    00000002     --HOLE-- [fill = 0]
                  000007b0    00000018     rtsv7M4_T_le_v4SPD16_eabi.lib : args_main.obj (.text)
                  000007c8    00000014                                   : _lock.obj (.text)
                  000007dc    0000000e                                   : copy_decompress_none.obj (.text:decompress:none)
                  000007ea    0000000c     startup_ccs.obj (.text)
                  000007f6    00000006     driverlib.lib : gpio.obj (.text:GPIOPinWrite)
                  000007fc    00000006                   : sysctl.obj (.text:SysCtlDelay)
                  00000802    00000006     rtsv7M4_T_le_v4SPD16_eabi.lib : copy_decompress_rle.obj (.text:decompress:rle24)

.cinit     0    00000808    00000020     
                  00000808    0000000f     (.cinit..data.load) [load image, compression = rle]
                  00000817    00000001     --HOLE-- [fill = 0]
                  00000818    00000008     (__TI_handler_table)
                  00000820    00000008     (__TI_cinit_table)

.stack     0    20000000    00000200     UNINITIALIZED
                  20000000    00000200     --HOLE--

.data      0    20000200    00000014     
                  20000200    00000008     rtsv7M4_T_le_v4SPD16_eabi.lib : _lock.obj (.data)
                  20000208    00000008                                   : exit.obj (.data)
                  20000210    00000004                                   : stkdepth_vars.obj (.data)


LINKER GENERATED COPY TABLES

__TI_cinit_table @ 00000820 records: 1, size/record: 8, table size: 8
	.data: load addr=00000808, load size=0000000f bytes, run addr=20000200, run size=00000014 bytes, compression=rle


LINKER GENERATED HANDLER TABLE

__TI_handler_table @ 00000818 records: 2, size/record: 4, table size: 8
	index: 0, handler: __TI_decompress_rle24
	index: 1, handler: __TI_decompress_none


GLOBAL SYMBOLS: SORTED ALPHABETICALLY BY Name 

address    name
--------   ----
000006f9   C$$EXIT
0000076d   GPIODirModeSet
0000026d   GPIOPadConfigSet
00000797   GPIOPinTypeGPIOOutput
000007f7   GPIOPinWrite
000007eb   ResetISR
UNDEFED    SHT$$INIT_ARRAY$$Base
UNDEFED    SHT$$INIT_ARRAY$$Limit
0000039d   SysCtlClockSet
000007fd   SysCtlDelay
00000739   SysCtlPeripheralEnable
20000200   __STACK_END
00000200   __STACK_SIZE
20000200   __STACK_TOP
00000820   __TI_CINIT_Base
00000828   __TI_CINIT_Limit
00000818   __TI_Handler_Table_Base
00000820   __TI_Handler_Table_Limit
00000001   __TI_args_main
00000529   __TI_auto_init
000007dd   __TI_decompress_none
00000803   __TI_decompress_rle24
00000000   __TI_static_base__
0000048d   __aeabi_memcpy
0000048d   __aeabi_memcpy4
0000048d   __aeabi_memcpy8
ffffffff   __binit__
ffffffff   __c_args__
20000000   __stack
000007b1   _args_main
0000066d   _c_int00
20000208   _cleanup_ptr
2000020c   _dtors_ptr
20000200   _lock
000007d7   _nop
000007cf   _register_lock
000007c9   _register_unlock
20000204   _unlock
000006fd   abort
ffffffff   binit
000006b5   copy_in
00000705   exit
00000000   g_pfnVectors
0000061d   main
20000210   main_func_sp
0000048d   memcpy


GLOBAL SYMBOLS: SORTED BY Symbol Address 

address    name
--------   ----
00000000   __TI_static_base__
00000000   g_pfnVectors
00000001   __TI_args_main
00000200   __STACK_SIZE
0000026d   GPIOPadConfigSet
0000039d   SysCtlClockSet
0000048d   __aeabi_memcpy
0000048d   __aeabi_memcpy4
0000048d   __aeabi_memcpy8
0000048d   memcpy
00000529   __TI_auto_init
0000061d   main
0000066d   _c_int00
000006b5   copy_in
000006f9   C$$EXIT
000006fd   abort
00000705   exit
00000739   SysCtlPeripheralEnable
0000076d   GPIODirModeSet
00000797   GPIOPinTypeGPIOOutput
000007b1   _args_main
000007c9   _register_unlock
000007cf   _register_lock
000007d7   _nop
000007dd   __TI_decompress_none
000007eb   ResetISR
000007f7   GPIOPinWrite
000007fd   SysCtlDelay
00000803   __TI_decompress_rle24
00000818   __TI_Handler_Table_Base
00000820   __TI_CINIT_Base
00000820   __TI_Handler_Table_Limit
00000828   __TI_CINIT_Limit
20000000   __stack
20000200   __STACK_END
20000200   __STACK_TOP
20000200   _lock
20000204   _unlock
20000208   _cleanup_ptr
2000020c   _dtors_ptr
20000210   main_func_sp
ffffffff   __binit__
ffffffff   __c_args__
ffffffff   binit
UNDEFED    SHT$$INIT_ARRAY$$Base
UNDEFED    SHT$$INIT_ARRAY$$Limit

[46 symbols]
