******************************************************************************
                  TI ARM Linker PC v5.0.4                      
******************************************************************************
>> Linked Tue Mar 31 23:53:28 2015

OUTPUT FILE NAME:   <025_BLINKY.out>
ENTRY POINT SYMBOL: "_c_int00"  address: 000004e9


MEMORY CONFIGURATION

         name            origin    length      used     unused   attr    fill
----------------------  --------  ---------  --------  --------  ----  --------
  FLASH                 00000000   00040000  0000064a  0003f9b6  R  X
  SRAM                  20000000   00008000  00000218  00007de8  RW X


SEGMENT ALLOCATION MAP

run origin  load origin   length   init length attrs members
----------  ----------- ---------- ----------- ----- -------
00000000    00000000    00000650   00000650    r-x
  00000000    00000000    0000026c   0000026c    r-- .intvecs
  0000026c    0000026c    000003a6   000003a6    r-x .text
  00000618    00000618    00000038   00000038    r-- .cinit
20000000    20000000    00000200   00000000    rw-
  20000000    20000000    00000200   00000000    rw- .stack
20000200    20000200    00000018   00000014    rw-
  20000200    20000200    00000014   00000014    rw- .data
  20000214    20000214    00000004   00000000    rw- .bss


SECTION ALLOCATION MAP

 output                                  attributes/
section   page    origin      length       input sections
--------  ----  ----------  ----------   ----------------
.intvecs   0    00000000    0000026c     
                  00000000    0000026c     startup_ccs.obj (.intvecs)

.init_array 
*          0    00000000    00000000     UNINITIALIZED

.text      0    0000026c    000003a6     
                  0000026c    000000ec     main.obj (.text)
                  00000358    0000009c     rtsv7M4_T_le_v4SPD16_eabi.lib : memcpy_t2.obj (.text)
                  000003f4    00000094                                   : auto_init.obj (.text)
                  00000488    0000005e                                   : copy_decompress_rle.obj (.text)
                  000004e6    00000002     --HOLE-- [fill = 0]
                  000004e8    00000048                                   : boot.obj (.text)
                  00000530    00000044                                   : cpy_tbl.obj (.text)
                  00000574    00000040                                   : exit.obj (.text)
                  000005b4    00000018                                   : args_main.obj (.text)
                  000005cc    00000014                                   : _lock.obj (.text)
                  000005e0    00000012                                   : copy_zero_init.obj (.text:decompress:ZI)
                  000005f2    0000000e                                   : copy_decompress_none.obj (.text:decompress:none)
                  00000600    0000000c     startup_ccs.obj (.text)
                  0000060c    00000006     rtsv7M4_T_le_v4SPD16_eabi.lib : copy_decompress_rle.obj (.text:decompress:rle24)

.cinit     0    00000618    00000038     
                  00000618    0000000f     (.cinit..data.load) [load image, compression = rle]
                  00000627    00000001     --HOLE-- [fill = 0]
                  00000628    0000000c     (__TI_handler_table)
                  00000634    00000004     --HOLE-- [fill = 0]
                  00000638    00000008     (.cinit..bss.load) [load image, compression = zero_init]
                  00000640    00000010     (__TI_cinit_table)

.stack     0    20000000    00000200     UNINITIALIZED
                  20000000    00000200     --HOLE--

.data      0    20000200    00000014     
                  20000200    00000008     rtsv7M4_T_le_v4SPD16_eabi.lib : _lock.obj (.data)
                  20000208    00000008                                   : exit.obj (.data)
                  20000210    00000004                                   : stkdepth_vars.obj (.data)

.bss       0    20000214    00000004     UNINITIALIZED
                  20000214    00000004     main.obj (.bss)


LINKER GENERATED COPY TABLES

__TI_cinit_table @ 00000640 records: 2, size/record: 8, table size: 16
	.data: load addr=00000618, load size=0000000f bytes, run addr=20000200, run size=00000014 bytes, compression=rle
	.bss: load addr=00000638, load size=00000008 bytes, run addr=20000214, run size=00000004 bytes, compression=zero_init


LINKER GENERATED HANDLER TABLE

__TI_handler_table @ 00000628 records: 3, size/record: 4, table size: 12
	index: 0, handler: __TI_decompress_rle24
	index: 1, handler: __TI_decompress_none
	index: 2, handler: __TI_zero_init


GLOBAL SYMBOLS: SORTED ALPHABETICALLY BY Name 

address    name
--------   ----
00000575   C$$EXIT
00000601   ResetISR
UNDEFED    SHT$$INIT_ARRAY$$Base
UNDEFED    SHT$$INIT_ARRAY$$Limit
0000032b   TickHandler
20000200   __STACK_END
00000200   __STACK_SIZE
20000200   __STACK_TOP
00000640   __TI_CINIT_Base
00000650   __TI_CINIT_Limit
00000628   __TI_Handler_Table_Base
00000634   __TI_Handler_Table_Limit
00000001   __TI_args_main
000003f5   __TI_auto_init
000005f3   __TI_decompress_none
0000060d   __TI_decompress_rle24
00000000   __TI_static_base__
000005e1   __TI_zero_init
00000359   __aeabi_memcpy
00000359   __aeabi_memcpy4
00000359   __aeabi_memcpy8
ffffffff   __binit__
ffffffff   __c_args__
20000000   __stack
000005b5   _args_main
000004e9   _c_int00
20000208   _cleanup_ptr
2000020c   _dtors_ptr
20000200   _lock
000005db   _nop
000005d3   _register_lock
000005cd   _register_unlock
20000204   _unlock
00000579   abort
ffffffff   binit
00000531   copy_in
20000214   counter
00000581   exit
00000000   g_pfnVectors
0000026d   main
20000210   main_func_sp
00000359   memcpy


GLOBAL SYMBOLS: SORTED BY Symbol Address 

address    name
--------   ----
00000000   __TI_static_base__
00000000   g_pfnVectors
00000001   __TI_args_main
00000200   __STACK_SIZE
0000026d   main
0000032b   TickHandler
00000359   __aeabi_memcpy
00000359   __aeabi_memcpy4
00000359   __aeabi_memcpy8
00000359   memcpy
000003f5   __TI_auto_init
000004e9   _c_int00
00000531   copy_in
00000575   C$$EXIT
00000579   abort
00000581   exit
000005b5   _args_main
000005cd   _register_unlock
000005d3   _register_lock
000005db   _nop
000005e1   __TI_zero_init
000005f3   __TI_decompress_none
00000601   ResetISR
0000060d   __TI_decompress_rle24
00000628   __TI_Handler_Table_Base
00000634   __TI_Handler_Table_Limit
00000640   __TI_CINIT_Base
00000650   __TI_CINIT_Limit
20000000   __stack
20000200   __STACK_END
20000200   __STACK_TOP
20000200   _lock
20000204   _unlock
20000208   _cleanup_ptr
2000020c   _dtors_ptr
20000210   main_func_sp
20000214   counter
ffffffff   __binit__
ffffffff   __c_args__
ffffffff   binit
UNDEFED    SHT$$INIT_ARRAY$$Base
UNDEFED    SHT$$INIT_ARRAY$$Limit

[42 symbols]
