******************************************************************************
                  TI ARM Linker PC v5.0.4                      
******************************************************************************
>> Linked Fri Aug 28 04:45:20 2015

OUTPUT FILE NAME:   <ROBOT_L298_IR.out>
ENTRY POINT SYMBOL: "_c_int00"  address: 00000ee5


MEMORY CONFIGURATION

         name            origin    length      used     unused   attr    fill
----------------------  --------  ---------  --------  --------  ----  --------
  FLASH                 00000000   00040000  00001324  0003ecdc  R  X
  SRAM                  20000000   00008000  0000021d  00007de3  RW X


SEGMENT ALLOCATION MAP

run origin  load origin   length   init length attrs members
----------  ----------- ---------- ----------- ----- -------
00000000    00000000    00001328   00001328    r-x
  00000000    00000000    0000026c   0000026c    r-- .intvecs
  0000026c    0000026c    00000f10   00000f10    r-x .text
  0000117c    0000117c    00000170   00000170    r-- .const
  000012f0    000012f0    00000038   00000038    r-- .cinit
20000000    20000000    00000200   00000000    rw-
  20000000    20000000    00000200   00000000    rw- .stack
20000200    20000200    0000001d   00000014    rw-
  20000200    20000200    00000014   00000014    rw- .data
  20000214    20000214    00000009   00000000    rw- .bss


SECTION ALLOCATION MAP

 output                                  attributes/
section   page    origin      length       input sections
--------  ----  ----------  ----------   ----------------
.intvecs   0    00000000    0000026c     
                  00000000    0000026c     startup_ccs.obj (.intvecs)

.init_array 
*          0    00000000    00000000     UNINITIALIZED

.text      0    0000026c    00000f10     
                  0000026c    000006b4     main.obj (.text)
                  00000920    00000130     driverlib.lib : gpio.obj (.text:GPIOPadConfigSet)
                  00000a50    00000118                   : sysctl.obj (.text:SysCtlClockGet)
                  00000b68    000000f0                   : sysctl.obj (.text:SysCtlClockSet)
                  00000c58    0000009c     rtsv7M4_T_le_v4SPD16_eabi.lib : memcpy_t2.obj (.text)
                  00000cf4    00000094                                   : auto_init.obj (.text)
                  00000d88    00000060     driverlib.lib : interrupt.obj (.text:IntEnable)
                  00000de8    0000005e     rtsv7M4_T_le_v4SPD16_eabi.lib : copy_decompress_rle.obj (.text)
                  00000e46    00000056     driverlib.lib : gpio.obj (.text:GPIOIntTypeSet)
                  00000e9c    00000048                   : gpio.obj (.text:GPIOPinConfigure)
                  00000ee4    00000048     rtsv7M4_T_le_v4SPD16_eabi.lib : boot.obj (.text)
                  00000f2c    00000044                                   : cpy_tbl.obj (.text)
                  00000f70    00000040                                   : exit.obj (.text)
                  00000fb0    00000034     driverlib.lib : sysctl.obj (.text:SysCtlPeripheralEnable)
                  00000fe4    0000002a                   : gpio.obj (.text:GPIODirModeSet)
                  0000100e    00000022                   : pwm.obj (.text:PWMGenConfigure)
                  00001030    0000001e                   : pwm.obj (.text:PWMPulseWidthSet)
                  0000104e    00000018                   : gpio.obj (.text:GPIOPinTypeGPIOOutput)
                  00001066    00000002     --HOLE-- [fill = 0]
                  00001068    00000018     rtsv7M4_T_le_v4SPD16_eabi.lib : args_main.obj (.text)
                  00001080    00000014     driverlib.lib : sysctl.obj (.text:SysCtlPWMClockSet)
                  00001094    00000014     rtsv7M4_T_le_v4SPD16_eabi.lib : _lock.obj (.text)
                  000010a8    00000012     driverlib.lib : gpio.obj (.text:GPIOPinTypeGPIOInput)
                  000010ba    00000012                   : gpio.obj (.text:GPIOPinTypePWM)
                  000010cc    00000012                   : pwm.obj (.text:PWMOutputState)
                  000010de    00000012     rtsv7M4_T_le_v4SPD16_eabi.lib : copy_zero_init.obj (.text:decompress:ZI)
                  000010f0    00000010     driverlib.lib : pwm.obj (.text:PWMGenPeriodSet)
                  00001100    0000000e     rtsv7M4_T_le_v4SPD16_eabi.lib : copy_decompress_none.obj (.text:decompress:none)
                  0000110e    0000000c     driverlib.lib : cpu.obj (.text:CPUcpsid)
                  0000111a    0000000c                   : cpu.obj (.text:CPUcpsie)
                  00001126    0000000c                   : gpio.obj (.text:GPIOIntEnable)
                  00001132    0000000c                   : pwm.obj (.text:PWMGenEnable)
                  0000113e    0000000c     startup_ccs.obj (.text)
                  0000114a    0000000a     driverlib.lib : interrupt.obj (.text:IntMasterDisable)
                  00001154    0000000a                   : interrupt.obj (.text:IntMasterEnable)
                  0000115e    00000006                   : gpio.obj (.text:GPIOIntClear)
                  00001164    00000006                   : gpio.obj (.text:GPIOPinRead)
                  0000116a    00000006                   : gpio.obj (.text:GPIOPinWrite)
                  00001170    00000006                   : sysctl.obj (.text:SysCtlDelay)
                  00001176    00000006     rtsv7M4_T_le_v4SPD16_eabi.lib : copy_decompress_rle.obj (.text:decompress:rle24)

.const     0    0000117c    00000170     
                  0000117c    00000090     driverlib.lib : gpio.obj (.const:g_pui32GPIOBaseAddrs)
                  0000120c    00000070                   : interrupt.obj (.const)
                  0000127c    0000006c                   : sysctl.obj (.const:g_pui32Xtals)
                  000012e8    00000004     main.obj (.const)

.cinit     0    000012f0    00000038     
                  000012f0    0000000f     (.cinit..data.load) [load image, compression = rle]
                  000012ff    00000001     --HOLE-- [fill = 0]
                  00001300    0000000c     (__TI_handler_table)
                  0000130c    00000004     --HOLE-- [fill = 0]
                  00001310    00000008     (.cinit..bss.load) [load image, compression = zero_init]
                  00001318    00000010     (__TI_cinit_table)

.stack     0    20000000    00000200     UNINITIALIZED
                  20000000    00000200     --HOLE--

.data      0    20000200    00000014     
                  20000200    00000008     rtsv7M4_T_le_v4SPD16_eabi.lib : _lock.obj (.data)
                  20000208    00000008                                   : exit.obj (.data)
                  20000210    00000004                                   : stkdepth_vars.obj (.data)

.bss       0    20000214    00000009     UNINITIALIZED
                  20000214    00000009     main.obj (.bss)


LINKER GENERATED COPY TABLES

__TI_cinit_table @ 00001318 records: 2, size/record: 8, table size: 16
	.data: load addr=000012f0, load size=0000000f bytes, run addr=20000200, run size=00000014 bytes, compression=rle
	.bss: load addr=00001310, load size=00000008 bytes, run addr=20000214, run size=00000009 bytes, compression=zero_init


LINKER GENERATED HANDLER TABLE

__TI_handler_table @ 00001300 records: 3, size/record: 4, table size: 12
	index: 0, handler: __TI_decompress_rle24
	index: 1, handler: __TI_decompress_none
	index: 2, handler: __TI_zero_init


GLOBAL SYMBOLS: SORTED ALPHABETICALLY BY Name 

address    name
--------   ----
00000f71   C$$EXIT
0000110f   CPUcpsid
0000111b   CPUcpsie
00000fe5   GPIODirModeSet
0000115f   GPIOIntClear
00001127   GPIOIntEnable
00000e47   GPIOIntTypeSet
00000921   GPIOPadConfigSet
00000e9d   GPIOPinConfigure
00001165   GPIOPinRead
000010a9   GPIOPinTypeGPIOInput
0000104f   GPIOPinTypeGPIOOutput
000010bb   GPIOPinTypePWM
0000116b   GPIOPinWrite
000012e8   IN_ALL
00000d89   IntEnable
0000114b   IntMasterDisable
00001155   IntMasterEnable
0000100f   PWMGenConfigure
00001133   PWMGenEnable
000010f1   PWMGenPeriodSet
000010cd   PWMOutputState
00001031   PWMPulseWidthSet
000003e3   PortFIntHandler
000004dd   PortFIntHandler2
000005c1   PortFIntHandler3
0000113f   ResetISR
UNDEFED    SHT$$INIT_ARRAY$$Base
UNDEFED    SHT$$INIT_ARRAY$$Limit
00000a51   SysCtlClockGet
00000b69   SysCtlClockSet
00001171   SysCtlDelay
00001081   SysCtlPWMClockSet
00000fb1   SysCtlPeripheralEnable
20000200   __STACK_END
00000200   __STACK_SIZE
20000200   __STACK_TOP
00001318   __TI_CINIT_Base
00001328   __TI_CINIT_Limit
00001300   __TI_Handler_Table_Base
0000130c   __TI_Handler_Table_Limit
00000001   __TI_args_main
00000cf5   __TI_auto_init
00001101   __TI_decompress_none
00001177   __TI_decompress_rle24
00000000   __TI_static_base__
000010df   __TI_zero_init
00000c59   __aeabi_memcpy
00000c59   __aeabi_memcpy4
00000c59   __aeabi_memcpy8
ffffffff   __binit__
ffffffff   __c_args__
20000000   __stack
00001069   _args_main
00000ee5   _c_int00
20000208   _cleanup_ptr
2000020c   _dtors_ptr
20000200   _lock
000010a3   _nop
0000109b   _register_lock
00001095   _register_unlock
20000204   _unlock
00000f75   abort
0000034b   avanzar
ffffffff   binit
0000026d   configPWM
00000f2d   copy_in
000003bd   derecha
00000f7d   exit
00000325   frenar
00000000   g_pfnVectors
00000397   izquierda
000006a9   main
20000210   main_func_sp
00000c59   memcpy
00000371   retroceder
2000021c   ui32Adjust
20000214   ui32Load
20000218   ui32PWMClock


GLOBAL SYMBOLS: SORTED BY Symbol Address 

address    name
--------   ----
00000000   __TI_static_base__
00000000   g_pfnVectors
00000001   __TI_args_main
00000200   __STACK_SIZE
0000026d   configPWM
00000325   frenar
0000034b   avanzar
00000371   retroceder
00000397   izquierda
000003bd   derecha
000003e3   PortFIntHandler
000004dd   PortFIntHandler2
000005c1   PortFIntHandler3
000006a9   main
00000921   GPIOPadConfigSet
00000a51   SysCtlClockGet
00000b69   SysCtlClockSet
00000c59   __aeabi_memcpy
00000c59   __aeabi_memcpy4
00000c59   __aeabi_memcpy8
00000c59   memcpy
00000cf5   __TI_auto_init
00000d89   IntEnable
00000e47   GPIOIntTypeSet
00000e9d   GPIOPinConfigure
00000ee5   _c_int00
00000f2d   copy_in
00000f71   C$$EXIT
00000f75   abort
00000f7d   exit
00000fb1   SysCtlPeripheralEnable
00000fe5   GPIODirModeSet
0000100f   PWMGenConfigure
00001031   PWMPulseWidthSet
0000104f   GPIOPinTypeGPIOOutput
00001069   _args_main
00001081   SysCtlPWMClockSet
00001095   _register_unlock
0000109b   _register_lock
000010a3   _nop
000010a9   GPIOPinTypeGPIOInput
000010bb   GPIOPinTypePWM
000010cd   PWMOutputState
000010df   __TI_zero_init
000010f1   PWMGenPeriodSet
00001101   __TI_decompress_none
0000110f   CPUcpsid
0000111b   CPUcpsie
00001127   GPIOIntEnable
00001133   PWMGenEnable
0000113f   ResetISR
0000114b   IntMasterDisable
00001155   IntMasterEnable
0000115f   GPIOIntClear
00001165   GPIOPinRead
0000116b   GPIOPinWrite
00001171   SysCtlDelay
00001177   __TI_decompress_rle24
000012e8   IN_ALL
00001300   __TI_Handler_Table_Base
0000130c   __TI_Handler_Table_Limit
00001318   __TI_CINIT_Base
00001328   __TI_CINIT_Limit
20000000   __stack
20000200   __STACK_END
20000200   __STACK_TOP
20000200   _lock
20000204   _unlock
20000208   _cleanup_ptr
2000020c   _dtors_ptr
20000210   main_func_sp
20000214   ui32Load
20000218   ui32PWMClock
2000021c   ui32Adjust
ffffffff   __binit__
ffffffff   __c_args__
ffffffff   binit
UNDEFED    SHT$$INIT_ARRAY$$Base
UNDEFED    SHT$$INIT_ARRAY$$Limit

[79 symbols]
