******************************************************************************
                  TI ARM Linker PC v5.0.4                      
******************************************************************************
>> Linked Thu Jun 16 05:38:37 2016

OUTPUT FILE NAME:   <ROBOT_MOVIMIENTO_ PRUEBA.out>
ENTRY POINT SYMBOL: "_c_int00"  address: 00000ac1


MEMORY CONFIGURATION

         name            origin    length      used     unused   attr    fill
----------------------  --------  ---------  --------  --------  ----  --------
  FLASH                 00000000   00040000  00000f00  0003f100  R  X
  SRAM                  20000000   00008000  0000021d  00007de3  RW X


SEGMENT ALLOCATION MAP

run origin  load origin   length   init length attrs members
----------  ----------- ---------- ----------- ----- -------
00000000    00000000    00000f00   00000f00    r-x
  00000000    00000000    0000026c   0000026c    r-- .intvecs
  0000026c    0000026c    00000aec   00000aec    r-x .text
  00000d58    00000d58    00000170   00000170    r-- .const
  00000ec8    00000ec8    00000038   00000038    r-- .cinit
20000000    20000000    00000200   00000000    rw-
  20000000    20000000    00000200   00000000    rw- .stack
20000200    20000200    0000001d   00000014    rw-
  20000200    20000200    00000014   00000014    rw- .data
  20000214    20000214    00000009   00000000    rw- .bss


SECTION ALLOCATION MAP

 output                                  attributes/
section   page    origin      length       input sections
--------  ----  ----------  ----------   ----------------
.intvecs   0    00000000    0000026c     
                  00000000    0000026c     startup_ccs.obj (.intvecs)

.init_array 
*          0    00000000    00000000     UNINITIALIZED

.text      0    0000026c    00000aec     
                  0000026c    00000290     main.obj (.text)
                  000004fc    00000130     driverlib.lib : gpio.obj (.text:GPIOPadConfigSet)
                  0000062c    00000118                   : sysctl.obj (.text:SysCtlClockGet)
                  00000744    000000f0                   : sysctl.obj (.text:SysCtlClockSet)
                  00000834    0000009c     rtsv7M4_T_le_v4SPD16_eabi.lib : memcpy_t2.obj (.text)
                  000008d0    00000094                                   : auto_init.obj (.text)
                  00000964    00000060     driverlib.lib : interrupt.obj (.text:IntEnable)
                  000009c4    0000005e     rtsv7M4_T_le_v4SPD16_eabi.lib : copy_decompress_rle.obj (.text)
                  00000a22    00000056     driverlib.lib : gpio.obj (.text:GPIOIntTypeSet)
                  00000a78    00000048                   : gpio.obj (.text:GPIOPinConfigure)
                  00000ac0    00000048     rtsv7M4_T_le_v4SPD16_eabi.lib : boot.obj (.text)
                  00000b08    00000044                                   : cpy_tbl.obj (.text)
                  00000b4c    00000040                                   : exit.obj (.text)
                  00000b8c    00000034     driverlib.lib : sysctl.obj (.text:SysCtlPeripheralEnable)
                  00000bc0    0000002a                   : gpio.obj (.text:GPIODirModeSet)
                  00000bea    00000022                   : pwm.obj (.text:PWMGenConfigure)
                  00000c0c    0000001e                   : pwm.obj (.text:PWMPulseWidthSet)
                  00000c2a    00000018                   : gpio.obj (.text:GPIOPinTypeGPIOOutput)
                  00000c42    00000002     --HOLE-- [fill = 0]
                  00000c44    00000018     rtsv7M4_T_le_v4SPD16_eabi.lib : args_main.obj (.text)
                  00000c5c    00000014     driverlib.lib : sysctl.obj (.text:SysCtlPWMClockSet)
                  00000c70    00000014     rtsv7M4_T_le_v4SPD16_eabi.lib : _lock.obj (.text)
                  00000c84    00000012     driverlib.lib : gpio.obj (.text:GPIOPinTypeGPIOInput)
                  00000c96    00000012                   : gpio.obj (.text:GPIOPinTypePWM)
                  00000ca8    00000012                   : pwm.obj (.text:PWMOutputState)
                  00000cba    00000012     rtsv7M4_T_le_v4SPD16_eabi.lib : copy_zero_init.obj (.text:decompress:ZI)
                  00000ccc    00000010     driverlib.lib : pwm.obj (.text:PWMGenPeriodSet)
                  00000cdc    0000000e     rtsv7M4_T_le_v4SPD16_eabi.lib : copy_decompress_none.obj (.text:decompress:none)
                  00000cea    0000000c     driverlib.lib : cpu.obj (.text:CPUcpsid)
                  00000cf6    0000000c                   : cpu.obj (.text:CPUcpsie)
                  00000d02    0000000c                   : gpio.obj (.text:GPIOIntEnable)
                  00000d0e    0000000c                   : pwm.obj (.text:PWMGenEnable)
                  00000d1a    0000000c     startup_ccs.obj (.text)
                  00000d26    0000000a     driverlib.lib : interrupt.obj (.text:IntMasterDisable)
                  00000d30    0000000a                   : interrupt.obj (.text:IntMasterEnable)
                  00000d3a    00000006                   : gpio.obj (.text:GPIOIntClear)
                  00000d40    00000006                   : gpio.obj (.text:GPIOPinRead)
                  00000d46    00000006                   : gpio.obj (.text:GPIOPinWrite)
                  00000d4c    00000006                   : sysctl.obj (.text:SysCtlDelay)
                  00000d52    00000006     rtsv7M4_T_le_v4SPD16_eabi.lib : copy_decompress_rle.obj (.text:decompress:rle24)

.const     0    00000d58    00000170     
                  00000d58    00000090     driverlib.lib : gpio.obj (.const:g_pui32GPIOBaseAddrs)
                  00000de8    00000070                   : interrupt.obj (.const)
                  00000e58    0000006c                   : sysctl.obj (.const:g_pui32Xtals)
                  00000ec4    00000004     main.obj (.const)

.cinit     0    00000ec8    00000038     
                  00000ec8    0000000f     (.cinit..data.load) [load image, compression = rle]
                  00000ed7    00000001     --HOLE-- [fill = 0]
                  00000ed8    0000000c     (__TI_handler_table)
                  00000ee4    00000004     --HOLE-- [fill = 0]
                  00000ee8    00000008     (.cinit..bss.load) [load image, compression = zero_init]
                  00000ef0    00000010     (__TI_cinit_table)

.stack     0    20000000    00000200     UNINITIALIZED
                  20000000    00000200     --HOLE--

.data      0    20000200    00000014     
                  20000200    00000008     rtsv7M4_T_le_v4SPD16_eabi.lib : _lock.obj (.data)
                  20000208    00000008                                   : exit.obj (.data)
                  20000210    00000004                                   : stkdepth_vars.obj (.data)

.bss       0    20000214    00000009     UNINITIALIZED
                  20000214    00000009     main.obj (.bss)


LINKER GENERATED COPY TABLES

__TI_cinit_table @ 00000ef0 records: 2, size/record: 8, table size: 16
	.data: load addr=00000ec8, load size=0000000f bytes, run addr=20000200, run size=00000014 bytes, compression=rle
	.bss: load addr=00000ee8, load size=00000008 bytes, run addr=20000214, run size=00000009 bytes, compression=zero_init


LINKER GENERATED HANDLER TABLE

__TI_handler_table @ 00000ed8 records: 3, size/record: 4, table size: 12
	index: 0, handler: __TI_decompress_rle24
	index: 1, handler: __TI_decompress_none
	index: 2, handler: __TI_zero_init


GLOBAL SYMBOLS: SORTED ALPHABETICALLY BY Name 

address    name
--------   ----
00000b4d   C$$EXIT
00000ceb   CPUcpsid
00000cf7   CPUcpsie
00000bc1   GPIODirModeSet
00000d3b   GPIOIntClear
00000d03   GPIOIntEnable
00000a23   GPIOIntTypeSet
000004fd   GPIOPadConfigSet
00000a79   GPIOPinConfigure
00000d41   GPIOPinRead
00000c85   GPIOPinTypeGPIOInput
00000c2b   GPIOPinTypeGPIOOutput
00000c97   GPIOPinTypePWM
00000d47   GPIOPinWrite
00000ec4   IN_ALL
00000965   IntEnable
00000d27   IntMasterDisable
00000d31   IntMasterEnable
00000beb   PWMGenConfigure
00000d0f   PWMGenEnable
00000ccd   PWMGenPeriodSet
00000ca9   PWMOutputState
00000c0d   PWMPulseWidthSet
000003e3   PortFIntHandler3
00000d1b   ResetISR
UNDEFED    SHT$$INIT_ARRAY$$Base
UNDEFED    SHT$$INIT_ARRAY$$Limit
0000062d   SysCtlClockGet
00000745   SysCtlClockSet
00000d4d   SysCtlDelay
00000c5d   SysCtlPWMClockSet
00000b8d   SysCtlPeripheralEnable
20000200   __STACK_END
00000200   __STACK_SIZE
20000200   __STACK_TOP
00000ef0   __TI_CINIT_Base
00000f00   __TI_CINIT_Limit
00000ed8   __TI_Handler_Table_Base
00000ee4   __TI_Handler_Table_Limit
00000001   __TI_args_main
000008d1   __TI_auto_init
00000cdd   __TI_decompress_none
00000d53   __TI_decompress_rle24
00000000   __TI_static_base__
00000cbb   __TI_zero_init
00000835   __aeabi_memcpy
00000835   __aeabi_memcpy4
00000835   __aeabi_memcpy8
ffffffff   __binit__
ffffffff   __c_args__
20000000   __stack
00000c45   _args_main
00000ac1   _c_int00
20000208   _cleanup_ptr
2000020c   _dtors_ptr
20000200   _lock
00000c7f   _nop
00000c77   _register_lock
00000c71   _register_unlock
20000204   _unlock
00000b51   abort
0000034b   avanzar
ffffffff   binit
0000026d   configPWM
00000b09   copy_in
000003bd   derecha
00000b59   exit
00000325   frenar
00000000   g_pfnVectors
00000397   izquierda
00000441   main
20000210   main_func_sp
00000835   memcpy
00000371   retroceder
2000021c   ui32Adjust
20000214   ui32Load
20000218   ui32PWMClock


GLOBAL SYMBOLS: SORTED BY Symbol Address 

address    name
--------   ----
00000000   __TI_static_base__
00000000   g_pfnVectors
00000001   __TI_args_main
00000200   __STACK_SIZE
0000026d   configPWM
00000325   frenar
0000034b   avanzar
00000371   retroceder
00000397   izquierda
000003bd   derecha
000003e3   PortFIntHandler3
00000441   main
000004fd   GPIOPadConfigSet
0000062d   SysCtlClockGet
00000745   SysCtlClockSet
00000835   __aeabi_memcpy
00000835   __aeabi_memcpy4
00000835   __aeabi_memcpy8
00000835   memcpy
000008d1   __TI_auto_init
00000965   IntEnable
00000a23   GPIOIntTypeSet
00000a79   GPIOPinConfigure
00000ac1   _c_int00
00000b09   copy_in
00000b4d   C$$EXIT
00000b51   abort
00000b59   exit
00000b8d   SysCtlPeripheralEnable
00000bc1   GPIODirModeSet
00000beb   PWMGenConfigure
00000c0d   PWMPulseWidthSet
00000c2b   GPIOPinTypeGPIOOutput
00000c45   _args_main
00000c5d   SysCtlPWMClockSet
00000c71   _register_unlock
00000c77   _register_lock
00000c7f   _nop
00000c85   GPIOPinTypeGPIOInput
00000c97   GPIOPinTypePWM
00000ca9   PWMOutputState
00000cbb   __TI_zero_init
00000ccd   PWMGenPeriodSet
00000cdd   __TI_decompress_none
00000ceb   CPUcpsid
00000cf7   CPUcpsie
00000d03   GPIOIntEnable
00000d0f   PWMGenEnable
00000d1b   ResetISR
00000d27   IntMasterDisable
00000d31   IntMasterEnable
00000d3b   GPIOIntClear
00000d41   GPIOPinRead
00000d47   GPIOPinWrite
00000d4d   SysCtlDelay
00000d53   __TI_decompress_rle24
00000ec4   IN_ALL
00000ed8   __TI_Handler_Table_Base
00000ee4   __TI_Handler_Table_Limit
00000ef0   __TI_CINIT_Base
00000f00   __TI_CINIT_Limit
20000000   __stack
20000200   __STACK_END
20000200   __STACK_TOP
20000200   _lock
20000204   _unlock
20000208   _cleanup_ptr
2000020c   _dtors_ptr
20000210   main_func_sp
20000214   ui32Load
20000218   ui32PWMClock
2000021c   ui32Adjust
ffffffff   __binit__
ffffffff   __c_args__
ffffffff   binit
UNDEFED    SHT$$INIT_ARRAY$$Base
UNDEFED    SHT$$INIT_ARRAY$$Limit

[77 symbols]
