******************************************************************************
                  TI ARM Linker PC v5.0.4                      
******************************************************************************
>> Linked Sun Mar 15 22:50:09 2015

OUTPUT FILE NAME:   <016_lab12_UART.out>
ENTRY POINT SYMBOL: "_c_int00"  address: 00000909


MEMORY CONFIGURATION

         name            origin    length      used     unused   attr    fill
----------------------  --------  ---------  --------  --------  ----  --------
  FLASH                 00000000   00040000  00000d10  0003f2f0  R  X
  SRAM                  20000000   00008000  00000214  00007dec  RW X


SEGMENT ALLOCATION MAP

run origin  load origin   length   init length attrs members
----------  ----------- ---------- ----------- ----- -------
00000000    00000000    00000d10   00000d10    r-x
  00000000    00000000    0000026c   0000026c    r-- .intvecs
  0000026c    0000026c    00000918   00000918    r-x .text
  00000b84    00000b84    0000016c   0000016c    r-- .const
  00000cf0    00000cf0    00000020   00000020    r-- .cinit
20000000    20000000    00000200   00000000    rw-
  20000000    20000000    00000200   00000000    rw- .stack
20000200    20000200    00000014   00000014    rw-
  20000200    20000200    00000014   00000014    rw- .data


SECTION ALLOCATION MAP

 output                                  attributes/
section   page    origin      length       input sections
--------  ----  ----------  ----------   ----------------
.intvecs   0    00000000    0000026c     
                  00000000    0000026c     startup_ccs.obj (.intvecs)

.init_array 
*          0    00000000    00000000     UNINITIALIZED

.text      0    0000026c    00000918     
                  0000026c    00000130     driverlib.lib : gpio.obj (.text:GPIOPadConfigSet)
                  0000039c    0000012c     main.obj (.text)
                  000004c8    00000118     driverlib.lib : sysctl.obj (.text:SysCtlClockGet)
                  000005e0    000000f0                   : sysctl.obj (.text:SysCtlClockSet)
                  000006d0    0000009c     rtsv7M4_T_le_v4SPD16_eabi.lib : memcpy_t2.obj (.text)
                  0000076c    00000094                                   : auto_init.obj (.text)
                  00000800    00000060     driverlib.lib : interrupt.obj (.text:IntEnable)
                  00000860    0000005e     rtsv7M4_T_le_v4SPD16_eabi.lib : copy_decompress_rle.obj (.text)
                  000008be    00000002     --HOLE-- [fill = 0]
                  000008c0    00000048     driverlib.lib : gpio.obj (.text:GPIOPinConfigure)
                  00000908    00000048     rtsv7M4_T_le_v4SPD16_eabi.lib : boot.obj (.text)
                  00000950    00000044                                   : cpy_tbl.obj (.text)
                  00000994    00000040     driverlib.lib : uart.obj (.text:UARTConfigSetExpClk)
                  000009d4    00000040     rtsv7M4_T_le_v4SPD16_eabi.lib : exit.obj (.text)
                  00000a14    00000034     driverlib.lib : sysctl.obj (.text:SysCtlPeripheralEnable)
                  00000a48    0000002a                   : gpio.obj (.text:GPIODirModeSet)
                  00000a72    00000002     --HOLE-- [fill = 0]
                  00000a74    0000001c                   : uart.obj (.text:UARTDisable)
                  00000a90    00000018                   : gpio.obj (.text:GPIOPinTypeGPIOOutput)
                  00000aa8    00000018     rtsv7M4_T_le_v4SPD16_eabi.lib : args_main.obj (.text)
                  00000ac0    00000014     driverlib.lib : uart.obj (.text:UARTEnable)
                  00000ad4    00000014     rtsv7M4_T_le_v4SPD16_eabi.lib : _lock.obj (.text)
                  00000ae8    00000012     driverlib.lib : gpio.obj (.text:GPIOPinTypeUART)
                  00000afa    0000000e                   : uart.obj (.text:UARTCharGetNonBlocking)
                  00000b08    0000000e                   : uart.obj (.text:UARTCharPutNonBlocking)
                  00000b16    0000000e     rtsv7M4_T_le_v4SPD16_eabi.lib : copy_decompress_none.obj (.text:decompress:none)
                  00000b24    0000000c     driverlib.lib : cpu.obj (.text:CPUcpsie)
                  00000b30    0000000c                   : uart.obj (.text:UARTCharsAvail)
                  00000b3c    0000000c     startup_ccs.obj (.text)
                  00000b48    0000000a     driverlib.lib : interrupt.obj (.text:IntMasterEnable)
                  00000b52    0000000a                   : uart.obj (.text:UARTCharPut)
                  00000b5c    0000000a                   : uart.obj (.text:UARTIntStatus)
                  00000b66    00000008                   : uart.obj (.text:UARTIntEnable)
                  00000b6e    00000006                   : gpio.obj (.text:GPIOPinWrite)
                  00000b74    00000006                   : sysctl.obj (.text:SysCtlDelay)
                  00000b7a    00000006     rtsv7M4_T_le_v4SPD16_eabi.lib : copy_decompress_rle.obj (.text:decompress:rle24)
                  00000b80    00000004     driverlib.lib : uart.obj (.text:UARTIntClear)

.const     0    00000b84    0000016c     
                  00000b84    00000090     driverlib.lib : gpio.obj (.const:g_pui32GPIOBaseAddrs)
                  00000c14    00000070                   : interrupt.obj (.const)
                  00000c84    0000006c                   : sysctl.obj (.const:g_pui32Xtals)

.cinit     0    00000cf0    00000020     
                  00000cf0    0000000f     (.cinit..data.load) [load image, compression = rle]
                  00000cff    00000001     --HOLE-- [fill = 0]
                  00000d00    00000008     (__TI_handler_table)
                  00000d08    00000008     (__TI_cinit_table)

.stack     0    20000000    00000200     UNINITIALIZED
                  20000000    00000200     --HOLE--

.data      0    20000200    00000014     
                  20000200    00000008     rtsv7M4_T_le_v4SPD16_eabi.lib : _lock.obj (.data)
                  20000208    00000008                                   : exit.obj (.data)
                  20000210    00000004                                   : stkdepth_vars.obj (.data)


LINKER GENERATED COPY TABLES

__TI_cinit_table @ 00000d08 records: 1, size/record: 8, table size: 8
	.data: load addr=00000cf0, load size=0000000f bytes, run addr=20000200, run size=00000014 bytes, compression=rle


LINKER GENERATED HANDLER TABLE

__TI_handler_table @ 00000d00 records: 2, size/record: 4, table size: 8
	index: 0, handler: __TI_decompress_rle24
	index: 1, handler: __TI_decompress_none


GLOBAL SYMBOLS: SORTED ALPHABETICALLY BY Name 

address    name
--------   ----
000009d5   C$$EXIT
00000b25   CPUcpsie
00000a49   GPIODirModeSet
0000026d   GPIOPadConfigSet
000008c1   GPIOPinConfigure
00000a91   GPIOPinTypeGPIOOutput
00000ae9   GPIOPinTypeUART
00000b6f   GPIOPinWrite
00000801   IntEnable
00000b49   IntMasterEnable
00000b3d   ResetISR
UNDEFED    SHT$$INIT_ARRAY$$Base
UNDEFED    SHT$$INIT_ARRAY$$Limit
000004c9   SysCtlClockGet
000005e1   SysCtlClockSet
00000b75   SysCtlDelay
00000a15   SysCtlPeripheralEnable
00000afb   UARTCharGetNonBlocking
00000b53   UARTCharPut
00000b09   UARTCharPutNonBlocking
00000b31   UARTCharsAvail
00000995   UARTConfigSetExpClk
00000a75   UARTDisable
00000ac1   UARTEnable
00000b81   UARTIntClear
00000b67   UARTIntEnable
0000039d   UARTIntHandler
00000b5d   UARTIntStatus
20000200   __STACK_END
00000200   __STACK_SIZE
20000200   __STACK_TOP
00000d08   __TI_CINIT_Base
00000d10   __TI_CINIT_Limit
00000d00   __TI_Handler_Table_Base
00000d08   __TI_Handler_Table_Limit
00000001   __TI_args_main
0000076d   __TI_auto_init
00000b17   __TI_decompress_none
00000b7b   __TI_decompress_rle24
00000000   __TI_static_base__
000006d1   __aeabi_memcpy
000006d1   __aeabi_memcpy4
000006d1   __aeabi_memcpy8
ffffffff   __binit__
ffffffff   __c_args__
20000000   __stack
00000aa9   _args_main
00000909   _c_int00
20000208   _cleanup_ptr
2000020c   _dtors_ptr
20000200   _lock
00000ae3   _nop
00000adb   _register_lock
00000ad5   _register_unlock
20000204   _unlock
000009d9   abort
ffffffff   binit
00000951   copy_in
000009e1   exit
00000000   g_pfnVectors
000003f1   main
20000210   main_func_sp
000006d1   memcpy


GLOBAL SYMBOLS: SORTED BY Symbol Address 

address    name
--------   ----
00000000   __TI_static_base__
00000000   g_pfnVectors
00000001   __TI_args_main
00000200   __STACK_SIZE
0000026d   GPIOPadConfigSet
0000039d   UARTIntHandler
000003f1   main
000004c9   SysCtlClockGet
000005e1   SysCtlClockSet
000006d1   __aeabi_memcpy
000006d1   __aeabi_memcpy4
000006d1   __aeabi_memcpy8
000006d1   memcpy
0000076d   __TI_auto_init
00000801   IntEnable
000008c1   GPIOPinConfigure
00000909   _c_int00
00000951   copy_in
00000995   UARTConfigSetExpClk
000009d5   C$$EXIT
000009d9   abort
000009e1   exit
00000a15   SysCtlPeripheralEnable
00000a49   GPIODirModeSet
00000a75   UARTDisable
00000a91   GPIOPinTypeGPIOOutput
00000aa9   _args_main
00000ac1   UARTEnable
00000ad5   _register_unlock
00000adb   _register_lock
00000ae3   _nop
00000ae9   GPIOPinTypeUART
00000afb   UARTCharGetNonBlocking
00000b09   UARTCharPutNonBlocking
00000b17   __TI_decompress_none
00000b25   CPUcpsie
00000b31   UARTCharsAvail
00000b3d   ResetISR
00000b49   IntMasterEnable
00000b53   UARTCharPut
00000b5d   UARTIntStatus
00000b67   UARTIntEnable
00000b6f   GPIOPinWrite
00000b75   SysCtlDelay
00000b7b   __TI_decompress_rle24
00000b81   UARTIntClear
00000d00   __TI_Handler_Table_Base
00000d08   __TI_CINIT_Base
00000d08   __TI_Handler_Table_Limit
00000d10   __TI_CINIT_Limit
20000000   __stack
20000200   __STACK_END
20000200   __STACK_TOP
20000200   _lock
20000204   _unlock
20000208   _cleanup_ptr
2000020c   _dtors_ptr
20000210   main_func_sp
ffffffff   __binit__
ffffffff   __c_args__
ffffffff   binit
UNDEFED    SHT$$INIT_ARRAY$$Base
UNDEFED    SHT$$INIT_ARRAY$$Limit

[63 symbols]
