******************************************************************************
                  TI ARM Linker PC v5.0.4                      
******************************************************************************
>> Linked Fri Aug 07 17:31:28 2015

OUTPUT FILE NAME:   <ROBOT_L298.out>
ENTRY POINT SYMBOL: "_c_int00"  address: 000008d9


MEMORY CONFIGURATION

         name            origin    length      used     unused   attr    fill
----------------------  --------  ---------  --------  --------  ----  --------
  FLASH                 00000000   00040000  00000c30  0003f3d0  R  X
  SRAM                  20000000   00008000  0000021d  00007de3  RW X


SEGMENT ALLOCATION MAP

run origin  load origin   length   init length attrs members
----------  ----------- ---------- ----------- ----- -------
00000000    00000000    00000c30   00000c30    r-x
  00000000    00000000    0000026c   0000026c    r-- .intvecs
  0000026c    0000026c    00000890   00000890    r-x .text
  00000afc    00000afc    000000fc   000000fc    r-- .const
  00000bf8    00000bf8    00000038   00000038    r-- .cinit
20000000    20000000    00000200   00000000    rw-
  20000000    20000000    00000200   00000000    rw- .stack
20000200    20000200    0000001d   00000014    rw-
  20000200    20000200    00000014   00000014    rw- .data
  20000214    20000214    00000009   00000000    rw- .bss


SECTION ALLOCATION MAP

 output                                  attributes/
section   page    origin      length       input sections
--------  ----  ----------  ----------   ----------------
.intvecs   0    00000000    0000026c     
                  00000000    0000026c     startup_ccs.obj (.intvecs)

.init_array 
*          0    00000000    00000000     UNINITIALIZED

.text      0    0000026c    00000890     
                  0000026c    0000015c     main.obj (.text)
                  000003c8    00000130     driverlib.lib : gpio.obj (.text:GPIOPadConfigSet)
                  000004f8    00000118                   : sysctl.obj (.text:SysCtlClockGet)
                  00000610    000000f0                   : sysctl.obj (.text:SysCtlClockSet)
                  00000700    0000009c     rtsv7M4_T_le_v4SPD16_eabi.lib : memcpy_t2.obj (.text)
                  0000079c    00000094                                   : auto_init.obj (.text)
                  00000830    0000005e                                   : copy_decompress_rle.obj (.text)
                  0000088e    00000002     --HOLE-- [fill = 0]
                  00000890    00000048     driverlib.lib : gpio.obj (.text:GPIOPinConfigure)
                  000008d8    00000048     rtsv7M4_T_le_v4SPD16_eabi.lib : boot.obj (.text)
                  00000920    00000044                                   : cpy_tbl.obj (.text)
                  00000964    00000040                                   : exit.obj (.text)
                  000009a4    00000034     driverlib.lib : sysctl.obj (.text:SysCtlPeripheralEnable)
                  000009d8    0000002a                   : gpio.obj (.text:GPIODirModeSet)
                  00000a02    00000022                   : pwm.obj (.text:PWMGenConfigure)
                  00000a24    0000001e                   : pwm.obj (.text:PWMPulseWidthSet)
                  00000a42    00000002     --HOLE-- [fill = 0]
                  00000a44    00000018     rtsv7M4_T_le_v4SPD16_eabi.lib : args_main.obj (.text)
                  00000a5c    00000014     driverlib.lib : sysctl.obj (.text:SysCtlPWMClockSet)
                  00000a70    00000014     rtsv7M4_T_le_v4SPD16_eabi.lib : _lock.obj (.text)
                  00000a84    00000012     driverlib.lib : gpio.obj (.text:GPIOPinTypePWM)
                  00000a96    00000012                   : pwm.obj (.text:PWMOutputState)
                  00000aa8    00000012     rtsv7M4_T_le_v4SPD16_eabi.lib : copy_zero_init.obj (.text:decompress:ZI)
                  00000aba    00000010     driverlib.lib : pwm.obj (.text:PWMGenPeriodSet)
                  00000aca    0000000e     rtsv7M4_T_le_v4SPD16_eabi.lib : copy_decompress_none.obj (.text:decompress:none)
                  00000ad8    0000000c     driverlib.lib : pwm.obj (.text:PWMGenEnable)
                  00000ae4    0000000c     startup_ccs.obj (.text)
                  00000af0    00000006     driverlib.lib : sysctl.obj (.text:SysCtlDelay)
                  00000af6    00000006     rtsv7M4_T_le_v4SPD16_eabi.lib : copy_decompress_rle.obj (.text:decompress:rle24)

.const     0    00000afc    000000fc     
                  00000afc    00000090     driverlib.lib : gpio.obj (.const:g_pui32GPIOBaseAddrs)
                  00000b8c    0000006c                   : sysctl.obj (.const:g_pui32Xtals)

.cinit     0    00000bf8    00000038     
                  00000bf8    0000000f     (.cinit..data.load) [load image, compression = rle]
                  00000c07    00000001     --HOLE-- [fill = 0]
                  00000c08    0000000c     (__TI_handler_table)
                  00000c14    00000004     --HOLE-- [fill = 0]
                  00000c18    00000008     (.cinit..bss.load) [load image, compression = zero_init]
                  00000c20    00000010     (__TI_cinit_table)

.stack     0    20000000    00000200     UNINITIALIZED
                  20000000    00000200     --HOLE--

.data      0    20000200    00000014     
                  20000200    00000008     rtsv7M4_T_le_v4SPD16_eabi.lib : _lock.obj (.data)
                  20000208    00000008                                   : exit.obj (.data)
                  20000210    00000004                                   : stkdepth_vars.obj (.data)

.bss       0    20000214    00000009     UNINITIALIZED
                  20000214    00000009     main.obj (.bss)


LINKER GENERATED COPY TABLES

__TI_cinit_table @ 00000c20 records: 2, size/record: 8, table size: 16
	.data: load addr=00000bf8, load size=0000000f bytes, run addr=20000200, run size=00000014 bytes, compression=rle
	.bss: load addr=00000c18, load size=00000008 bytes, run addr=20000214, run size=00000009 bytes, compression=zero_init


LINKER GENERATED HANDLER TABLE

__TI_handler_table @ 00000c08 records: 3, size/record: 4, table size: 12
	index: 0, handler: __TI_decompress_rle24
	index: 1, handler: __TI_decompress_none
	index: 2, handler: __TI_zero_init


GLOBAL SYMBOLS: SORTED ALPHABETICALLY BY Name 

address    name
--------   ----
00000965   C$$EXIT
000009d9   GPIODirModeSet
000003c9   GPIOPadConfigSet
00000891   GPIOPinConfigure
00000a85   GPIOPinTypePWM
00000a03   PWMGenConfigure
00000ad9   PWMGenEnable
00000abb   PWMGenPeriodSet
00000a97   PWMOutputState
00000a25   PWMPulseWidthSet
00000ae5   ResetISR
UNDEFED    SHT$$INIT_ARRAY$$Base
UNDEFED    SHT$$INIT_ARRAY$$Limit
000004f9   SysCtlClockGet
00000611   SysCtlClockSet
00000af1   SysCtlDelay
00000a5d   SysCtlPWMClockSet
000009a5   SysCtlPeripheralEnable
20000200   __STACK_END
00000200   __STACK_SIZE
20000200   __STACK_TOP
00000c20   __TI_CINIT_Base
00000c30   __TI_CINIT_Limit
00000c08   __TI_Handler_Table_Base
00000c14   __TI_Handler_Table_Limit
00000001   __TI_args_main
0000079d   __TI_auto_init
00000acb   __TI_decompress_none
00000af7   __TI_decompress_rle24
00000000   __TI_static_base__
00000aa9   __TI_zero_init
00000701   __aeabi_memcpy
00000701   __aeabi_memcpy4
00000701   __aeabi_memcpy8
ffffffff   __binit__
ffffffff   __c_args__
20000000   __stack
00000a45   _args_main
000008d9   _c_int00
20000208   _cleanup_ptr
2000020c   _dtors_ptr
20000200   _lock
00000a7f   _nop
00000a77   _register_lock
00000a71   _register_unlock
20000204   _unlock
00000969   abort
000002e3   avanzar
ffffffff   binit
0000026d   configPWM
00000921   copy_in
00000349   derecha
00000971   exit
000002db   frenar
00000000   g_pfnVectors
00000327   izquierda
0000036b   main
20000210   main_func_sp
00000701   memcpy
00000305   retroceder
2000021c   ui32Adjust
20000214   ui32Load
20000218   ui32PWMClock


GLOBAL SYMBOLS: SORTED BY Symbol Address 

address    name
--------   ----
00000000   __TI_static_base__
00000000   g_pfnVectors
00000001   __TI_args_main
00000200   __STACK_SIZE
0000026d   configPWM
000002db   frenar
000002e3   avanzar
00000305   retroceder
00000327   izquierda
00000349   derecha
0000036b   main
000003c9   GPIOPadConfigSet
000004f9   SysCtlClockGet
00000611   SysCtlClockSet
00000701   __aeabi_memcpy
00000701   __aeabi_memcpy4
00000701   __aeabi_memcpy8
00000701   memcpy
0000079d   __TI_auto_init
00000891   GPIOPinConfigure
000008d9   _c_int00
00000921   copy_in
00000965   C$$EXIT
00000969   abort
00000971   exit
000009a5   SysCtlPeripheralEnable
000009d9   GPIODirModeSet
00000a03   PWMGenConfigure
00000a25   PWMPulseWidthSet
00000a45   _args_main
00000a5d   SysCtlPWMClockSet
00000a71   _register_unlock
00000a77   _register_lock
00000a7f   _nop
00000a85   GPIOPinTypePWM
00000a97   PWMOutputState
00000aa9   __TI_zero_init
00000abb   PWMGenPeriodSet
00000acb   __TI_decompress_none
00000ad9   PWMGenEnable
00000ae5   ResetISR
00000af1   SysCtlDelay
00000af7   __TI_decompress_rle24
00000c08   __TI_Handler_Table_Base
00000c14   __TI_Handler_Table_Limit
00000c20   __TI_CINIT_Base
00000c30   __TI_CINIT_Limit
20000000   __stack
20000200   __STACK_END
20000200   __STACK_TOP
20000200   _lock
20000204   _unlock
20000208   _cleanup_ptr
2000020c   _dtors_ptr
20000210   main_func_sp
20000214   ui32Load
20000218   ui32PWMClock
2000021c   ui32Adjust
ffffffff   __binit__
ffffffff   __c_args__
ffffffff   binit
UNDEFED    SHT$$INIT_ARRAY$$Base
UNDEFED    SHT$$INIT_ARRAY$$Limit

[63 symbols]
