******************************************************************************
                  TI ARM Linker PC v5.0.4                      
******************************************************************************
>> Linked Wed Sep 02 19:12:12 2015

OUTPUT FILE NAME:   <ROBOT_L298_IR.out>
ENTRY POINT SYMBOL: "_c_int00"  address: 00000cc1


MEMORY CONFIGURATION

         name            origin    length      used     unused   attr    fill
----------------------  --------  ---------  --------  --------  ----  --------
  FLASH                 00000000   00040000  00001100  0003ef00  R  X
  SRAM                  20000000   00008000  0000021d  00007de3  RW X


SEGMENT ALLOCATION MAP

run origin  load origin   length   init length attrs members
----------  ----------- ---------- ----------- ----- -------
00000000    00000000    00001100   00001100    r-x
  00000000    00000000    0000026c   0000026c    r-- .intvecs
  0000026c    0000026c    00000cec   00000cec    r-x .text
  00000f58    00000f58    00000170   00000170    r-- .const
  000010c8    000010c8    00000038   00000038    r-- .cinit
20000000    20000000    00000200   00000000    rw-
  20000000    20000000    00000200   00000000    rw- .stack
20000200    20000200    0000001d   00000014    rw-
  20000200    20000200    00000014   00000014    rw- .data
  20000214    20000214    00000009   00000000    rw- .bss


SECTION ALLOCATION MAP

 output                                  attributes/
section   page    origin      length       input sections
--------  ----  ----------  ----------   ----------------
.intvecs   0    00000000    0000026c     
                  00000000    0000026c     startup_ccs.obj (.intvecs)

.init_array 
*          0    00000000    00000000     UNINITIALIZED

.text      0    0000026c    00000cec     
                  0000026c    00000490     main.obj (.text)
                  000006fc    00000130     driverlib.lib : gpio.obj (.text:GPIOPadConfigSet)
                  0000082c    00000118                   : sysctl.obj (.text:SysCtlClockGet)
                  00000944    000000f0                   : sysctl.obj (.text:SysCtlClockSet)
                  00000a34    0000009c     rtsv7M4_T_le_v4SPD16_eabi.lib : memcpy_t2.obj (.text)
                  00000ad0    00000094                                   : auto_init.obj (.text)
                  00000b64    00000060     driverlib.lib : interrupt.obj (.text:IntEnable)
                  00000bc4    0000005e     rtsv7M4_T_le_v4SPD16_eabi.lib : copy_decompress_rle.obj (.text)
                  00000c22    00000056     driverlib.lib : gpio.obj (.text:GPIOIntTypeSet)
                  00000c78    00000048                   : gpio.obj (.text:GPIOPinConfigure)
                  00000cc0    00000048     rtsv7M4_T_le_v4SPD16_eabi.lib : boot.obj (.text)
                  00000d08    00000044                                   : cpy_tbl.obj (.text)
                  00000d4c    00000040                                   : exit.obj (.text)
                  00000d8c    00000034     driverlib.lib : sysctl.obj (.text:SysCtlPeripheralEnable)
                  00000dc0    0000002a                   : gpio.obj (.text:GPIODirModeSet)
                  00000dea    00000022                   : pwm.obj (.text:PWMGenConfigure)
                  00000e0c    0000001e                   : pwm.obj (.text:PWMPulseWidthSet)
                  00000e2a    00000018                   : gpio.obj (.text:GPIOPinTypeGPIOOutput)
                  00000e42    00000002     --HOLE-- [fill = 0]
                  00000e44    00000018     rtsv7M4_T_le_v4SPD16_eabi.lib : args_main.obj (.text)
                  00000e5c    00000014     driverlib.lib : sysctl.obj (.text:SysCtlPWMClockSet)
                  00000e70    00000014     rtsv7M4_T_le_v4SPD16_eabi.lib : _lock.obj (.text)
                  00000e84    00000012     driverlib.lib : gpio.obj (.text:GPIOPinTypeGPIOInput)
                  00000e96    00000012                   : gpio.obj (.text:GPIOPinTypePWM)
                  00000ea8    00000012                   : pwm.obj (.text:PWMOutputState)
                  00000eba    00000012     rtsv7M4_T_le_v4SPD16_eabi.lib : copy_zero_init.obj (.text:decompress:ZI)
                  00000ecc    00000010     driverlib.lib : pwm.obj (.text:PWMGenPeriodSet)
                  00000edc    0000000e     rtsv7M4_T_le_v4SPD16_eabi.lib : copy_decompress_none.obj (.text:decompress:none)
                  00000eea    0000000c     driverlib.lib : cpu.obj (.text:CPUcpsid)
                  00000ef6    0000000c                   : cpu.obj (.text:CPUcpsie)
                  00000f02    0000000c                   : gpio.obj (.text:GPIOIntEnable)
                  00000f0e    0000000c                   : pwm.obj (.text:PWMGenEnable)
                  00000f1a    0000000c     startup_ccs.obj (.text)
                  00000f26    0000000a     driverlib.lib : interrupt.obj (.text:IntMasterDisable)
                  00000f30    0000000a                   : interrupt.obj (.text:IntMasterEnable)
                  00000f3a    00000006                   : gpio.obj (.text:GPIOIntClear)
                  00000f40    00000006                   : gpio.obj (.text:GPIOPinRead)
                  00000f46    00000006                   : gpio.obj (.text:GPIOPinWrite)
                  00000f4c    00000006                   : sysctl.obj (.text:SysCtlDelay)
                  00000f52    00000006     rtsv7M4_T_le_v4SPD16_eabi.lib : copy_decompress_rle.obj (.text:decompress:rle24)

.const     0    00000f58    00000170     
                  00000f58    00000090     driverlib.lib : gpio.obj (.const:g_pui32GPIOBaseAddrs)
                  00000fe8    00000070                   : interrupt.obj (.const)
                  00001058    0000006c                   : sysctl.obj (.const:g_pui32Xtals)
                  000010c4    00000004     main.obj (.const)

.cinit     0    000010c8    00000038     
                  000010c8    0000000f     (.cinit..data.load) [load image, compression = rle]
                  000010d7    00000001     --HOLE-- [fill = 0]
                  000010d8    0000000c     (__TI_handler_table)
                  000010e4    00000004     --HOLE-- [fill = 0]
                  000010e8    00000008     (.cinit..bss.load) [load image, compression = zero_init]
                  000010f0    00000010     (__TI_cinit_table)

.stack     0    20000000    00000200     UNINITIALIZED
                  20000000    00000200     --HOLE--

.data      0    20000200    00000014     
                  20000200    00000008     rtsv7M4_T_le_v4SPD16_eabi.lib : _lock.obj (.data)
                  20000208    00000008                                   : exit.obj (.data)
                  20000210    00000004                                   : stkdepth_vars.obj (.data)

.bss       0    20000214    00000009     UNINITIALIZED
                  20000214    00000009     main.obj (.bss)


LINKER GENERATED COPY TABLES

__TI_cinit_table @ 000010f0 records: 2, size/record: 8, table size: 16
	.data: load addr=000010c8, load size=0000000f bytes, run addr=20000200, run size=00000014 bytes, compression=rle
	.bss: load addr=000010e8, load size=00000008 bytes, run addr=20000214, run size=00000009 bytes, compression=zero_init


LINKER GENERATED HANDLER TABLE

__TI_handler_table @ 000010d8 records: 3, size/record: 4, table size: 12
	index: 0, handler: __TI_decompress_rle24
	index: 1, handler: __TI_decompress_none
	index: 2, handler: __TI_zero_init


GLOBAL SYMBOLS: SORTED ALPHABETICALLY BY Name 

address    name
--------   ----
00000d4d   C$$EXIT
00000eeb   CPUcpsid
00000ef7   CPUcpsie
00000dc1   GPIODirModeSet
00000f3b   GPIOIntClear
00000f03   GPIOIntEnable
00000c23   GPIOIntTypeSet
000006fd   GPIOPadConfigSet
00000c79   GPIOPinConfigure
00000f41   GPIOPinRead
00000e85   GPIOPinTypeGPIOInput
00000e2b   GPIOPinTypeGPIOOutput
00000e97   GPIOPinTypePWM
00000f47   GPIOPinWrite
000010c4   IN_ALL
00000b65   IntEnable
00000f27   IntMasterDisable
00000f31   IntMasterEnable
00000deb   PWMGenConfigure
00000f0f   PWMGenEnable
00000ecd   PWMGenPeriodSet
00000ea9   PWMOutputState
00000e0d   PWMPulseWidthSet
000003e3   PortFIntHandler
000003e5   PortFIntHandler2
000003e7   PortFIntHandler3
00000f1b   ResetISR
UNDEFED    SHT$$INIT_ARRAY$$Base
UNDEFED    SHT$$INIT_ARRAY$$Limit
0000082d   SysCtlClockGet
00000945   SysCtlClockSet
00000f4d   SysCtlDelay
00000e5d   SysCtlPWMClockSet
00000d8d   SysCtlPeripheralEnable
20000200   __STACK_END
00000200   __STACK_SIZE
20000200   __STACK_TOP
000010f0   __TI_CINIT_Base
00001100   __TI_CINIT_Limit
000010d8   __TI_Handler_Table_Base
000010e4   __TI_Handler_Table_Limit
00000001   __TI_args_main
00000ad1   __TI_auto_init
00000edd   __TI_decompress_none
00000f53   __TI_decompress_rle24
00000000   __TI_static_base__
00000ebb   __TI_zero_init
00000a35   __aeabi_memcpy
00000a35   __aeabi_memcpy4
00000a35   __aeabi_memcpy8
ffffffff   __binit__
ffffffff   __c_args__
20000000   __stack
00000e45   _args_main
00000cc1   _c_int00
20000208   _cleanup_ptr
2000020c   _dtors_ptr
20000200   _lock
00000e7f   _nop
00000e77   _register_lock
00000e71   _register_unlock
20000204   _unlock
00000d51   abort
0000034b   avanzar
ffffffff   binit
0000026d   configPWM
00000d09   copy_in
000003bd   derecha
00000d59   exit
00000325   frenar
00000000   g_pfnVectors
00000397   izquierda
00000499   main
20000210   main_func_sp
00000a35   memcpy
00000371   retroceder
2000021c   ui32Adjust
20000214   ui32Load
20000218   ui32PWMClock


GLOBAL SYMBOLS: SORTED BY Symbol Address 

address    name
--------   ----
00000000   __TI_static_base__
00000000   g_pfnVectors
00000001   __TI_args_main
00000200   __STACK_SIZE
0000026d   configPWM
00000325   frenar
0000034b   avanzar
00000371   retroceder
00000397   izquierda
000003bd   derecha
000003e3   PortFIntHandler
000003e5   PortFIntHandler2
000003e7   PortFIntHandler3
00000499   main
000006fd   GPIOPadConfigSet
0000082d   SysCtlClockGet
00000945   SysCtlClockSet
00000a35   __aeabi_memcpy
00000a35   __aeabi_memcpy4
00000a35   __aeabi_memcpy8
00000a35   memcpy
00000ad1   __TI_auto_init
00000b65   IntEnable
00000c23   GPIOIntTypeSet
00000c79   GPIOPinConfigure
00000cc1   _c_int00
00000d09   copy_in
00000d4d   C$$EXIT
00000d51   abort
00000d59   exit
00000d8d   SysCtlPeripheralEnable
00000dc1   GPIODirModeSet
00000deb   PWMGenConfigure
00000e0d   PWMPulseWidthSet
00000e2b   GPIOPinTypeGPIOOutput
00000e45   _args_main
00000e5d   SysCtlPWMClockSet
00000e71   _register_unlock
00000e77   _register_lock
00000e7f   _nop
00000e85   GPIOPinTypeGPIOInput
00000e97   GPIOPinTypePWM
00000ea9   PWMOutputState
00000ebb   __TI_zero_init
00000ecd   PWMGenPeriodSet
00000edd   __TI_decompress_none
00000eeb   CPUcpsid
00000ef7   CPUcpsie
00000f03   GPIOIntEnable
00000f0f   PWMGenEnable
00000f1b   ResetISR
00000f27   IntMasterDisable
00000f31   IntMasterEnable
00000f3b   GPIOIntClear
00000f41   GPIOPinRead
00000f47   GPIOPinWrite
00000f4d   SysCtlDelay
00000f53   __TI_decompress_rle24
000010c4   IN_ALL
000010d8   __TI_Handler_Table_Base
000010e4   __TI_Handler_Table_Limit
000010f0   __TI_CINIT_Base
00001100   __TI_CINIT_Limit
20000000   __stack
20000200   __STACK_END
20000200   __STACK_TOP
20000200   _lock
20000204   _unlock
20000208   _cleanup_ptr
2000020c   _dtors_ptr
20000210   main_func_sp
20000214   ui32Load
20000218   ui32PWMClock
2000021c   ui32Adjust
ffffffff   __binit__
ffffffff   __c_args__
ffffffff   binit
UNDEFED    SHT$$INIT_ARRAY$$Base
UNDEFED    SHT$$INIT_ARRAY$$Limit

[79 symbols]
