******************************************************************************
                  TI ARM Linker PC v5.0.4                      
******************************************************************************
>> Linked Tue Mar 03 01:47:43 2015

OUTPUT FILE NAME:   <usb_dev_gamepad.out>
ENTRY POINT SYMBOL: "_c_int00"  address: 00002975


MEMORY CONFIGURATION

         name            origin    length      used     unused   attr    fill
----------------------  --------  ---------  --------  --------  ----  --------
  FLASH                 00000000   00040000  00003be7  0003c419  R  X
  SRAM                  20000000   00008000  00000bbf  00007441  RW X


SEGMENT ALLOCATION MAP

run origin  load origin   length   init length attrs members
----------  ----------- ---------- ----------- ----- -------
00000000    00000000    00003be8   00003be8    r-x
  00000000    00000000    0000026c   0000026c    r-- .intvecs
  0000026c    0000026c    00003688   00003688    r-x .text
  000038f4    000038f4    0000023b   0000023b    r-- .const
  00003b30    00003b30    000000b8   000000b8    r-- .cinit
20000000    20000000    00000a84   00000000    rw-
  20000000    20000000    00000684   00000000    rw- .bss
  20000684    20000684    00000400   00000000    rw- .stack
20000a84    20000a84    0000013b   0000013b    rw-
  20000a84    20000a84    0000013b   0000013b    rw- .data


SECTION ALLOCATION MAP

 output                                  attributes/
section   page    origin      length       input sections
--------  ----  ----------  ----------   ----------------
.intvecs   0    00000000    0000026c     
                  00000000    0000026c     startup_ccs.obj (.intvecs)

.init_array 
*          0    00000000    00000000     UNINITIALIZED

.text      0    0000026c    00003688     
                  0000026c    0000020c     usb_dev_gamepad.obj (.text:main)
                  00000478    000001ea     uartstdio.obj (.text:UARTvprintf)
                  00000662    00000002     startup_ccs.obj (.text:FaultISR)
                  00000664    00000160     usblib.lib : usbdma.obj (.text:USBLibDMAInit)
                  000007c4    00000154                : usbdenum.obj (.text:USBDEP0StateTxConfig)
                  00000918    00000150     uartstdio.obj (.text:UARTStdioIntHandler)
                  00000a68    00000148     usblib.lib : usbdenum.obj (.text:USBDCDInit)
                  00000bb0    00000140                : usbdconfig.obj (.text:USBDeviceConfig)
                  00000cf0    00000140                : usbdenum.obj (.text:USBDeviceIntHandlerInternal)
                  00000e30    0000010e                : usbdhid.obj (.text:HandleRequest)
                  00000f3e    000000e8                : usbdma.obj (.text:iDMAUSBTransfer)
                  00001026    00000002     startup_ccs.obj (.text:IntDefaultHandler)
                  00001028    000000e0     usblib.lib : usbdhid.obj (.text:USBDHIDCompositeInit)
                  00001108    000000dc                : usbdenum.obj (.text:USBDGetDescriptor)
                  000011e4    000000d8                : usbdenum.obj (.text:USBDeviceEnumHandler)
                  000012bc    000000c0                : usbdma.obj (.text:uDMAUSBChannelAllocate)
                  0000137c    000000bc     usb_dev_gamepad.obj (.text:GamepadHandler)
                  00001438    000000ba     usblib.lib : usbdma.obj (.text:uDMAUSBTransfer)
                  000014f2    00000002     startup_ccs.obj (.text:NmiSR)
                  000014f4    000000a8     uartstdio.obj (.text:UARTwrite)
                  0000159c    000000a4     uartstdio.obj (.text:UARTStdioConfig)
                  00001640    0000009c     rtsv7M4_T_le_v4SPD16_eabi.lib : memcpy_t2.obj (.text)
                  000016dc    00000098     usblib.lib : usbdenum.obj (.text:USBDSetInterface)
                  00001774    00000094     rtsv7M4_T_le_v4SPD16_eabi.lib : auto_init.obj (.text)
                  00001808    00000090     usblib.lib : usbdhidgamepad.obj (.text:USBDHIDGamepadCompositeInit)
                  00001898    0000008c                : usbdhid.obj (.text:ProcessIdleTimers)
                  00001924    0000008c                : usbdenum.obj (.text:USBDSetConfiguration)
                  000019b0    0000008c                : usbdconfig.obj (.text:USBDeviceConfigAlternate)
                  00001a3c    00000086                : usbdma.obj (.text:iDMAUSBChannelAllocate)
                  00001ac2    00000002                : usbdma.obj (.text:iDMAUSBArbSizeSet)
                  00001ac4    00000084     usb_dev_gamepad.obj (.text:ADCInit)
                  00001b48    00000084     uartstdio.obj (.text:UARTPrimeTransmit)
                  00001bcc    00000080     driverlib.lib : udma.obj (.text:uDMAChannelTransferSet)
                  00001c4c    0000007a                   : usb.obj (.text:USBDevEndpointConfigSet)
                  00001cc6    00000078     usblib.lib : usbdhidgamepad.obj (.text:HIDGamepadRxHandler)
                  00001d3e    00000002                : usbdma.obj (.text:iDMAUSBUnitSizeSet)
                  00001d40    00000078                : usbdenum.obj (.text:USBDClearFeature)
                  00001db8    00000072                : usbdma.obj (.text:uDMAUSBArbSizeSet)
                  00001e2a    00000002                : usbdma.obj (.text:uDMAUSBChannelIntDisable)
                  00001e2c    00000070                : usbdenum.obj (.text:USBDEP0StateTx)
                  00001e9c    00000070                : usbdenum.obj (.text:USBDGetStatus)
                  00001f0c    00000070                : usbdma.obj (.text:uDMAUSBUnitSizeSet)
                  00001f7c    0000006c     buttons.obj (.text:ButtonsPoll)
                  00001fe8    00000064     driverlib.lib : interrupt.obj (.text:IntIsEnabled)
                  0000204c    00000064     usblib.lib : usbdenum.obj (.text:USBDSetFeature)
                  000020b0    00000064                : usbdma.obj (.text:uDMAUSBChannelEnable)
                  00002114    00000060     buttons.obj (.text:ButtonsInit)
                  00002174    00000060     usblib.lib : usbdhid.obj (.text:HandleGetDescriptor)
                  000021d4    00000060     driverlib.lib : interrupt.obj (.text:IntDisable)
                  00002234    00000060                   : interrupt.obj (.text:IntEnable)
                  00002294    00000060     usblib.lib : usbdenum.obj (.text:USBDReadAndDispatchRequest)
                  000022f4    0000005e     driverlib.lib : usb.obj (.text:USBDevEndpointStatusClear)
                  00002352    0000005e     rtsv7M4_T_le_v4SPD16_eabi.lib : copy_decompress_rle.obj (.text)
                  000023b0    0000005c     usb_dev_gamepad.obj (.text:ConfigureUART)
                  0000240c    0000005c     usblib.lib : usbdhid.obj (.text:FindHIDDescriptor)
                  00002468    0000005c                : usbdenum.obj (.text:USBDStringIndexFromRequest)
                  000024c4    0000005a                : usbdhid.obj (.text:HandleDevice)
                  0000251e    00000002                : usbdma.obj (.text:uDMAUSBChannelIntEnable)
                  00002520    00000058                : usbdhid.obj (.text:ProcessDataFromHost)
                  00002578    00000054                : usbdhid.obj (.text:ProcessDataToHost)
                  000025cc    00000054                : usbdma.obj (.text:uDMAUSBChannelRelease)
                  00002620    00000052                : usbulpi.obj (.text:ULPIConfigSet)
                  00002672    00000002     --HOLE-- [fill = 0]
                  00002674    00000050     driverlib.lib : sysctl.obj (.text:SysCtlPeripheralReset)
                  000026c4    00000050     usblib.lib : usbdcdesc.obj (.text:USBDCDConfigDescGet)
                  00002714    00000050                : usbdenum.obj (.text:USBDeviceResumeTickHandler)
                  00002764    0000004c                : usbdcdesc.obj (.text:ConfigAlternateInterfaceGet)
                  000027b0    0000004c                : usbdconfig.obj (.text:GetEPDescriptorType)
                  000027fc    0000004c     driverlib.lib : usb.obj (.text:USBDevEndpointStallClear)
                  00002848    0000004c                   : usb.obj (.text:USBEndpointDMAConfigSet)
                  00002894    0000004a     usblib.lib : usbdhid.obj (.text:USBDHIDReportWrite)
                  000028de    0000004a                : usbdma.obj (.text:iDMAUSBChannelEnable)
                  00002928    0000004a                : usbdma.obj (.text:uDMAUSBChannelDisable)
                  00002972    00000002     --HOLE-- [fill = 0]
                  00002974    00000048     rtsv7M4_T_le_v4SPD16_eabi.lib : boot.obj (.text)
                  000029bc    00000048     driverlib.lib : udma.obj (.text:uDMAChannelAttributeDisable)
                  00002a04    00000044     usblib.lib : usbdenum.obj (.text:USBDCDDeviceInfoInit)
                  00002a48    00000044                : usbdenum.obj (.text:USBDeviceEnumResetHandler)
                  00002a8c    00000044     driverlib.lib : usb.obj (.text:USBEndpointDataGet)
                  00002ad0    00000044     rtsv7M4_T_le_v4SPD16_eabi.lib : cpy_tbl.obj (.text)
                  00002b14    00000042     usblib.lib : usbdhid.obj (.text:SetIdleTimeout)
                  00002b56    00000042     rtsv7M4_T_le_v4SPD16_eabi.lib : u_divt2.obj (.text)
                  00002b98    00000040     usblib.lib : usbdenum.obj (.text:USBDGetInterface)
                  00002bd8    00000040     rtsv7M4_T_le_v4SPD16_eabi.lib : exit.obj (.text)
                  00002c18    0000003e     usblib.lib : usbdhid.obj (.text:ScheduleReportTransmission)
                  00002c56    0000003e                : usbdhidgamepad.obj (.text:USBDHIDGamepadSendReport)
                  00002c94    0000003c     uartstdio.obj (.text:UARTFlushTx)
                  00002cd0    0000003a     usblib.lib : usbdcdesc.obj (.text:USBDCDConfigGetInterfaceEndpoint)
                  00002d0a    0000003a     driverlib.lib : usb.obj (.text:USBFIFOConfigSet)
                  00002d44    0000003a     usblib.lib : usbdma.obj (.text:iDMAUSBChannelRelease)
                  00002d7e    00000002     --HOLE-- [fill = 0]
                  00002d80    00000038     driverlib.lib : usb.obj (.text:USBIntStatusControl)
                  00002db8    00000036     usblib.lib : usbdhid.obj (.text:HandleEndpoints)
                  00002dee    00000002     --HOLE-- [fill = 0]
                  00002df0    00000034                : usbdhid.obj (.text:HIDTickHandler)
                  00002e24    00000034                : usbtick.obj (.text:InternalUSBRegisterTickHandler)
                  00002e58    00000034                : usbtick.obj (.text:InternalUSBStartOfFrameTick)
                  00002e8c    00000034     driverlib.lib : sysctl.obj (.text:SysCtlPeripheralEnable)
                  00002ec0    00000034     usblib.lib : usbdma.obj (.text:iDMAUSBChannelStatus)
                  00002ef4    00000032                : usbdhid.obj (.text:ClearReportTimer)
                  00002f26    00000032                : usbdcdesc.obj (.text:NextConfigDescGet)
                  00002f58    00000032     driverlib.lib : usb.obj (.text:USBDevEndpointStall)
                  00002f8a    00000032     usblib.lib : usbdma.obj (.text:iDMAUSBChannelDisable)
                  00002fbc    00000030                : usbdma.obj (.text:DMAUSBIntHandler)
                  00002fec    00000030                : usbdhid.obj (.text:HandleConfigChange)
                  0000301c    00000030                : usbtick.obj (.text:InternalUSBTickInit)
                  0000304c    00000030                : usbdenum.obj (.text:USBDGetConfiguration)
                  0000307c    00000030                : usbdhidgamepad.obj (.text:USBDHIDGamepadInit)
                  000030ac    00000030     driverlib.lib : usb.obj (.text:USBEndpointDataPut)
                  000030dc    0000002e                   : adc.obj (.text:ADCIntStatus)
                  0000310a    0000002e                   : usb.obj (.text:USBEndpointDataSend)
                  00003138    0000002c     uartstdio.obj (.text:UARTFlushRx)
                  00003164    0000002c     usblib.lib : usbdesc.obj (.text:USBDescGet)
                  00003190    0000002c                : usbdma.obj (.text:uDMAUSBIntStatus)
                  000031bc    0000002a                : usbdcdesc.obj (.text:USBDCDConfigDescGetNum)
                  000031e6    00000028                : usbdesc.obj (.text:USBDescGetNum)
                  0000320e    00000002     --HOLE-- [fill = 0]
                  00003210    00000028     driverlib.lib : usb.obj (.text:USBIntEnableControl)
                  00003238    00000028                   : udma.obj (.text:uDMAChannelModeGet)
                  00003260    00000026     usblib.lib : usbdhid.obj (.text:GetIdleTimeout)
                  00003286    00000026                : usbdhid.obj (.text:HandleEP0DataReceived)
                  000032ac    00000026                : usbdhid.obj (.text:USBDHIDInit)
                  000032d2    00000002     --HOLE-- [fill = 0]
                  000032d4    00000024                : usbdenum.obj (.text:USBDSetAddress)
                  000032f8    00000024     driverlib.lib : usb.obj (.text:USBDevEndpointDataAck)
                  0000331c    00000024                   : usb.obj (.text:USBEndpointDMADisable)
                  00003340    00000024                   : usb.obj (.text:USBEndpointDMAEnable)
                  00003364    00000024                   : udma.obj (.text:uDMAChannelControlSet)
                  00003388    00000022     usblib.lib : usbdma.obj (.text:uDMAUSBChannelStatus)
                  000033aa    00000020                : usbdconfig.obj (.text:GetEndpointFIFOSize)
                  000033ca    00000002     --HOLE-- [fill = 0]
                  000033cc    00000020                : usbmode.obj (.text:USBStackModeSet)
                  000033ec    0000001e     driverlib.lib : adc.obj (.text:ADCSequenceDataGet)
                  0000340a    0000001e     usblib.lib : usbdhid.obj (.text:HandleDisconnect)
                  00003428    0000001e                : usbdhid.obj (.text:HandleEP0DataSent)
                  00003446    0000001e     driverlib.lib : usb.obj (.text:USBULPIRegRead)
                  00003464    0000001e                   : usb.obj (.text:USBULPIRegWrite)
                  00003482    0000001c     usblib.lib : usbdhid.obj (.text:ClearIdleTimers)
                  0000349e    0000001c                : usbdhidgamepad.obj (.text:HIDGamepadTxHandler)
                  000034ba    0000001c                : usbdhid.obj (.text:SetDeferredOpFlag)
                  000034d6    00000002     --HOLE-- [fill = 0]
                  000034d8    0000001c     driverlib.lib : sysctl.obj (.text:SysCtlGPIOAHBEnable)
                  000034f4    0000001c     usblib.lib : usbdcdesc.obj (.text:USBDCDConfigGetInterface)
                  00003510    0000001c                : usbdenum.obj (.text:USBDCDStallEP0)
                  0000352c    0000001c     driverlib.lib : usb.obj (.text:USBEndpointDataAvail)
                  00003548    0000001a     uartstdio.obj (.text:IsBufferFull)
                  00003562    0000001a     uartstdio.obj (.text:UARTprintf)
                  0000357c    0000001a     driverlib.lib : usb.obj (.text:USBEndpointDMAChannel)
                  00003596    00000002     --HOLE-- [fill = 0]
                  00003598    00000018     usblib.lib : usbdhandler.obj (.text:USB0DeviceIntHandler)
                  000035b0    00000018                : usbdcdesc.obj (.text:USBDCDConfigDescGetSize)
                  000035c8    00000018                : usbdenum.obj (.text:USBDSetDescriptor)
                  000035e0    00000018                : usbdenum.obj (.text:USBDSyncFrame)
                  000035f8    00000018     rtsv7M4_T_le_v4SPD16_eabi.lib : args_main.obj (.text)
                  00003610    00000018     driverlib.lib : udma.obj (.text:uDMAChannelDisable)
                  00003628    00000018                   : udma.obj (.text:uDMAChannelEnable)
                  00003640    00000016                   : adc.obj (.text:ADCProcessorTrigger)
                  00003656    00000002     --HOLE-- [fill = 0]
                  00003658    00000014                   : sysctl.obj (.text:SysCtlUSBPLLEnable)
                  0000366c    00000014     usblib.lib : usbdenum.obj (.text:USBDCDRequestDataEP0)
                  00003680    00000014                : usbdenum.obj (.text:USBDCDSendDataEP0)
                  00003694    00000014     driverlib.lib : usb.obj (.text:USBHostResume)
                  000036a8    00000014                   : usb.obj (.text:USBIntEnableEndpoint)
                  000036bc    00000014                   : usb.obj (.text:_USBIndexWrite)
                  000036d0    00000014     rtsv7M4_T_le_v4SPD16_eabi.lib : _lock.obj (.text)
                  000036e4    00000012     usblib.lib : usbdhid.obj (.text:HandleResume)
                  000036f6    00000012                : usbdhid.obj (.text:HandleSuspend)
                  00003708    00000012     driverlib.lib : usb.obj (.text:USBDMAChannelConfigSet)
                  0000371a    00000012                   : usb.obj (.text:USBDMAChannelDisable)
                  0000372c    00000012                   : usb.obj (.text:USBDMAChannelEnable)
                  0000373e    00000012                   : usb.obj (.text:USBDMAChannelIntDisable)
                  00003750    00000012                   : usb.obj (.text:USBDMAChannelIntEnable)
                  00003762    00000012     rtsv7M4_T_le_v4SPD16_eabi.lib : copy_zero_init.obj (.text:decompress:ZI)
                  00003774    00000010     driverlib.lib : usb.obj (.text:USBEndpointStatus)
                  00003784    0000000e     usblib.lib : usbdma.obj (.text:DMAUSBIntStatusClear)
                  00003792    0000000e     uartstdio.obj (.text:IsBufferEmpty)
                  000037a0    0000000e     usblib.lib : usbdhid.obj (.text:USBDHIDTxPacketAvailable)
                  000037ae    0000000e     driverlib.lib : usb.obj (.text:USBDMAChannelStatus)
                  000037bc    0000000e                   : usb.obj (.text:USBDevLPMDisable)
                  000037ca    0000000e                   : usb.obj (.text:USBDevLPMEnable)
                  000037d8    0000000e                   : usb.obj (.text:USBULPIDisable)
                  000037e6    0000000e                   : usb.obj (.text:USBULPIEnable)
                  000037f4    0000000e     rtsv7M4_T_le_v4SPD16_eabi.lib : copy_decompress_none.obj (.text:decompress:none)
                  00003802    0000000c     driverlib.lib : cpu.obj (.text:CPUcpsid)
                  0000380e    0000000c                   : cpu.obj (.text:CPUcpsie)
                  0000381a    0000000c                   : usb.obj (.text:USBEndpointPacketCountSet)
                  00003826    0000000c                   : usb.obj (.text:USBLPMIntEnable)
                  00003832    0000000a                   : adc.obj (.text:ADCIntClear)
                  0000383c    0000000a                   : interrupt.obj (.text:IntMasterDisable)
                  00003846    0000000a                   : interrupt.obj (.text:IntMasterEnable)
                  00003850    0000000a                   : usb.obj (.text:USBClockEnable)
                  0000385a    0000000a                   : usb.obj (.text:USBControllerVersion)
                  00003864    0000000a                   : usb.obj (.text:USBDMAChannelAddressSet)
                  0000386e    0000000a                   : usb.obj (.text:USBDMAChannelCountSet)
                  00003878    0000000a                   : usb.obj (.text:USBDevConnect)
                  00003882    0000000a                   : usb.obj (.text:USBDevDisconnect)
                  0000388c    0000000a                   : usb.obj (.text:USBIntStatusEndpoint)
                  00003896    00000008                   : usb.obj (.text:USBDevMode)
                  0000389e    00000008                   : usb.obj (.text:USBFIFOAddrGet)
                  000038a6    00000008                   : usb.obj (.text:USBOTGMode)
                  000038ae    00000008     usblib.lib : usbdma.obj (.text:iDMAUSBChannelIntDisable)
                  000038b6    00000008                : usbdma.obj (.text:iDMAUSBChannelIntEnable)
                  000038be    00000006     startup_ccs.obj (.text:ResetISR)
                  000038c4    00000006     driverlib.lib : uart.obj (.text:UARTClockSourceSet)
                  000038ca    00000006                   : usb.obj (.text:USBDMAChannelIntStatus)
                  000038d0    00000006                   : usb.obj (.text:USBDevLPMConfig)
                  000038d6    00000006                   : usb.obj (.text:USBLPMIntStatus)
                  000038dc    00000006     rtsv7M4_T_le_v4SPD16_eabi.lib : copy_decompress_rle.obj (.text:decompress:rle24)
                  000038e2    00000006     usblib.lib : usbdma.obj (.text:iDMAUSBIntStatus)
                  000038e8    00000004                : usbdma.obj (.text:DMAUSBStatus)
                  000038ec    00000004                : usbdhid.obj (.text:HandleReset)
                  000038f0    00000004     driverlib.lib : usb.obj (.text:USBDevAddrSet)

.const     0    000038f4    0000023b     
                  000038f4    00000070     driverlib.lib : interrupt.obj (.const)
                  00003964    00000034     usb_gamepad_structs.obj (.const:.string:g_pui8ConfigString)
                  00003998    00000034     usblib.lib : usbdenum.obj (.const:g_psUSBDStdRequests)
                  000039cc    00000030                : usbdhidgamepad.obj (.const:.string:g_pui8GameReportDescriptor)
                  000039fc    00000030                : usbdhid.obj (.const:g_sHIDHandlers)
                  00003a2c    0000002c     usb_gamepad_structs.obj (.const:.string:g_pui8HIDInterfaceString)
                  00003a58    00000028     uartstdio.obj (.const)
                  00003a80    00000024     usb_gamepad_structs.obj (.const:.string:g_pui8ManufacturerString)
                  00003aa4    00000024     usb_gamepad_structs.obj (.const:.string:g_pui8ProductString)
                  00003ac8    0000001c     usblib.lib : usbdhidgamepad.obj (.const)
                  00003ae4    00000018     usb_gamepad_structs.obj (.const)
                  00003afc    00000016     usb_gamepad_structs.obj (.const:.string)
                  00003b12    00000002     --HOLE-- [fill = 0]
                  00003b14    00000012     uartstdio.obj (.const:.string)
                  00003b26    00000002     --HOLE-- [fill = 0]
                  00003b28    00000007     usblib.lib : usbdhidgamepad.obj (.const:.string)

.cinit     0    00003b30    000000b8     
                  00003b30    00000093     (.cinit..data.load) [load image, compression = rle]
                  00003bc3    00000001     --HOLE-- [fill = 0]
                  00003bc4    0000000c     (__TI_handler_table)
                  00003bd0    00000008     (.cinit..bss.load) [load image, compression = zero_init]
                  00003bd8    00000010     (__TI_cinit_table)

.bss       0    20000000    00000684     UNINITIALIZED
                  20000000    00000400     uartstdio.obj (.bss:g_pcUARTTxBuffer)
                  20000400    00000110     usblib.lib : usbdma.obj (.bss:g_psUSBDMAInst)
                  20000510    00000080     uartstdio.obj (.bss:g_pcUARTRxBuffer)
                  20000590    00000050     usblib.lib : usbdenum.obj (.bss:g_psDCDInst)
                  200005e0    00000040                : usbdenum.obj (.bss:g_pui8DataBufferIn)
                  20000620    00000030                : usbtick.obj (.bss)
                  20000650    00000015     usb_dev_gamepad.obj (.bss)
                  20000665    00000003     --HOLE--
                  20000668    0000000c     usblib.lib : usbmode.obj (.bss)
                  20000674    00000008     uartstdio.obj (.bss)
                  2000067c    00000008     usblib.lib : usbdenum.obj (.bss)

.stack     0    20000684    00000400     UNINITIALIZED
                  20000684    00000400     --HOLE--

.data      0    20000a84    0000013b     
                  20000a84    00000098     usb_gamepad_structs.obj (.data:g_sGamepadDevice)
                  20000b1c    00000040     usblib.lib : usbdhidgamepad.obj (.data)
                  20000b5c    00000015     uartstdio.obj (.data)
                  20000b71    00000003     --HOLE--
                  20000b74    00000012     usblib.lib : usbdhid.obj (.data)
                  20000b86    00000002     --HOLE--
                  20000b88    0000000c                : usbtick.obj (.data)
                  20000b94    00000009                : usbmode.obj (.data)
                  20000b9d    00000003     --HOLE--
                  20000ba0    00000008     rtsv7M4_T_le_v4SPD16_eabi.lib : _lock.obj (.data)
                  20000ba8    00000008                                   : exit.obj (.data)
                  20000bb0    00000008     usblib.lib : usbdenum.obj (.data)
                  20000bb8    00000004     rtsv7M4_T_le_v4SPD16_eabi.lib : stkdepth_vars.obj (.data)
                  20000bbc    00000003     buttons.obj (.data)


LINKER GENERATED COPY TABLES

__TI_cinit_table @ 00003bd8 records: 2, size/record: 8, table size: 16
	.data: load addr=00003b30, load size=00000093 bytes, run addr=20000a84, run size=0000013b bytes, compression=rle
	.bss: load addr=00003bd0, load size=00000008 bytes, run addr=20000000, run size=00000684 bytes, compression=zero_init


LINKER GENERATED HANDLER TABLE

__TI_handler_table @ 00003bc4 records: 3, size/record: 4, table size: 12
	index: 0, handler: __TI_decompress_rle24
	index: 1, handler: __TI_decompress_none
	index: 2, handler: __TI_zero_init


GLOBAL SYMBOLS: SORTED ALPHABETICALLY BY Name 

address    name
--------   ----
00001ac5   ADCInit
00003833   ADCIntClear
000030dd   ADCIntStatus
00003641   ADCProcessorTrigger
000033ed   ADCSequenceDataGet
00002115   ButtonsInit
00001f7d   ButtonsPoll
00002bd9   C$$EXIT
00003803   CPUcpsid
0000380f   CPUcpsie
000023b1   ConfigureUART
0000137d   GamepadHandler
000021d5   IntDisable
00002235   IntEnable
00001fe9   IntIsEnabled
0000383d   IntMasterDisable
00003847   IntMasterEnable
00002e25   InternalUSBRegisterTickHandler
00002e59   InternalUSBStartOfFrameTick
0000301d   InternalUSBTickInit
000038bf   ResetISR
UNDEFED    SHT$$INIT_ARRAY$$Base
UNDEFED    SHT$$INIT_ARRAY$$Limit
000034d9   SysCtlGPIOAHBEnable
00002e8d   SysCtlPeripheralEnable
00002675   SysCtlPeripheralReset
00003659   SysCtlUSBPLLEnable
000038c5   UARTClockSourceSet
00003139   UARTFlushRx
00002c95   UARTFlushTx
0000159d   UARTStdioConfig
00000919   UARTStdioIntHandler
00003563   UARTprintf
00000479   UARTvprintf
000014f5   UARTwrite
00002621   ULPIConfigSet
00003599   USB0DeviceIntHandler
00003851   USBClockEnable
0000385b   USBControllerVersion
000026c5   USBDCDConfigDescGet
000031bd   USBDCDConfigDescGetNum
000035b1   USBDCDConfigDescGetSize
000034f5   USBDCDConfigGetInterface
00002cd1   USBDCDConfigGetInterfaceEndpoint
00002a05   USBDCDDeviceInfoInit
00000a69   USBDCDInit
0000366d   USBDCDRequestDataEP0
00003681   USBDCDSendDataEP0
00003511   USBDCDStallEP0
00001029   USBDHIDCompositeInit
00001809   USBDHIDGamepadCompositeInit
0000307d   USBDHIDGamepadInit
00002c57   USBDHIDGamepadSendReport
000032ad   USBDHIDInit
00002895   USBDHIDReportWrite
000037a1   USBDHIDTxPacketAvailable
00003865   USBDMAChannelAddressSet
00003709   USBDMAChannelConfigSet
0000386f   USBDMAChannelCountSet
0000371b   USBDMAChannelDisable
0000372d   USBDMAChannelEnable
0000373f   USBDMAChannelIntDisable
00003751   USBDMAChannelIntEnable
000038cb   USBDMAChannelIntStatus
000037af   USBDMAChannelStatus
00003165   USBDescGet
000031e7   USBDescGetNum
000038f1   USBDevAddrSet
00003879   USBDevConnect
00003883   USBDevDisconnect
00001c4d   USBDevEndpointConfigSet
000032f9   USBDevEndpointDataAck
00002f59   USBDevEndpointStall
000027fd   USBDevEndpointStallClear
000022f5   USBDevEndpointStatusClear
000038d1   USBDevLPMConfig
000037bd   USBDevLPMDisable
000037cb   USBDevLPMEnable
00003897   USBDevMode
00000bb1   USBDeviceConfig
000019b1   USBDeviceConfigAlternate
000011e5   USBDeviceEnumHandler
00002a49   USBDeviceEnumResetHandler
00000cf1   USBDeviceIntHandlerInternal
00002715   USBDeviceResumeTickHandler
0000357d   USBEndpointDMAChannel
00002849   USBEndpointDMAConfigSet
0000331d   USBEndpointDMADisable
00003341   USBEndpointDMAEnable
0000352d   USBEndpointDataAvail
00002a8d   USBEndpointDataGet
000030ad   USBEndpointDataPut
0000310b   USBEndpointDataSend
0000381b   USBEndpointPacketCountSet
00003775   USBEndpointStatus
0000389f   USBFIFOAddrGet
00002d0b   USBFIFOConfigSet
00003695   USBHostResume
00003211   USBIntEnableControl
000036a9   USBIntEnableEndpoint
00002d81   USBIntStatusControl
0000388d   USBIntStatusEndpoint
00003827   USBLPMIntEnable
000038d7   USBLPMIntStatus
00000665   USBLibDMAInit
000038a7   USBOTGMode
000033cd   USBStackModeSet
000037d9   USBULPIDisable
000037e7   USBULPIEnable
00003447   USBULPIRegRead
00003465   USBULPIRegWrite
20000a84   __STACK_END
00000400   __STACK_SIZE
20000a84   __STACK_TOP
00003bd8   __TI_CINIT_Base
00003be8   __TI_CINIT_Limit
00003bc4   __TI_Handler_Table_Base
00003bd0   __TI_Handler_Table_Limit
00000001   __TI_args_main
00001775   __TI_auto_init
000037f5   __TI_decompress_none
000038dd   __TI_decompress_rle24
00000000   __TI_static_base__
00003763   __TI_zero_init
00001641   __aeabi_memcpy
00001641   __aeabi_memcpy4
00001641   __aeabi_memcpy8
00002b57   __aeabi_uidivmod
ffffffff   __binit__
ffffffff   __c_args__
20000684   __stack
000035f9   _args_main
00002975   _c_int00
20000ba8   _cleanup_ptr
20000bac   _dtors_ptr
20000ba0   _lock
000036df   _nop
000036d7   _register_lock
000036d1   _register_unlock
20000ba4   _unlock
00002bdd   abort
ffffffff   binit
00002ad1   copy_in
00002be5   exit
20000b88   g_bUSBTimerInitialized
2000066c   g_eOTGModeState
20000664   g_iGamepadState
20000b94   g_iUSBMode
20000620   g_pfnTickHandlers
00000000   g_pfnVectors
20000680   g_ppsDevInfo
00003ae4   g_ppui8StringDescriptors
20000590   g_psDCDInst
00003964   g_pui8ConfigString
20000b74   g_pui8HIDDeviceDescriptor
00003a2c   g_pui8HIDInterfaceString
00003afc   g_pui8LangDescriptor
00003a80   g_pui8ManufacturerString
00003aa4   g_pui8ProductString
00003b00   g_pui8SerialNumberString
20000638   g_pvTickInstance
20000a84   g_sGamepadDevice
000039fc   g_sHIDHandlers
20000b8c   g_ui32CurrentUSBTick
20000668   g_ui32PollRate
20000b90   g_ui32USBSOFCount
20000b98   g_ui32WaitTicks
0000026d   main
20000bb8   main_func_sp
00001641   memcpy
000029bd   uDMAChannelAttributeDisable
00003365   uDMAChannelControlSet
00003611   uDMAChannelDisable
00003629   uDMAChannelEnable
00003239   uDMAChannelModeGet
00001bcd   uDMAChannelTransferSet


GLOBAL SYMBOLS: SORTED BY Symbol Address 

address    name
--------   ----
00000000   __TI_static_base__
00000000   g_pfnVectors
00000001   __TI_args_main
0000026d   main
00000400   __STACK_SIZE
00000479   UARTvprintf
00000665   USBLibDMAInit
00000919   UARTStdioIntHandler
00000a69   USBDCDInit
00000bb1   USBDeviceConfig
00000cf1   USBDeviceIntHandlerInternal
00001029   USBDHIDCompositeInit
000011e5   USBDeviceEnumHandler
0000137d   GamepadHandler
000014f5   UARTwrite
0000159d   UARTStdioConfig
00001641   __aeabi_memcpy
00001641   __aeabi_memcpy4
00001641   __aeabi_memcpy8
00001641   memcpy
00001775   __TI_auto_init
00001809   USBDHIDGamepadCompositeInit
000019b1   USBDeviceConfigAlternate
00001ac5   ADCInit
00001bcd   uDMAChannelTransferSet
00001c4d   USBDevEndpointConfigSet
00001f7d   ButtonsPoll
00001fe9   IntIsEnabled
00002115   ButtonsInit
000021d5   IntDisable
00002235   IntEnable
000022f5   USBDevEndpointStatusClear
000023b1   ConfigureUART
00002621   ULPIConfigSet
00002675   SysCtlPeripheralReset
000026c5   USBDCDConfigDescGet
00002715   USBDeviceResumeTickHandler
000027fd   USBDevEndpointStallClear
00002849   USBEndpointDMAConfigSet
00002895   USBDHIDReportWrite
00002975   _c_int00
000029bd   uDMAChannelAttributeDisable
00002a05   USBDCDDeviceInfoInit
00002a49   USBDeviceEnumResetHandler
00002a8d   USBEndpointDataGet
00002ad1   copy_in
00002b57   __aeabi_uidivmod
00002bd9   C$$EXIT
00002bdd   abort
00002be5   exit
00002c57   USBDHIDGamepadSendReport
00002c95   UARTFlushTx
00002cd1   USBDCDConfigGetInterfaceEndpoint
00002d0b   USBFIFOConfigSet
00002d81   USBIntStatusControl
00002e25   InternalUSBRegisterTickHandler
00002e59   InternalUSBStartOfFrameTick
00002e8d   SysCtlPeripheralEnable
00002f59   USBDevEndpointStall
0000301d   InternalUSBTickInit
0000307d   USBDHIDGamepadInit
000030ad   USBEndpointDataPut
000030dd   ADCIntStatus
0000310b   USBEndpointDataSend
00003139   UARTFlushRx
00003165   USBDescGet
000031bd   USBDCDConfigDescGetNum
000031e7   USBDescGetNum
00003211   USBIntEnableControl
00003239   uDMAChannelModeGet
000032ad   USBDHIDInit
000032f9   USBDevEndpointDataAck
0000331d   USBEndpointDMADisable
00003341   USBEndpointDMAEnable
00003365   uDMAChannelControlSet
000033cd   USBStackModeSet
000033ed   ADCSequenceDataGet
00003447   USBULPIRegRead
00003465   USBULPIRegWrite
000034d9   SysCtlGPIOAHBEnable
000034f5   USBDCDConfigGetInterface
00003511   USBDCDStallEP0
0000352d   USBEndpointDataAvail
00003563   UARTprintf
0000357d   USBEndpointDMAChannel
00003599   USB0DeviceIntHandler
000035b1   USBDCDConfigDescGetSize
000035f9   _args_main
00003611   uDMAChannelDisable
00003629   uDMAChannelEnable
00003641   ADCProcessorTrigger
00003659   SysCtlUSBPLLEnable
0000366d   USBDCDRequestDataEP0
00003681   USBDCDSendDataEP0
00003695   USBHostResume
000036a9   USBIntEnableEndpoint
000036d1   _register_unlock
000036d7   _register_lock
000036df   _nop
00003709   USBDMAChannelConfigSet
0000371b   USBDMAChannelDisable
0000372d   USBDMAChannelEnable
0000373f   USBDMAChannelIntDisable
00003751   USBDMAChannelIntEnable
00003763   __TI_zero_init
00003775   USBEndpointStatus
000037a1   USBDHIDTxPacketAvailable
000037af   USBDMAChannelStatus
000037bd   USBDevLPMDisable
000037cb   USBDevLPMEnable
000037d9   USBULPIDisable
000037e7   USBULPIEnable
000037f5   __TI_decompress_none
00003803   CPUcpsid
0000380f   CPUcpsie
0000381b   USBEndpointPacketCountSet
00003827   USBLPMIntEnable
00003833   ADCIntClear
0000383d   IntMasterDisable
00003847   IntMasterEnable
00003851   USBClockEnable
0000385b   USBControllerVersion
00003865   USBDMAChannelAddressSet
0000386f   USBDMAChannelCountSet
00003879   USBDevConnect
00003883   USBDevDisconnect
0000388d   USBIntStatusEndpoint
00003897   USBDevMode
0000389f   USBFIFOAddrGet
000038a7   USBOTGMode
000038bf   ResetISR
000038c5   UARTClockSourceSet
000038cb   USBDMAChannelIntStatus
000038d1   USBDevLPMConfig
000038d7   USBLPMIntStatus
000038dd   __TI_decompress_rle24
000038f1   USBDevAddrSet
00003964   g_pui8ConfigString
000039fc   g_sHIDHandlers
00003a2c   g_pui8HIDInterfaceString
00003a80   g_pui8ManufacturerString
00003aa4   g_pui8ProductString
00003ae4   g_ppui8StringDescriptors
00003afc   g_pui8LangDescriptor
00003b00   g_pui8SerialNumberString
00003bc4   __TI_Handler_Table_Base
00003bd0   __TI_Handler_Table_Limit
00003bd8   __TI_CINIT_Base
00003be8   __TI_CINIT_Limit
20000590   g_psDCDInst
20000620   g_pfnTickHandlers
20000638   g_pvTickInstance
20000664   g_iGamepadState
20000668   g_ui32PollRate
2000066c   g_eOTGModeState
20000680   g_ppsDevInfo
20000684   __stack
20000a84   __STACK_END
20000a84   __STACK_TOP
20000a84   g_sGamepadDevice
20000b74   g_pui8HIDDeviceDescriptor
20000b88   g_bUSBTimerInitialized
20000b8c   g_ui32CurrentUSBTick
20000b90   g_ui32USBSOFCount
20000b94   g_iUSBMode
20000b98   g_ui32WaitTicks
20000ba0   _lock
20000ba4   _unlock
20000ba8   _cleanup_ptr
20000bac   _dtors_ptr
20000bb8   main_func_sp
ffffffff   __binit__
ffffffff   __c_args__
ffffffff   binit
UNDEFED    SHT$$INIT_ARRAY$$Base
UNDEFED    SHT$$INIT_ARRAY$$Limit

[176 symbols]
