******************************************************************************
                  TI ARM Linker PC v5.0.4                      
******************************************************************************
>> Linked Tue Mar 24 03:15:59 2015

OUTPUT FILE NAME:   <022_UART_GSM.out>
ENTRY POINT SYMBOL: "_c_int00"  address: 00000945


MEMORY CONFIGURATION

         name            origin    length      used     unused   attr    fill
----------------------  --------  ---------  --------  --------  ----  --------
  FLASH                 00000000   00040000  00000c74  0003f38c  R  X
  SRAM                  20000000   00008000  00000214  00007dec  RW X


SEGMENT ALLOCATION MAP

run origin  load origin   length   init length attrs members
----------  ----------- ---------- ----------- ----- -------
00000000    00000000    00000c78   00000c78    r-x
  00000000    00000000    0000026c   0000026c    r-- .intvecs
  0000026c    0000026c    000008ec   000008ec    r-x .text
  00000b58    00000b58    000000fc   000000fc    r-- .const
  00000c58    00000c58    00000020   00000020    r-- .cinit
20000000    20000000    00000200   00000000    rw-
  20000000    20000000    00000200   00000000    rw- .stack
20000200    20000200    00000014   00000014    rw-
  20000200    20000200    00000014   00000014    rw- .data


SECTION ALLOCATION MAP

 output                                  attributes/
section   page    origin      length       input sections
--------  ----  ----------  ----------   ----------------
.intvecs   0    00000000    0000026c     
                  00000000    0000026c     startup_ccs.obj (.intvecs)

.init_array 
*          0    00000000    00000000     UNINITIALIZED

.text      0    0000026c    000008ec     
                  0000026c    000001c8     main.obj (.text)
                  00000434    00000130     driverlib.lib : gpio.obj (.text:GPIOPadConfigSet)
                  00000564    00000118                   : sysctl.obj (.text:SysCtlClockGet)
                  0000067c    000000f0                   : sysctl.obj (.text:SysCtlClockSet)
                  0000076c    0000009c     rtsv7M4_T_le_v4SPD16_eabi.lib : memcpy_t2.obj (.text)
                  00000808    00000094                                   : auto_init.obj (.text)
                  0000089c    0000005e                                   : copy_decompress_rle.obj (.text)
                  000008fa    00000002     --HOLE-- [fill = 0]
                  000008fc    00000048     driverlib.lib : gpio.obj (.text:GPIOPinConfigure)
                  00000944    00000048     rtsv7M4_T_le_v4SPD16_eabi.lib : boot.obj (.text)
                  0000098c    00000044                                   : cpy_tbl.obj (.text)
                  000009d0    00000040     driverlib.lib : uart.obj (.text:UARTConfigSetExpClk)
                  00000a10    00000040     rtsv7M4_T_le_v4SPD16_eabi.lib : exit.obj (.text)
                  00000a50    00000034     driverlib.lib : sysctl.obj (.text:SysCtlPeripheralEnable)
                  00000a84    0000002a                   : gpio.obj (.text:GPIODirModeSet)
                  00000aae    00000002     --HOLE-- [fill = 0]
                  00000ab0    0000001c                   : uart.obj (.text:UARTDisable)
                  00000acc    00000018     rtsv7M4_T_le_v4SPD16_eabi.lib : args_main.obj (.text)
                  00000ae4    00000014     driverlib.lib : uart.obj (.text:UARTEnable)
                  00000af8    00000014     rtsv7M4_T_le_v4SPD16_eabi.lib : _lock.obj (.text)
                  00000b0c    00000012     driverlib.lib : gpio.obj (.text:GPIOPinTypeUART)
                  00000b1e    0000000e     rtsv7M4_T_le_v4SPD16_eabi.lib : copy_decompress_none.obj (.text:decompress:none)
                  00000b2c    0000000c     startup_ccs.obj (.text)
                  00000b38    0000000a     driverlib.lib : uart.obj (.text:UARTCharPut)
                  00000b42    0000000a                   : uart.obj (.text:UARTFIFOEnable)
                  00000b4c    00000006                   : sysctl.obj (.text:SysCtlDelay)
                  00000b52    00000006     rtsv7M4_T_le_v4SPD16_eabi.lib : copy_decompress_rle.obj (.text:decompress:rle24)

.const     0    00000b58    000000fc     
                  00000b58    00000090     driverlib.lib : gpio.obj (.const:g_pui32GPIOBaseAddrs)
                  00000be8    0000006c                   : sysctl.obj (.const:g_pui32Xtals)

.cinit     0    00000c58    00000020     
                  00000c58    0000000f     (.cinit..data.load) [load image, compression = rle]
                  00000c67    00000001     --HOLE-- [fill = 0]
                  00000c68    00000008     (__TI_handler_table)
                  00000c70    00000008     (__TI_cinit_table)

.stack     0    20000000    00000200     UNINITIALIZED
                  20000000    00000200     --HOLE--

.data      0    20000200    00000014     
                  20000200    00000008     rtsv7M4_T_le_v4SPD16_eabi.lib : _lock.obj (.data)
                  20000208    00000008                                   : exit.obj (.data)
                  20000210    00000004                                   : stkdepth_vars.obj (.data)


LINKER GENERATED COPY TABLES

__TI_cinit_table @ 00000c70 records: 1, size/record: 8, table size: 8
	.data: load addr=00000c58, load size=0000000f bytes, run addr=20000200, run size=00000014 bytes, compression=rle


LINKER GENERATED HANDLER TABLE

__TI_handler_table @ 00000c68 records: 2, size/record: 4, table size: 8
	index: 0, handler: __TI_decompress_rle24
	index: 1, handler: __TI_decompress_none


GLOBAL SYMBOLS: SORTED ALPHABETICALLY BY Name 

address    name
--------   ----
00000a11   C$$EXIT
00000a85   GPIODirModeSet
00000435   GPIOPadConfigSet
000008fd   GPIOPinConfigure
00000b0d   GPIOPinTypeUART
00000b2d   ResetISR
UNDEFED    SHT$$INIT_ARRAY$$Base
UNDEFED    SHT$$INIT_ARRAY$$Limit
00000565   SysCtlClockGet
0000067d   SysCtlClockSet
00000b4d   SysCtlDelay
00000a51   SysCtlPeripheralEnable
00000b39   UARTCharPut
000009d1   UARTConfigSetExpClk
00000ab1   UARTDisable
00000ae5   UARTEnable
00000b43   UARTFIFOEnable
20000200   __STACK_END
00000200   __STACK_SIZE
20000200   __STACK_TOP
00000c70   __TI_CINIT_Base
00000c78   __TI_CINIT_Limit
00000c68   __TI_Handler_Table_Base
00000c70   __TI_Handler_Table_Limit
00000001   __TI_args_main
00000809   __TI_auto_init
00000b1f   __TI_decompress_none
00000b53   __TI_decompress_rle24
00000000   __TI_static_base__
0000076d   __aeabi_memcpy
0000076d   __aeabi_memcpy4
0000076d   __aeabi_memcpy8
ffffffff   __binit__
ffffffff   __c_args__
20000000   __stack
00000acd   _args_main
00000945   _c_int00
20000208   _cleanup_ptr
2000020c   _dtors_ptr
20000200   _lock
00000b07   _nop
00000aff   _register_lock
00000af9   _register_unlock
20000204   _unlock
00000a15   abort
ffffffff   binit
0000098d   copy_in
00000a1d   exit
00000000   g_pfnVectors
000003c7   main
20000210   main_func_sp
0000076d   memcpy
0000026d   mensaje


GLOBAL SYMBOLS: SORTED BY Symbol Address 

address    name
--------   ----
00000000   __TI_static_base__
00000000   g_pfnVectors
00000001   __TI_args_main
00000200   __STACK_SIZE
0000026d   mensaje
000003c7   main
00000435   GPIOPadConfigSet
00000565   SysCtlClockGet
0000067d   SysCtlClockSet
0000076d   __aeabi_memcpy
0000076d   __aeabi_memcpy4
0000076d   __aeabi_memcpy8
0000076d   memcpy
00000809   __TI_auto_init
000008fd   GPIOPinConfigure
00000945   _c_int00
0000098d   copy_in
000009d1   UARTConfigSetExpClk
00000a11   C$$EXIT
00000a15   abort
00000a1d   exit
00000a51   SysCtlPeripheralEnable
00000a85   GPIODirModeSet
00000ab1   UARTDisable
00000acd   _args_main
00000ae5   UARTEnable
00000af9   _register_unlock
00000aff   _register_lock
00000b07   _nop
00000b0d   GPIOPinTypeUART
00000b1f   __TI_decompress_none
00000b2d   ResetISR
00000b39   UARTCharPut
00000b43   UARTFIFOEnable
00000b4d   SysCtlDelay
00000b53   __TI_decompress_rle24
00000c68   __TI_Handler_Table_Base
00000c70   __TI_CINIT_Base
00000c70   __TI_Handler_Table_Limit
00000c78   __TI_CINIT_Limit
20000000   __stack
20000200   __STACK_END
20000200   __STACK_TOP
20000200   _lock
20000204   _unlock
20000208   _cleanup_ptr
2000020c   _dtors_ptr
20000210   main_func_sp
ffffffff   __binit__
ffffffff   __c_args__
ffffffff   binit
UNDEFED    SHT$$INIT_ARRAY$$Base
UNDEFED    SHT$$INIT_ARRAY$$Limit

[53 symbols]
