******************************************************************************
                  TI ARM Linker PC v5.0.4                      
******************************************************************************
>> Linked Tue Mar 17 15:41:15 2015

OUTPUT FILE NAME:   <004_auto fantastico led.out>
ENTRY POINT SYMBOL: "_c_int00"  address: 00000729


MEMORY CONFIGURATION

         name            origin    length      used     unused   attr    fill
----------------------  --------  ---------  --------  --------  ----  --------
  FLASH                 00000000   00040000  00000860  0003f7a0  R  X
  SRAM                  20000000   00008000  00000214  00007dec  RW X


SEGMENT ALLOCATION MAP

run origin  load origin   length   init length attrs members
----------  ----------- ---------- ----------- ----- -------
00000000    00000000    00000860   00000860    r-x
  00000000    00000000    0000026c   0000026c    r-- .intvecs
  0000026c    0000026c    000005d4   000005d4    r-x .text
  00000840    00000840    00000020   00000020    r-- .cinit
20000000    20000000    00000200   00000000    rw-
  20000000    20000000    00000200   00000000    rw- .stack
20000200    20000200    00000014   00000014    rw-
  20000200    20000200    00000014   00000014    rw- .data


SECTION ALLOCATION MAP

 output                                  attributes/
section   page    origin      length       input sections
--------  ----  ----------  ----------   ----------------
.intvecs   0    00000000    0000026c     
                  00000000    0000026c     startup_ccs.obj (.intvecs)

.init_array 
*          0    00000000    00000000     UNINITIALIZED

.text      0    0000026c    000005d4     
                  0000026c    0000032c     main.obj (.text)
                  00000598    0000009c     rtsv7M4_T_le_v4SPD16_eabi.lib : memcpy_t2.obj (.text)
                  00000634    00000094                                   : auto_init.obj (.text)
                  000006c8    0000005e                                   : copy_decompress_rle.obj (.text)
                  00000726    00000002     --HOLE-- [fill = 0]
                  00000728    00000048                                   : boot.obj (.text)
                  00000770    00000044                                   : cpy_tbl.obj (.text)
                  000007b4    00000040                                   : exit.obj (.text)
                  000007f4    00000018                                   : args_main.obj (.text)
                  0000080c    00000014                                   : _lock.obj (.text)
                  00000820    0000000e                                   : copy_decompress_none.obj (.text:decompress:none)
                  0000082e    0000000c     startup_ccs.obj (.text)
                  0000083a    00000006     rtsv7M4_T_le_v4SPD16_eabi.lib : copy_decompress_rle.obj (.text:decompress:rle24)

.cinit     0    00000840    00000020     
                  00000840    0000000f     (.cinit..data.load) [load image, compression = rle]
                  0000084f    00000001     --HOLE-- [fill = 0]
                  00000850    00000008     (__TI_handler_table)
                  00000858    00000008     (__TI_cinit_table)

.stack     0    20000000    00000200     UNINITIALIZED
                  20000000    00000200     --HOLE--

.data      0    20000200    00000014     
                  20000200    00000008     rtsv7M4_T_le_v4SPD16_eabi.lib : _lock.obj (.data)
                  20000208    00000008                                   : exit.obj (.data)
                  20000210    00000004                                   : stkdepth_vars.obj (.data)


LINKER GENERATED COPY TABLES

__TI_cinit_table @ 00000858 records: 1, size/record: 8, table size: 8
	.data: load addr=00000840, load size=0000000f bytes, run addr=20000200, run size=00000014 bytes, compression=rle


LINKER GENERATED HANDLER TABLE

__TI_handler_table @ 00000850 records: 2, size/record: 4, table size: 8
	index: 0, handler: __TI_decompress_rle24
	index: 1, handler: __TI_decompress_none


GLOBAL SYMBOLS: SORTED ALPHABETICALLY BY Name 

address    name
--------   ----
000007b5   C$$EXIT
0000082f   ResetISR
UNDEFED    SHT$$INIT_ARRAY$$Base
UNDEFED    SHT$$INIT_ARRAY$$Limit
20000200   __STACK_END
00000200   __STACK_SIZE
20000200   __STACK_TOP
00000858   __TI_CINIT_Base
00000860   __TI_CINIT_Limit
00000850   __TI_Handler_Table_Base
00000858   __TI_Handler_Table_Limit
00000001   __TI_args_main
00000635   __TI_auto_init
00000821   __TI_decompress_none
0000083b   __TI_decompress_rle24
00000000   __TI_static_base__
00000599   __aeabi_memcpy
00000599   __aeabi_memcpy4
00000599   __aeabi_memcpy8
ffffffff   __binit__
ffffffff   __c_args__
20000000   __stack
000007f5   _args_main
00000729   _c_int00
20000208   _cleanup_ptr
2000020c   _dtors_ptr
20000200   _lock
0000081b   _nop
00000813   _register_lock
0000080d   _register_unlock
20000204   _unlock
000007b9   abort
ffffffff   binit
00000771   copy_in
000007c1   exit
00000000   g_pfnVectors
0000026d   main
20000210   main_func_sp
00000599   memcpy


GLOBAL SYMBOLS: SORTED BY Symbol Address 

address    name
--------   ----
00000000   __TI_static_base__
00000000   g_pfnVectors
00000001   __TI_args_main
00000200   __STACK_SIZE
0000026d   main
00000599   __aeabi_memcpy
00000599   __aeabi_memcpy4
00000599   __aeabi_memcpy8
00000599   memcpy
00000635   __TI_auto_init
00000729   _c_int00
00000771   copy_in
000007b5   C$$EXIT
000007b9   abort
000007c1   exit
000007f5   _args_main
0000080d   _register_unlock
00000813   _register_lock
0000081b   _nop
00000821   __TI_decompress_none
0000082f   ResetISR
0000083b   __TI_decompress_rle24
00000850   __TI_Handler_Table_Base
00000858   __TI_CINIT_Base
00000858   __TI_Handler_Table_Limit
00000860   __TI_CINIT_Limit
20000000   __stack
20000200   __STACK_END
20000200   __STACK_TOP
20000200   _lock
20000204   _unlock
20000208   _cleanup_ptr
2000020c   _dtors_ptr
20000210   main_func_sp
ffffffff   __binit__
ffffffff   __c_args__
ffffffff   binit
UNDEFED    SHT$$INIT_ARRAY$$Base
UNDEFED    SHT$$INIT_ARRAY$$Limit

[39 symbols]
