******************************************************************************
                  TI ARM Linker PC v5.0.4                      
******************************************************************************
>> Linked Wed Mar 18 15:28:48 2015

OUTPUT FILE NAME:   <020_LCD y Pulsadores.out>
ENTRY POINT SYMBOL: "_c_int00"  address: 00000c9d


MEMORY CONFIGURATION

         name            origin    length      used     unused   attr    fill
----------------------  --------  ---------  --------  --------  ----  --------
  FLASH                 00000000   00040000  00000e5e  0003f1a2  R  X
  SRAM                  20000000   00008000  00000218  00007de8  RW X


SEGMENT ALLOCATION MAP

run origin  load origin   length   init length attrs members
----------  ----------- ---------- ----------- ----- -------
00000000    00000000    00000e60   00000e60    r-x
  00000000    00000000    0000026c   0000026c    r-- .intvecs
  0000026c    0000026c    00000bd2   00000bd2    r-x .text
  00000e40    00000e40    00000020   00000020    r-- .cinit
20000000    20000000    00000200   00000000    rw-
  20000000    20000000    00000200   00000000    rw- .stack
20000200    20000200    00000018   00000018    rw-
  20000200    20000200    00000018   00000018    rw- .data


SECTION ALLOCATION MAP

 output                                  attributes/
section   page    origin      length       input sections
--------  ----  ----------  ----------   ----------------
.intvecs   0    00000000    0000026c     
                  00000000    0000026c     startup_ccs.obj (.intvecs)

.init_array 
*          0    00000000    00000000     UNINITIALIZED

.text      0    0000026c    00000bd2     
                  0000026c    000003b8     main.obj (.text)
                  00000624    000002c8     Lcd.obj (.text)
                  000008ec    00000130     driverlib.lib : gpio.obj (.text:GPIOPadConfigSet)
                  00000a1c    000000f0                   : sysctl.obj (.text:SysCtlClockSet)
                  00000b0c    0000009c     rtsv7M4_T_le_v4SPD16_eabi.lib : memcpy_t2.obj (.text)
                  00000ba8    00000094                                   : auto_init.obj (.text)
                  00000c3c    0000005e                                   : copy_decompress_rle.obj (.text)
                  00000c9a    00000002     --HOLE-- [fill = 0]
                  00000c9c    00000048                                   : boot.obj (.text)
                  00000ce4    00000044                                   : cpy_tbl.obj (.text)
                  00000d28    00000040                                   : exit.obj (.text)
                  00000d68    00000034     driverlib.lib : sysctl.obj (.text:SysCtlPeripheralEnable)
                  00000d9c    0000002a                   : gpio.obj (.text:GPIODirModeSet)
                  00000dc6    00000018                   : gpio.obj (.text:GPIOPinTypeGPIOOutput)
                  00000dde    00000002     --HOLE-- [fill = 0]
                  00000de0    00000018     rtsv7M4_T_le_v4SPD16_eabi.lib : args_main.obj (.text)
                  00000df8    00000014                                   : _lock.obj (.text)
                  00000e0c    0000000e                                   : copy_decompress_none.obj (.text:decompress:none)
                  00000e1a    0000000c     startup_ccs.obj (.text)
                  00000e26    00000006     driverlib.lib : gpio.obj (.text:GPIOPinRead)
                  00000e2c    00000006                   : gpio.obj (.text:GPIOPinWrite)
                  00000e32    00000006                   : sysctl.obj (.text:SysCtlDelay)
                  00000e38    00000006     rtsv7M4_T_le_v4SPD16_eabi.lib : copy_decompress_rle.obj (.text:decompress:rle24)

.cinit     0    00000e40    00000020     
                  00000e40    0000000f     (.cinit..data.load) [load image, compression = rle]
                  00000e4f    00000001     --HOLE-- [fill = 0]
                  00000e50    00000008     (__TI_handler_table)
                  00000e58    00000008     (__TI_cinit_table)

.stack     0    20000000    00000200     UNINITIALIZED
                  20000000    00000200     --HOLE--

.data      0    20000200    00000018     
                  20000200    00000008     rtsv7M4_T_le_v4SPD16_eabi.lib : _lock.obj (.data)
                  20000208    00000008                                   : exit.obj (.data)
                  20000210    00000004     main.obj (.data)
                  20000214    00000004     rtsv7M4_T_le_v4SPD16_eabi.lib : stkdepth_vars.obj (.data)


LINKER GENERATED COPY TABLES

__TI_cinit_table @ 00000e58 records: 1, size/record: 8, table size: 8
	.data: load addr=00000e40, load size=0000000f bytes, run addr=20000200, run size=00000018 bytes, compression=rle


LINKER GENERATED HANDLER TABLE

__TI_handler_table @ 00000e50 records: 2, size/record: 4, table size: 8
	index: 0, handler: __TI_decompress_rle24
	index: 1, handler: __TI_decompress_none


GLOBAL SYMBOLS: SORTED ALPHABETICALLY BY Name 

address    name
--------   ----
00000d29   C$$EXIT
00000d9d   GPIODirModeSet
000008ed   GPIOPadConfigSet
00000e27   GPIOPinRead
00000dc7   GPIOPinTypeGPIOOutput
00000e2d   GPIOPinWrite
0000082b   Lcd_Goto
000007a7   Lcd_Putch
00000721   Lcd_comando
000008b7   Lcd_desactivar
00000625   Lcd_init
000008c7   Lcd_mensajes
00000e1b   ResetISR
UNDEFED    SHT$$INIT_ARRAY$$Base
UNDEFED    SHT$$INIT_ARRAY$$Limit
00000a1d   SysCtlClockSet
00000e33   SysCtlDelay
00000d69   SysCtlPeripheralEnable
20000200   __STACK_END
00000200   __STACK_SIZE
20000200   __STACK_TOP
00000e58   __TI_CINIT_Base
00000e60   __TI_CINIT_Limit
00000e50   __TI_Handler_Table_Base
00000e58   __TI_Handler_Table_Limit
00000001   __TI_args_main
00000ba9   __TI_auto_init
00000e0d   __TI_decompress_none
00000e39   __TI_decompress_rle24
00000000   __TI_static_base__
00000b0d   __aeabi_memcpy
00000b0d   __aeabi_memcpy4
00000b0d   __aeabi_memcpy8
ffffffff   __binit__
ffffffff   __c_args__
20000000   __stack
00000de1   _args_main
00000c9d   _c_int00
20000208   _cleanup_ptr
2000020c   _dtors_ptr
20000200   _lock
00000e07   _nop
00000dff   _register_lock
00000df9   _register_unlock
20000204   _unlock
00000d2d   abort
ffffffff   binit
00000ce5   copy_in
00000d35   exit
00000000   g_pfnVectors
20000210   i
0000026d   main
20000214   main_func_sp
00000b0d   memcpy


GLOBAL SYMBOLS: SORTED BY Symbol Address 

address    name
--------   ----
00000000   __TI_static_base__
00000000   g_pfnVectors
00000001   __TI_args_main
00000200   __STACK_SIZE
0000026d   main
00000625   Lcd_init
00000721   Lcd_comando
000007a7   Lcd_Putch
0000082b   Lcd_Goto
000008b7   Lcd_desactivar
000008c7   Lcd_mensajes
000008ed   GPIOPadConfigSet
00000a1d   SysCtlClockSet
00000b0d   __aeabi_memcpy
00000b0d   __aeabi_memcpy4
00000b0d   __aeabi_memcpy8
00000b0d   memcpy
00000ba9   __TI_auto_init
00000c9d   _c_int00
00000ce5   copy_in
00000d29   C$$EXIT
00000d2d   abort
00000d35   exit
00000d69   SysCtlPeripheralEnable
00000d9d   GPIODirModeSet
00000dc7   GPIOPinTypeGPIOOutput
00000de1   _args_main
00000df9   _register_unlock
00000dff   _register_lock
00000e07   _nop
00000e0d   __TI_decompress_none
00000e1b   ResetISR
00000e27   GPIOPinRead
00000e2d   GPIOPinWrite
00000e33   SysCtlDelay
00000e39   __TI_decompress_rle24
00000e50   __TI_Handler_Table_Base
00000e58   __TI_CINIT_Base
00000e58   __TI_Handler_Table_Limit
00000e60   __TI_CINIT_Limit
20000000   __stack
20000200   __STACK_END
20000200   __STACK_TOP
20000200   _lock
20000204   _unlock
20000208   _cleanup_ptr
2000020c   _dtors_ptr
20000210   i
20000214   main_func_sp
ffffffff   __binit__
ffffffff   __c_args__
ffffffff   binit
UNDEFED    SHT$$INIT_ARRAY$$Base
UNDEFED    SHT$$INIT_ARRAY$$Limit

[54 symbols]
