******************************************************************************
                  TI ARM Linker PC v5.0.4                      
******************************************************************************
>> Linked Wed Mar 11 02:35:08 2015

OUTPUT FILE NAME:   <010_Pulsador e Interrupciones.out>
ENTRY POINT SYMBOL: "_c_int00"  address: 000007c1


MEMORY CONFIGURATION

         name            origin    length      used     unused   attr    fill
----------------------  --------  ---------  --------  --------  ----  --------
  FLASH                 00000000   00040000  00000c5a  0003f3a6  R  X
  SRAM                  20000000   00008000  00000482  00007b7e  RW X


SEGMENT ALLOCATION MAP

run origin  load origin   length   init length attrs members
----------  ----------- ---------- ----------- ----- -------
00000000    00000000    00000c60   00000c60    r-x
  00000000    00000000    0000026c   0000026c    r-- .intvecs
  0000026c    0000026c    000007c6   000007c6    r-x .text
  00000a34    00000a34    000001f0   000001f0    r-- .const
  00000c28    00000c28    00000038   00000038    r-- .cinit
20000000    20000000    0000046c   00000000    rw-
  20000000    20000000    0000026c   00000000    rw- .vtable
  2000026c    2000026c    00000200   00000000    rw- .stack
2000046c    2000046c    00000016   00000016    rw-
  2000046c    2000046c    00000016   00000016    rw- .data


SECTION ALLOCATION MAP

 output                                  attributes/
section   page    origin      length       input sections
--------  ----  ----------  ----------   ----------------
.intvecs   0    00000000    0000026c     
                  00000000    0000026c     startup_ccs.obj (.intvecs)

.init_array 
*          0    00000000    00000000     UNINITIALIZED

.text      0    0000026c    000007c6     
                  0000026c    00000130     driverlib.lib : gpio.obj (.text:GPIOPadConfigSet)
                  0000039c    000000f0                   : sysctl.obj (.text:SysCtlClockSet)
                  0000048c    000000f0     main.obj (.text)
                  0000057c    0000009c     rtsv7M4_T_le_v4SPD16_eabi.lib : memcpy_t2.obj (.text)
                  00000618    00000094                                   : auto_init.obj (.text)
                  000006ac    00000060     driverlib.lib : interrupt.obj (.text:IntEnable)
                  0000070c    0000005e     rtsv7M4_T_le_v4SPD16_eabi.lib : copy_decompress_rle.obj (.text)
                  0000076a    00000056     driverlib.lib : gpio.obj (.text:GPIOIntTypeSet)
                  000007c0    00000048     rtsv7M4_T_le_v4SPD16_eabi.lib : boot.obj (.text)
                  00000808    00000044                                   : cpy_tbl.obj (.text)
                  0000084c    00000040     driverlib.lib : gpio.obj (.text:_GPIOIntNumberGet)
                  0000088c    00000040     rtsv7M4_T_le_v4SPD16_eabi.lib : exit.obj (.text)
                  000008cc    00000034     driverlib.lib : interrupt.obj (.text:IntRegister)
                  00000900    00000034                   : sysctl.obj (.text:SysCtlPeripheralEnable)
                  00000934    0000002a                   : gpio.obj (.text:GPIODirModeSet)
                  0000095e    00000018                   : gpio.obj (.text:GPIOIntRegister)
                  00000976    00000018                   : gpio.obj (.text:GPIOPinTypeGPIOOutput)
                  0000098e    00000002     --HOLE-- [fill = 0]
                  00000990    00000018     rtsv7M4_T_le_v4SPD16_eabi.lib : args_main.obj (.text)
                  000009a8    00000014                                   : _lock.obj (.text)
                  000009bc    00000012     driverlib.lib : gpio.obj (.text:GPIOPinTypeGPIOInput)
                  000009ce    00000012     rtsv7M4_T_le_v4SPD16_eabi.lib : copy_zero_init.obj (.text:decompress:ZI)
                  000009e0    0000000e     driverlib.lib : gpio.obj (.text:GPIOIntStatus)
                  000009ee    0000000e     rtsv7M4_T_le_v4SPD16_eabi.lib : copy_decompress_none.obj (.text:decompress:none)
                  000009fc    0000000c     driverlib.lib : gpio.obj (.text:GPIOIntEnable)
                  00000a08    0000000c     startup_ccs.obj (.text)
                  00000a14    00000006     driverlib.lib : gpio.obj (.text:GPIOIntClear)
                  00000a1a    00000006                   : gpio.obj (.text:GPIOPinRead)
                  00000a20    00000006                   : gpio.obj (.text:GPIOPinWrite)
                  00000a26    00000006                   : sysctl.obj (.text:SysCtlDelay)
                  00000a2c    00000006     rtsv7M4_T_le_v4SPD16_eabi.lib : copy_decompress_rle.obj (.text:decompress:rle24)

.const     0    00000a34    000001f0     
                  00000a34    000000c0     driverlib.lib : gpio.obj (.const:g_ppui32GPIOIntMapBlizzard)
                  00000af4    000000c0                   : gpio.obj (.const:g_ppui32GPIOIntMapSnowflake)
                  00000bb4    00000070                   : interrupt.obj (.const)

.cinit     0    00000c28    00000038     
                  00000c28    0000000f     (.cinit..data.load) [load image, compression = rle]
                  00000c37    00000001     --HOLE-- [fill = 0]
                  00000c38    0000000c     (__TI_handler_table)
                  00000c44    00000004     --HOLE-- [fill = 0]
                  00000c48    00000008     (.cinit..vtable.load) [load image, compression = zero_init]
                  00000c50    00000010     (__TI_cinit_table)

.vtable    0    20000000    0000026c     UNINITIALIZED
                  20000000    0000026c     driverlib.lib : interrupt.obj (.vtable)

.stack     0    2000026c    00000200     UNINITIALIZED
                  2000026c    00000200     --HOLE--

.data      0    2000046c    00000016     
                  2000046c    00000008     rtsv7M4_T_le_v4SPD16_eabi.lib : _lock.obj (.data)
                  20000474    00000008                                   : exit.obj (.data)
                  2000047c    00000004                                   : stkdepth_vars.obj (.data)
                  20000480    00000002     main.obj (.data)


LINKER GENERATED COPY TABLES

__TI_cinit_table @ 00000c50 records: 2, size/record: 8, table size: 16
	.data: load addr=00000c28, load size=0000000f bytes, run addr=2000046c, run size=00000016 bytes, compression=rle
	.vtable: load addr=00000c48, load size=00000008 bytes, run addr=20000000, run size=0000026c bytes, compression=zero_init


LINKER GENERATED HANDLER TABLE

__TI_handler_table @ 00000c38 records: 3, size/record: 4, table size: 12
	index: 0, handler: __TI_zero_init
	index: 1, handler: __TI_decompress_rle24
	index: 2, handler: __TI_decompress_none


GLOBAL SYMBOLS: SORTED ALPHABETICALLY BY Name 

address    name
--------   ----
0000088d   C$$EXIT
00000935   GPIODirModeSet
00000a15   GPIOIntClear
000009fd   GPIOIntEnable
0000095f   GPIOIntRegister
000009e1   GPIOIntStatus
0000076b   GPIOIntTypeSet
0000026d   GPIOPadConfigSet
00000a1b   GPIOPinRead
000009bd   GPIOPinTypeGPIOInput
00000977   GPIOPinTypeGPIOOutput
00000a21   GPIOPinWrite
000006ad   IntEnable
000008cd   IntRegister
0000048d   PortFIntHandler
00000a09   ResetISR
UNDEFED    SHT$$INIT_ARRAY$$Base
UNDEFED    SHT$$INIT_ARRAY$$Limit
0000039d   SysCtlClockSet
00000a27   SysCtlDelay
00000901   SysCtlPeripheralEnable
2000046c   __STACK_END
00000200   __STACK_SIZE
2000046c   __STACK_TOP
00000c50   __TI_CINIT_Base
00000c60   __TI_CINIT_Limit
00000c38   __TI_Handler_Table_Base
00000c44   __TI_Handler_Table_Limit
00000001   __TI_args_main
00000619   __TI_auto_init
000009ef   __TI_decompress_none
00000a2d   __TI_decompress_rle24
00000000   __TI_static_base__
000009cf   __TI_zero_init
0000057d   __aeabi_memcpy
0000057d   __aeabi_memcpy4
0000057d   __aeabi_memcpy8
ffffffff   __binit__
ffffffff   __c_args__
2000026c   __stack
00000991   _args_main
000007c1   _c_int00
20000474   _cleanup_ptr
20000478   _dtors_ptr
2000046c   _lock
000009b7   _nop
000009af   _register_lock
000009a9   _register_unlock
20000470   _unlock
00000891   abort
ffffffff   binit
00000809   copy_in
00000899   exit
20000000   g_pfnRAMVectors
00000000   g_pfnVectors
000004e1   main
2000047c   main_func_sp
0000057d   memcpy
20000481   state
20000480   value


GLOBAL SYMBOLS: SORTED BY Symbol Address 

address    name
--------   ----
00000000   __TI_static_base__
00000000   g_pfnVectors
00000001   __TI_args_main
00000200   __STACK_SIZE
0000026d   GPIOPadConfigSet
0000039d   SysCtlClockSet
0000048d   PortFIntHandler
000004e1   main
0000057d   __aeabi_memcpy
0000057d   __aeabi_memcpy4
0000057d   __aeabi_memcpy8
0000057d   memcpy
00000619   __TI_auto_init
000006ad   IntEnable
0000076b   GPIOIntTypeSet
000007c1   _c_int00
00000809   copy_in
0000088d   C$$EXIT
00000891   abort
00000899   exit
000008cd   IntRegister
00000901   SysCtlPeripheralEnable
00000935   GPIODirModeSet
0000095f   GPIOIntRegister
00000977   GPIOPinTypeGPIOOutput
00000991   _args_main
000009a9   _register_unlock
000009af   _register_lock
000009b7   _nop
000009bd   GPIOPinTypeGPIOInput
000009cf   __TI_zero_init
000009e1   GPIOIntStatus
000009ef   __TI_decompress_none
000009fd   GPIOIntEnable
00000a09   ResetISR
00000a15   GPIOIntClear
00000a1b   GPIOPinRead
00000a21   GPIOPinWrite
00000a27   SysCtlDelay
00000a2d   __TI_decompress_rle24
00000c38   __TI_Handler_Table_Base
00000c44   __TI_Handler_Table_Limit
00000c50   __TI_CINIT_Base
00000c60   __TI_CINIT_Limit
20000000   g_pfnRAMVectors
2000026c   __stack
2000046c   __STACK_END
2000046c   __STACK_TOP
2000046c   _lock
20000470   _unlock
20000474   _cleanup_ptr
20000478   _dtors_ptr
2000047c   main_func_sp
20000480   value
20000481   state
ffffffff   __binit__
ffffffff   __c_args__
ffffffff   binit
UNDEFED    SHT$$INIT_ARRAY$$Base
UNDEFED    SHT$$INIT_ARRAY$$Limit

[60 symbols]
